INFO Draco mesh compression is available, use library at C:\Program Files\Blender Foundation\Blender 4.5\4.5\scripts\addons_core\io_scene_gltf2\extern_draco.dll
14:01:21 | INFO: Starting glTF 2.0 export
14:01:21 | INFO: Extracting primitive: model.008
14:01:21 | WARNING: More than one shader node tex image used for a texture. The resulting glTF sampler will behave like the first shader node tex image.
14:01:21 | INFO: Primitives created: 1
14:01:21 | INFO: Extracting primitive: model.006
14:01:21 | INFO: Primitives created: 1
14:01:21 | INFO: Extracting primitive: model.002
14:01:21 | INFO: Primitives created: 1
14:01:21 | INFO: Extracting primitive: model
14:01:22 | WARNING: More than one shader node tex image used for a texture. The resulting glTF sampler will behave like the first shader node tex image.
14:01:22 | INFO: Primitives created: 1
14:01:22 | INFO: Extracting primitive: model.004
14:01:22 | INFO: Primitives created: 1
14:01:22 | INFO: Extracting primitive: RO_hand_L
14:01:22 | WARNING: More than one shader node tex image used for a texture. The resulting glTF sampler will behave like the first shader node tex image.
14:01:22 | INFO: Primitives created: 1
14:01:22 | INFO: Extracting primitive: RO_hand_R
14:01:22 | INFO: Primitives created: 1
14:01:22 | INFO: Extracting primitive: model.001
14:01:22 | INFO: Primitives created: 1
14:01:22 | INFO: Extracting primitive: model.005
14:01:22 | INFO: Primitives created: 1
14:01:22 | INFO: Extracting primitive: model.007
14:01:22 | INFO: Primitives created: 1
14:01:22 | INFO: Finished glTF 2.0 export in 1.211242914199829 s

14:01:24 | INFO: Starting glTF 2.0 export
14:01:24 | INFO: Extracting primitive: model.008
14:01:24 | INFO: Primitives created: 1
14:01:24 | INFO: Extracting primitive: model.006
14:01:24 | INFO: Primitives created: 1
14:01:24 | INFO: Extracting primitive: model.002
14:01:24 | INFO: Primitives created: 1
14:01:24 | INFO: Extracting primitive: model
14:01:24 | INFO: Primitives created: 1
14:01:24 | INFO: Extracting primitive: model.004
14:01:24 | INFO: Primitives created: 1
14:01:24 | INFO: Extracting primitive: RO_hand_L
14:01:24 | INFO: Primitives created: 1
14:01:24 | INFO: Extracting primitive: RO_hand_R
14:01:24 | INFO: Primitives created: 1
14:01:24 | INFO: Extracting primitive: model.001
14:01:24 | INFO: Primitives created: 1
14:01:24 | INFO: Extracting primitive: model.005
14:01:24 | INFO: Primitives created: 1
14:01:24 | INFO: Extracting primitive: model.007
14:01:24 | INFO: Primitives created: 1
14:01:24 | INFO: Finished glTF 2.0 export in 0.526317834854126 s

CV1_EXPORT_CANDIDATE {"frames": 39, "blocks": 40, "glb_bytes": [27371108, 2707224], "morph_channels": 47, "state_keys": ["grasp.L", "grasp.R"]}
Blender 4.5.5 LTS (hash 836beaaf597a built 2025-11-18 01:33:26)
Read blend: "C:\Repos\mmo-asset-pipeline\tmp\art-quality-loop\assets\processed\ro-swordsman-character-v1\v001\b03-hands\ro_character_v001_b03-hands.blend"

Blender quit
