INFO Draco mesh compression is available, use library at C:\Program Files\Blender Foundation\Blender 4.5\4.5\scripts\addons_core\io_scene_gltf2\extern_draco.dll
11:36:45 | INFO: Starting glTF 2.0 export
11:36:45 | INFO: Extracting primitive: model.008
11:36:45 | INFO: Primitives created: 1
11:36:45 | INFO: Extracting primitive: model.006
11:36:45 | INFO: Primitives created: 1
11:36:45 | INFO: Extracting primitive: model.002
11:36:45 | INFO: Primitives created: 1
11:36:45 | INFO: Extracting primitive: model
11:36:45 | INFO: Primitives created: 1
11:36:45 | INFO: Extracting primitive: model.004
11:36:45 | INFO: Primitives created: 1
11:36:45 | INFO: Extracting primitive: RO_RightGlove_ProtectedCut
11:36:45 | INFO: Primitives created: 1
11:36:45 | INFO: Extracting primitive: model.001
11:36:45 | INFO: Primitives created: 1
11:36:45 | INFO: Extracting primitive: model.005
11:36:45 | INFO: Primitives created: 1
11:36:45 | INFO: Extracting primitive: model.007
11:36:45 | INFO: Primitives created: 1
11:36:45 | INFO: Extracting primitive: RO_WristLoft_R
11:36:45 | INFO: Primitives created: 1
11:36:46 | INFO: Finished glTF 2.0 export in 0.37993383407592773 s

11:36:46 | INFO: Starting glTF 2.0 export
11:36:46 | INFO: Extracting primitive: model.008
11:36:46 | WARNING: More than one shader node tex image used for a texture. The resulting glTF sampler will behave like the first shader node tex image.
11:36:46 | INFO: Primitives created: 1
11:36:46 | INFO: Extracting primitive: model.006
11:36:46 | INFO: Primitives created: 1
11:36:46 | INFO: Extracting primitive: model.002
11:36:46 | INFO: Primitives created: 1
11:36:46 | INFO: Extracting primitive: model
11:36:46 | WARNING: More than one shader node tex image used for a texture. The resulting glTF sampler will behave like the first shader node tex image.
11:36:46 | INFO: Primitives created: 1
11:36:46 | INFO: Extracting primitive: model.004
11:36:46 | INFO: Primitives created: 1
11:36:46 | INFO: Extracting primitive: RO_RightGlove_ProtectedCut
11:36:46 | WARNING: More than one shader node tex image used for a texture. The resulting glTF sampler will behave like the first shader node tex image.
11:36:46 | INFO: Primitives created: 1
11:36:46 | INFO: Extracting primitive: model.001
11:36:46 | INFO: Primitives created: 1
11:36:46 | INFO: Extracting primitive: model.005
11:36:46 | INFO: Primitives created: 1
11:36:46 | INFO: Extracting primitive: model.007
11:36:46 | INFO: Primitives created: 1
11:36:46 | INFO: Extracting primitive: RO_WristLoft_R
11:36:47 | INFO: Primitives created: 1
11:36:47 | INFO: Finished glTF 2.0 export in 0.9669814109802246 s
Blender 4.5.5 LTS (hash 836beaaf597a built 2025-11-18 01:33:26)
Read blend: "C:\Repos\mmo-asset-pipeline\tmp\art-quality-loop\assets\processed\ro-swordsman-combo-r010\baseline\ro_whole_baseline.blend"
Saved: 'C:\Repos\mmo-asset-pipeline\tmp\art-quality-loop\runs\qa\ro-swordsman-character-v1\p1\blender-wrist-frame-001.png'
Time: 00:00.69 (Saving: 00:00.17)

Saved: 'C:\Repos\mmo-asset-pipeline\tmp\art-quality-loop\runs\qa\ro-swordsman-character-v1\p1\blender-wrist-frame-031.png'
Time: 00:00.09 (Saving: 00:00.06)

Saved: 'C:\Repos\mmo-asset-pipeline\tmp\art-quality-loop\runs\qa\ro-swordsman-character-v1\p1\blender-wrist-frame-061.png'
Time: 00:00.09 (Saving: 00:00.06)


CV1_P1_REFERENCE {"rule_fidelity_max": 1.0664818126393527e-06, "blocks": 17, "glb": [35162952, 2459148]}

Blender quit
