14:23:04 | INFO: Data are loaded, start creating Blender stuff
14:23:04 | INFO: Blender create Mesh node model
14:23:04 | INFO: glTF import finished in 0.01s
Blender 4.5.5 LTS (hash 836beaaf597a built 2025-11-18 01:33:26)
Fra:1 Mem:122.05M (Peak 136.14M) | Time:00:00.61 | Rendering 1 / 64 samples
Fra:1 Mem:122.05M (Peak 136.14M) | Time:00:00.71 | Rendering 25 / 64 samples
Fra:1 Mem:122.05M (Peak 136.14M) | Time:00:00.82 | Rendering 50 / 64 samples
Fra:1 Mem:122.05M (Peak 136.14M) | Time:00:00.87 | Rendering 64 / 64 samples
Saved: 'C:\Repos\mmo-asset-pipeline\tmp\art-quality-loop\runs\qa\ro-swordsman-combo-r006\hand-source\front.png'
Time: 00:01.13 (Saving: 00:00.22)

Fra:1 Mem:122.15M (Peak 122.15M) | Time:00:00.04 | Rendering 1 / 64 samples
Fra:1 Mem:122.15M (Peak 122.15M) | Time:00:00.15 | Rendering 25 / 64 samples
Fra:1 Mem:122.15M (Peak 122.15M) | Time:00:00.26 | Rendering 50 / 64 samples
Fra:1 Mem:122.15M (Peak 122.15M) | Time:00:00.33 | Rendering 64 / 64 samples
Saved: 'C:\Repos\mmo-asset-pipeline\tmp\art-quality-loop\runs\qa\ro-swordsman-combo-r006\hand-source\back.png'
Time: 00:00.47 (Saving: 00:00.11)

Fra:1 Mem:122.15M (Peak 122.15M) | Time:00:00.04 | Rendering 1 / 64 samples
Fra:1 Mem:122.15M (Peak 122.15M) | Time:00:00.14 | Rendering 25 / 64 samples
Fra:1 Mem:122.15M (Peak 122.15M) | Time:00:00.25 | Rendering 50 / 64 samples
Fra:1 Mem:122.15M (Peak 122.15M) | Time:00:00.31 | Rendering 64 / 64 samples
Saved: 'C:\Repos\mmo-asset-pipeline\tmp\art-quality-loop\runs\qa\ro-swordsman-combo-r006\hand-source\right.png'
Time: 00:00.44 (Saving: 00:00.11)

Fra:1 Mem:122.15M (Peak 122.15M) | Time:00:00.04 | Rendering 1 / 64 samples
Fra:1 Mem:122.15M (Peak 122.15M) | Time:00:00.15 | Rendering 25 / 64 samples
Fra:1 Mem:122.15M (Peak 122.15M) | Time:00:00.26 | Rendering 50 / 64 samples
Fra:1 Mem:122.15M (Peak 122.15M) | Time:00:00.33 | Rendering 64 / 64 samples
Saved: 'C:\Repos\mmo-asset-pipeline\tmp\art-quality-loop\runs\qa\ro-swordsman-combo-r006\hand-source\left.png'
Time: 00:00.47 (Saving: 00:00.12)

Fra:1 Mem:122.15M (Peak 122.15M) | Time:00:00.04 | Rendering 1 / 64 samples
Fra:1 Mem:122.15M (Peak 122.15M) | Time:00:00.16 | Rendering 25 / 64 samples
Fra:1 Mem:122.15M (Peak 122.15M) | Time:00:00.28 | Rendering 50 / 64 samples
Fra:1 Mem:122.15M (Peak 122.15M) | Time:00:00.35 | Rendering 64 / 64 samples
Saved: 'C:\Repos\mmo-asset-pipeline\tmp\art-quality-loop\runs\qa\ro-swordsman-combo-r006\hand-source\three-quarter.png'
Time: 00:00.51 (Saving: 00:00.13)

Fra:1 Mem:122.15M (Peak 122.15M) | Time:00:00.04 | Rendering 1 / 64 samples
Fra:1 Mem:122.15M (Peak 122.15M) | Time:00:00.11 | Rendering 25 / 64 samples
Fra:1 Mem:122.15M (Peak 122.15M) | Time:00:00.18 | Rendering 50 / 64 samples
Fra:1 Mem:122.15M (Peak 122.15M) | Time:00:00.22 | Rendering 64 / 64 samples
Saved: 'C:\Repos\mmo-asset-pipeline\tmp\art-quality-loop\runs\qa\ro-swordsman-combo-r006\hand-source\cuff.png'
Time: 00:00.36 (Saving: 00:00.11)

Info: Saved as "right_glove_source.blend"
RO_GLOVE_SOURCE {"vertices": 1452, "triangles": 2268, "polygon_sides": {"3": 2268, "4": 0}, "welded_vertices": 1136, "weld_boundary_edges": 0, "weld_nonmanifold_edges": 0, "components": [{"id": 0, "vertices": 1452, "triangles": 2268, "min": [-0.06407696008682251, -0.0347517654299736, 0.0], "max": [0.06407696008682251, 0.0347517654299736, 0.19500000774860382]}], "uv_layers": ["UVMap"], "materials": ["model"], "normalized_height_m": 0.195, "source_min": [-0.622048020362854, -0.33625203371047974, -0.9480429887771606], "source_max": [0.6214669942855835, 0.33816102147102356, 0.9440990090370178], "factor": 0.10305780444874961, "images": [{"name": "texture_diffuse", "dimensions": [2048, 2048], "packed": true}, {"name": "texture_metallic-texture_roughness", "dimensions": [2048, 2048], "packed": true}, {"name": "texture_normal", "dimensions": [2048, 2048], "packed": true}]}

Blender quit
