Blender 4.5.5 LTS (hash 836beaaf597a built 2025-11-18 01:33:26)
Read blend: "C:\Repos\mmo-asset-pipeline\tmp\art-quality-loop\assets\processed\ro-swordsman-combo-r006\baseline\ro_hand_baseline.blend"
Fra:1 Mem:253.05M (Peak 267.74M) | Time:00:00.74 | Rendering 1 / 64 samples
Fra:1 Mem:253.05M (Peak 267.74M) | Time:00:00.85 | Rendering 25 / 64 samples
Fra:1 Mem:253.05M (Peak 267.74M) | Time:00:00.96 | Rendering 50 / 64 samples
Fra:1 Mem:253.05M (Peak 267.74M) | Time:00:01.02 | Rendering 64 / 64 samples
Saved: 'C:\Repos\mmo-asset-pipeline\tmp\art-quality-loop\runs\qa\ro-swordsman-combo-r006\v001-generated-glove\whole-open\front.png'
Time: 00:01.28 (Saving: 00:00.22)

Fra:1 Mem:253.04M (Peak 253.04M) | Time:00:00.08 | Rendering 1 / 64 samples
Fra:1 Mem:253.04M (Peak 253.04M) | Time:00:00.20 | Rendering 25 / 64 samples
Fra:1 Mem:253.04M (Peak 253.04M) | Time:00:00.33 | Rendering 50 / 64 samples
Fra:1 Mem:253.04M (Peak 253.04M) | Time:00:00.39 | Rendering 64 / 64 samples
Saved: 'C:\Repos\mmo-asset-pipeline\tmp\art-quality-loop\runs\qa\ro-swordsman-combo-r006\v001-generated-glove\whole-open\side.png'
Time: 00:00.54 (Saving: 00:00.11)

Fra:1 Mem:253.04M (Peak 258.54M) | Time:00:00.08 | Rendering 1 / 64 samples
Fra:1 Mem:253.04M (Peak 258.54M) | Time:00:00.20 | Rendering 25 / 64 samples
Fra:1 Mem:253.04M (Peak 258.54M) | Time:00:00.32 | Rendering 50 / 64 samples
Fra:1 Mem:253.04M (Peak 258.54M) | Time:00:00.39 | Rendering 64 / 64 samples
Saved: 'C:\Repos\mmo-asset-pipeline\tmp\art-quality-loop\runs\qa\ro-swordsman-combo-r006\v001-generated-glove\whole-open\back.png'
Time: 00:00.54 (Saving: 00:00.12)

Fra:1 Mem:253.04M (Peak 253.04M) | Time:00:00.08 | Rendering 1 / 64 samples
Fra:1 Mem:253.04M (Peak 253.04M) | Time:00:00.20 | Rendering 25 / 64 samples
Fra:1 Mem:253.04M (Peak 253.04M) | Time:00:00.34 | Rendering 50 / 64 samples
Fra:1 Mem:253.04M (Peak 253.04M) | Time:00:00.41 | Rendering 64 / 64 samples
Saved: 'C:\Repos\mmo-asset-pipeline\tmp\art-quality-loop\runs\qa\ro-swordsman-combo-r006\v001-generated-glove\whole-open\three-quarter.png'
Time: 00:00.56 (Saving: 00:00.12)

Fra:1 Mem:253.04M (Peak 258.54M) | Time:00:00.08 | Rendering 1 / 64 samples
Fra:1 Mem:253.04M (Peak 258.54M) | Time:00:00.17 | Rendering 25 / 64 samples
Fra:1 Mem:253.04M (Peak 258.54M) | Time:00:00.26 | Rendering 50 / 64 samples
Fra:1 Mem:253.04M (Peak 258.54M) | Time:00:00.32 | Rendering 64 / 64 samples
Saved: 'C:\Repos\mmo-asset-pipeline\tmp\art-quality-loop\runs\qa\ro-swordsman-combo-r006\v001-generated-glove\whole-open\detail.png'
Time: 00:00.47 (Saving: 00:00.12)

Fra:1 Mem:253.04M (Peak 258.54M) | Time:00:00.07 | Rendering 1 / 64 samples
Fra:1 Mem:253.04M (Peak 258.54M) | Time:00:00.18 | Rendering 25 / 64 samples
Fra:1 Mem:253.04M (Peak 258.54M) | Time:00:00.30 | Rendering 50 / 64 samples
Fra:1 Mem:253.04M (Peak 258.54M) | Time:00:00.36 | Rendering 64 / 64 samples
Saved: 'C:\Repos\mmo-asset-pipeline\tmp\art-quality-loop\runs\qa\ro-swordsman-combo-r006\v001-generated-glove\open-R\palm.png'
Time: 00:00.51 (Saving: 00:00.12)

Fra:1 Mem:253.04M (Peak 258.54M) | Time:00:00.08 | Rendering 1 / 64 samples
Fra:1 Mem:253.04M (Peak 258.54M) | Time:00:00.19 | Rendering 25 / 64 samples
Fra:1 Mem:253.04M (Peak 258.54M) | Time:00:00.31 | Rendering 50 / 64 samples
Fra:1 Mem:253.04M (Peak 258.54M) | Time:00:00.38 | Rendering 64 / 64 samples
Saved: 'C:\Repos\mmo-asset-pipeline\tmp\art-quality-loop\runs\qa\ro-swordsman-combo-r006\v001-generated-glove\open-R\side.png'
Time: 00:00.54 (Saving: 00:00.13)

Fra:1 Mem:253.04M (Peak 258.54M) | Time:00:00.08 | Rendering 1 / 64 samples
Fra:1 Mem:253.04M (Peak 258.54M) | Time:00:00.18 | Rendering 25 / 64 samples
Fra:1 Mem:253.04M (Peak 258.54M) | Time:00:00.30 | Rendering 50 / 64 samples
Fra:1 Mem:253.04M (Peak 258.54M) | Time:00:00.36 | Rendering 64 / 64 samples
Saved: 'C:\Repos\mmo-asset-pipeline\tmp\art-quality-loop\runs\qa\ro-swordsman-combo-r006\v001-generated-glove\open-R\back.png'
Time: 00:00.50 (Saving: 00:00.11)

Fra:1 Mem:253.04M (Peak 253.04M) | Time:00:00.07 | Rendering 1 / 64 samples
Fra:1 Mem:253.04M (Peak 253.04M) | Time:00:00.19 | Rendering 25 / 64 samples
Fra:1 Mem:253.04M (Peak 253.04M) | Time:00:00.31 | Rendering 50 / 64 samples
Fra:1 Mem:253.04M (Peak 253.04M) | Time:00:00.38 | Rendering 64 / 64 samples
Saved: 'C:\Repos\mmo-asset-pipeline\tmp\art-quality-loop\runs\qa\ro-swordsman-combo-r006\v001-generated-glove\open-R\wrist.png'
Time: 00:00.54 (Saving: 00:00.13)

Fra:1 Mem:253.04M (Peak 258.54M) | Time:00:00.08 | Rendering 1 / 64 samples
Fra:1 Mem:253.04M (Peak 258.54M) | Time:00:00.19 | Rendering 25 / 64 samples
Fra:1 Mem:253.04M (Peak 258.54M) | Time:00:00.31 | Rendering 50 / 64 samples
Fra:1 Mem:253.04M (Peak 258.54M) | Time:00:00.37 | Rendering 64 / 64 samples
Saved: 'C:\Repos\mmo-asset-pipeline\tmp\art-quality-loop\runs\qa\ro-swordsman-combo-r006\v001-generated-glove\small-curl-R\palm.png'
Time: 00:00.52 (Saving: 00:00.12)

Fra:1 Mem:253.04M (Peak 258.54M) | Time:00:00.07 | Rendering 1 / 64 samples
Fra:1 Mem:253.04M (Peak 258.54M) | Time:00:00.19 | Rendering 25 / 64 samples
Fra:1 Mem:253.04M (Peak 258.54M) | Time:00:00.31 | Rendering 50 / 64 samples
Fra:1 Mem:253.04M (Peak 258.54M) | Time:00:00.37 | Rendering 64 / 64 samples
Saved: 'C:\Repos\mmo-asset-pipeline\tmp\art-quality-loop\runs\qa\ro-swordsman-combo-r006\v001-generated-glove\small-curl-R\side.png'
Time: 00:00.53 (Saving: 00:00.13)

Fra:1 Mem:253.04M (Peak 258.54M) | Time:00:00.07 | Rendering 1 / 64 samples
Fra:1 Mem:253.04M (Peak 258.54M) | Time:00:00.18 | Rendering 25 / 64 samples
Fra:1 Mem:253.04M (Peak 258.54M) | Time:00:00.29 | Rendering 50 / 64 samples
Fra:1 Mem:253.04M (Peak 258.54M) | Time:00:00.36 | Rendering 64 / 64 samples
Saved: 'C:\Repos\mmo-asset-pipeline\tmp\art-quality-loop\runs\qa\ro-swordsman-combo-r006\v001-generated-glove\small-curl-R\back.png'
Time: 00:00.50 (Saving: 00:00.12)

Fra:1 Mem:253.04M (Peak 258.54M) | Time:00:00.08 | Rendering 1 / 64 samples
Fra:1 Mem:253.04M (Peak 258.54M) | Time:00:00.19 | Rendering 25 / 64 samples
Fra:1 Mem:253.04M (Peak 258.54M) | Time:00:00.31 | Rendering 50 / 64 samples
Fra:1 Mem:253.04M (Peak 258.54M) | Time:00:00.38 | Rendering 64 / 64 samples
Saved: 'C:\Repos\mmo-asset-pipeline\tmp\art-quality-loop\runs\qa\ro-swordsman-combo-r006\v001-generated-glove\small-curl-R\wrist.png'
Time: 00:00.54 (Saving: 00:00.13)

Fra:1 Mem:253.04M (Peak 258.54M) | Time:00:00.07 | Rendering 1 / 64 samples
Fra:1 Mem:253.04M (Peak 258.54M) | Time:00:00.18 | Rendering 25 / 64 samples
Fra:1 Mem:253.04M (Peak 258.54M) | Time:00:00.29 | Rendering 50 / 64 samples
Fra:1 Mem:253.04M (Peak 258.54M) | Time:00:00.35 | Rendering 64 / 64 samples
Saved: 'C:\Repos\mmo-asset-pipeline\tmp\art-quality-loop\runs\qa\ro-swordsman-combo-r006\v001-generated-glove\grip-R\palm.png'
Time: 00:00.50 (Saving: 00:00.12)

Fra:1 Mem:253.04M (Peak 258.54M) | Time:00:00.08 | Rendering 1 / 64 samples
Fra:1 Mem:253.04M (Peak 258.54M) | Time:00:00.18 | Rendering 25 / 64 samples
Fra:1 Mem:253.04M (Peak 258.54M) | Time:00:00.30 | Rendering 50 / 64 samples
Fra:1 Mem:253.04M (Peak 258.54M) | Time:00:00.36 | Rendering 64 / 64 samples
Saved: 'C:\Repos\mmo-asset-pipeline\tmp\art-quality-loop\runs\qa\ro-swordsman-combo-r006\v001-generated-glove\grip-R\side.png'
Time: 00:00.51 (Saving: 00:00.12)

Fra:1 Mem:253.04M (Peak 258.54M) | Time:00:00.08 | Rendering 1 / 64 samples
Fra:1 Mem:253.04M (Peak 258.54M) | Time:00:00.17 | Rendering 25 / 64 samples
Fra:1 Mem:253.04M (Peak 258.54M) | Time:00:00.28 | Rendering 50 / 64 samples
Fra:1 Mem:253.04M (Peak 258.54M) | Time:00:00.33 | Rendering 64 / 64 samples
Saved: 'C:\Repos\mmo-asset-pipeline\tmp\art-quality-loop\runs\qa\ro-swordsman-combo-r006\v001-generated-glove\grip-R\back.png'
Time: 00:00.49 (Saving: 00:00.13)

Fra:1 Mem:253.04M (Peak 258.54M) | Time:00:00.08 | Rendering 1 / 64 samples
Fra:1 Mem:253.04M (Peak 258.54M) | Time:00:00.19 | Rendering 25 / 64 samples
Fra:1 Mem:253.04M (Peak 258.54M) | Time:00:00.32 | Rendering 50 / 64 samples
Fra:1 Mem:253.04M (Peak 258.54M) | Time:00:00.38 | Rendering 64 / 64 samples
Saved: 'C:\Repos\mmo-asset-pipeline\tmp\art-quality-loop\runs\qa\ro-swordsman-combo-r006\v001-generated-glove\grip-R\wrist.png'
Time: 00:00.54 (Saving: 00:00.13)

Info: Saved as "ro_generated_glove.blend"
RO_GENERATED_GLOVE {"whole_triangles": 60664, "grip_gate": false, "maximum_penetration_m": 0.009844524785876274, "crossings": 359, "pad_contacts": {"finger1": {"vertices": 30, "minimum_gap_m": 0.003906266763806343, "mean_gap_m": 0.017639823040614525, "within_2mm": 0}, "finger2": {"vertices": 33, "minimum_gap_m": 5.524144944502041e-05, "mean_gap_m": 0.006833982317457963, "within_2mm": 6}, "finger3": {"vertices": 41, "minimum_gap_m": 3.728609226527624e-05, "mean_gap_m": 0.007481832824851153, "within_2mm": 7}, "finger4": {"vertices": 34, "minimum_gap_m": 0.00026480547967366874, "mean_gap_m": 0.006883890208829304, "within_2mm": 7}, "thumb": {"vertices": 54, "minimum_gap_m": 0.004965008702129126, "mean_gap_m": 0.024622240871260012, "within_2mm": 0}}}

Blender quit
