Blender 4.5.5 LTS (hash 836beaaf597a built 2025-11-18 01:33:26)
Read blend: "C:\Repos\mmo-asset-pipeline\tmp\art-quality-loop\assets\processed\ro-swordsman-combo-r006\v001-generated-glove\ro_generated_glove.blend"
Fra:1 Mem:252.94M (Peak 267.64M) | Time:00:00.82 | Rendering 1 / 64 samples
Fra:1 Mem:252.94M (Peak 267.64M) | Time:00:00.92 | Rendering 25 / 64 samples
Fra:1 Mem:252.94M (Peak 267.64M) | Time:00:01.02 | Rendering 50 / 64 samples
Fra:1 Mem:252.94M (Peak 267.64M) | Time:00:01.07 | Rendering 64 / 64 samples
Saved: 'C:\Repos\mmo-asset-pipeline\tmp\art-quality-loop\runs\qa\ro-swordsman-combo-r006\v002-calibration\grip-R\palm.png'
Time: 00:01.35 (Saving: 00:00.25)

Fra:1 Mem:252.94M (Peak 252.94M) | Time:00:00.08 | Rendering 1 / 64 samples
Fra:1 Mem:252.94M (Peak 252.94M) | Time:00:00.19 | Rendering 25 / 64 samples
Fra:1 Mem:252.94M (Peak 252.94M) | Time:00:00.33 | Rendering 50 / 64 samples
Fra:1 Mem:252.94M (Peak 252.94M) | Time:00:00.40 | Rendering 64 / 64 samples
Saved: 'C:\Repos\mmo-asset-pipeline\tmp\art-quality-loop\runs\qa\ro-swordsman-combo-r006\v002-calibration\grip-R\side.png'
Time: 00:00.57 (Saving: 00:00.13)

Fra:1 Mem:252.94M (Peak 258.43M) | Time:00:00.07 | Rendering 1 / 64 samples
Fra:1 Mem:252.94M (Peak 258.43M) | Time:00:00.17 | Rendering 25 / 64 samples
Fra:1 Mem:252.94M (Peak 258.43M) | Time:00:00.28 | Rendering 50 / 64 samples
Fra:1 Mem:252.94M (Peak 258.43M) | Time:00:00.34 | Rendering 64 / 64 samples
Saved: 'C:\Repos\mmo-asset-pipeline\tmp\art-quality-loop\runs\qa\ro-swordsman-combo-r006\v002-calibration\grip-R\back.png'
Time: 00:00.49 (Saving: 00:00.12)

Fra:1 Mem:252.94M (Peak 258.43M) | Time:00:00.08 | Rendering 1 / 64 samples
Fra:1 Mem:252.94M (Peak 258.43M) | Time:00:00.19 | Rendering 25 / 64 samples
Fra:1 Mem:252.94M (Peak 258.43M) | Time:00:00.31 | Rendering 50 / 64 samples
Fra:1 Mem:252.94M (Peak 258.43M) | Time:00:00.38 | Rendering 64 / 64 samples
Saved: 'C:\Repos\mmo-asset-pipeline\tmp\art-quality-loop\runs\qa\ro-swordsman-combo-r006\v002-calibration\grip-R\wrist.png'
Time: 00:00.56 (Saving: 00:00.14)

Fra:1 Mem:244.77M (Peak 244.77M) | Time:00:00.04 | Rendering 1 / 64 samples
Fra:1 Mem:244.77M (Peak 244.77M) | Time:00:00.15 | Rendering 25 / 64 samples
Fra:1 Mem:244.77M (Peak 244.77M) | Time:00:00.25 | Rendering 50 / 64 samples
Fra:1 Mem:244.77M (Peak 244.77M) | Time:00:00.31 | Rendering 64 / 64 samples
Saved: 'C:\Repos\mmo-asset-pipeline\tmp\art-quality-loop\runs\qa\ro-swordsman-combo-r006\v002-calibration\diagnostic-isolated-grip\palm.png'
Time: 00:00.47 (Saving: 00:00.13)

Fra:1 Mem:244.76M (Peak 244.76M) | Time:00:00.04 | Rendering 1 / 64 samples
Fra:1 Mem:244.76M (Peak 244.76M) | Time:00:00.14 | Rendering 25 / 64 samples
Fra:1 Mem:244.76M (Peak 244.76M) | Time:00:00.25 | Rendering 50 / 64 samples
Fra:1 Mem:244.76M (Peak 244.76M) | Time:00:00.31 | Rendering 64 / 64 samples
Saved: 'C:\Repos\mmo-asset-pipeline\tmp\art-quality-loop\runs\qa\ro-swordsman-combo-r006\v002-calibration\diagnostic-isolated-grip\side.png'
Time: 00:00.45 (Saving: 00:00.12)

Fra:1 Mem:244.76M (Peak 244.76M) | Time:00:00.04 | Rendering 1 / 64 samples
Fra:1 Mem:244.76M (Peak 244.76M) | Time:00:00.14 | Rendering 25 / 64 samples
Fra:1 Mem:244.76M (Peak 244.76M) | Time:00:00.24 | Rendering 50 / 64 samples
Fra:1 Mem:244.76M (Peak 244.76M) | Time:00:00.30 | Rendering 64 / 64 samples
Saved: 'C:\Repos\mmo-asset-pipeline\tmp\art-quality-loop\runs\qa\ro-swordsman-combo-r006\v002-calibration\diagnostic-isolated-grip\back.png'
Time: 00:00.44 (Saving: 00:00.11)

Fra:1 Mem:244.76M (Peak 244.76M) | Time:00:00.04 | Rendering 1 / 64 samples
Fra:1 Mem:244.76M (Peak 244.76M) | Time:00:00.16 | Rendering 25 / 64 samples
Fra:1 Mem:244.76M (Peak 244.76M) | Time:00:00.28 | Rendering 50 / 64 samples
Fra:1 Mem:244.76M (Peak 244.76M) | Time:00:00.34 | Rendering 64 / 64 samples
Saved: 'C:\Repos\mmo-asset-pipeline\tmp\art-quality-loop\runs\qa\ro-swordsman-combo-r006\v002-calibration\diagnostic-isolated-grip\wrist.png'
Time: 00:00.49 (Saving: 00:00.12)

Fra:1 Mem:252.89M (Peak 258.38M) | Time:00:00.08 | Rendering 1 / 64 samples
Fra:1 Mem:252.89M (Peak 258.38M) | Time:00:00.20 | Rendering 25 / 64 samples
Fra:1 Mem:252.89M (Peak 258.38M) | Time:00:00.32 | Rendering 50 / 64 samples
Fra:1 Mem:252.89M (Peak 258.38M) | Time:00:00.39 | Rendering 64 / 64 samples
Saved: 'C:\Repos\mmo-asset-pipeline\tmp\art-quality-loop\runs\qa\ro-swordsman-combo-r006\v002-calibration\whole-open\front.png'
Time: 00:00.54 (Saving: 00:00.12)

Fra:1 Mem:252.89M (Peak 258.38M) | Time:00:00.08 | Rendering 1 / 64 samples
Fra:1 Mem:252.89M (Peak 258.38M) | Time:00:00.20 | Rendering 25 / 64 samples
Fra:1 Mem:252.89M (Peak 258.38M) | Time:00:00.33 | Rendering 50 / 64 samples
Fra:1 Mem:252.89M (Peak 258.38M) | Time:00:00.40 | Rendering 64 / 64 samples
Saved: 'C:\Repos\mmo-asset-pipeline\tmp\art-quality-loop\runs\qa\ro-swordsman-combo-r006\v002-calibration\whole-open\side.png'
Time: 00:00.55 (Saving: 00:00.12)

Fra:1 Mem:252.89M (Peak 252.89M) | Time:00:00.08 | Rendering 1 / 64 samples
Fra:1 Mem:252.89M (Peak 252.89M) | Time:00:00.20 | Rendering 25 / 64 samples
Fra:1 Mem:252.89M (Peak 252.89M) | Time:00:00.32 | Rendering 50 / 64 samples
Fra:1 Mem:252.89M (Peak 252.89M) | Time:00:00.39 | Rendering 64 / 64 samples
Saved: 'C:\Repos\mmo-asset-pipeline\tmp\art-quality-loop\runs\qa\ro-swordsman-combo-r006\v002-calibration\whole-open\back.png'
Time: 00:00.54 (Saving: 00:00.12)

Fra:1 Mem:252.89M (Peak 258.38M) | Time:00:00.08 | Rendering 1 / 64 samples
Fra:1 Mem:252.89M (Peak 258.38M) | Time:00:00.25 | Rendering 25 / 64 samples
Fra:1 Mem:252.89M (Peak 258.38M) | Time:00:00.38 | Rendering 50 / 64 samples
Fra:1 Mem:252.89M (Peak 258.38M) | Time:00:00.46 | Rendering 64 / 64 samples
Saved: 'C:\Repos\mmo-asset-pipeline\tmp\art-quality-loop\runs\qa\ro-swordsman-combo-r006\v002-calibration\whole-open\three-quarter.png'
Time: 00:00.60 (Saving: 00:00.12)

Fra:1 Mem:252.89M (Peak 258.38M) | Time:00:00.07 | Rendering 1 / 64 samples
Fra:1 Mem:252.89M (Peak 258.38M) | Time:00:00.17 | Rendering 25 / 64 samples
Fra:1 Mem:252.89M (Peak 258.38M) | Time:00:00.26 | Rendering 50 / 64 samples
Fra:1 Mem:252.89M (Peak 258.38M) | Time:00:00.32 | Rendering 64 / 64 samples
Saved: 'C:\Repos\mmo-asset-pipeline\tmp\art-quality-loop\runs\qa\ro-swordsman-combo-r006\v002-calibration\whole-open\detail.png'
Time: 00:00.45 (Saving: 00:00.11)

Fra:1 Mem:252.89M (Peak 252.89M) | Time:00:00.07 | Rendering 1 / 64 samples
Fra:1 Mem:252.89M (Peak 252.89M) | Time:00:00.18 | Rendering 25 / 64 samples
Fra:1 Mem:252.89M (Peak 252.89M) | Time:00:00.30 | Rendering 50 / 64 samples
Fra:1 Mem:252.89M (Peak 252.89M) | Time:00:00.36 | Rendering 64 / 64 samples
Saved: 'C:\Repos\mmo-asset-pipeline\tmp\art-quality-loop\runs\qa\ro-swordsman-combo-r006\v002-calibration\open-R\palm.png'
Time: 00:00.51 (Saving: 00:00.12)

Fra:1 Mem:252.89M (Peak 258.38M) | Time:00:00.08 | Rendering 1 / 64 samples
Fra:1 Mem:252.89M (Peak 258.38M) | Time:00:00.19 | Rendering 25 / 64 samples
Fra:1 Mem:252.89M (Peak 258.38M) | Time:00:00.31 | Rendering 50 / 64 samples
Fra:1 Mem:252.89M (Peak 258.38M) | Time:00:00.37 | Rendering 64 / 64 samples
Saved: 'C:\Repos\mmo-asset-pipeline\tmp\art-quality-loop\runs\qa\ro-swordsman-combo-r006\v002-calibration\open-R\side.png'
Time: 00:00.53 (Saving: 00:00.13)

Fra:1 Mem:252.89M (Peak 258.38M) | Time:00:00.08 | Rendering 1 / 64 samples
Fra:1 Mem:252.89M (Peak 258.38M) | Time:00:00.18 | Rendering 25 / 64 samples
Fra:1 Mem:252.89M (Peak 258.38M) | Time:00:00.30 | Rendering 50 / 64 samples
Fra:1 Mem:252.89M (Peak 258.38M) | Time:00:00.36 | Rendering 64 / 64 samples
Saved: 'C:\Repos\mmo-asset-pipeline\tmp\art-quality-loop\runs\qa\ro-swordsman-combo-r006\v002-calibration\open-R\back.png'
Time: 00:00.50 (Saving: 00:00.11)

Fra:1 Mem:252.89M (Peak 252.89M) | Time:00:00.07 | Rendering 1 / 64 samples
Fra:1 Mem:252.89M (Peak 252.89M) | Time:00:00.19 | Rendering 25 / 64 samples
Fra:1 Mem:252.89M (Peak 252.89M) | Time:00:00.31 | Rendering 50 / 64 samples
Fra:1 Mem:252.89M (Peak 252.89M) | Time:00:00.38 | Rendering 64 / 64 samples
Saved: 'C:\Repos\mmo-asset-pipeline\tmp\art-quality-loop\runs\qa\ro-swordsman-combo-r006\v002-calibration\open-R\wrist.png'
Time: 00:00.53 (Saving: 00:00.13)

Fra:1 Mem:252.89M (Peak 252.89M) | Time:00:00.08 | Rendering 1 / 64 samples
Fra:1 Mem:252.89M (Peak 252.89M) | Time:00:00.19 | Rendering 25 / 64 samples
Fra:1 Mem:252.89M (Peak 252.89M) | Time:00:00.30 | Rendering 50 / 64 samples
Fra:1 Mem:252.89M (Peak 252.89M) | Time:00:00.37 | Rendering 64 / 64 samples
Saved: 'C:\Repos\mmo-asset-pipeline\tmp\art-quality-loop\runs\qa\ro-swordsman-combo-r006\v002-calibration\small-curl-R\palm.png'
Time: 00:00.52 (Saving: 00:00.12)

Fra:1 Mem:252.89M (Peak 258.38M) | Time:00:00.07 | Rendering 1 / 64 samples
Fra:1 Mem:252.89M (Peak 258.38M) | Time:00:00.19 | Rendering 25 / 64 samples
Fra:1 Mem:252.89M (Peak 258.38M) | Time:00:00.31 | Rendering 50 / 64 samples
Fra:1 Mem:252.89M (Peak 258.38M) | Time:00:00.37 | Rendering 64 / 64 samples
Saved: 'C:\Repos\mmo-asset-pipeline\tmp\art-quality-loop\runs\qa\ro-swordsman-combo-r006\v002-calibration\small-curl-R\side.png'
Time: 00:00.53 (Saving: 00:00.13)

Fra:1 Mem:252.89M (Peak 258.38M) | Time:00:00.07 | Rendering 1 / 64 samples
Fra:1 Mem:252.89M (Peak 258.38M) | Time:00:00.18 | Rendering 25 / 64 samples
Fra:1 Mem:252.89M (Peak 258.38M) | Time:00:00.30 | Rendering 50 / 64 samples
Fra:1 Mem:252.89M (Peak 258.38M) | Time:00:00.36 | Rendering 64 / 64 samples
Saved: 'C:\Repos\mmo-asset-pipeline\tmp\art-quality-loop\runs\qa\ro-swordsman-combo-r006\v002-calibration\small-curl-R\back.png'
Time: 00:00.51 (Saving: 00:00.12)

Fra:1 Mem:252.89M (Peak 258.38M) | Time:00:00.08 | Rendering 1 / 64 samples
Fra:1 Mem:252.89M (Peak 258.38M) | Time:00:00.19 | Rendering 25 / 64 samples
Fra:1 Mem:252.89M (Peak 258.38M) | Time:00:00.31 | Rendering 50 / 64 samples
Fra:1 Mem:252.89M (Peak 258.38M) | Time:00:00.38 | Rendering 64 / 64 samples
Saved: 'C:\Repos\mmo-asset-pipeline\tmp\art-quality-loop\runs\qa\ro-swordsman-combo-r006\v002-calibration\small-curl-R\wrist.png'
Time: 00:00.55 (Saving: 00:00.13)

Info: Saved as "ro_glove_calibration.blend"
RO_GLOVE_CALIBRATION {"trial": "v002", "finished_utc": "2026-10-03T06:37:48.625358+00:00", "changed_old_cuff_weights": 77, "cuff_cut_world_z_m": 0.97, "thumb_blended_vertices": 244, "search_candidate_count": 34, "readback_count": 2, "total_events": 36, "maximum_search_candidates": 40, "all_events_logged": true, "best_parameters": {"front": 0.054, "down": 0.032, "angles": [0.85, 0.85, 1.15, 0.85], "thumb": [-0.02, -0.02, 0.012]}, "whole_triangles": 60543, "surface_gate_pass": false, "maximum_penetration_m": 0, "crossings": 0, "pad_contacts": {"finger1": {"vertices": 30, "minimum_gap_m": 0.017663797363638878, "mean_gap_m": 0.030874240833024185, "within_2mm": 0}, "finger2": {"vertices": 33, "minimum_gap_m": 0.010274464264512062, "mean_gap_m": 0.021043727230845077, "within_2mm": 0}, "finger3": {"vertices": 41, "minimum_gap_m": 0.01607004553079605, "mean_gap_m": 0.029985209699811007, "within_2mm": 0}, "finger4": {"vertices": 34, "minimum_gap_m": 0.012140126898884773, "mean_gap_m": 0.021771003656527576, "within_2mm": 0}, "thumb": {"vertices": 54, "minimum_gap_m": 0.001650391612201929, "mean_gap_m": 0.02525242502990834, "within_2mm": 1}}, "art_acceptance": "pending", "full_animation_accepted": false, "delivered": false, "source_preserved": true, "artifact": {"path": "assets/processed/ro-swordsman-combo-r006/v002-calibration/ro_glove_calibration.blend", "sha256": "70c81e54b248052dcef026b50f8b9f21073d95b538447b51faa82a9e7a0291bb"}}

Blender quit
