Blender 4.5.5 LTS (hash 836beaaf597a built 2025-11-18 01:33:26)
Read blend: "C:\Repos\mmo-asset-pipeline\tmp\art-quality-loop\assets\processed\ro-swordsman-combo-r006\v002-calibration\ro_glove_calibration.blend"
Fra:1 Mem:252.94M (Peak 267.64M) | Time:00:00.73 | Rendering 1 / 64 samples
Fra:1 Mem:252.94M (Peak 267.64M) | Time:00:00.82 | Rendering 25 / 64 samples
Fra:1 Mem:252.94M (Peak 267.64M) | Time:00:00.92 | Rendering 50 / 64 samples
Fra:1 Mem:252.94M (Peak 267.64M) | Time:00:00.97 | Rendering 64 / 64 samples
Saved: 'C:\Repos\mmo-asset-pipeline\tmp\art-quality-loop\runs\qa\ro-swordsman-combo-r006\v003-joint-ik\grip-R\palm.png'
Time: 00:01.24 (Saving: 00:00.23)

Fra:1 Mem:252.94M (Peak 258.43M) | Time:00:00.08 | Rendering 1 / 64 samples
Fra:1 Mem:252.94M (Peak 258.43M) | Time:00:00.19 | Rendering 25 / 64 samples
Fra:1 Mem:252.94M (Peak 258.43M) | Time:00:00.30 | Rendering 50 / 64 samples
Fra:1 Mem:252.94M (Peak 258.43M) | Time:00:00.36 | Rendering 64 / 64 samples
Saved: 'C:\Repos\mmo-asset-pipeline\tmp\art-quality-loop\runs\qa\ro-swordsman-combo-r006\v003-joint-ik\grip-R\side.png'
Time: 00:00.52 (Saving: 00:00.13)

Fra:1 Mem:252.94M (Peak 258.43M) | Time:00:00.08 | Rendering 1 / 64 samples
Fra:1 Mem:252.94M (Peak 258.43M) | Time:00:00.18 | Rendering 25 / 64 samples
Fra:1 Mem:252.94M (Peak 258.43M) | Time:00:00.28 | Rendering 50 / 64 samples
Fra:1 Mem:252.94M (Peak 258.43M) | Time:00:00.33 | Rendering 64 / 64 samples
Saved: 'C:\Repos\mmo-asset-pipeline\tmp\art-quality-loop\runs\qa\ro-swordsman-combo-r006\v003-joint-ik\grip-R\back.png'
Time: 00:00.49 (Saving: 00:00.12)

Fra:1 Mem:252.94M (Peak 258.43M) | Time:00:00.08 | Rendering 1 / 64 samples
Fra:1 Mem:252.94M (Peak 258.43M) | Time:00:00.19 | Rendering 25 / 64 samples
Fra:1 Mem:252.94M (Peak 258.43M) | Time:00:00.31 | Rendering 50 / 64 samples
Fra:1 Mem:252.94M (Peak 258.43M) | Time:00:00.38 | Rendering 64 / 64 samples
Saved: 'C:\Repos\mmo-asset-pipeline\tmp\art-quality-loop\runs\qa\ro-swordsman-combo-r006\v003-joint-ik\grip-R\wrist.png'
Time: 00:00.54 (Saving: 00:00.13)

Fra:1 Mem:244.76M (Peak 244.76M) | Time:00:00.04 | Rendering 1 / 64 samples
Fra:1 Mem:244.76M (Peak 244.76M) | Time:00:00.14 | Rendering 25 / 64 samples
Fra:1 Mem:244.76M (Peak 244.76M) | Time:00:00.24 | Rendering 50 / 64 samples
Fra:1 Mem:244.76M (Peak 244.76M) | Time:00:00.30 | Rendering 64 / 64 samples
Saved: 'C:\Repos\mmo-asset-pipeline\tmp\art-quality-loop\runs\qa\ro-swordsman-combo-r006\v003-joint-ik\diagnostic-isolated-grip\palm.png'
Time: 00:00.44 (Saving: 00:00.11)

Fra:1 Mem:244.76M (Peak 244.76M) | Time:00:00.04 | Rendering 1 / 64 samples
Fra:1 Mem:244.76M (Peak 244.76M) | Time:00:00.14 | Rendering 25 / 64 samples
Fra:1 Mem:244.76M (Peak 244.76M) | Time:00:00.24 | Rendering 50 / 64 samples
Fra:1 Mem:244.76M (Peak 244.76M) | Time:00:00.31 | Rendering 64 / 64 samples
Saved: 'C:\Repos\mmo-asset-pipeline\tmp\art-quality-loop\runs\qa\ro-swordsman-combo-r006\v003-joint-ik\diagnostic-isolated-grip\side.png'
Time: 00:00.45 (Saving: 00:00.12)

Fra:1 Mem:244.76M (Peak 244.76M) | Time:00:00.04 | Rendering 1 / 64 samples
Fra:1 Mem:244.76M (Peak 244.76M) | Time:00:00.14 | Rendering 25 / 64 samples
Fra:1 Mem:244.76M (Peak 244.76M) | Time:00:00.24 | Rendering 50 / 64 samples
Fra:1 Mem:244.76M (Peak 244.76M) | Time:00:00.30 | Rendering 64 / 64 samples
Saved: 'C:\Repos\mmo-asset-pipeline\tmp\art-quality-loop\runs\qa\ro-swordsman-combo-r006\v003-joint-ik\diagnostic-isolated-grip\back.png'
Time: 00:00.45 (Saving: 00:00.12)

Fra:1 Mem:244.76M (Peak 244.76M) | Time:00:00.04 | Rendering 1 / 64 samples
Fra:1 Mem:244.76M (Peak 244.76M) | Time:00:00.16 | Rendering 25 / 64 samples
Fra:1 Mem:244.76M (Peak 244.76M) | Time:00:00.29 | Rendering 50 / 64 samples
Fra:1 Mem:244.76M (Peak 244.76M) | Time:00:00.37 | Rendering 64 / 64 samples
Saved: 'C:\Repos\mmo-asset-pipeline\tmp\art-quality-loop\runs\qa\ro-swordsman-combo-r006\v003-joint-ik\diagnostic-isolated-grip\wrist.png'
Time: 00:00.51 (Saving: 00:00.12)

Fra:1 Mem:252.88M (Peak 258.37M) | Time:00:00.08 | Rendering 1 / 64 samples
Fra:1 Mem:252.88M (Peak 258.37M) | Time:00:00.19 | Rendering 25 / 64 samples
Fra:1 Mem:252.88M (Peak 258.37M) | Time:00:00.31 | Rendering 50 / 64 samples
Fra:1 Mem:252.88M (Peak 258.37M) | Time:00:00.38 | Rendering 64 / 64 samples
Saved: 'C:\Repos\mmo-asset-pipeline\tmp\art-quality-loop\runs\qa\ro-swordsman-combo-r006\v003-joint-ik\whole-open\front.png'
Time: 00:00.54 (Saving: 00:00.13)

Fra:1 Mem:252.88M (Peak 258.37M) | Time:00:00.07 | Rendering 1 / 64 samples
Fra:1 Mem:252.88M (Peak 258.37M) | Time:00:00.19 | Rendering 25 / 64 samples
Fra:1 Mem:252.88M (Peak 258.37M) | Time:00:00.31 | Rendering 50 / 64 samples
Fra:1 Mem:252.88M (Peak 258.37M) | Time:00:00.38 | Rendering 64 / 64 samples
Saved: 'C:\Repos\mmo-asset-pipeline\tmp\art-quality-loop\runs\qa\ro-swordsman-combo-r006\v003-joint-ik\whole-open\side.png'
Time: 00:00.53 (Saving: 00:00.11)

Fra:1 Mem:252.88M (Peak 252.88M) | Time:00:00.08 | Rendering 1 / 64 samples
Fra:1 Mem:252.88M (Peak 252.88M) | Time:00:00.19 | Rendering 25 / 64 samples
Fra:1 Mem:252.88M (Peak 252.88M) | Time:00:00.31 | Rendering 50 / 64 samples
Fra:1 Mem:252.88M (Peak 252.88M) | Time:00:00.38 | Rendering 64 / 64 samples
Saved: 'C:\Repos\mmo-asset-pipeline\tmp\art-quality-loop\runs\qa\ro-swordsman-combo-r006\v003-joint-ik\whole-open\back.png'
Time: 00:00.53 (Saving: 00:00.12)

Fra:1 Mem:252.88M (Peak 258.37M) | Time:00:00.08 | Rendering 1 / 64 samples
Fra:1 Mem:252.88M (Peak 258.37M) | Time:00:00.20 | Rendering 25 / 64 samples
Fra:1 Mem:252.88M (Peak 258.37M) | Time:00:00.33 | Rendering 50 / 64 samples
Fra:1 Mem:252.88M (Peak 258.37M) | Time:00:00.40 | Rendering 64 / 64 samples
Saved: 'C:\Repos\mmo-asset-pipeline\tmp\art-quality-loop\runs\qa\ro-swordsman-combo-r006\v003-joint-ik\whole-open\three-quarter.png'
Time: 00:00.54 (Saving: 00:00.11)

Fra:1 Mem:252.88M (Peak 258.37M) | Time:00:00.08 | Rendering 1 / 64 samples
Fra:1 Mem:252.88M (Peak 258.37M) | Time:00:00.17 | Rendering 25 / 64 samples
Fra:1 Mem:252.88M (Peak 258.37M) | Time:00:00.26 | Rendering 50 / 64 samples
Fra:1 Mem:252.88M (Peak 258.37M) | Time:00:00.31 | Rendering 64 / 64 samples
Saved: 'C:\Repos\mmo-asset-pipeline\tmp\art-quality-loop\runs\qa\ro-swordsman-combo-r006\v003-joint-ik\whole-open\detail.png'
Time: 00:00.46 (Saving: 00:00.12)

Info: Saved as "ro_glove_joint_ik.blend"
RO_GLOVE_JOINT_IK {"trial": "v003", "finished_utc": "2026-10-03T06:47:03.346492+00:00", "search_candidate_count": 37, "readback_count": 2, "total_events": 39, "all_events_logged": true, "mask_guard_negative_cases": 5, "fixed_grip_front_down_m": [0.038, 0.02], "best_parameters": {"radius": 0.02, "phis": [140, 140, 160, 140], "thumb_width": -0.02, "thumb_front": -0.021, "thumb_down": 0}, "surface_gate_pass": false, "maximum_penetration_m": 0.002051106421276927, "crossings": 54, "pad_contacts": {"finger1": {"vertices": 30, "minimum_gap_m": 0.0001656938111409545, "mean_gap_m": 0.0061315958960525075, "within_2mm": 4}, "finger2": {"vertices": 33, "minimum_gap_m": 0.0001231933565577492, "mean_gap_m": 0.013793715016976366, "within_2mm": 4}, "finger3": {"vertices": 41, "minimum_gap_m": 0.00019221377442590892, "mean_gap_m": 0.015943464488728062, "within_2mm": 7}, "finger4": {"vertices": 34, "minimum_gap_m": 0.0002708745887503028, "mean_gap_m": 0.013006877169519773, "within_2mm": 4}, "thumb": {"vertices": 54, "minimum_gap_m": 0.00012862661969847977, "mean_gap_m": 0.021034606949359404, "within_2mm": 4}}, "full_animation_accepted": false, "delivered": false, "source_preserved": true, "artifact": {"path": "assets/processed/ro-swordsman-combo-r006/v003-joint-ik/ro_glove_joint_ik.blend", "sha256": "5920b803e5873193eee09dbf46661f184bd87d80584a8af69822bfdacaf86122"}}

Blender quit
