Blender 4.5.5 LTS (hash 836beaaf597a built 2025-11-18 01:33:26)
Read blend: "C:\Repos\mmo-asset-pipeline\tmp\art-quality-loop\assets\processed\ro-swordsman-combo-r006\v003-joint-ik\ro_glove_joint_ik.blend"
Fra:1 Mem:254.38M (Peak 269.07M) | Time:00:00.73 | Rendering 1 / 64 samples
Fra:1 Mem:254.38M (Peak 269.07M) | Time:00:00.83 | Rendering 25 / 64 samples
Fra:1 Mem:254.38M (Peak 269.07M) | Time:00:00.93 | Rendering 50 / 64 samples
Fra:1 Mem:254.38M (Peak 269.07M) | Time:00:00.98 | Rendering 64 / 64 samples
Saved: 'C:\Repos\mmo-asset-pipeline\tmp\art-quality-loop\runs\qa\ro-swordsman-combo-r006\v004-corrective\grip-R\palm.png'
Time: 00:01.25 (Saving: 00:00.24)

Fra:1 Mem:254.37M (Peak 259.87M) | Time:00:00.08 | Rendering 1 / 64 samples
Fra:1 Mem:254.37M (Peak 259.87M) | Time:00:00.19 | Rendering 25 / 64 samples
Fra:1 Mem:254.37M (Peak 259.87M) | Time:00:00.30 | Rendering 50 / 64 samples
Fra:1 Mem:254.37M (Peak 259.87M) | Time:00:00.36 | Rendering 64 / 64 samples
Saved: 'C:\Repos\mmo-asset-pipeline\tmp\art-quality-loop\runs\qa\ro-swordsman-combo-r006\v004-corrective\grip-R\side.png'
Time: 00:00.52 (Saving: 00:00.12)

Fra:1 Mem:254.37M (Peak 254.37M) | Time:00:00.08 | Rendering 1 / 64 samples
Fra:1 Mem:254.37M (Peak 254.37M) | Time:00:00.18 | Rendering 25 / 64 samples
Fra:1 Mem:254.37M (Peak 254.37M) | Time:00:00.28 | Rendering 50 / 64 samples
Fra:1 Mem:254.37M (Peak 254.37M) | Time:00:00.33 | Rendering 64 / 64 samples
Saved: 'C:\Repos\mmo-asset-pipeline\tmp\art-quality-loop\runs\qa\ro-swordsman-combo-r006\v004-corrective\grip-R\back.png'
Time: 00:00.50 (Saving: 00:00.14)

Fra:1 Mem:254.37M (Peak 259.87M) | Time:00:00.08 | Rendering 1 / 64 samples
Fra:1 Mem:254.37M (Peak 259.87M) | Time:00:00.19 | Rendering 25 / 64 samples
Fra:1 Mem:254.37M (Peak 259.87M) | Time:00:00.31 | Rendering 50 / 64 samples
Fra:1 Mem:254.37M (Peak 259.87M) | Time:00:00.38 | Rendering 64 / 64 samples
Saved: 'C:\Repos\mmo-asset-pipeline\tmp\art-quality-loop\runs\qa\ro-swordsman-combo-r006\v004-corrective\grip-R\wrist.png'
Time: 00:00.53 (Saving: 00:00.13)

Fra:1 Mem:254.32M (Peak 259.81M) | Time:00:00.08 | Rendering 1 / 64 samples
Fra:1 Mem:254.32M (Peak 259.81M) | Time:00:00.20 | Rendering 25 / 64 samples
Fra:1 Mem:254.32M (Peak 259.81M) | Time:00:00.32 | Rendering 50 / 64 samples
Fra:1 Mem:254.32M (Peak 259.81M) | Time:00:00.38 | Rendering 64 / 64 samples
Saved: 'C:\Repos\mmo-asset-pipeline\tmp\art-quality-loop\runs\qa\ro-swordsman-combo-r006\v004-corrective\whole-open\front.png'
Time: 00:00.53 (Saving: 00:00.12)

Fra:1 Mem:254.32M (Peak 259.81M) | Time:00:00.08 | Rendering 1 / 64 samples
Fra:1 Mem:254.32M (Peak 259.81M) | Time:00:00.20 | Rendering 25 / 64 samples
Fra:1 Mem:254.32M (Peak 259.81M) | Time:00:00.32 | Rendering 50 / 64 samples
Fra:1 Mem:254.32M (Peak 259.81M) | Time:00:00.39 | Rendering 64 / 64 samples
Saved: 'C:\Repos\mmo-asset-pipeline\tmp\art-quality-loop\runs\qa\ro-swordsman-combo-r006\v004-corrective\whole-open\side.png'
Time: 00:00.53 (Saving: 00:00.11)

Fra:1 Mem:254.32M (Peak 254.32M) | Time:00:00.08 | Rendering 1 / 64 samples
Fra:1 Mem:254.32M (Peak 254.32M) | Time:00:00.20 | Rendering 25 / 64 samples
Fra:1 Mem:254.32M (Peak 254.32M) | Time:00:00.32 | Rendering 50 / 64 samples
Fra:1 Mem:254.32M (Peak 254.32M) | Time:00:00.39 | Rendering 64 / 64 samples
Saved: 'C:\Repos\mmo-asset-pipeline\tmp\art-quality-loop\runs\qa\ro-swordsman-combo-r006\v004-corrective\whole-open\back.png'
Time: 00:00.53 (Saving: 00:00.11)

Fra:1 Mem:254.32M (Peak 254.32M) | Time:00:00.08 | Rendering 1 / 64 samples
Fra:1 Mem:254.32M (Peak 254.32M) | Time:00:00.21 | Rendering 25 / 64 samples
Fra:1 Mem:254.32M (Peak 254.32M) | Time:00:00.33 | Rendering 50 / 64 samples
Fra:1 Mem:254.32M (Peak 254.32M) | Time:00:00.41 | Rendering 64 / 64 samples
Saved: 'C:\Repos\mmo-asset-pipeline\tmp\art-quality-loop\runs\qa\ro-swordsman-combo-r006\v004-corrective\whole-open\three-quarter.png'
Time: 00:00.56 (Saving: 00:00.12)

Fra:1 Mem:254.32M (Peak 259.81M) | Time:00:00.08 | Rendering 1 / 64 samples
Fra:1 Mem:254.32M (Peak 259.81M) | Time:00:00.17 | Rendering 25 / 64 samples
Fra:1 Mem:254.32M (Peak 259.81M) | Time:00:00.26 | Rendering 50 / 64 samples
Fra:1 Mem:254.32M (Peak 259.81M) | Time:00:00.31 | Rendering 64 / 64 samples
Saved: 'C:\Repos\mmo-asset-pipeline\tmp\art-quality-loop\runs\qa\ro-swordsman-combo-r006\v004-corrective\whole-open\detail.png'
Time: 00:00.45 (Saving: 00:00.11)

Fra:1 Mem:254.32M (Peak 259.81M) | Time:00:00.08 | Rendering 1 / 64 samples
Fra:1 Mem:254.32M (Peak 259.81M) | Time:00:00.18 | Rendering 25 / 64 samples
Fra:1 Mem:254.32M (Peak 259.81M) | Time:00:00.30 | Rendering 50 / 64 samples
Fra:1 Mem:254.32M (Peak 259.81M) | Time:00:00.36 | Rendering 64 / 64 samples
Saved: 'C:\Repos\mmo-asset-pipeline\tmp\art-quality-loop\runs\qa\ro-swordsman-combo-r006\v004-corrective\open-R\palm.png'
Time: 00:00.52 (Saving: 00:00.13)

Fra:1 Mem:254.32M (Peak 259.81M) | Time:00:00.08 | Rendering 1 / 64 samples
Fra:1 Mem:254.32M (Peak 259.81M) | Time:00:00.19 | Rendering 25 / 64 samples
Fra:1 Mem:254.32M (Peak 259.81M) | Time:00:00.30 | Rendering 50 / 64 samples
Fra:1 Mem:254.32M (Peak 259.81M) | Time:00:00.37 | Rendering 64 / 64 samples
Saved: 'C:\Repos\mmo-asset-pipeline\tmp\art-quality-loop\runs\qa\ro-swordsman-combo-r006\v004-corrective\open-R\side.png'
Time: 00:00.55 (Saving: 00:00.15)

Fra:1 Mem:254.32M (Peak 259.81M) | Time:00:00.07 | Rendering 1 / 64 samples
Fra:1 Mem:254.32M (Peak 259.81M) | Time:00:00.18 | Rendering 25 / 64 samples
Fra:1 Mem:254.32M (Peak 259.81M) | Time:00:00.29 | Rendering 50 / 64 samples
Fra:1 Mem:254.32M (Peak 259.81M) | Time:00:00.36 | Rendering 64 / 64 samples
Saved: 'C:\Repos\mmo-asset-pipeline\tmp\art-quality-loop\runs\qa\ro-swordsman-combo-r006\v004-corrective\open-R\back.png'
Time: 00:00.51 (Saving: 00:00.13)

Fra:1 Mem:254.32M (Peak 259.81M) | Time:00:00.08 | Rendering 1 / 64 samples
Fra:1 Mem:254.32M (Peak 259.81M) | Time:00:00.19 | Rendering 25 / 64 samples
Fra:1 Mem:254.32M (Peak 259.81M) | Time:00:00.31 | Rendering 50 / 64 samples
Fra:1 Mem:254.32M (Peak 259.81M) | Time:00:00.38 | Rendering 64 / 64 samples
Saved: 'C:\Repos\mmo-asset-pipeline\tmp\art-quality-loop\runs\qa\ro-swordsman-combo-r006\v004-corrective\open-R\wrist.png'
Time: 00:00.55 (Saving: 00:00.14)

Fra:1 Mem:254.32M (Peak 259.81M) | Time:00:00.07 | Rendering 1 / 64 samples
Fra:1 Mem:254.32M (Peak 259.81M) | Time:00:00.18 | Rendering 25 / 64 samples
Fra:1 Mem:254.32M (Peak 259.81M) | Time:00:00.29 | Rendering 50 / 64 samples
Fra:1 Mem:254.32M (Peak 259.81M) | Time:00:00.35 | Rendering 64 / 64 samples
Saved: 'C:\Repos\mmo-asset-pipeline\tmp\art-quality-loop\runs\qa\ro-swordsman-combo-r006\v004-corrective\small-curl-R\palm.png'
Time: 00:00.50 (Saving: 00:00.12)

Fra:1 Mem:254.32M (Peak 254.32M) | Time:00:00.08 | Rendering 1 / 64 samples
Fra:1 Mem:254.32M (Peak 254.32M) | Time:00:00.19 | Rendering 25 / 64 samples
Fra:1 Mem:254.32M (Peak 254.32M) | Time:00:00.34 | Rendering 50 / 64 samples
Fra:1 Mem:254.32M (Peak 254.32M) | Time:00:00.41 | Rendering 64 / 64 samples
Saved: 'C:\Repos\mmo-asset-pipeline\tmp\art-quality-loop\runs\qa\ro-swordsman-combo-r006\v004-corrective\small-curl-R\side.png'
Time: 00:00.58 (Saving: 00:00.14)

Fra:1 Mem:254.32M (Peak 259.81M) | Time:00:00.08 | Rendering 1 / 64 samples
Fra:1 Mem:254.32M (Peak 259.81M) | Time:00:00.18 | Rendering 25 / 64 samples
Fra:1 Mem:254.32M (Peak 259.81M) | Time:00:00.30 | Rendering 50 / 64 samples
Fra:1 Mem:254.32M (Peak 259.81M) | Time:00:00.36 | Rendering 64 / 64 samples
Saved: 'C:\Repos\mmo-asset-pipeline\tmp\art-quality-loop\runs\qa\ro-swordsman-combo-r006\v004-corrective\small-curl-R\back.png'
Time: 00:00.51 (Saving: 00:00.12)

Fra:1 Mem:254.32M (Peak 259.81M) | Time:00:00.08 | Rendering 1 / 64 samples
Fra:1 Mem:254.32M (Peak 259.81M) | Time:00:00.19 | Rendering 25 / 64 samples
Fra:1 Mem:254.32M (Peak 259.81M) | Time:00:00.32 | Rendering 50 / 64 samples
Fra:1 Mem:254.32M (Peak 259.81M) | Time:00:00.39 | Rendering 64 / 64 samples
Saved: 'C:\Repos\mmo-asset-pipeline\tmp\art-quality-loop\runs\qa\ro-swordsman-combo-r006\v004-corrective\small-curl-R\wrist.png'
Time: 00:00.55 (Saving: 00:00.14)

Info: Saved as "ro_glove_corrective.blend"
RO_GLOVE_CORRECTIVE {"trial": "v004", "finished_utc": "2026-10-03T06:53:47.277895+00:00", "shape_key": "GripContact_R", "corrective_iterations": 1, "events": 3, "maximum_rest_corrective_m": 0.003804178696836872, "cuff_weight_vertices": 243, "new_sleeve_triangles": 156, "source_geometry_and_uv_preserved": true, "whole_triangles": 60699, "surface_gate_pass": false, "maximum_penetration_m": 0, "crossings": 0, "pad_contacts": {"finger1": {"vertices": 30, "minimum_gap_m": 0.0001656938111409545, "mean_gap_m": 0.0061315958960525075, "within_2mm": 4}, "finger2": {"vertices": 33, "minimum_gap_m": 0.0012430241331458092, "mean_gap_m": 0.013879313183045297, "within_2mm": 4}, "finger3": {"vertices": 41, "minimum_gap_m": 0.0009332140325568616, "mean_gap_m": 0.016039171953197207, "within_2mm": 5}, "finger4": {"vertices": 34, "minimum_gap_m": 0.0002708745887503028, "mean_gap_m": 0.013006877169519773, "within_2mm": 4}, "thumb": {"vertices": 54, "minimum_gap_m": 0.0009996461449190974, "mean_gap_m": 0.02116166430534105, "within_2mm": 2}}, "art_and_cuff_clearance": "pending actual visual/rigid-armor surface review", "whole_budget_pass": false, "full_animation_accepted": false, "delivered": false, "source_preserved": true, "artifact": {"path": "assets/processed/ro-swordsman-combo-r006/v004-corrective/ro_glove_corrective.blend", "sha256": "39a42e5b637ad5715e62c2152984dcaf8b5317113110b49e722d3bc095ab3ca4"}}

Blender quit
