Blender 4.5.5 LTS (hash 836beaaf597a built 2025-11-18 01:33:26)
Read blend: "C:\Repos\mmo-asset-pipeline\tmp\art-quality-loop\assets\processed\ro-swordsman-combo-r006\v004-corrective\ro_glove_corrective.blend"
Fra:1 Mem:253.84M (Peak 268.53M) | Time:00:00.72 | Rendering 1 / 64 samples
Fra:1 Mem:253.84M (Peak 268.53M) | Time:00:00.83 | Rendering 25 / 64 samples
Fra:1 Mem:253.84M (Peak 268.53M) | Time:00:00.93 | Rendering 50 / 64 samples
Fra:1 Mem:253.84M (Peak 268.53M) | Time:00:00.98 | Rendering 64 / 64 samples
Saved: 'C:\Repos\mmo-asset-pipeline\tmp\art-quality-loop\runs\qa\ro-swordsman-combo-r006\v005-thumb-wrist\transition-0\palm.png'
Time: 00:01.24 (Saving: 00:00.22)

Fra:1 Mem:253.83M (Peak 259.32M) | Time:00:00.08 | Rendering 1 / 64 samples
Fra:1 Mem:253.83M (Peak 259.32M) | Time:00:00.19 | Rendering 25 / 64 samples
Fra:1 Mem:253.83M (Peak 259.32M) | Time:00:00.30 | Rendering 50 / 64 samples
Fra:1 Mem:253.83M (Peak 259.32M) | Time:00:00.37 | Rendering 64 / 64 samples
Saved: 'C:\Repos\mmo-asset-pipeline\tmp\art-quality-loop\runs\qa\ro-swordsman-combo-r006\v005-thumb-wrist\transition-0\side.png'
Time: 00:00.52 (Saving: 00:00.13)

Fra:1 Mem:253.83M (Peak 259.32M) | Time:00:00.07 | Rendering 1 / 64 samples
Fra:1 Mem:253.83M (Peak 259.32M) | Time:00:00.20 | Rendering 25 / 64 samples
Fra:1 Mem:253.83M (Peak 259.32M) | Time:00:00.31 | Rendering 50 / 64 samples
Fra:1 Mem:253.83M (Peak 259.32M) | Time:00:00.37 | Rendering 64 / 64 samples
Saved: 'C:\Repos\mmo-asset-pipeline\tmp\art-quality-loop\runs\qa\ro-swordsman-combo-r006\v005-thumb-wrist\transition-0\back.png'
Time: 00:00.52 (Saving: 00:00.11)

Fra:1 Mem:253.83M (Peak 259.32M) | Time:00:00.08 | Rendering 1 / 64 samples
Fra:1 Mem:253.83M (Peak 259.32M) | Time:00:00.19 | Rendering 25 / 64 samples
Fra:1 Mem:253.83M (Peak 259.32M) | Time:00:00.31 | Rendering 50 / 64 samples
Fra:1 Mem:253.83M (Peak 259.32M) | Time:00:00.37 | Rendering 64 / 64 samples
Saved: 'C:\Repos\mmo-asset-pipeline\tmp\art-quality-loop\runs\qa\ro-swordsman-combo-r006\v005-thumb-wrist\transition-0\wrist.png'
Time: 00:00.53 (Saving: 00:00.13)

Fra:1 Mem:253.83M (Peak 259.32M) | Time:00:00.07 | Rendering 1 / 64 samples
Fra:1 Mem:253.83M (Peak 259.32M) | Time:00:00.18 | Rendering 25 / 64 samples
Fra:1 Mem:253.83M (Peak 259.32M) | Time:00:00.29 | Rendering 50 / 64 samples
Fra:1 Mem:253.83M (Peak 259.32M) | Time:00:00.36 | Rendering 64 / 64 samples
Saved: 'C:\Repos\mmo-asset-pipeline\tmp\art-quality-loop\runs\qa\ro-swordsman-combo-r006\v005-thumb-wrist\transition-0.25\palm.png'
Time: 00:00.51 (Saving: 00:00.12)

Fra:1 Mem:253.83M (Peak 259.32M) | Time:00:00.07 | Rendering 1 / 64 samples
Fra:1 Mem:253.83M (Peak 259.32M) | Time:00:00.19 | Rendering 25 / 64 samples
Fra:1 Mem:253.83M (Peak 259.32M) | Time:00:00.30 | Rendering 50 / 64 samples
Fra:1 Mem:253.83M (Peak 259.32M) | Time:00:00.37 | Rendering 64 / 64 samples
Saved: 'C:\Repos\mmo-asset-pipeline\tmp\art-quality-loop\runs\qa\ro-swordsman-combo-r006\v005-thumb-wrist\transition-0.25\side.png'
Time: 00:00.52 (Saving: 00:00.13)

Fra:1 Mem:253.83M (Peak 253.83M) | Time:00:00.08 | Rendering 1 / 64 samples
Fra:1 Mem:253.83M (Peak 253.83M) | Time:00:00.18 | Rendering 25 / 64 samples
Fra:1 Mem:253.83M (Peak 253.83M) | Time:00:00.29 | Rendering 50 / 64 samples
Fra:1 Mem:253.83M (Peak 253.83M) | Time:00:00.35 | Rendering 64 / 64 samples
Saved: 'C:\Repos\mmo-asset-pipeline\tmp\art-quality-loop\runs\qa\ro-swordsman-combo-r006\v005-thumb-wrist\transition-0.25\back.png'
Time: 00:00.50 (Saving: 00:00.12)

Fra:1 Mem:253.83M (Peak 259.32M) | Time:00:00.07 | Rendering 1 / 64 samples
Fra:1 Mem:253.83M (Peak 259.32M) | Time:00:00.19 | Rendering 25 / 64 samples
Fra:1 Mem:253.83M (Peak 259.32M) | Time:00:00.31 | Rendering 50 / 64 samples
Fra:1 Mem:253.83M (Peak 259.32M) | Time:00:00.38 | Rendering 64 / 64 samples
Saved: 'C:\Repos\mmo-asset-pipeline\tmp\art-quality-loop\runs\qa\ro-swordsman-combo-r006\v005-thumb-wrist\transition-0.25\wrist.png'
Time: 00:00.54 (Saving: 00:00.13)

Fra:1 Mem:253.83M (Peak 259.32M) | Time:00:00.07 | Rendering 1 / 64 samples
Fra:1 Mem:253.83M (Peak 259.32M) | Time:00:00.18 | Rendering 25 / 64 samples
Fra:1 Mem:253.83M (Peak 259.32M) | Time:00:00.29 | Rendering 50 / 64 samples
Fra:1 Mem:253.83M (Peak 259.32M) | Time:00:00.35 | Rendering 64 / 64 samples
Saved: 'C:\Repos\mmo-asset-pipeline\tmp\art-quality-loop\runs\qa\ro-swordsman-combo-r006\v005-thumb-wrist\transition-0.5\palm.png'
Time: 00:00.50 (Saving: 00:00.12)

Fra:1 Mem:253.83M (Peak 253.83M) | Time:00:00.07 | Rendering 1 / 64 samples
Fra:1 Mem:253.83M (Peak 253.83M) | Time:00:00.18 | Rendering 25 / 64 samples
Fra:1 Mem:253.83M (Peak 253.83M) | Time:00:00.30 | Rendering 50 / 64 samples
Fra:1 Mem:253.83M (Peak 253.83M) | Time:00:00.36 | Rendering 64 / 64 samples
Saved: 'C:\Repos\mmo-asset-pipeline\tmp\art-quality-loop\runs\qa\ro-swordsman-combo-r006\v005-thumb-wrist\transition-0.5\side.png'
Time: 00:00.51 (Saving: 00:00.12)

Fra:1 Mem:253.83M (Peak 259.32M) | Time:00:00.09 | Rendering 1 / 64 samples
Fra:1 Mem:253.83M (Peak 259.32M) | Time:00:00.19 | Rendering 25 / 64 samples
Fra:1 Mem:253.83M (Peak 259.32M) | Time:00:00.30 | Rendering 50 / 64 samples
Fra:1 Mem:253.83M (Peak 259.32M) | Time:00:00.36 | Rendering 64 / 64 samples
Saved: 'C:\Repos\mmo-asset-pipeline\tmp\art-quality-loop\runs\qa\ro-swordsman-combo-r006\v005-thumb-wrist\transition-0.5\back.png'
Time: 00:00.52 (Saving: 00:00.12)

Fra:1 Mem:253.83M (Peak 253.83M) | Time:00:00.08 | Rendering 1 / 64 samples
Fra:1 Mem:253.83M (Peak 253.83M) | Time:00:00.19 | Rendering 25 / 64 samples
Fra:1 Mem:253.83M (Peak 253.83M) | Time:00:00.31 | Rendering 50 / 64 samples
Fra:1 Mem:253.83M (Peak 253.83M) | Time:00:00.37 | Rendering 64 / 64 samples
Saved: 'C:\Repos\mmo-asset-pipeline\tmp\art-quality-loop\runs\qa\ro-swordsman-combo-r006\v005-thumb-wrist\transition-0.5\wrist.png'
Time: 00:00.53 (Saving: 00:00.13)

Fra:1 Mem:253.83M (Peak 259.32M) | Time:00:00.07 | Rendering 1 / 64 samples
Fra:1 Mem:253.83M (Peak 259.32M) | Time:00:00.18 | Rendering 25 / 64 samples
Fra:1 Mem:253.83M (Peak 259.32M) | Time:00:00.28 | Rendering 50 / 64 samples
Fra:1 Mem:253.83M (Peak 259.32M) | Time:00:00.34 | Rendering 64 / 64 samples
Saved: 'C:\Repos\mmo-asset-pipeline\tmp\art-quality-loop\runs\qa\ro-swordsman-combo-r006\v005-thumb-wrist\transition-0.75\palm.png'
Time: 00:00.49 (Saving: 00:00.12)

Fra:1 Mem:253.83M (Peak 259.32M) | Time:00:00.07 | Rendering 1 / 64 samples
Fra:1 Mem:253.83M (Peak 259.32M) | Time:00:00.18 | Rendering 25 / 64 samples
Fra:1 Mem:253.83M (Peak 259.32M) | Time:00:00.29 | Rendering 50 / 64 samples
Fra:1 Mem:253.83M (Peak 259.32M) | Time:00:00.35 | Rendering 64 / 64 samples
Saved: 'C:\Repos\mmo-asset-pipeline\tmp\art-quality-loop\runs\qa\ro-swordsman-combo-r006\v005-thumb-wrist\transition-0.75\side.png'
Time: 00:00.50 (Saving: 00:00.12)

Fra:1 Mem:253.83M (Peak 259.32M) | Time:00:00.07 | Rendering 1 / 64 samples
Fra:1 Mem:253.83M (Peak 259.32M) | Time:00:00.17 | Rendering 25 / 64 samples
Fra:1 Mem:253.83M (Peak 259.32M) | Time:00:00.28 | Rendering 50 / 64 samples
Fra:1 Mem:253.83M (Peak 259.32M) | Time:00:00.34 | Rendering 64 / 64 samples
Saved: 'C:\Repos\mmo-asset-pipeline\tmp\art-quality-loop\runs\qa\ro-swordsman-combo-r006\v005-thumb-wrist\transition-0.75\back.png'
Time: 00:00.48 (Saving: 00:00.12)

Fra:1 Mem:253.83M (Peak 259.32M) | Time:00:00.08 | Rendering 1 / 64 samples
Fra:1 Mem:253.83M (Peak 259.32M) | Time:00:00.19 | Rendering 25 / 64 samples
Fra:1 Mem:253.83M (Peak 259.32M) | Time:00:00.31 | Rendering 50 / 64 samples
Fra:1 Mem:253.83M (Peak 259.32M) | Time:00:00.38 | Rendering 64 / 64 samples
Saved: 'C:\Repos\mmo-asset-pipeline\tmp\art-quality-loop\runs\qa\ro-swordsman-combo-r006\v005-thumb-wrist\transition-0.75\wrist.png'
Time: 00:00.54 (Saving: 00:00.13)

Fra:1 Mem:253.83M (Peak 259.32M) | Time:00:00.07 | Rendering 1 / 64 samples
Fra:1 Mem:253.83M (Peak 259.32M) | Time:00:00.18 | Rendering 25 / 64 samples
Fra:1 Mem:253.83M (Peak 259.32M) | Time:00:00.28 | Rendering 50 / 64 samples
Fra:1 Mem:253.83M (Peak 259.32M) | Time:00:00.35 | Rendering 64 / 64 samples
Saved: 'C:\Repos\mmo-asset-pipeline\tmp\art-quality-loop\runs\qa\ro-swordsman-combo-r006\v005-thumb-wrist\transition-1\palm.png'
Time: 00:00.50 (Saving: 00:00.12)

Fra:1 Mem:253.83M (Peak 253.83M) | Time:00:00.08 | Rendering 1 / 64 samples
Fra:1 Mem:253.83M (Peak 253.83M) | Time:00:00.18 | Rendering 25 / 64 samples
Fra:1 Mem:253.83M (Peak 253.83M) | Time:00:00.29 | Rendering 50 / 64 samples
Fra:1 Mem:253.83M (Peak 253.83M) | Time:00:00.35 | Rendering 64 / 64 samples
Saved: 'C:\Repos\mmo-asset-pipeline\tmp\art-quality-loop\runs\qa\ro-swordsman-combo-r006\v005-thumb-wrist\transition-1\side.png'
Time: 00:00.50 (Saving: 00:00.12)

Fra:1 Mem:253.83M (Peak 259.32M) | Time:00:00.08 | Rendering 1 / 64 samples
Fra:1 Mem:253.83M (Peak 259.32M) | Time:00:00.18 | Rendering 25 / 64 samples
Fra:1 Mem:253.83M (Peak 259.32M) | Time:00:00.28 | Rendering 50 / 64 samples
Fra:1 Mem:253.83M (Peak 259.32M) | Time:00:00.33 | Rendering 64 / 64 samples
Saved: 'C:\Repos\mmo-asset-pipeline\tmp\art-quality-loop\runs\qa\ro-swordsman-combo-r006\v005-thumb-wrist\transition-1\back.png'
Time: 00:00.48 (Saving: 00:00.12)

Fra:1 Mem:253.83M (Peak 259.32M) | Time:00:00.08 | Rendering 1 / 64 samples
Fra:1 Mem:253.83M (Peak 259.32M) | Time:00:00.19 | Rendering 25 / 64 samples
Fra:1 Mem:253.83M (Peak 259.32M) | Time:00:00.31 | Rendering 50 / 64 samples
Fra:1 Mem:253.83M (Peak 259.32M) | Time:00:00.38 | Rendering 64 / 64 samples
Saved: 'C:\Repos\mmo-asset-pipeline\tmp\art-quality-loop\runs\qa\ro-swordsman-combo-r006\v005-thumb-wrist\transition-1\wrist.png'
Time: 00:00.53 (Saving: 00:00.13)

Fra:1 Mem:253.65M (Peak 259.14M) | Time:00:00.07 | Rendering 1 / 64 samples
Fra:1 Mem:253.65M (Peak 259.14M) | Time:00:00.19 | Rendering 25 / 64 samples
Fra:1 Mem:253.65M (Peak 259.14M) | Time:00:00.31 | Rendering 50 / 64 samples
Fra:1 Mem:253.65M (Peak 259.14M) | Time:00:00.38 | Rendering 64 / 64 samples
Saved: 'C:\Repos\mmo-asset-pipeline\tmp\art-quality-loop\runs\qa\ro-swordsman-combo-r006\v005-thumb-wrist\whole-open\front.png'
Time: 00:00.54 (Saving: 00:00.13)

Fra:1 Mem:253.65M (Peak 259.14M) | Time:00:00.08 | Rendering 1 / 64 samples
Fra:1 Mem:253.65M (Peak 259.14M) | Time:00:00.20 | Rendering 25 / 64 samples
Fra:1 Mem:253.65M (Peak 259.14M) | Time:00:00.32 | Rendering 50 / 64 samples
Fra:1 Mem:253.65M (Peak 259.14M) | Time:00:00.39 | Rendering 64 / 64 samples
Saved: 'C:\Repos\mmo-asset-pipeline\tmp\art-quality-loop\runs\qa\ro-swordsman-combo-r006\v005-thumb-wrist\whole-open\side.png'
Time: 00:00.54 (Saving: 00:00.12)

Fra:1 Mem:253.65M (Peak 253.65M) | Time:00:00.08 | Rendering 1 / 64 samples
Fra:1 Mem:253.65M (Peak 253.65M) | Time:00:00.20 | Rendering 25 / 64 samples
Fra:1 Mem:253.65M (Peak 253.65M) | Time:00:00.32 | Rendering 50 / 64 samples
Fra:1 Mem:253.65M (Peak 253.65M) | Time:00:00.39 | Rendering 64 / 64 samples
Saved: 'C:\Repos\mmo-asset-pipeline\tmp\art-quality-loop\runs\qa\ro-swordsman-combo-r006\v005-thumb-wrist\whole-open\back.png'
Time: 00:00.55 (Saving: 00:00.13)

Fra:1 Mem:253.65M (Peak 259.14M) | Time:00:00.08 | Rendering 1 / 64 samples
Fra:1 Mem:253.65M (Peak 259.14M) | Time:00:00.22 | Rendering 25 / 64 samples
Fra:1 Mem:253.65M (Peak 259.14M) | Time:00:00.35 | Rendering 50 / 64 samples
Fra:1 Mem:253.65M (Peak 259.14M) | Time:00:00.42 | Rendering 64 / 64 samples
Saved: 'C:\Repos\mmo-asset-pipeline\tmp\art-quality-loop\runs\qa\ro-swordsman-combo-r006\v005-thumb-wrist\whole-open\three-quarter.png'
Time: 00:00.58 (Saving: 00:00.13)

Fra:1 Mem:253.65M (Peak 259.14M) | Time:00:00.07 | Rendering 1 / 64 samples
Fra:1 Mem:253.65M (Peak 259.14M) | Time:00:00.16 | Rendering 25 / 64 samples
Fra:1 Mem:253.65M (Peak 259.14M) | Time:00:00.26 | Rendering 50 / 64 samples
Fra:1 Mem:253.65M (Peak 259.14M) | Time:00:00.31 | Rendering 64 / 64 samples
Saved: 'C:\Repos\mmo-asset-pipeline\tmp\art-quality-loop\runs\qa\ro-swordsman-combo-r006\v005-thumb-wrist\whole-open\detail.png'
Time: 00:00.45 (Saving: 00:00.11)

Info: Saved as "ro_thumb_contact_checkpoint.blend"
Info: Saved as "ro_thumb_wrist.blend"
RO_THUMB_WRIST {"trial": "v005", "finished_utc": "2026-10-03T07:07:34.740451+00:00", "thumb_surface_gate_pass": true, "final_surface_gate_pass": true, "pad_contacts": {"finger1": {"vertices": 30, "minimum_gap_m": 0.0001656938111409545, "mean_gap_m": 0.0061315958960525075, "within_2mm": 4}, "finger2": {"vertices": 33, "minimum_gap_m": 0.0012430241331458092, "mean_gap_m": 0.013879313183045297, "within_2mm": 4}, "finger3": {"vertices": 41, "minimum_gap_m": 0.0009332140325568616, "mean_gap_m": 0.016039171953197207, "within_2mm": 5}, "finger4": {"vertices": 34, "minimum_gap_m": 0.0002708745887503028, "mean_gap_m": 0.013006877169519773, "within_2mm": 4}, "thumb": {"vertices": 54, "minimum_gap_m": 0.000901292369235307, "mean_gap_m": 0.021058769315627782, "within_2mm": 4}}, "maximum_penetration_m": 0, "sword_crossings": 0, "cumulative_contact_shape_delta_m": 0.003804178696836872, "max_cuff_source_fitting_delta_m": 0.017256749957654867, "transition_samples": 5, "cuff_armor_transverse_pairs_by_sample": [{"SM_RO_bracer.R": 82, "SM_RO_cuirass": 0}, {"SM_RO_bracer.R": 77, "SM_RO_cuirass": 0}, {"SM_RO_bracer.R": 69, "SM_RO_cuirass": 0}, {"SM_RO_bracer.R": 56, "SM_RO_cuirass": 0}, {"SM_RO_bracer.R": 62, "SM_RO_cuirass": 0}], "whole_triangles": 60543, "whole_budget_pass": false, "full_local_art_acceptance": "pending actual five transition views", "full_animation_accepted": false, "delivered": false, "source_preserved": true, "artifact": {"path": "assets/processed/ro-swordsman-combo-r006/v005-thumb-wrist/ro_thumb_wrist.blend", "sha256": "c516671c3de1ec4af9ac061d7b811916691324ab23e4e9cc58006736057f5111"}}

Blender quit
