Blender 4.5.5 LTS (hash 836beaaf597a built 2025-11-18 01:33:26)
Read blend: "C:\Repos\mmo-asset-pipeline\tmp\art-quality-loop\assets\processed\ro-swordsman-combo-r006\v005-thumb-wrist\ro_thumb_contact_checkpoint.blend"
Fra:1 Mem:254.71M (Peak 269.35M) | Time:00:00.72 | Rendering 1 / 64 samples
Fra:1 Mem:254.71M (Peak 269.35M) | Time:00:00.82 | Rendering 25 / 64 samples
Fra:1 Mem:254.71M (Peak 269.35M) | Time:00:00.91 | Rendering 50 / 64 samples
Fra:1 Mem:254.71M (Peak 269.35M) | Time:00:00.97 | Rendering 64 / 64 samples
Saved: 'C:\Repos\mmo-asset-pipeline\tmp\art-quality-loop\runs\qa\ro-swordsman-combo-r006\v006-wrist-loft-attempt2\transition-0\palm.png'
Time: 00:01.23 (Saving: 00:00.22)

Fra:1 Mem:254.71M (Peak 260.15M) | Time:00:00.08 | Rendering 1 / 64 samples
Fra:1 Mem:254.71M (Peak 260.15M) | Time:00:00.19 | Rendering 25 / 64 samples
Fra:1 Mem:254.71M (Peak 260.15M) | Time:00:00.30 | Rendering 50 / 64 samples
Fra:1 Mem:254.71M (Peak 260.15M) | Time:00:00.37 | Rendering 64 / 64 samples
Saved: 'C:\Repos\mmo-asset-pipeline\tmp\art-quality-loop\runs\qa\ro-swordsman-combo-r006\v006-wrist-loft-attempt2\transition-0\side.png'
Time: 00:00.54 (Saving: 00:00.14)

Fra:1 Mem:254.71M (Peak 254.71M) | Time:00:00.07 | Rendering 1 / 64 samples
Fra:1 Mem:254.71M (Peak 254.71M) | Time:00:00.18 | Rendering 25 / 64 samples
Fra:1 Mem:254.71M (Peak 254.71M) | Time:00:00.29 | Rendering 50 / 64 samples
Fra:1 Mem:254.71M (Peak 254.71M) | Time:00:00.35 | Rendering 64 / 64 samples
Saved: 'C:\Repos\mmo-asset-pipeline\tmp\art-quality-loop\runs\qa\ro-swordsman-combo-r006\v006-wrist-loft-attempt2\transition-0\back.png'
Time: 00:00.50 (Saving: 00:00.12)

Fra:1 Mem:254.71M (Peak 260.15M) | Time:00:00.08 | Rendering 1 / 64 samples
Fra:1 Mem:254.71M (Peak 260.15M) | Time:00:00.19 | Rendering 25 / 64 samples
Fra:1 Mem:254.71M (Peak 260.15M) | Time:00:00.30 | Rendering 50 / 64 samples
Fra:1 Mem:254.71M (Peak 260.15M) | Time:00:00.37 | Rendering 64 / 64 samples
Saved: 'C:\Repos\mmo-asset-pipeline\tmp\art-quality-loop\runs\qa\ro-swordsman-combo-r006\v006-wrist-loft-attempt2\transition-0\wrist.png'
Time: 00:00.52 (Saving: 00:00.13)

Fra:1 Mem:254.71M (Peak 260.15M) | Time:00:00.08 | Rendering 1 / 64 samples
Fra:1 Mem:254.71M (Peak 260.15M) | Time:00:00.18 | Rendering 25 / 64 samples
Fra:1 Mem:254.71M (Peak 260.15M) | Time:00:00.30 | Rendering 50 / 64 samples
Fra:1 Mem:254.71M (Peak 260.15M) | Time:00:00.36 | Rendering 64 / 64 samples
Saved: 'C:\Repos\mmo-asset-pipeline\tmp\art-quality-loop\runs\qa\ro-swordsman-combo-r006\v006-wrist-loft-attempt2\transition-0.25\palm.png'
Time: 00:00.51 (Saving: 00:00.12)

Fra:1 Mem:254.71M (Peak 260.15M) | Time:00:00.07 | Rendering 1 / 64 samples
Fra:1 Mem:254.71M (Peak 260.15M) | Time:00:00.19 | Rendering 25 / 64 samples
Fra:1 Mem:254.71M (Peak 260.15M) | Time:00:00.30 | Rendering 50 / 64 samples
Fra:1 Mem:254.71M (Peak 260.15M) | Time:00:00.37 | Rendering 64 / 64 samples
Saved: 'C:\Repos\mmo-asset-pipeline\tmp\art-quality-loop\runs\qa\ro-swordsman-combo-r006\v006-wrist-loft-attempt2\transition-0.25\side.png'
Time: 00:00.52 (Saving: 00:00.13)

Fra:1 Mem:254.71M (Peak 254.71M) | Time:00:00.08 | Rendering 1 / 64 samples
Fra:1 Mem:254.71M (Peak 254.71M) | Time:00:00.18 | Rendering 25 / 64 samples
Fra:1 Mem:254.71M (Peak 254.71M) | Time:00:00.29 | Rendering 50 / 64 samples
Fra:1 Mem:254.71M (Peak 254.71M) | Time:00:00.35 | Rendering 64 / 64 samples
Saved: 'C:\Repos\mmo-asset-pipeline\tmp\art-quality-loop\runs\qa\ro-swordsman-combo-r006\v006-wrist-loft-attempt2\transition-0.25\back.png'
Time: 00:00.50 (Saving: 00:00.11)

Fra:1 Mem:254.71M (Peak 260.15M) | Time:00:00.07 | Rendering 1 / 64 samples
Fra:1 Mem:254.71M (Peak 260.15M) | Time:00:00.19 | Rendering 25 / 64 samples
Fra:1 Mem:254.71M (Peak 260.15M) | Time:00:00.31 | Rendering 50 / 64 samples
Fra:1 Mem:254.71M (Peak 260.15M) | Time:00:00.37 | Rendering 64 / 64 samples
Saved: 'C:\Repos\mmo-asset-pipeline\tmp\art-quality-loop\runs\qa\ro-swordsman-combo-r006\v006-wrist-loft-attempt2\transition-0.25\wrist.png'
Time: 00:00.56 (Saving: 00:00.13)

Fra:1 Mem:254.71M (Peak 260.15M) | Time:00:00.07 | Rendering 1 / 64 samples
Fra:1 Mem:254.71M (Peak 260.15M) | Time:00:00.18 | Rendering 25 / 64 samples
Fra:1 Mem:254.71M (Peak 260.15M) | Time:00:00.29 | Rendering 50 / 64 samples
Fra:1 Mem:254.71M (Peak 260.15M) | Time:00:00.35 | Rendering 64 / 64 samples
Saved: 'C:\Repos\mmo-asset-pipeline\tmp\art-quality-loop\runs\qa\ro-swordsman-combo-r006\v006-wrist-loft-attempt2\transition-0.5\palm.png'
Time: 00:00.50 (Saving: 00:00.12)

Fra:1 Mem:254.71M (Peak 260.15M) | Time:00:00.08 | Rendering 1 / 64 samples
Fra:1 Mem:254.71M (Peak 260.15M) | Time:00:00.19 | Rendering 25 / 64 samples
Fra:1 Mem:254.71M (Peak 260.15M) | Time:00:00.30 | Rendering 50 / 64 samples
Fra:1 Mem:254.71M (Peak 260.15M) | Time:00:00.36 | Rendering 64 / 64 samples
Saved: 'C:\Repos\mmo-asset-pipeline\tmp\art-quality-loop\runs\qa\ro-swordsman-combo-r006\v006-wrist-loft-attempt2\transition-0.5\side.png'
Time: 00:00.51 (Saving: 00:00.12)

Fra:1 Mem:254.71M (Peak 260.15M) | Time:00:00.07 | Rendering 1 / 64 samples
Fra:1 Mem:254.71M (Peak 260.15M) | Time:00:00.18 | Rendering 25 / 64 samples
Fra:1 Mem:254.71M (Peak 260.15M) | Time:00:00.29 | Rendering 50 / 64 samples
Fra:1 Mem:254.71M (Peak 260.15M) | Time:00:00.35 | Rendering 64 / 64 samples
Saved: 'C:\Repos\mmo-asset-pipeline\tmp\art-quality-loop\runs\qa\ro-swordsman-combo-r006\v006-wrist-loft-attempt2\transition-0.5\back.png'
Time: 00:00.50 (Saving: 00:00.12)

Fra:1 Mem:254.71M (Peak 260.15M) | Time:00:00.08 | Rendering 1 / 64 samples
Fra:1 Mem:254.71M (Peak 260.15M) | Time:00:00.19 | Rendering 25 / 64 samples
Fra:1 Mem:254.71M (Peak 260.15M) | Time:00:00.35 | Rendering 50 / 64 samples
Fra:1 Mem:254.71M (Peak 260.15M) | Time:00:00.41 | Rendering 64 / 64 samples
Saved: 'C:\Repos\mmo-asset-pipeline\tmp\art-quality-loop\runs\qa\ro-swordsman-combo-r006\v006-wrist-loft-attempt2\transition-0.5\wrist.png'
Time: 00:00.57 (Saving: 00:00.12)

Fra:1 Mem:254.71M (Peak 254.71M) | Time:00:00.08 | Rendering 1 / 64 samples
Fra:1 Mem:254.71M (Peak 254.71M) | Time:00:00.18 | Rendering 25 / 64 samples
Fra:1 Mem:254.71M (Peak 254.71M) | Time:00:00.28 | Rendering 50 / 64 samples
Fra:1 Mem:254.71M (Peak 254.71M) | Time:00:00.34 | Rendering 64 / 64 samples
Saved: 'C:\Repos\mmo-asset-pipeline\tmp\art-quality-loop\runs\qa\ro-swordsman-combo-r006\v006-wrist-loft-attempt2\transition-0.75\palm.png'
Time: 00:00.49 (Saving: 00:00.12)

Fra:1 Mem:254.71M (Peak 260.15M) | Time:00:00.07 | Rendering 1 / 64 samples
Fra:1 Mem:254.71M (Peak 260.15M) | Time:00:00.18 | Rendering 25 / 64 samples
Fra:1 Mem:254.71M (Peak 260.15M) | Time:00:00.29 | Rendering 50 / 64 samples
Fra:1 Mem:254.71M (Peak 260.15M) | Time:00:00.35 | Rendering 64 / 64 samples
Saved: 'C:\Repos\mmo-asset-pipeline\tmp\art-quality-loop\runs\qa\ro-swordsman-combo-r006\v006-wrist-loft-attempt2\transition-0.75\side.png'
Time: 00:00.50 (Saving: 00:00.12)

Fra:1 Mem:254.71M (Peak 254.71M) | Time:00:00.07 | Rendering 1 / 64 samples
Fra:1 Mem:254.71M (Peak 254.71M) | Time:00:00.18 | Rendering 25 / 64 samples
Fra:1 Mem:254.71M (Peak 254.71M) | Time:00:00.28 | Rendering 50 / 64 samples
Fra:1 Mem:254.71M (Peak 254.71M) | Time:00:00.34 | Rendering 64 / 64 samples
Saved: 'C:\Repos\mmo-asset-pipeline\tmp\art-quality-loop\runs\qa\ro-swordsman-combo-r006\v006-wrist-loft-attempt2\transition-0.75\back.png'
Time: 00:00.49 (Saving: 00:00.12)

Fra:1 Mem:254.71M (Peak 260.15M) | Time:00:00.08 | Rendering 1 / 64 samples
Fra:1 Mem:254.71M (Peak 260.15M) | Time:00:00.19 | Rendering 25 / 64 samples
Fra:1 Mem:254.71M (Peak 260.15M) | Time:00:00.31 | Rendering 50 / 64 samples
Fra:1 Mem:254.71M (Peak 260.15M) | Time:00:00.38 | Rendering 64 / 64 samples
Saved: 'C:\Repos\mmo-asset-pipeline\tmp\art-quality-loop\runs\qa\ro-swordsman-combo-r006\v006-wrist-loft-attempt2\transition-0.75\wrist.png'
Time: 00:00.53 (Saving: 00:00.13)

Fra:1 Mem:254.71M (Peak 260.15M) | Time:00:00.07 | Rendering 1 / 64 samples
Fra:1 Mem:254.71M (Peak 260.15M) | Time:00:00.18 | Rendering 25 / 64 samples
Fra:1 Mem:254.71M (Peak 260.15M) | Time:00:00.28 | Rendering 50 / 64 samples
Fra:1 Mem:254.71M (Peak 260.15M) | Time:00:00.34 | Rendering 64 / 64 samples
Saved: 'C:\Repos\mmo-asset-pipeline\tmp\art-quality-loop\runs\qa\ro-swordsman-combo-r006\v006-wrist-loft-attempt2\transition-1\palm.png'
Time: 00:00.49 (Saving: 00:00.12)

Fra:1 Mem:254.71M (Peak 260.15M) | Time:00:00.11 | Rendering 1 / 64 samples
Fra:1 Mem:254.71M (Peak 260.15M) | Time:00:00.21 | Rendering 25 / 64 samples
Fra:1 Mem:254.71M (Peak 260.15M) | Time:00:00.32 | Rendering 50 / 64 samples
Fra:1 Mem:254.71M (Peak 260.15M) | Time:00:00.39 | Rendering 64 / 64 samples
Saved: 'C:\Repos\mmo-asset-pipeline\tmp\art-quality-loop\runs\qa\ro-swordsman-combo-r006\v006-wrist-loft-attempt2\transition-1\side.png'
Time: 00:00.53 (Saving: 00:00.12)

Fra:1 Mem:254.71M (Peak 260.15M) | Time:00:00.07 | Rendering 1 / 64 samples
Fra:1 Mem:254.71M (Peak 260.15M) | Time:00:00.17 | Rendering 25 / 64 samples
Fra:1 Mem:254.71M (Peak 260.15M) | Time:00:00.27 | Rendering 50 / 64 samples
Fra:1 Mem:254.71M (Peak 260.15M) | Time:00:00.33 | Rendering 64 / 64 samples
Saved: 'C:\Repos\mmo-asset-pipeline\tmp\art-quality-loop\runs\qa\ro-swordsman-combo-r006\v006-wrist-loft-attempt2\transition-1\back.png'
Time: 00:00.48 (Saving: 00:00.12)

Fra:1 Mem:254.71M (Peak 260.15M) | Time:00:00.08 | Rendering 1 / 64 samples
Fra:1 Mem:254.71M (Peak 260.15M) | Time:00:00.19 | Rendering 25 / 64 samples
Fra:1 Mem:254.71M (Peak 260.15M) | Time:00:00.31 | Rendering 50 / 64 samples
Fra:1 Mem:254.71M (Peak 260.15M) | Time:00:00.37 | Rendering 64 / 64 samples
Saved: 'C:\Repos\mmo-asset-pipeline\tmp\art-quality-loop\runs\qa\ro-swordsman-combo-r006\v006-wrist-loft-attempt2\transition-1\wrist.png'
Time: 00:00.53 (Saving: 00:00.13)

Fra:1 Mem:254.48M (Peak 259.92M) | Time:00:00.08 | Rendering 1 / 64 samples
Fra:1 Mem:254.48M (Peak 259.92M) | Time:00:00.19 | Rendering 25 / 64 samples
Fra:1 Mem:254.48M (Peak 259.92M) | Time:00:00.31 | Rendering 50 / 64 samples
Fra:1 Mem:254.48M (Peak 259.92M) | Time:00:00.38 | Rendering 64 / 64 samples
Saved: 'C:\Repos\mmo-asset-pipeline\tmp\art-quality-loop\runs\qa\ro-swordsman-combo-r006\v006-wrist-loft-attempt2\whole-open\front.png'
Time: 00:00.53 (Saving: 00:00.12)

Fra:1 Mem:254.48M (Peak 254.48M) | Time:00:00.08 | Rendering 1 / 64 samples
Fra:1 Mem:254.48M (Peak 254.48M) | Time:00:00.19 | Rendering 25 / 64 samples
Fra:1 Mem:254.48M (Peak 254.48M) | Time:00:00.31 | Rendering 50 / 64 samples
Fra:1 Mem:254.48M (Peak 254.48M) | Time:00:00.38 | Rendering 64 / 64 samples
Saved: 'C:\Repos\mmo-asset-pipeline\tmp\art-quality-loop\runs\qa\ro-swordsman-combo-r006\v006-wrist-loft-attempt2\whole-open\side.png'
Time: 00:00.52 (Saving: 00:00.11)

Fra:1 Mem:254.48M (Peak 259.92M) | Time:00:00.08 | Rendering 1 / 64 samples
Fra:1 Mem:254.48M (Peak 259.92M) | Time:00:00.19 | Rendering 25 / 64 samples
Fra:1 Mem:254.48M (Peak 259.92M) | Time:00:00.31 | Rendering 50 / 64 samples
Fra:1 Mem:254.48M (Peak 259.92M) | Time:00:00.38 | Rendering 64 / 64 samples
Saved: 'C:\Repos\mmo-asset-pipeline\tmp\art-quality-loop\runs\qa\ro-swordsman-combo-r006\v006-wrist-loft-attempt2\whole-open\back.png'
Time: 00:00.54 (Saving: 00:00.13)

Fra:1 Mem:254.48M (Peak 259.92M) | Time:00:00.08 | Rendering 1 / 64 samples
Fra:1 Mem:254.48M (Peak 259.92M) | Time:00:00.20 | Rendering 25 / 64 samples
Fra:1 Mem:254.48M (Peak 259.92M) | Time:00:00.33 | Rendering 50 / 64 samples
Fra:1 Mem:254.48M (Peak 259.92M) | Time:00:00.40 | Rendering 64 / 64 samples
Saved: 'C:\Repos\mmo-asset-pipeline\tmp\art-quality-loop\runs\qa\ro-swordsman-combo-r006\v006-wrist-loft-attempt2\whole-open\three-quarter.png'
Time: 00:00.54 (Saving: 00:00.11)

Fra:1 Mem:254.48M (Peak 259.92M) | Time:00:00.07 | Rendering 1 / 64 samples
Fra:1 Mem:254.48M (Peak 259.92M) | Time:00:00.16 | Rendering 25 / 64 samples
Fra:1 Mem:254.48M (Peak 259.92M) | Time:00:00.25 | Rendering 50 / 64 samples
Fra:1 Mem:254.48M (Peak 259.92M) | Time:00:00.30 | Rendering 64 / 64 samples
Saved: 'C:\Repos\mmo-asset-pipeline\tmp\art-quality-loop\runs\qa\ro-swordsman-combo-r006\v006-wrist-loft-attempt2\whole-open\detail.png'
Time: 00:00.45 (Saving: 00:00.12)

Info: Saved as "ro_wrist_loft_checkpoint.blend"
Info: Saved as "ro_wrist_loft.blend"
RO_WRIST_LOFT {"trial": "v006", "finished_utc": "2026-10-03T07:28:42.956552+00:00", "source_preserved": true, "surface_gate_pass": true, "pad_contacts": {"finger1": {"vertices": 30, "minimum_gap_m": 0.0001656938111409545, "mean_gap_m": 0.0061315958960525075, "within_2mm": 4}, "finger2": {"vertices": 33, "minimum_gap_m": 0.0012430241331458092, "mean_gap_m": 0.013879313183045297, "within_2mm": 4}, "finger3": {"vertices": 41, "minimum_gap_m": 0.0009332140325568616, "mean_gap_m": 0.016039171953197207, "within_2mm": 5}, "finger4": {"vertices": 34, "minimum_gap_m": 0.0002708745887503028, "mean_gap_m": 0.013006877169519773, "within_2mm": 4}, "thumb": {"vertices": 54, "minimum_gap_m": 0.000901292369235307, "mean_gap_m": 0.021058769315627782, "within_2mm": 4}}, "maximum_penetration_m": 0, "sword_crossings": 0, "transition_samples": 5, "seams_max_m": 0.0, "armor_crossing_pairs_by_sample": [{"SM_RO_glove.R": 0, "SM_RO_WristLoft.R": 0, "SM_RO_core": 329}, {"SM_RO_glove.R": 0, "SM_RO_WristLoft.R": 0, "SM_RO_core": 324}, {"SM_RO_glove.R": 0, "SM_RO_WristLoft.R": 0, "SM_RO_core": 331}, {"SM_RO_glove.R": 0, "SM_RO_WristLoft.R": 0, "SM_RO_core": 333}, {"SM_RO_glove.R": 0, "SM_RO_WristLoft.R": 0, "SM_RO_core": 359}], "whole_triangles": 60386, "whole_budget_pass": false, "art_acceptance": "pending actual fixed views", "full_animation_accepted": false, "delivered": false, "artifact": {"path": "assets/processed/ro-swordsman-combo-r006/v006-wrist-loft-attempt2/ro_wrist_loft.blend", "sha256": "0bf9ef887dedf298d9fda4f8a809ca58d1d883c391c9dac2c656c2a3cfc09719"}}

Blender quit
