Blender 4.5.5 LTS (hash 836beaaf597a built 2025-11-18 01:33:26)
Read blend: "C:\Repos\mmo-asset-pipeline\tmp\art-quality-loop\assets\processed\ro-swordsman-combo-r006\v005-thumb-wrist\ro_thumb_contact_checkpoint.blend"
Read blend: "C:\Repos\mmo-asset-pipeline\tmp\art-quality-loop\assets\processed\ro-swordsman-combo-r006\v006-wrist-loft-attempt2\ro_wrist_loft.blend"
Fra:1 Mem:149.57M (Peak 163.70M) | Time:00:00.64 | Rendering 1 / 64 samples
Fra:1 Mem:149.57M (Peak 163.70M) | Time:00:00.68 | Rendering 25 / 64 samples
Fra:1 Mem:149.57M (Peak 163.70M) | Time:00:00.72 | Rendering 50 / 64 samples
Fra:1 Mem:149.57M (Peak 163.70M) | Time:00:00.74 | Rendering 64 / 64 samples
Saved: 'C:\Repos\mmo-asset-pipeline\tmp\art-quality-loop\runs\qa\ro-swordsman-combo-r006\v006-underlay-diagnosis\rest-core\front.png'
Time: 00:00.97 (Saving: 00:00.20)

Fra:1 Mem:149.56M (Peak 149.56M) | Time:00:00.04 | Rendering 1 / 64 samples
Fra:1 Mem:149.56M (Peak 149.56M) | Time:00:00.12 | Rendering 25 / 64 samples
Fra:1 Mem:149.56M (Peak 149.56M) | Time:00:00.21 | Rendering 50 / 64 samples
Fra:1 Mem:149.56M (Peak 149.56M) | Time:00:00.25 | Rendering 64 / 64 samples
Saved: 'C:\Repos\mmo-asset-pipeline\tmp\art-quality-loop\runs\qa\ro-swordsman-combo-r006\v006-underlay-diagnosis\rest-core\side.png'
Time: 00:00.39 (Saving: 00:00.11)

Fra:1 Mem:149.56M (Peak 149.56M) | Time:00:00.04 | Rendering 1 / 64 samples
Fra:1 Mem:149.56M (Peak 149.56M) | Time:00:00.09 | Rendering 25 / 64 samples
Fra:1 Mem:149.56M (Peak 149.56M) | Time:00:00.14 | Rendering 50 / 64 samples
Fra:1 Mem:149.56M (Peak 149.56M) | Time:00:00.16 | Rendering 64 / 64 samples
Saved: 'C:\Repos\mmo-asset-pipeline\tmp\art-quality-loop\runs\qa\ro-swordsman-combo-r006\v006-underlay-diagnosis\rest-core\back.png'
Time: 00:00.28 (Saving: 00:00.09)

Fra:1 Mem:195.99M (Peak 212.07M) | Time:00:00.10 | Rendering 1 / 64 samples
Fra:1 Mem:195.99M (Peak 212.07M) | Time:00:00.15 | Rendering 25 / 64 samples
Fra:1 Mem:195.99M (Peak 212.07M) | Time:00:00.19 | Rendering 50 / 64 samples
Fra:1 Mem:195.99M (Peak 212.07M) | Time:00:00.22 | Rendering 64 / 64 samples
Saved: 'C:\Repos\mmo-asset-pipeline\tmp\art-quality-loop\runs\qa\ro-swordsman-combo-r006\v006-underlay-diagnosis\rest-bracer\front.png'
Time: 00:00.34 (Saving: 00:00.08)

Fra:1 Mem:195.99M (Peak 195.99M) | Time:00:00.04 | Rendering 1 / 64 samples
Fra:1 Mem:195.99M (Peak 195.99M) | Time:00:00.08 | Rendering 25 / 64 samples
Fra:1 Mem:195.99M (Peak 195.99M) | Time:00:00.13 | Rendering 50 / 64 samples
Fra:1 Mem:195.99M (Peak 195.99M) | Time:00:00.16 | Rendering 64 / 64 samples
Saved: 'C:\Repos\mmo-asset-pipeline\tmp\art-quality-loop\runs\qa\ro-swordsman-combo-r006\v006-underlay-diagnosis\rest-bracer\side.png'
Time: 00:00.27 (Saving: 00:00.09)

Fra:1 Mem:195.99M (Peak 195.99M) | Time:00:00.04 | Rendering 1 / 64 samples
Fra:1 Mem:195.99M (Peak 195.99M) | Time:00:00.08 | Rendering 25 / 64 samples
Fra:1 Mem:195.99M (Peak 195.99M) | Time:00:00.12 | Rendering 50 / 64 samples
Fra:1 Mem:195.99M (Peak 195.99M) | Time:00:00.15 | Rendering 64 / 64 samples
Saved: 'C:\Repos\mmo-asset-pipeline\tmp\art-quality-loop\runs\qa\ro-swordsman-combo-r006\v006-underlay-diagnosis\rest-bracer\back.png'
Time: 00:00.26 (Saving: 00:00.08)

Fra:1 Mem:197.56M (Peak 197.56M) | Time:00:00.04 | Rendering 1 / 64 samples
Fra:1 Mem:197.56M (Peak 197.56M) | Time:00:00.12 | Rendering 25 / 64 samples
Fra:1 Mem:197.56M (Peak 197.56M) | Time:00:00.20 | Rendering 50 / 64 samples
Fra:1 Mem:197.56M (Peak 197.56M) | Time:00:00.25 | Rendering 64 / 64 samples
Saved: 'C:\Repos\mmo-asset-pipeline\tmp\art-quality-loop\runs\qa\ro-swordsman-combo-r006\v006-underlay-diagnosis\grip-core\front.png'
Time: 00:00.39 (Saving: 00:00.11)

Fra:1 Mem:197.56M (Peak 197.56M) | Time:00:00.05 | Rendering 1 / 64 samples
Fra:1 Mem:197.56M (Peak 197.56M) | Time:00:00.11 | Rendering 25 / 64 samples
Fra:1 Mem:197.56M (Peak 197.56M) | Time:00:00.17 | Rendering 50 / 64 samples
Fra:1 Mem:197.56M (Peak 197.56M) | Time:00:00.21 | Rendering 64 / 64 samples
Saved: 'C:\Repos\mmo-asset-pipeline\tmp\art-quality-loop\runs\qa\ro-swordsman-combo-r006\v006-underlay-diagnosis\grip-core\side.png'
Time: 00:00.34 (Saving: 00:00.10)

Fra:1 Mem:197.56M (Peak 198.83M) | Time:00:00.04 | Rendering 1 / 64 samples
Fra:1 Mem:197.56M (Peak 198.83M) | Time:00:00.12 | Rendering 25 / 64 samples
Fra:1 Mem:197.56M (Peak 198.83M) | Time:00:00.20 | Rendering 50 / 64 samples
Fra:1 Mem:197.56M (Peak 198.83M) | Time:00:00.25 | Rendering 64 / 64 samples
Saved: 'C:\Repos\mmo-asset-pipeline\tmp\art-quality-loop\runs\qa\ro-swordsman-combo-r006\v006-underlay-diagnosis\grip-core\back.png'
Time: 00:00.38 (Saving: 00:00.11)

Fra:1 Mem:195.90M (Peak 195.90M) | Time:00:00.03 | Rendering 1 / 64 samples
Fra:1 Mem:195.90M (Peak 195.90M) | Time:00:00.08 | Rendering 25 / 64 samples
Fra:1 Mem:195.90M (Peak 195.90M) | Time:00:00.12 | Rendering 50 / 64 samples
Fra:1 Mem:195.90M (Peak 195.90M) | Time:00:00.15 | Rendering 64 / 64 samples
Saved: 'C:\Repos\mmo-asset-pipeline\tmp\art-quality-loop\runs\qa\ro-swordsman-combo-r006\v006-underlay-diagnosis\grip-bracer\front.png'
Time: 00:00.26 (Saving: 00:00.08)

Fra:1 Mem:195.90M (Peak 195.90M) | Time:00:00.04 | Rendering 1 / 64 samples
Fra:1 Mem:195.90M (Peak 195.90M) | Time:00:00.08 | Rendering 25 / 64 samples
Fra:1 Mem:195.90M (Peak 195.90M) | Time:00:00.13 | Rendering 50 / 64 samples
Fra:1 Mem:195.90M (Peak 195.90M) | Time:00:00.15 | Rendering 64 / 64 samples
Saved: 'C:\Repos\mmo-asset-pipeline\tmp\art-quality-loop\runs\qa\ro-swordsman-combo-r006\v006-underlay-diagnosis\grip-bracer\side.png'
Time: 00:00.26 (Saving: 00:00.08)

Fra:1 Mem:195.90M (Peak 195.90M) | Time:00:00.04 | Rendering 1 / 64 samples
Fra:1 Mem:195.90M (Peak 195.90M) | Time:00:00.08 | Rendering 25 / 64 samples
Fra:1 Mem:195.90M (Peak 195.90M) | Time:00:00.13 | Rendering 50 / 64 samples
Fra:1 Mem:195.90M (Peak 195.90M) | Time:00:00.15 | Rendering 64 / 64 samples
Saved: 'C:\Repos\mmo-asset-pipeline\tmp\art-quality-loop\runs\qa\ro-swordsman-combo-r006\v006-underlay-diagnosis\grip-bracer\back.png'
Time: 00:00.26 (Saving: 00:00.08)

{"subject_sha256": "0bf9ef887dedf298d9fda4f8a809ca58d1d883c391c9dac2c656c2a3cfc09719", "old_source_sha256": "aaae165fa381e81d8dbe5bfd1df9e18fb930341249f14bdc4b381ca7e527cb9b", "protected_vertices_tested": 915, "protected_triangles_uv_tested": 1780, "uv_errors": [], "basis_or_contact_shape_errors": [], "weight_errors": [], "protected_readback_pass": true, "diagnostic_only": true}
[{"name": "SM_RO_core", "selection": 133, "bounds": [-0.22488965466618538, -0.025151547910354566, 0.02929322901777903, 0.0790396727143851]}, {"name": "SM_RO_bracer.R", "selection": 1396, "bounds": [-0.22459692135453224, -0.05199997313320637, 0.002284378474113908, 0.06586519685332193]}]

Blender quit
