Blender 4.5.5 LTS (hash 836beaaf597a built 2025-11-18 01:33:26)
Read blend: "C:\Repos\mmo-asset-pipeline\tmp\art-quality-loop\assets\processed\ro-swordsman-combo-r006\v006-wrist-loft-attempt2\ro_wrist_loft.blend"
Fra:1 Mem:291.64M (Peak 306.21M) | Time:00:01.18 | Rendering 1 / 64 samples
Fra:1 Mem:291.64M (Peak 306.21M) | Time:00:01.28 | Rendering 25 / 64 samples
Fra:1 Mem:291.64M (Peak 306.21M) | Time:00:01.38 | Rendering 50 / 64 samples
Fra:1 Mem:291.64M (Peak 306.21M) | Time:00:01.44 | Rendering 64 / 64 samples
Saved: 'C:\Repos\mmo-asset-pipeline\tmp\art-quality-loop\runs\qa\ro-swordsman-combo-r006\v007-underlay\transition-0\palm.png'
Time: 00:01.72 (Saving: 00:00.24)

Fra:1 Mem:291.64M (Peak 296.79M) | Time:00:00.08 | Rendering 1 / 64 samples
Fra:1 Mem:291.64M (Peak 296.79M) | Time:00:00.19 | Rendering 25 / 64 samples
Fra:1 Mem:291.64M (Peak 296.79M) | Time:00:00.32 | Rendering 50 / 64 samples
Fra:1 Mem:291.64M (Peak 296.79M) | Time:00:00.39 | Rendering 64 / 64 samples
Saved: 'C:\Repos\mmo-asset-pipeline\tmp\art-quality-loop\runs\qa\ro-swordsman-combo-r006\v007-underlay\transition-0\side.png'
Time: 00:00.57 (Saving: 00:00.14)

Fra:1 Mem:291.64M (Peak 296.79M) | Time:00:00.08 | Rendering 1 / 64 samples
Fra:1 Mem:291.64M (Peak 296.79M) | Time:00:00.19 | Rendering 25 / 64 samples
Fra:1 Mem:291.64M (Peak 296.79M) | Time:00:00.30 | Rendering 50 / 64 samples
Fra:1 Mem:291.64M (Peak 296.79M) | Time:00:00.36 | Rendering 64 / 64 samples
Saved: 'C:\Repos\mmo-asset-pipeline\tmp\art-quality-loop\runs\qa\ro-swordsman-combo-r006\v007-underlay\transition-0\back.png'
Time: 00:00.51 (Saving: 00:00.11)

Fra:1 Mem:291.64M (Peak 296.79M) | Time:00:00.07 | Rendering 1 / 64 samples
Fra:1 Mem:291.64M (Peak 296.79M) | Time:00:00.18 | Rendering 25 / 64 samples
Fra:1 Mem:291.64M (Peak 296.79M) | Time:00:00.30 | Rendering 50 / 64 samples
Fra:1 Mem:291.64M (Peak 296.79M) | Time:00:00.37 | Rendering 64 / 64 samples
Saved: 'C:\Repos\mmo-asset-pipeline\tmp\art-quality-loop\runs\qa\ro-swordsman-combo-r006\v007-underlay\transition-0\wrist.png'
Time: 00:00.53 (Saving: 00:00.13)

Fra:1 Mem:291.64M (Peak 296.79M) | Time:00:00.07 | Rendering 1 / 64 samples
Fra:1 Mem:291.64M (Peak 296.79M) | Time:00:00.18 | Rendering 25 / 64 samples
Fra:1 Mem:291.64M (Peak 296.79M) | Time:00:00.29 | Rendering 50 / 64 samples
Fra:1 Mem:291.64M (Peak 296.79M) | Time:00:00.35 | Rendering 64 / 64 samples
Saved: 'C:\Repos\mmo-asset-pipeline\tmp\art-quality-loop\runs\qa\ro-swordsman-combo-r006\v007-underlay\transition-0.25\palm.png'
Time: 00:00.50 (Saving: 00:00.12)

Fra:1 Mem:291.64M (Peak 291.64M) | Time:00:00.10 | Rendering 1 / 64 samples
Fra:1 Mem:291.64M (Peak 291.64M) | Time:00:00.22 | Rendering 25 / 64 samples
Fra:1 Mem:291.64M (Peak 291.64M) | Time:00:00.33 | Rendering 50 / 64 samples
Fra:1 Mem:291.64M (Peak 291.64M) | Time:00:00.40 | Rendering 64 / 64 samples
Saved: 'C:\Repos\mmo-asset-pipeline\tmp\art-quality-loop\runs\qa\ro-swordsman-combo-r006\v007-underlay\transition-0.25\side.png'
Time: 00:00.55 (Saving: 00:00.12)

Fra:1 Mem:291.64M (Peak 291.64M) | Time:00:00.07 | Rendering 1 / 64 samples
Fra:1 Mem:291.64M (Peak 291.64M) | Time:00:00.18 | Rendering 25 / 64 samples
Fra:1 Mem:291.64M (Peak 291.64M) | Time:00:00.29 | Rendering 50 / 64 samples
Fra:1 Mem:291.64M (Peak 291.64M) | Time:00:00.35 | Rendering 64 / 64 samples
Saved: 'C:\Repos\mmo-asset-pipeline\tmp\art-quality-loop\runs\qa\ro-swordsman-combo-r006\v007-underlay\transition-0.25\back.png'
Time: 00:00.50 (Saving: 00:00.12)

Fra:1 Mem:291.64M (Peak 296.79M) | Time:00:00.07 | Rendering 1 / 64 samples
Fra:1 Mem:291.64M (Peak 296.79M) | Time:00:00.19 | Rendering 25 / 64 samples
Fra:1 Mem:291.64M (Peak 296.79M) | Time:00:00.31 | Rendering 50 / 64 samples
Fra:1 Mem:291.64M (Peak 296.79M) | Time:00:00.38 | Rendering 64 / 64 samples
Saved: 'C:\Repos\mmo-asset-pipeline\tmp\art-quality-loop\runs\qa\ro-swordsman-combo-r006\v007-underlay\transition-0.25\wrist.png'
Time: 00:00.54 (Saving: 00:00.13)

Fra:1 Mem:291.64M (Peak 291.64M) | Time:00:00.07 | Rendering 1 / 64 samples
Fra:1 Mem:291.64M (Peak 291.64M) | Time:00:00.18 | Rendering 25 / 64 samples
Fra:1 Mem:291.64M (Peak 291.64M) | Time:00:00.29 | Rendering 50 / 64 samples
Fra:1 Mem:291.64M (Peak 291.64M) | Time:00:00.35 | Rendering 64 / 64 samples
Saved: 'C:\Repos\mmo-asset-pipeline\tmp\art-quality-loop\runs\qa\ro-swordsman-combo-r006\v007-underlay\transition-0.5\palm.png'
Time: 00:00.50 (Saving: 00:00.12)

Fra:1 Mem:291.64M (Peak 296.79M) | Time:00:00.07 | Rendering 1 / 64 samples
Fra:1 Mem:291.64M (Peak 296.79M) | Time:00:00.18 | Rendering 25 / 64 samples
Fra:1 Mem:291.64M (Peak 296.79M) | Time:00:00.30 | Rendering 50 / 64 samples
Fra:1 Mem:291.64M (Peak 296.79M) | Time:00:00.36 | Rendering 64 / 64 samples
Saved: 'C:\Repos\mmo-asset-pipeline\tmp\art-quality-loop\runs\qa\ro-swordsman-combo-r006\v007-underlay\transition-0.5\side.png'
Time: 00:00.52 (Saving: 00:00.12)

Fra:1 Mem:291.64M (Peak 296.79M) | Time:00:00.07 | Rendering 1 / 64 samples
Fra:1 Mem:291.64M (Peak 296.79M) | Time:00:00.18 | Rendering 25 / 64 samples
Fra:1 Mem:291.64M (Peak 296.79M) | Time:00:00.29 | Rendering 50 / 64 samples
Fra:1 Mem:291.64M (Peak 296.79M) | Time:00:00.35 | Rendering 64 / 64 samples
Saved: 'C:\Repos\mmo-asset-pipeline\tmp\art-quality-loop\runs\qa\ro-swordsman-combo-r006\v007-underlay\transition-0.5\back.png'
Time: 00:00.50 (Saving: 00:00.12)

Fra:1 Mem:291.64M (Peak 291.64M) | Time:00:00.08 | Rendering 1 / 64 samples
Fra:1 Mem:291.64M (Peak 291.64M) | Time:00:00.19 | Rendering 25 / 64 samples
Fra:1 Mem:291.64M (Peak 291.64M) | Time:00:00.31 | Rendering 50 / 64 samples
Fra:1 Mem:291.64M (Peak 291.64M) | Time:00:00.38 | Rendering 64 / 64 samples
Saved: 'C:\Repos\mmo-asset-pipeline\tmp\art-quality-loop\runs\qa\ro-swordsman-combo-r006\v007-underlay\transition-0.5\wrist.png'
Time: 00:00.54 (Saving: 00:00.13)

Fra:1 Mem:291.64M (Peak 296.79M) | Time:00:00.08 | Rendering 1 / 64 samples
Fra:1 Mem:291.64M (Peak 296.79M) | Time:00:00.18 | Rendering 25 / 64 samples
Fra:1 Mem:291.64M (Peak 296.79M) | Time:00:00.29 | Rendering 50 / 64 samples
Fra:1 Mem:291.64M (Peak 296.79M) | Time:00:00.35 | Rendering 64 / 64 samples
Saved: 'C:\Repos\mmo-asset-pipeline\tmp\art-quality-loop\runs\qa\ro-swordsman-combo-r006\v007-underlay\transition-0.75\palm.png'
Time: 00:00.50 (Saving: 00:00.12)

Fra:1 Mem:291.64M (Peak 296.79M) | Time:00:00.08 | Rendering 1 / 64 samples
Fra:1 Mem:291.64M (Peak 296.79M) | Time:00:00.18 | Rendering 25 / 64 samples
Fra:1 Mem:291.64M (Peak 296.79M) | Time:00:00.29 | Rendering 50 / 64 samples
Fra:1 Mem:291.64M (Peak 296.79M) | Time:00:00.36 | Rendering 64 / 64 samples
Saved: 'C:\Repos\mmo-asset-pipeline\tmp\art-quality-loop\runs\qa\ro-swordsman-combo-r006\v007-underlay\transition-0.75\side.png'
Time: 00:00.51 (Saving: 00:00.12)

Fra:1 Mem:291.64M (Peak 296.79M) | Time:00:00.07 | Rendering 1 / 64 samples
Fra:1 Mem:291.64M (Peak 296.79M) | Time:00:00.18 | Rendering 25 / 64 samples
Fra:1 Mem:291.64M (Peak 296.79M) | Time:00:00.29 | Rendering 50 / 64 samples
Fra:1 Mem:291.64M (Peak 296.79M) | Time:00:00.35 | Rendering 64 / 64 samples
Saved: 'C:\Repos\mmo-asset-pipeline\tmp\art-quality-loop\runs\qa\ro-swordsman-combo-r006\v007-underlay\transition-0.75\back.png'
Time: 00:00.50 (Saving: 00:00.12)

Fra:1 Mem:291.64M (Peak 291.64M) | Time:00:00.07 | Rendering 1 / 64 samples
Fra:1 Mem:291.64M (Peak 291.64M) | Time:00:00.19 | Rendering 25 / 64 samples
Fra:1 Mem:291.64M (Peak 291.64M) | Time:00:00.31 | Rendering 50 / 64 samples
Fra:1 Mem:291.64M (Peak 291.64M) | Time:00:00.37 | Rendering 64 / 64 samples
Saved: 'C:\Repos\mmo-asset-pipeline\tmp\art-quality-loop\runs\qa\ro-swordsman-combo-r006\v007-underlay\transition-0.75\wrist.png'
Time: 00:00.53 (Saving: 00:00.13)

Fra:1 Mem:291.64M (Peak 296.79M) | Time:00:00.07 | Rendering 1 / 64 samples
Fra:1 Mem:291.64M (Peak 296.79M) | Time:00:00.18 | Rendering 25 / 64 samples
Fra:1 Mem:291.64M (Peak 296.79M) | Time:00:00.29 | Rendering 50 / 64 samples
Fra:1 Mem:291.64M (Peak 296.79M) | Time:00:00.36 | Rendering 64 / 64 samples
Saved: 'C:\Repos\mmo-asset-pipeline\tmp\art-quality-loop\runs\qa\ro-swordsman-combo-r006\v007-underlay\transition-1\palm.png'
Time: 00:00.51 (Saving: 00:00.12)

Fra:1 Mem:291.64M (Peak 296.79M) | Time:00:00.07 | Rendering 1 / 64 samples
Fra:1 Mem:291.64M (Peak 296.79M) | Time:00:00.18 | Rendering 25 / 64 samples
Fra:1 Mem:291.64M (Peak 296.79M) | Time:00:00.29 | Rendering 50 / 64 samples
Fra:1 Mem:291.64M (Peak 296.79M) | Time:00:00.35 | Rendering 64 / 64 samples
Saved: 'C:\Repos\mmo-asset-pipeline\tmp\art-quality-loop\runs\qa\ro-swordsman-combo-r006\v007-underlay\transition-1\side.png'
Time: 00:00.50 (Saving: 00:00.12)

Fra:1 Mem:291.64M (Peak 291.64M) | Time:00:00.07 | Rendering 1 / 64 samples
Fra:1 Mem:291.64M (Peak 291.64M) | Time:00:00.21 | Rendering 25 / 64 samples
Fra:1 Mem:291.64M (Peak 291.64M) | Time:00:00.32 | Rendering 50 / 64 samples
Fra:1 Mem:291.64M (Peak 291.64M) | Time:00:00.37 | Rendering 64 / 64 samples
Saved: 'C:\Repos\mmo-asset-pipeline\tmp\art-quality-loop\runs\qa\ro-swordsman-combo-r006\v007-underlay\transition-1\back.png'
Time: 00:00.53 (Saving: 00:00.12)

Fra:1 Mem:291.64M (Peak 291.64M) | Time:00:00.07 | Rendering 1 / 64 samples
Fra:1 Mem:291.64M (Peak 291.64M) | Time:00:00.19 | Rendering 25 / 64 samples
Fra:1 Mem:291.64M (Peak 291.64M) | Time:00:00.31 | Rendering 50 / 64 samples
Fra:1 Mem:291.64M (Peak 291.64M) | Time:00:00.37 | Rendering 64 / 64 samples
Saved: 'C:\Repos\mmo-asset-pipeline\tmp\art-quality-loop\runs\qa\ro-swordsman-combo-r006\v007-underlay\transition-1\wrist.png'
Time: 00:00.53 (Saving: 00:00.13)

Fra:1 Mem:291.42M (Peak 291.42M) | Time:00:00.07 | Rendering 1 / 64 samples
Fra:1 Mem:291.42M (Peak 291.42M) | Time:00:00.19 | Rendering 25 / 64 samples
Fra:1 Mem:291.42M (Peak 291.42M) | Time:00:00.31 | Rendering 50 / 64 samples
Fra:1 Mem:291.42M (Peak 291.42M) | Time:00:00.38 | Rendering 64 / 64 samples
Saved: 'C:\Repos\mmo-asset-pipeline\tmp\art-quality-loop\runs\qa\ro-swordsman-combo-r006\v007-underlay\whole-open\front.png'
Time: 00:00.53 (Saving: 00:00.12)

Fra:1 Mem:291.42M (Peak 296.57M) | Time:00:00.08 | Rendering 1 / 64 samples
Fra:1 Mem:291.42M (Peak 296.57M) | Time:00:00.19 | Rendering 25 / 64 samples
Fra:1 Mem:291.42M (Peak 296.57M) | Time:00:00.31 | Rendering 50 / 64 samples
Fra:1 Mem:291.42M (Peak 296.57M) | Time:00:00.38 | Rendering 64 / 64 samples
Saved: 'C:\Repos\mmo-asset-pipeline\tmp\art-quality-loop\runs\qa\ro-swordsman-combo-r006\v007-underlay\whole-open\side.png'
Time: 00:00.52 (Saving: 00:00.11)

Fra:1 Mem:291.42M (Peak 296.57M) | Time:00:00.07 | Rendering 1 / 64 samples
Fra:1 Mem:291.42M (Peak 296.57M) | Time:00:00.19 | Rendering 25 / 64 samples
Fra:1 Mem:291.42M (Peak 296.57M) | Time:00:00.31 | Rendering 50 / 64 samples
Fra:1 Mem:291.42M (Peak 296.57M) | Time:00:00.38 | Rendering 64 / 64 samples
Saved: 'C:\Repos\mmo-asset-pipeline\tmp\art-quality-loop\runs\qa\ro-swordsman-combo-r006\v007-underlay\whole-open\back.png'
Time: 00:00.52 (Saving: 00:00.11)

Fra:1 Mem:291.42M (Peak 296.57M) | Time:00:00.07 | Rendering 1 / 64 samples
Fra:1 Mem:291.42M (Peak 296.57M) | Time:00:00.20 | Rendering 25 / 64 samples
Fra:1 Mem:291.42M (Peak 296.57M) | Time:00:00.32 | Rendering 50 / 64 samples
Fra:1 Mem:291.42M (Peak 296.57M) | Time:00:00.40 | Rendering 64 / 64 samples
Saved: 'C:\Repos\mmo-asset-pipeline\tmp\art-quality-loop\runs\qa\ro-swordsman-combo-r006\v007-underlay\whole-open\three-quarter.png'
Time: 00:00.54 (Saving: 00:00.12)

Fra:1 Mem:291.42M (Peak 296.57M) | Time:00:00.07 | Rendering 1 / 64 samples
Fra:1 Mem:291.42M (Peak 296.57M) | Time:00:00.16 | Rendering 25 / 64 samples
Fra:1 Mem:291.42M (Peak 296.57M) | Time:00:00.25 | Rendering 50 / 64 samples
Fra:1 Mem:291.42M (Peak 296.57M) | Time:00:00.31 | Rendering 64 / 64 samples
Saved: 'C:\Repos\mmo-asset-pipeline\tmp\art-quality-loop\runs\qa\ro-swordsman-combo-r006\v007-underlay\whole-open\detail.png'
Time: 00:00.44 (Saving: 00:00.11)

Info: Applied modifier was not first, result may not be as expected
Info: Applied modifier was not first, result may not be as expected
Info: Applied modifier was not first, result may not be as expected
Info: Saved as "ro_underlay_fit.blend"
RO_UNDERLAY_FIT {"trial": "v007", "finished_utc": "2026-10-03T07:42:43.141755+00:00", "source_preserved": true, "surface_gate_pass": true, "pad_contacts": {"finger1": {"vertices": 30, "minimum_gap_m": 0.0001656938111409545, "mean_gap_m": 0.0061315958960525075, "within_2mm": 4}, "finger2": {"vertices": 33, "minimum_gap_m": 0.0012430241331458092, "mean_gap_m": 0.013879313183045297, "within_2mm": 4}, "finger3": {"vertices": 41, "minimum_gap_m": 0.0009332140325568616, "mean_gap_m": 0.016039171953197207, "within_2mm": 5}, "finger4": {"vertices": 34, "minimum_gap_m": 0.0002708745887503028, "mean_gap_m": 0.013006877169519773, "within_2mm": 4}, "thumb": {"vertices": 54, "minimum_gap_m": 0.000901292369235307, "mean_gap_m": 0.021058769315627782, "within_2mm": 4}}, "maximum_penetration_m": 0, "sword_crossings": 0, "whole_triangles": 57039, "whole_budget_pass": true, "seams_max_m": 0.0, "armor_crossings_by_sample": [{"SM_RO_glove.R": 0, "SM_RO_WristLoft.R": 0, "SM_RO_core": 170}, {"SM_RO_glove.R": 0, "SM_RO_WristLoft.R": 0, "SM_RO_core": 700}, {"SM_RO_glove.R": 0, "SM_RO_WristLoft.R": 0, "SM_RO_core": 689}, {"SM_RO_glove.R": 0, "SM_RO_WristLoft.R": 0, "SM_RO_core": 693}, {"SM_RO_glove.R": 0, "SM_RO_WristLoft.R": 0, "SM_RO_core": 697}], "maximum_underlay_delta_m": 0.04667952198814678, "art_acceptance": "pending actual fixed views", "full_animation_accepted": false, "delivered": false, "artifact": {"path": "assets/processed/ro-swordsman-combo-r006/v007-underlay/ro_underlay_fit.blend", "sha256": "871ffab18e8ee77a79939de105c53afe5f1dcbce56cd70eace05fc051c97bf09"}}

Blender quit
