Blender 4.5.5 LTS (hash 836beaaf597a built 2025-11-18 01:33:26)
Read blend: "C:\Repos\mmo-asset-pipeline\tmp\art-quality-loop\assets\processed\ro-swordsman-combo-r006\v007-underlay\ro_underlay_fit.blend"
Fra:1 Mem:291.32M (Peak 305.89M) | Time:00:00.79 | Rendering 1 / 64 samples
Fra:1 Mem:291.32M (Peak 305.89M) | Time:00:00.89 | Rendering 25 / 64 samples
Fra:1 Mem:291.32M (Peak 305.89M) | Time:00:00.99 | Rendering 50 / 64 samples
Fra:1 Mem:291.32M (Peak 305.89M) | Time:00:01.05 | Rendering 64 / 64 samples
Saved: 'C:\Repos\mmo-asset-pipeline\tmp\art-quality-loop\runs\qa\ro-swordsman-combo-r006\v008-rigid-wrist\transition-0\palm.png'
Time: 00:01.32 (Saving: 00:00.23)

Fra:1 Mem:291.32M (Peak 296.47M) | Time:00:00.07 | Rendering 1 / 64 samples
Fra:1 Mem:291.32M (Peak 296.47M) | Time:00:00.19 | Rendering 25 / 64 samples
Fra:1 Mem:291.32M (Peak 296.47M) | Time:00:00.30 | Rendering 50 / 64 samples
Fra:1 Mem:291.32M (Peak 296.47M) | Time:00:00.37 | Rendering 64 / 64 samples
Saved: 'C:\Repos\mmo-asset-pipeline\tmp\art-quality-loop\runs\qa\ro-swordsman-combo-r006\v008-rigid-wrist\transition-0\side.png'
Time: 00:00.53 (Saving: 00:00.13)

Fra:1 Mem:291.32M (Peak 296.47M) | Time:00:00.07 | Rendering 1 / 64 samples
Fra:1 Mem:291.32M (Peak 296.47M) | Time:00:00.18 | Rendering 25 / 64 samples
Fra:1 Mem:291.32M (Peak 296.47M) | Time:00:00.29 | Rendering 50 / 64 samples
Fra:1 Mem:291.32M (Peak 296.47M) | Time:00:00.35 | Rendering 64 / 64 samples
Saved: 'C:\Repos\mmo-asset-pipeline\tmp\art-quality-loop\runs\qa\ro-swordsman-combo-r006\v008-rigid-wrist\transition-0\back.png'
Time: 00:00.50 (Saving: 00:00.12)

Fra:1 Mem:291.32M (Peak 296.47M) | Time:00:00.07 | Rendering 1 / 64 samples
Fra:1 Mem:291.32M (Peak 296.47M) | Time:00:00.19 | Rendering 25 / 64 samples
Fra:1 Mem:291.32M (Peak 296.47M) | Time:00:00.30 | Rendering 50 / 64 samples
Fra:1 Mem:291.32M (Peak 296.47M) | Time:00:00.37 | Rendering 64 / 64 samples
Saved: 'C:\Repos\mmo-asset-pipeline\tmp\art-quality-loop\runs\qa\ro-swordsman-combo-r006\v008-rigid-wrist\transition-0\wrist.png'
Time: 00:00.53 (Saving: 00:00.13)

Fra:1 Mem:291.32M (Peak 296.47M) | Time:00:00.07 | Rendering 1 / 64 samples
Fra:1 Mem:291.32M (Peak 296.47M) | Time:00:00.18 | Rendering 25 / 64 samples
Fra:1 Mem:291.32M (Peak 296.47M) | Time:00:00.29 | Rendering 50 / 64 samples
Fra:1 Mem:291.32M (Peak 296.47M) | Time:00:00.36 | Rendering 64 / 64 samples
Saved: 'C:\Repos\mmo-asset-pipeline\tmp\art-quality-loop\runs\qa\ro-swordsman-combo-r006\v008-rigid-wrist\transition-0.25\palm.png'
Time: 00:00.51 (Saving: 00:00.12)

Fra:1 Mem:291.32M (Peak 296.47M) | Time:00:00.07 | Rendering 1 / 64 samples
Fra:1 Mem:291.32M (Peak 296.47M) | Time:00:00.19 | Rendering 25 / 64 samples
Fra:1 Mem:291.32M (Peak 296.47M) | Time:00:00.30 | Rendering 50 / 64 samples
Fra:1 Mem:291.32M (Peak 296.47M) | Time:00:00.37 | Rendering 64 / 64 samples
Saved: 'C:\Repos\mmo-asset-pipeline\tmp\art-quality-loop\runs\qa\ro-swordsman-combo-r006\v008-rigid-wrist\transition-0.25\side.png'
Time: 00:00.52 (Saving: 00:00.12)

Fra:1 Mem:291.32M (Peak 296.47M) | Time:00:00.08 | Rendering 1 / 64 samples
Fra:1 Mem:291.32M (Peak 296.47M) | Time:00:00.18 | Rendering 25 / 64 samples
Fra:1 Mem:291.32M (Peak 296.47M) | Time:00:00.29 | Rendering 50 / 64 samples
Fra:1 Mem:291.32M (Peak 296.47M) | Time:00:00.35 | Rendering 64 / 64 samples
Saved: 'C:\Repos\mmo-asset-pipeline\tmp\art-quality-loop\runs\qa\ro-swordsman-combo-r006\v008-rigid-wrist\transition-0.25\back.png'
Time: 00:00.50 (Saving: 00:00.12)

Fra:1 Mem:291.32M (Peak 291.32M) | Time:00:00.07 | Rendering 1 / 64 samples
Fra:1 Mem:291.32M (Peak 291.32M) | Time:00:00.19 | Rendering 25 / 64 samples
Fra:1 Mem:291.32M (Peak 291.32M) | Time:00:00.31 | Rendering 50 / 64 samples
Fra:1 Mem:291.32M (Peak 291.32M) | Time:00:00.37 | Rendering 64 / 64 samples
Saved: 'C:\Repos\mmo-asset-pipeline\tmp\art-quality-loop\runs\qa\ro-swordsman-combo-r006\v008-rigid-wrist\transition-0.25\wrist.png'
Time: 00:00.53 (Saving: 00:00.13)

Fra:1 Mem:291.32M (Peak 296.47M) | Time:00:00.08 | Rendering 1 / 64 samples
Fra:1 Mem:291.32M (Peak 296.47M) | Time:00:00.18 | Rendering 25 / 64 samples
Fra:1 Mem:291.32M (Peak 296.47M) | Time:00:00.29 | Rendering 50 / 64 samples
Fra:1 Mem:291.32M (Peak 296.47M) | Time:00:00.35 | Rendering 64 / 64 samples
Saved: 'C:\Repos\mmo-asset-pipeline\tmp\art-quality-loop\runs\qa\ro-swordsman-combo-r006\v008-rigid-wrist\transition-0.5\palm.png'
Time: 00:00.50 (Saving: 00:00.12)

Fra:1 Mem:291.32M (Peak 296.47M) | Time:00:00.07 | Rendering 1 / 64 samples
Fra:1 Mem:291.32M (Peak 296.47M) | Time:00:00.19 | Rendering 25 / 64 samples
Fra:1 Mem:291.32M (Peak 296.47M) | Time:00:00.30 | Rendering 50 / 64 samples
Fra:1 Mem:291.32M (Peak 296.47M) | Time:00:00.37 | Rendering 64 / 64 samples
Saved: 'C:\Repos\mmo-asset-pipeline\tmp\art-quality-loop\runs\qa\ro-swordsman-combo-r006\v008-rigid-wrist\transition-0.5\side.png'
Time: 00:00.52 (Saving: 00:00.13)

Fra:1 Mem:291.32M (Peak 296.47M) | Time:00:00.07 | Rendering 1 / 64 samples
Fra:1 Mem:291.32M (Peak 296.47M) | Time:00:00.18 | Rendering 25 / 64 samples
Fra:1 Mem:291.32M (Peak 296.47M) | Time:00:00.29 | Rendering 50 / 64 samples
Fra:1 Mem:291.32M (Peak 296.47M) | Time:00:00.35 | Rendering 64 / 64 samples
Saved: 'C:\Repos\mmo-asset-pipeline\tmp\art-quality-loop\runs\qa\ro-swordsman-combo-r006\v008-rigid-wrist\transition-0.5\back.png'
Time: 00:00.49 (Saving: 00:00.12)

Fra:1 Mem:291.32M (Peak 296.47M) | Time:00:00.07 | Rendering 1 / 64 samples
Fra:1 Mem:291.32M (Peak 296.47M) | Time:00:00.19 | Rendering 25 / 64 samples
Fra:1 Mem:291.32M (Peak 296.47M) | Time:00:00.31 | Rendering 50 / 64 samples
Fra:1 Mem:291.32M (Peak 296.47M) | Time:00:00.38 | Rendering 64 / 64 samples
Saved: 'C:\Repos\mmo-asset-pipeline\tmp\art-quality-loop\runs\qa\ro-swordsman-combo-r006\v008-rigid-wrist\transition-0.5\wrist.png'
Time: 00:00.53 (Saving: 00:00.13)

Fra:1 Mem:291.32M (Peak 296.47M) | Time:00:00.07 | Rendering 1 / 64 samples
Fra:1 Mem:291.32M (Peak 296.47M) | Time:00:00.18 | Rendering 25 / 64 samples
Fra:1 Mem:291.32M (Peak 296.47M) | Time:00:00.28 | Rendering 50 / 64 samples
Fra:1 Mem:291.32M (Peak 296.47M) | Time:00:00.34 | Rendering 64 / 64 samples
Saved: 'C:\Repos\mmo-asset-pipeline\tmp\art-quality-loop\runs\qa\ro-swordsman-combo-r006\v008-rigid-wrist\transition-0.75\palm.png'
Time: 00:00.49 (Saving: 00:00.12)

Fra:1 Mem:291.32M (Peak 291.32M) | Time:00:00.07 | Rendering 1 / 64 samples
Fra:1 Mem:291.32M (Peak 291.32M) | Time:00:00.18 | Rendering 25 / 64 samples
Fra:1 Mem:291.32M (Peak 291.32M) | Time:00:00.29 | Rendering 50 / 64 samples
Fra:1 Mem:291.32M (Peak 291.32M) | Time:00:00.35 | Rendering 64 / 64 samples
Saved: 'C:\Repos\mmo-asset-pipeline\tmp\art-quality-loop\runs\qa\ro-swordsman-combo-r006\v008-rigid-wrist\transition-0.75\side.png'
Time: 00:00.50 (Saving: 00:00.12)

Fra:1 Mem:291.32M (Peak 291.32M) | Time:00:00.07 | Rendering 1 / 64 samples
Fra:1 Mem:291.32M (Peak 291.32M) | Time:00:00.17 | Rendering 25 / 64 samples
Fra:1 Mem:291.32M (Peak 291.32M) | Time:00:00.28 | Rendering 50 / 64 samples
Fra:1 Mem:291.32M (Peak 291.32M) | Time:00:00.33 | Rendering 64 / 64 samples
Saved: 'C:\Repos\mmo-asset-pipeline\tmp\art-quality-loop\runs\qa\ro-swordsman-combo-r006\v008-rigid-wrist\transition-0.75\back.png'
Time: 00:00.48 (Saving: 00:00.12)

Fra:1 Mem:291.32M (Peak 296.47M) | Time:00:00.07 | Rendering 1 / 64 samples
Fra:1 Mem:291.32M (Peak 296.47M) | Time:00:00.19 | Rendering 25 / 64 samples
Fra:1 Mem:291.32M (Peak 296.47M) | Time:00:00.31 | Rendering 50 / 64 samples
Fra:1 Mem:291.32M (Peak 296.47M) | Time:00:00.37 | Rendering 64 / 64 samples
Saved: 'C:\Repos\mmo-asset-pipeline\tmp\art-quality-loop\runs\qa\ro-swordsman-combo-r006\v008-rigid-wrist\transition-0.75\wrist.png'
Time: 00:00.54 (Saving: 00:00.13)

Fra:1 Mem:291.32M (Peak 291.32M) | Time:00:00.08 | Rendering 1 / 64 samples
Fra:1 Mem:291.32M (Peak 291.32M) | Time:00:00.19 | Rendering 25 / 64 samples
Fra:1 Mem:291.32M (Peak 291.32M) | Time:00:00.29 | Rendering 50 / 64 samples
Fra:1 Mem:291.32M (Peak 291.32M) | Time:00:00.35 | Rendering 64 / 64 samples
Saved: 'C:\Repos\mmo-asset-pipeline\tmp\art-quality-loop\runs\qa\ro-swordsman-combo-r006\v008-rigid-wrist\transition-1\palm.png'
Time: 00:00.52 (Saving: 00:00.13)

Fra:1 Mem:291.32M (Peak 296.47M) | Time:00:00.07 | Rendering 1 / 64 samples
Fra:1 Mem:291.32M (Peak 296.47M) | Time:00:00.18 | Rendering 25 / 64 samples
Fra:1 Mem:291.32M (Peak 296.47M) | Time:00:00.29 | Rendering 50 / 64 samples
Fra:1 Mem:291.32M (Peak 296.47M) | Time:00:00.35 | Rendering 64 / 64 samples
Saved: 'C:\Repos\mmo-asset-pipeline\tmp\art-quality-loop\runs\qa\ro-swordsman-combo-r006\v008-rigid-wrist\transition-1\side.png'
Time: 00:00.50 (Saving: 00:00.12)

Fra:1 Mem:291.32M (Peak 296.47M) | Time:00:00.07 | Rendering 1 / 64 samples
Fra:1 Mem:291.32M (Peak 296.47M) | Time:00:00.17 | Rendering 25 / 64 samples
Fra:1 Mem:291.32M (Peak 296.47M) | Time:00:00.27 | Rendering 50 / 64 samples
Fra:1 Mem:291.32M (Peak 296.47M) | Time:00:00.33 | Rendering 64 / 64 samples
Saved: 'C:\Repos\mmo-asset-pipeline\tmp\art-quality-loop\runs\qa\ro-swordsman-combo-r006\v008-rigid-wrist\transition-1\back.png'
Time: 00:00.48 (Saving: 00:00.12)

Fra:1 Mem:291.32M (Peak 291.32M) | Time:00:00.07 | Rendering 1 / 64 samples
Fra:1 Mem:291.32M (Peak 291.32M) | Time:00:00.19 | Rendering 25 / 64 samples
Fra:1 Mem:291.32M (Peak 291.32M) | Time:00:00.31 | Rendering 50 / 64 samples
Fra:1 Mem:291.32M (Peak 291.32M) | Time:00:00.37 | Rendering 64 / 64 samples
Saved: 'C:\Repos\mmo-asset-pipeline\tmp\art-quality-loop\runs\qa\ro-swordsman-combo-r006\v008-rigid-wrist\transition-1\wrist.png'
Time: 00:00.54 (Saving: 00:00.14)

Fra:1 Mem:298.04M (Peak 303.19M) | Time:00:00.08 | Rendering 1 / 64 samples
Fra:1 Mem:298.04M (Peak 303.19M) | Time:00:00.20 | Rendering 25 / 64 samples
Fra:1 Mem:298.04M (Peak 303.19M) | Time:00:00.32 | Rendering 50 / 64 samples
Fra:1 Mem:298.04M (Peak 303.19M) | Time:00:00.39 | Rendering 64 / 64 samples
Saved: 'C:\Repos\mmo-asset-pipeline\tmp\art-quality-loop\runs\qa\ro-swordsman-combo-r006\v008-rigid-wrist\whole-open\front.png'
Time: 00:00.54 (Saving: 00:00.12)

Fra:1 Mem:298.04M (Peak 303.19M) | Time:00:00.07 | Rendering 1 / 64 samples
Fra:1 Mem:298.04M (Peak 303.19M) | Time:00:00.19 | Rendering 25 / 64 samples
Fra:1 Mem:298.04M (Peak 303.19M) | Time:00:00.31 | Rendering 50 / 64 samples
Fra:1 Mem:298.04M (Peak 303.19M) | Time:00:00.38 | Rendering 64 / 64 samples
Saved: 'C:\Repos\mmo-asset-pipeline\tmp\art-quality-loop\runs\qa\ro-swordsman-combo-r006\v008-rigid-wrist\whole-open\side.png'
Time: 00:00.52 (Saving: 00:00.11)

Fra:1 Mem:298.04M (Peak 303.19M) | Time:00:00.08 | Rendering 1 / 64 samples
Fra:1 Mem:298.04M (Peak 303.19M) | Time:00:00.19 | Rendering 25 / 64 samples
Fra:1 Mem:298.04M (Peak 303.19M) | Time:00:00.31 | Rendering 50 / 64 samples
Fra:1 Mem:298.04M (Peak 303.19M) | Time:00:00.38 | Rendering 64 / 64 samples
Saved: 'C:\Repos\mmo-asset-pipeline\tmp\art-quality-loop\runs\qa\ro-swordsman-combo-r006\v008-rigid-wrist\whole-open\back.png'
Time: 00:00.52 (Saving: 00:00.11)

Fra:1 Mem:298.04M (Peak 303.19M) | Time:00:00.08 | Rendering 1 / 64 samples
Fra:1 Mem:298.04M (Peak 303.19M) | Time:00:00.20 | Rendering 25 / 64 samples
Fra:1 Mem:298.04M (Peak 303.19M) | Time:00:00.33 | Rendering 50 / 64 samples
Fra:1 Mem:298.04M (Peak 303.19M) | Time:00:00.40 | Rendering 64 / 64 samples
Saved: 'C:\Repos\mmo-asset-pipeline\tmp\art-quality-loop\runs\qa\ro-swordsman-combo-r006\v008-rigid-wrist\whole-open\three-quarter.png'
Time: 00:00.55 (Saving: 00:00.11)

Fra:1 Mem:298.04M (Peak 303.19M) | Time:00:00.07 | Rendering 1 / 64 samples
Fra:1 Mem:298.04M (Peak 303.19M) | Time:00:00.16 | Rendering 25 / 64 samples
Fra:1 Mem:298.04M (Peak 303.19M) | Time:00:00.26 | Rendering 50 / 64 samples
Fra:1 Mem:298.04M (Peak 303.19M) | Time:00:00.31 | Rendering 64 / 64 samples
Saved: 'C:\Repos\mmo-asset-pipeline\tmp\art-quality-loop\runs\qa\ro-swordsman-combo-r006\v008-rigid-wrist\whole-open\detail.png'
Time: 00:00.45 (Saving: 00:00.12)

Info: Saved as "ro_wrist_grip_prototype.blend"
INFO Draco mesh compression is available, use library at C:\Program Files\Blender Foundation\Blender 4.5\4.5\scripts\addons_core\io_scene_gltf2\extern_draco.dll
15:55:07 | INFO: Starting glTF 2.0 export
15:55:07 | INFO: Extracting primitive: model.008
15:55:07 | WARNING: More than one shader node tex image used for a texture. The resulting glTF sampler will behave like the first shader node tex image.
15:55:07 | INFO: Primitives created: 1
15:55:07 | INFO: Extracting primitive: model.006
15:55:07 | INFO: Primitives created: 1
15:55:07 | INFO: Extracting primitive: model.002
15:55:07 | INFO: Primitives created: 1
15:55:07 | INFO: Extracting primitive: model
15:55:07 | WARNING: More than one shader node tex image used for a texture. The resulting glTF sampler will behave like the first shader node tex image.
15:55:07 | INFO: Primitives created: 1
15:55:07 | INFO: Extracting primitive: model.004
15:55:07 | INFO: Primitives created: 1
15:55:07 | INFO: Extracting primitive: RO_RightGlove_ProtectedCut
15:55:07 | WARNING: More than one shader node tex image used for a texture. The resulting glTF sampler will behave like the first shader node tex image.
15:55:07 | INFO: Primitives created: 1
15:55:07 | INFO: Extracting primitive: model.001
15:55:07 | INFO: Primitives created: 1
15:55:07 | INFO: Extracting primitive: model.005
15:55:07 | INFO: Primitives created: 1
15:55:07 | INFO: Extracting primitive: model.007
15:55:07 | INFO: Primitives created: 1
15:55:07 | INFO: Extracting primitive: RO_WristLoft_R
15:55:07 | INFO: Primitives created: 1
15:55:07 | INFO: Finished glTF 2.0 export in 0.4598524570465088 s

RO_RIGID_WRIST {"trial": "v008", "finished_utc": "2026-10-03T07:55:07.644249+00:00", "source_preserved": true, "surface_gate_pass": true, "pad_contacts": {"finger1": {"vertices": 30, "minimum_gap_m": 0.00016572985623497516, "mean_gap_m": 0.006131587041212091, "within_2mm": 4}, "finger2": {"vertices": 33, "minimum_gap_m": 0.0012430362403392792, "mean_gap_m": 0.013879324912770906, "within_2mm": 4}, "finger3": {"vertices": 41, "minimum_gap_m": 0.0009332019253633916, "mean_gap_m": 0.016039172044057946, "within_2mm": 5}, "finger4": {"vertices": 34, "minimum_gap_m": 0.0002708745887503028, "mean_gap_m": 0.01300685375377618, "within_2mm": 4}, "thumb": {"vertices": 54, "minimum_gap_m": 0.0009012446971610188, "mean_gap_m": 0.02105872660521763, "within_2mm": 4}}, "maximum_penetration_m": 0, "sword_crossings": 0, "whole_triangles": 57039, "whole_budget_pass": true, "seams_max_m": 0.0, "rigid_prediction_max_error_m": 3.0282737959774696e-07, "armor_crossings_by_sample": [{"SM_RO_glove.R": 0, "SM_RO_WristLoft.R": 0, "SM_RO_core": 170}, {"SM_RO_glove.R": 0, "SM_RO_WristLoft.R": 0, "SM_RO_core": 167}, {"SM_RO_glove.R": 0, "SM_RO_WristLoft.R": 0, "SM_RO_core": 165}, {"SM_RO_glove.R": 0, "SM_RO_WristLoft.R": 0, "SM_RO_core": 173}, {"SM_RO_glove.R": 0, "SM_RO_WristLoft.R": 0, "SM_RO_core": 211}], "glove_self_crossings_by_sample": [0, 0, 175, 335, 491], "tube_self_crossings_by_sample": [0, 0, 13, 285, 138], "maximum_new_wrist_corrective_m": 0.02077709756143649, "prototype_animation": {"frames": 61, "fps": 60, "seconds": 1, "full_skill_combo": false}, "art_acceptance": "pending actual fixed views", "fresh_glb_roundtrip": "not_run_yet", "full_animation_accepted": false, "left_replacement_accepted": false, "delivered": false, "artifacts": [{"path": "assets/processed/ro-swordsman-combo-r006/v008-rigid-wrist/ro_wrist_grip_prototype.blend", "sha256": "e1b17ac13d8677ef4914995e3308b18e99fd22f694c7fd240c541e74701d178e"}, {"path": "assets/processed/ro-swordsman-combo-r006/v008-rigid-wrist/ro_wrist_grip_prototype.glb", "sha256": "027cf2501619b4262ea8b040618364d2e756e6a3f476e12ed827fff9fadd2985"}]}

Blender quit
