Blender 4.5.5 LTS (hash 836beaaf597a built 2025-11-18 01:33:26)
Read blend: "C:\Repos\mmo-asset-pipeline\tmp\art-quality-loop\assets\processed\ro-swordsman-combo-r008\v004-contact-solver\right_hand_actual_sword_best.blend"
Fra:1 Mem:70.73M (Peak 70.73M) | Time:00:00.56 | Rendering 1 / 64 samples
Fra:1 Mem:70.73M (Peak 70.73M) | Time:00:00.62 | Rendering 25 / 64 samples
Fra:1 Mem:70.73M (Peak 70.73M) | Time:00:00.68 | Rendering 50 / 64 samples
Fra:1 Mem:70.73M (Peak 70.73M) | Time:00:00.71 | Rendering 64 / 64 samples
Saved: 'C:\Repos\mmo-asset-pipeline\tmp\art-quality-loop\runs\qa\ro-swordsman-combo-r009\baseline\saved-grip-palm.png'
Time: 00:00.95 (Saving: 00:00.21)

Fra:1 Mem:70.73M (Peak 70.73M) | Time:00:00.04 | Rendering 1 / 64 samples
Fra:1 Mem:70.73M (Peak 70.73M) | Time:00:00.08 | Rendering 25 / 64 samples
Fra:1 Mem:70.73M (Peak 70.73M) | Time:00:00.13 | Rendering 50 / 64 samples
Fra:1 Mem:70.73M (Peak 70.73M) | Time:00:00.16 | Rendering 64 / 64 samples
Saved: 'C:\Repos\mmo-asset-pipeline\tmp\art-quality-loop\runs\qa\ro-swordsman-combo-r009\baseline\saved-grip-side.png'
Time: 00:00.27 (Saving: 00:00.08)

Fra:1 Mem:70.73M (Peak 70.73M) | Time:00:00.04 | Rendering 1 / 64 samples
Fra:1 Mem:70.73M (Peak 70.73M) | Time:00:00.09 | Rendering 25 / 64 samples
Fra:1 Mem:70.73M (Peak 70.73M) | Time:00:00.14 | Rendering 50 / 64 samples
Fra:1 Mem:70.73M (Peak 70.73M) | Time:00:00.17 | Rendering 64 / 64 samples
Saved: 'C:\Repos\mmo-asset-pipeline\tmp\art-quality-loop\runs\qa\ro-swordsman-combo-r009\baseline\saved-grip-back.png'
Time: 00:00.27 (Saving: 00:00.08)

Fra:1 Mem:70.93M (Peak 70.93M) | Time:00:00.04 | Rendering 1 / 64 samples
Fra:1 Mem:70.93M (Peak 70.93M) | Time:00:00.09 | Rendering 25 / 64 samples
Fra:1 Mem:70.93M (Peak 70.93M) | Time:00:00.14 | Rendering 50 / 64 samples
Fra:1 Mem:70.93M (Peak 70.93M) | Time:00:00.17 | Rendering 64 / 64 samples
Saved: 'C:\Repos\mmo-asset-pipeline\tmp\art-quality-loop\runs\qa\ro-swordsman-combo-r009\baseline\marked-compression-palm.png'
Time: 00:00.28 (Saving: 00:00.08)

Fra:1 Mem:70.93M (Peak 70.93M) | Time:00:00.04 | Rendering 1 / 64 samples
Fra:1 Mem:70.93M (Peak 70.93M) | Time:00:00.09 | Rendering 25 / 64 samples
Fra:1 Mem:70.93M (Peak 70.93M) | Time:00:00.14 | Rendering 50 / 64 samples
Fra:1 Mem:70.93M (Peak 70.93M) | Time:00:00.16 | Rendering 64 / 64 samples
Saved: 'C:\Repos\mmo-asset-pipeline\tmp\art-quality-loop\runs\qa\ro-swordsman-combo-r009\baseline\marked-compression-side.png'
Time: 00:00.27 (Saving: 00:00.08)

Fra:1 Mem:70.79M (Peak 70.79M) | Time:00:00.03 | Rendering 1 / 64 samples
Fra:1 Mem:70.79M (Peak 70.79M) | Time:00:00.09 | Rendering 25 / 64 samples
Fra:1 Mem:70.79M (Peak 70.79M) | Time:00:00.15 | Rendering 50 / 64 samples
Fra:1 Mem:70.79M (Peak 70.79M) | Time:00:00.18 | Rendering 64 / 64 samples
Saved: 'C:\Repos\mmo-asset-pipeline\tmp\art-quality-loop\runs\qa\ro-swordsman-combo-r009\baseline\neutral-palm.png'
Time: 00:00.30 (Saving: 00:00.09)

Fra:1 Mem:70.79M (Peak 70.79M) | Time:00:00.03 | Rendering 1 / 64 samples
Fra:1 Mem:70.79M (Peak 70.79M) | Time:00:00.09 | Rendering 25 / 64 samples
Fra:1 Mem:70.79M (Peak 70.79M) | Time:00:00.14 | Rendering 50 / 64 samples
Fra:1 Mem:70.79M (Peak 70.79M) | Time:00:00.17 | Rendering 64 / 64 samples
Saved: 'C:\Repos\mmo-asset-pipeline\tmp\art-quality-loop\runs\qa\ro-swordsman-combo-r009\baseline\neutral-side.png'
Time: 00:00.27 (Saving: 00:00.08)

Read blend: "C:\Repos\mmo-asset-pipeline\tmp\art-quality-loop\assets\processed\ro-swordsman-combo-r007\baseline\ro_hand_structure_baseline.blend"
Fra:1 Mem:297.92M (Peak 312.50M) | Time:00:00.20 | Rendering 1 / 64 samples
Fra:1 Mem:297.92M (Peak 312.50M) | Time:00:00.31 | Rendering 25 / 64 samples
Fra:1 Mem:297.92M (Peak 312.50M) | Time:00:00.41 | Rendering 50 / 64 samples
Fra:1 Mem:297.92M (Peak 312.50M) | Time:00:00.47 | Rendering 64 / 64 samples
Saved: 'C:\Repos\mmo-asset-pipeline\tmp\art-quality-loop\runs\qa\ro-swordsman-combo-r009\baseline\front.png'
Time: 00:00.63 (Saving: 00:00.12)

Fra:1 Mem:297.92M (Peak 303.07M) | Time:00:00.10 | Rendering 1 / 64 samples
Fra:1 Mem:297.92M (Peak 303.07M) | Time:00:00.21 | Rendering 25 / 64 samples
Fra:1 Mem:297.92M (Peak 303.07M) | Time:00:00.33 | Rendering 50 / 64 samples
Fra:1 Mem:297.92M (Peak 303.07M) | Time:00:00.40 | Rendering 64 / 64 samples
Saved: 'C:\Repos\mmo-asset-pipeline\tmp\art-quality-loop\runs\qa\ro-swordsman-combo-r009\baseline\side.png'
Time: 00:00.54 (Saving: 00:00.11)

Fra:1 Mem:297.92M (Peak 303.07M) | Time:00:00.08 | Rendering 1 / 64 samples
Fra:1 Mem:297.92M (Peak 303.07M) | Time:00:00.19 | Rendering 25 / 64 samples
Fra:1 Mem:297.92M (Peak 303.07M) | Time:00:00.32 | Rendering 50 / 64 samples
Fra:1 Mem:297.92M (Peak 303.07M) | Time:00:00.38 | Rendering 64 / 64 samples
Saved: 'C:\Repos\mmo-asset-pipeline\tmp\art-quality-loop\runs\qa\ro-swordsman-combo-r009\baseline\back.png'
Time: 00:00.53 (Saving: 00:00.11)

Fra:1 Mem:297.92M (Peak 303.07M) | Time:00:00.08 | Rendering 1 / 64 samples
Fra:1 Mem:297.92M (Peak 303.07M) | Time:00:00.21 | Rendering 25 / 64 samples
Fra:1 Mem:297.92M (Peak 303.07M) | Time:00:00.34 | Rendering 50 / 64 samples
Fra:1 Mem:297.92M (Peak 303.07M) | Time:00:00.41 | Rendering 64 / 64 samples
Saved: 'C:\Repos\mmo-asset-pipeline\tmp\art-quality-loop\runs\qa\ro-swordsman-combo-r009\baseline\three-quarter.png'
Time: 00:00.55 (Saving: 00:00.11)

Fra:1 Mem:297.92M (Peak 303.07M) | Time:00:00.07 | Rendering 1 / 64 samples
Fra:1 Mem:297.92M (Peak 303.07M) | Time:00:00.16 | Rendering 25 / 64 samples
Fra:1 Mem:297.92M (Peak 303.07M) | Time:00:00.26 | Rendering 50 / 64 samples
Fra:1 Mem:297.92M (Peak 303.07M) | Time:00:00.31 | Rendering 64 / 64 samples
Saved: 'C:\Repos\mmo-asset-pipeline\tmp\art-quality-loop\runs\qa\ro-swordsman-combo-r009\baseline\detail.png'
Time: 00:00.45 (Saving: 00:00.11)

R009_BASELINE {"self": 0, "sword": 0, "contacts": {"finger1": 3, "finger2": 1, "finger3": 3, "finger4": 0, "thumb": 4}, "min_edge_ratio": 0.0665655768123927}

Blender quit
