Blender 4.5.5 LTS (hash 836beaaf597a built 2025-11-18 01:33:26)
Read blend: "C:\Repos\mmo-asset-pipeline\tmp\art-quality-loop\assets\processed\ro-swordsman-combo-r008\v004-contact-solver\right_hand_actual_sword_best.blend"
Fra:1 Mem:70.99M (Peak 70.99M) | Time:00:00.57 | Rendering 1 / 64 samples
Fra:1 Mem:70.99M (Peak 70.99M) | Time:00:00.63 | Rendering 25 / 64 samples
Fra:1 Mem:70.99M (Peak 70.99M) | Time:00:00.68 | Rendering 50 / 64 samples
Fra:1 Mem:70.99M (Peak 70.99M) | Time:00:00.71 | Rendering 64 / 64 samples
Saved: 'C:\Repos\mmo-asset-pipeline\tmp\art-quality-loop\runs\qa\ro-swordsman-combo-r009\baseline\actual-rest-centers-palm.png'
Time: 00:00.94 (Saving: 00:00.19)

Fra:1 Mem:70.99M (Peak 70.99M) | Time:00:00.04 | Rendering 1 / 64 samples
Fra:1 Mem:70.99M (Peak 70.99M) | Time:00:00.09 | Rendering 25 / 64 samples
Fra:1 Mem:70.99M (Peak 70.99M) | Time:00:00.13 | Rendering 50 / 64 samples
Fra:1 Mem:70.99M (Peak 70.99M) | Time:00:00.16 | Rendering 64 / 64 samples
Saved: 'C:\Repos\mmo-asset-pipeline\tmp\art-quality-loop\runs\qa\ro-swordsman-combo-r009\baseline\actual-rest-centers-side.png'
Time: 00:00.29 (Saving: 00:00.09)

Fra:1 Mem:70.99M (Peak 70.99M) | Time:00:00.04 | Rendering 1 / 64 samples
Fra:1 Mem:70.99M (Peak 70.99M) | Time:00:00.09 | Rendering 25 / 64 samples
Fra:1 Mem:70.99M (Peak 70.99M) | Time:00:00.14 | Rendering 50 / 64 samples
Fra:1 Mem:70.99M (Peak 70.99M) | Time:00:00.17 | Rendering 64 / 64 samples
Saved: 'C:\Repos\mmo-asset-pipeline\tmp\art-quality-loop\runs\qa\ro-swordsman-combo-r009\baseline\actual-rest-centers-back.png'
Time: 00:00.28 (Saving: 00:00.09)

R009_CENTERS 15

Blender quit
