Blender 4.5.5 LTS (hash 836beaaf597a built 2025-11-18 01:33:26)
Read blend: "C:\Repos\mmo-asset-pipeline\tmp\art-quality-loop\assets\processed\ro-swordsman-combo-r009\v001-vectors\right_hand_full_vectors.blend"
Fra:1 Mem:70.50M (Peak 70.50M) | Time:00:00.57 | Rendering 1 / 64 samples
Fra:1 Mem:70.50M (Peak 70.50M) | Time:00:00.62 | Rendering 25 / 64 samples
Fra:1 Mem:70.50M (Peak 70.50M) | Time:00:00.67 | Rendering 50 / 64 samples
Fra:1 Mem:70.50M (Peak 70.50M) | Time:00:00.71 | Rendering 64 / 64 samples
Saved: 'C:\Repos\mmo-asset-pipeline\tmp\art-quality-loop\runs\qa\ro-swordsman-combo-r009\v001-isolation-verification\finger1-01-.30-palm.png'
Time: 00:00.94 (Saving: 00:00.20)

Fra:1 Mem:70.50M (Peak 70.50M) | Time:00:00.04 | Rendering 1 / 64 samples
Fra:1 Mem:70.50M (Peak 70.50M) | Time:00:00.08 | Rendering 25 / 64 samples
Fra:1 Mem:70.50M (Peak 70.50M) | Time:00:00.13 | Rendering 50 / 64 samples
Fra:1 Mem:70.50M (Peak 70.50M) | Time:00:00.16 | Rendering 64 / 64 samples
Saved: 'C:\Repos\mmo-asset-pipeline\tmp\art-quality-loop\runs\qa\ro-swordsman-combo-r009\v001-isolation-verification\finger1-01-.30-side.png'
Time: 00:00.26 (Saving: 00:00.08)

Fra:1 Mem:70.50M (Peak 70.50M) | Time:00:00.04 | Rendering 1 / 64 samples
Fra:1 Mem:70.50M (Peak 70.50M) | Time:00:00.09 | Rendering 25 / 64 samples
Fra:1 Mem:70.50M (Peak 70.50M) | Time:00:00.14 | Rendering 50 / 64 samples
Fra:1 Mem:70.50M (Peak 70.50M) | Time:00:00.17 | Rendering 64 / 64 samples
Saved: 'C:\Repos\mmo-asset-pipeline\tmp\art-quality-loop\runs\qa\ro-swordsman-combo-r009\v001-isolation-verification\finger1-02-.30-palm.png'
Time: 00:00.29 (Saving: 00:00.09)

Fra:1 Mem:70.50M (Peak 70.50M) | Time:00:00.04 | Rendering 1 / 64 samples
Fra:1 Mem:70.50M (Peak 70.50M) | Time:00:00.09 | Rendering 25 / 64 samples
Fra:1 Mem:70.50M (Peak 70.50M) | Time:00:00.13 | Rendering 50 / 64 samples
Fra:1 Mem:70.50M (Peak 70.50M) | Time:00:00.16 | Rendering 64 / 64 samples
Saved: 'C:\Repos\mmo-asset-pipeline\tmp\art-quality-loop\runs\qa\ro-swordsman-combo-r009\v001-isolation-verification\finger1-02-.30-side.png'
Time: 00:00.27 (Saving: 00:00.08)

Fra:1 Mem:70.50M (Peak 70.50M) | Time:00:00.04 | Rendering 1 / 64 samples
Fra:1 Mem:70.50M (Peak 70.50M) | Time:00:00.08 | Rendering 25 / 64 samples
Fra:1 Mem:70.50M (Peak 70.50M) | Time:00:00.14 | Rendering 50 / 64 samples
Fra:1 Mem:70.50M (Peak 70.50M) | Time:00:00.16 | Rendering 64 / 64 samples
Saved: 'C:\Repos\mmo-asset-pipeline\tmp\art-quality-loop\runs\qa\ro-swordsman-combo-r009\v001-isolation-verification\finger2-01-.30-palm.png'
Time: 00:00.27 (Saving: 00:00.08)

Fra:1 Mem:70.50M (Peak 70.50M) | Time:00:00.05 | Rendering 1 / 64 samples
Fra:1 Mem:70.50M (Peak 70.50M) | Time:00:00.10 | Rendering 25 / 64 samples
Fra:1 Mem:70.50M (Peak 70.50M) | Time:00:00.15 | Rendering 50 / 64 samples
Fra:1 Mem:70.50M (Peak 70.50M) | Time:00:00.18 | Rendering 64 / 64 samples
Saved: 'C:\Repos\mmo-asset-pipeline\tmp\art-quality-loop\runs\qa\ro-swordsman-combo-r009\v001-isolation-verification\finger2-01-.30-side.png'
Time: 00:00.28 (Saving: 00:00.07)

Fra:1 Mem:70.50M (Peak 70.50M) | Time:00:00.03 | Rendering 1 / 64 samples
Fra:1 Mem:70.50M (Peak 70.50M) | Time:00:00.09 | Rendering 25 / 64 samples
Fra:1 Mem:70.50M (Peak 70.50M) | Time:00:00.14 | Rendering 50 / 64 samples
Fra:1 Mem:70.50M (Peak 70.50M) | Time:00:00.17 | Rendering 64 / 64 samples
Saved: 'C:\Repos\mmo-asset-pipeline\tmp\art-quality-loop\runs\qa\ro-swordsman-combo-r009\v001-isolation-verification\finger2-02-.30-palm.png'
Time: 00:00.27 (Saving: 00:00.08)

Fra:1 Mem:70.50M (Peak 70.50M) | Time:00:00.03 | Rendering 1 / 64 samples
Fra:1 Mem:70.50M (Peak 70.50M) | Time:00:00.08 | Rendering 25 / 64 samples
Fra:1 Mem:70.50M (Peak 70.50M) | Time:00:00.13 | Rendering 50 / 64 samples
Fra:1 Mem:70.50M (Peak 70.50M) | Time:00:00.16 | Rendering 64 / 64 samples
Saved: 'C:\Repos\mmo-asset-pipeline\tmp\art-quality-loop\runs\qa\ro-swordsman-combo-r009\v001-isolation-verification\finger2-02-.30-side.png'
Time: 00:00.26 (Saving: 00:00.08)

Fra:1 Mem:70.50M (Peak 70.50M) | Time:00:00.03 | Rendering 1 / 64 samples
Fra:1 Mem:70.50M (Peak 70.50M) | Time:00:00.09 | Rendering 25 / 64 samples
Fra:1 Mem:70.50M (Peak 70.50M) | Time:00:00.14 | Rendering 50 / 64 samples
Fra:1 Mem:70.50M (Peak 70.50M) | Time:00:00.17 | Rendering 64 / 64 samples
Saved: 'C:\Repos\mmo-asset-pipeline\tmp\art-quality-loop\runs\qa\ro-swordsman-combo-r009\v001-isolation-verification\finger3-01-.30-palm.png'
Time: 00:00.28 (Saving: 00:00.08)

Fra:1 Mem:70.50M (Peak 70.50M) | Time:00:00.04 | Rendering 1 / 64 samples
Fra:1 Mem:70.50M (Peak 70.50M) | Time:00:00.08 | Rendering 25 / 64 samples
Fra:1 Mem:70.50M (Peak 70.50M) | Time:00:00.13 | Rendering 50 / 64 samples
Fra:1 Mem:70.50M (Peak 70.50M) | Time:00:00.16 | Rendering 64 / 64 samples
Saved: 'C:\Repos\mmo-asset-pipeline\tmp\art-quality-loop\runs\qa\ro-swordsman-combo-r009\v001-isolation-verification\finger3-01-.30-side.png'
Time: 00:00.26 (Saving: 00:00.08)

Fra:1 Mem:70.50M (Peak 70.50M) | Time:00:00.04 | Rendering 1 / 64 samples
Fra:1 Mem:70.50M (Peak 70.50M) | Time:00:00.09 | Rendering 25 / 64 samples
Fra:1 Mem:70.50M (Peak 70.50M) | Time:00:00.14 | Rendering 50 / 64 samples
Fra:1 Mem:70.50M (Peak 70.50M) | Time:00:00.17 | Rendering 64 / 64 samples
Saved: 'C:\Repos\mmo-asset-pipeline\tmp\art-quality-loop\runs\qa\ro-swordsman-combo-r009\v001-isolation-verification\finger3-02-.30-palm.png'
Time: 00:00.27 (Saving: 00:00.08)

Fra:1 Mem:70.50M (Peak 70.50M) | Time:00:00.04 | Rendering 1 / 64 samples
Fra:1 Mem:70.50M (Peak 70.50M) | Time:00:00.08 | Rendering 25 / 64 samples
Fra:1 Mem:70.50M (Peak 70.50M) | Time:00:00.13 | Rendering 50 / 64 samples
Fra:1 Mem:70.50M (Peak 70.50M) | Time:00:00.16 | Rendering 64 / 64 samples
Saved: 'C:\Repos\mmo-asset-pipeline\tmp\art-quality-loop\runs\qa\ro-swordsman-combo-r009\v001-isolation-verification\finger3-02-.30-side.png'
Time: 00:00.26 (Saving: 00:00.07)

Fra:1 Mem:70.50M (Peak 70.50M) | Time:00:00.03 | Rendering 1 / 64 samples
Fra:1 Mem:70.50M (Peak 70.50M) | Time:00:00.08 | Rendering 25 / 64 samples
Fra:1 Mem:70.50M (Peak 70.50M) | Time:00:00.14 | Rendering 50 / 64 samples
Fra:1 Mem:70.50M (Peak 70.50M) | Time:00:00.17 | Rendering 64 / 64 samples
Saved: 'C:\Repos\mmo-asset-pipeline\tmp\art-quality-loop\runs\qa\ro-swordsman-combo-r009\v001-isolation-verification\finger4-01-.30-palm.png'
Time: 00:00.27 (Saving: 00:00.08)

Fra:1 Mem:70.50M (Peak 70.50M) | Time:00:00.04 | Rendering 1 / 64 samples
Fra:1 Mem:70.50M (Peak 70.50M) | Time:00:00.08 | Rendering 25 / 64 samples
Fra:1 Mem:70.50M (Peak 70.50M) | Time:00:00.13 | Rendering 50 / 64 samples
Fra:1 Mem:70.50M (Peak 70.50M) | Time:00:00.16 | Rendering 64 / 64 samples
Saved: 'C:\Repos\mmo-asset-pipeline\tmp\art-quality-loop\runs\qa\ro-swordsman-combo-r009\v001-isolation-verification\finger4-01-.30-side.png'
Time: 00:00.27 (Saving: 00:00.09)

Fra:1 Mem:70.50M (Peak 70.50M) | Time:00:00.04 | Rendering 1 / 64 samples
Fra:1 Mem:70.50M (Peak 70.50M) | Time:00:00.09 | Rendering 25 / 64 samples
Fra:1 Mem:70.50M (Peak 70.50M) | Time:00:00.14 | Rendering 50 / 64 samples
Fra:1 Mem:70.50M (Peak 70.50M) | Time:00:00.17 | Rendering 64 / 64 samples
Saved: 'C:\Repos\mmo-asset-pipeline\tmp\art-quality-loop\runs\qa\ro-swordsman-combo-r009\v001-isolation-verification\finger4-02-.30-palm.png'
Time: 00:00.28 (Saving: 00:00.08)

Fra:1 Mem:70.50M (Peak 70.50M) | Time:00:00.04 | Rendering 1 / 64 samples
Fra:1 Mem:70.50M (Peak 70.50M) | Time:00:00.08 | Rendering 25 / 64 samples
Fra:1 Mem:70.50M (Peak 70.50M) | Time:00:00.13 | Rendering 50 / 64 samples
Fra:1 Mem:70.50M (Peak 70.50M) | Time:00:00.16 | Rendering 64 / 64 samples
Saved: 'C:\Repos\mmo-asset-pipeline\tmp\art-quality-loop\runs\qa\ro-swordsman-combo-r009\v001-isolation-verification\finger4-02-.30-side.png'
Time: 00:00.27 (Saving: 00:00.09)

R009_ISOLATION 3.0719530773294423e-08

Blender quit
