Blender 4.5.5 LTS (hash 836beaaf597a built 2025-11-18 01:33:26)
Read blend: "C:\Repos\mmo-asset-pipeline\tmp\art-quality-loop\assets\processed\ro-swordsman-combo-r008\v004-contact-solver\right_hand_actual_sword_best.blend"
Fra:1 Mem:70.50M (Peak 70.50M) | Time:00:00.56 | Rendering 1 / 64 samples
Fra:1 Mem:70.50M (Peak 70.50M) | Time:00:00.61 | Rendering 25 / 64 samples
Fra:1 Mem:70.50M (Peak 70.50M) | Time:00:00.66 | Rendering 50 / 64 samples
Fra:1 Mem:70.50M (Peak 70.50M) | Time:00:00.69 | Rendering 64 / 64 samples
Saved: 'C:\Repos\mmo-asset-pipeline\tmp\art-quality-loop\runs\qa\ro-swordsman-combo-r009\v001-vectors\finger1-03-0.30-side.png'
Time: 00:00.92 (Saving: 00:00.20)

Fra:1 Mem:70.50M (Peak 70.50M) | Time:00:00.04 | Rendering 1 / 64 samples
Fra:1 Mem:70.50M (Peak 70.50M) | Time:00:00.08 | Rendering 25 / 64 samples
Fra:1 Mem:70.50M (Peak 70.50M) | Time:00:00.13 | Rendering 50 / 64 samples
Fra:1 Mem:70.50M (Peak 70.50M) | Time:00:00.16 | Rendering 64 / 64 samples
Saved: 'C:\Repos\mmo-asset-pipeline\tmp\art-quality-loop\runs\qa\ro-swordsman-combo-r009\v001-vectors\finger2-03-0.30-side.png'
Time: 00:00.26 (Saving: 00:00.08)

Fra:1 Mem:70.50M (Peak 70.50M) | Time:00:00.03 | Rendering 1 / 64 samples
Fra:1 Mem:70.50M (Peak 70.50M) | Time:00:00.08 | Rendering 25 / 64 samples
Fra:1 Mem:70.50M (Peak 70.50M) | Time:00:00.13 | Rendering 50 / 64 samples
Fra:1 Mem:70.50M (Peak 70.50M) | Time:00:00.16 | Rendering 64 / 64 samples
Saved: 'C:\Repos\mmo-asset-pipeline\tmp\art-quality-loop\runs\qa\ro-swordsman-combo-r009\v001-vectors\finger3-03-0.30-side.png'
Time: 00:00.26 (Saving: 00:00.08)

Fra:1 Mem:70.50M (Peak 70.50M) | Time:00:00.04 | Rendering 1 / 64 samples
Fra:1 Mem:70.50M (Peak 70.50M) | Time:00:00.08 | Rendering 25 / 64 samples
Fra:1 Mem:70.50M (Peak 70.50M) | Time:00:00.13 | Rendering 50 / 64 samples
Fra:1 Mem:70.50M (Peak 70.50M) | Time:00:00.16 | Rendering 64 / 64 samples
Saved: 'C:\Repos\mmo-asset-pipeline\tmp\art-quality-loop\runs\qa\ro-swordsman-combo-r009\v001-vectors\finger4-03-0.30-side.png'
Time: 00:00.26 (Saving: 00:00.07)

Fra:1 Mem:70.76M (Peak 70.76M) | Time:00:00.04 | Rendering 1 / 64 samples
Fra:1 Mem:70.76M (Peak 70.76M) | Time:00:00.09 | Rendering 25 / 64 samples
Fra:1 Mem:70.76M (Peak 70.76M) | Time:00:00.14 | Rendering 50 / 64 samples
Fra:1 Mem:70.76M (Peak 70.76M) | Time:00:00.17 | Rendering 64 / 64 samples
Saved: 'C:\Repos\mmo-asset-pipeline\tmp\art-quality-loop\runs\qa\ro-swordsman-combo-r009\v001-vectors\same-grip-palm.png'
Time: 00:00.28 (Saving: 00:00.08)

Fra:1 Mem:70.76M (Peak 70.76M) | Time:00:00.06 | Rendering 1 / 64 samples
Fra:1 Mem:70.76M (Peak 70.76M) | Time:00:00.11 | Rendering 25 / 64 samples
Fra:1 Mem:70.76M (Peak 70.76M) | Time:00:00.16 | Rendering 50 / 64 samples
Fra:1 Mem:70.76M (Peak 70.76M) | Time:00:00.19 | Rendering 64 / 64 samples
Saved: 'C:\Repos\mmo-asset-pipeline\tmp\art-quality-loop\runs\qa\ro-swordsman-combo-r009\v001-vectors\same-grip-side.png'
Time: 00:00.29 (Saving: 00:00.08)

Fra:1 Mem:70.76M (Peak 70.76M) | Time:00:00.04 | Rendering 1 / 64 samples
Fra:1 Mem:70.76M (Peak 70.76M) | Time:00:00.09 | Rendering 25 / 64 samples
Fra:1 Mem:70.76M (Peak 70.76M) | Time:00:00.14 | Rendering 50 / 64 samples
Fra:1 Mem:70.76M (Peak 70.76M) | Time:00:00.17 | Rendering 64 / 64 samples
Saved: 'C:\Repos\mmo-asset-pipeline\tmp\art-quality-loop\runs\qa\ro-swordsman-combo-r009\v001-vectors\same-grip-back.png'
Time: 00:00.28 (Saving: 00:00.08)

Info: Saved as "right_hand_full_vectors.blend"
R009_WEIGHTS {"self": 0, "sword": 0, "contacts": {"finger1": 3, "finger2": 1, "finger3": 3, "finger4": 0, "thumb": 4}, "edges": [[[277, 278], 0.580736798332049], [[372, 388], 0.4417655703372935]], "minratio": 0.34475004895417677, "maxratio": 1.8095347323987723}

Blender quit
