Blender 4.5.5 LTS (hash 836beaaf597a built 2025-11-18 01:33:26)
Read blend: "C:\Repos\mmo-asset-pipeline\tmp\art-quality-loop\assets\processed\ro-swordsman-combo-r009\v001-vectors\right_hand_full_vectors.blend"
Fra:1 Mem:70.74M (Peak 70.74M) | Time:00:00.57 | Rendering 1 / 64 samples
Fra:1 Mem:70.74M (Peak 70.74M) | Time:00:00.63 | Rendering 25 / 64 samples
Fra:1 Mem:70.74M (Peak 70.74M) | Time:00:00.69 | Rendering 50 / 64 samples
Fra:1 Mem:70.74M (Peak 70.74M) | Time:00:00.72 | Rendering 64 / 64 samples
Saved: 'C:\Repos\mmo-asset-pipeline\tmp\art-quality-loop\runs\qa\ro-swordsman-combo-r009\v002-coupled-IK\saved-best-palm.png'
Time: 00:00.95 (Saving: 00:00.20)

Fra:1 Mem:70.74M (Peak 70.74M) | Time:00:00.03 | Rendering 1 / 64 samples
Fra:1 Mem:70.74M (Peak 70.74M) | Time:00:00.09 | Rendering 25 / 64 samples
Fra:1 Mem:70.74M (Peak 70.74M) | Time:00:00.14 | Rendering 50 / 64 samples
Fra:1 Mem:70.74M (Peak 70.74M) | Time:00:00.16 | Rendering 64 / 64 samples
Saved: 'C:\Repos\mmo-asset-pipeline\tmp\art-quality-loop\runs\qa\ro-swordsman-combo-r009\v002-coupled-IK\saved-best-side.png'
Time: 00:00.28 (Saving: 00:00.08)

Fra:1 Mem:70.74M (Peak 70.74M) | Time:00:00.04 | Rendering 1 / 64 samples
Fra:1 Mem:70.74M (Peak 70.74M) | Time:00:00.09 | Rendering 25 / 64 samples
Fra:1 Mem:70.74M (Peak 70.74M) | Time:00:00.14 | Rendering 50 / 64 samples
Fra:1 Mem:70.74M (Peak 70.74M) | Time:00:00.17 | Rendering 64 / 64 samples
Saved: 'C:\Repos\mmo-asset-pipeline\tmp\art-quality-loop\runs\qa\ro-swordsman-combo-r009\v002-coupled-IK\saved-best-back.png'
Time: 00:00.28 (Saving: 00:00.08)

Info: Saved as "right_hand_coupled_contact.blend"
R009_COUPLED {"evals": 83, "full": 11, "stop": "bounded_line_search_stalled", "bestscore": [0.004120985511690378, 0.01236006582621485], "contacts": {"finger1": 3, "finger2": 1, "finger3": 3, "finger4": 0, "thumb": 4}}

Blender quit
