Blender 4.5.5 LTS (hash 836beaaf597a built 2025-11-18 01:33:26)
Read blend: "C:\Repos\mmo-asset-pipeline\tmp\art-quality-loop\assets\processed\ro-swordsman-combo-r009\v003-moving-target\right_hand_moving_target_contact.blend"
Fra:1 Mem:70.74M (Peak 70.74M) | Time:00:00.60 | Rendering 1 / 64 samples
Fra:1 Mem:70.74M (Peak 70.74M) | Time:00:00.65 | Rendering 25 / 64 samples
Fra:1 Mem:70.74M (Peak 70.74M) | Time:00:00.71 | Rendering 50 / 64 samples
Fra:1 Mem:70.74M (Peak 70.74M) | Time:00:00.74 | Rendering 64 / 64 samples
Saved: 'C:\Repos\mmo-asset-pipeline\tmp\art-quality-loop\runs\qa\ro-swordsman-combo-r009\v004-collision-constraints\saved-best-palm.png'
Time: 00:00.98 (Saving: 00:00.20)

Fra:1 Mem:70.74M (Peak 70.74M) | Time:00:00.04 | Rendering 1 / 64 samples
Fra:1 Mem:70.74M (Peak 70.74M) | Time:00:00.09 | Rendering 25 / 64 samples
Fra:1 Mem:70.74M (Peak 70.74M) | Time:00:00.14 | Rendering 50 / 64 samples
Fra:1 Mem:70.74M (Peak 70.74M) | Time:00:00.17 | Rendering 64 / 64 samples
Saved: 'C:\Repos\mmo-asset-pipeline\tmp\art-quality-loop\runs\qa\ro-swordsman-combo-r009\v004-collision-constraints\saved-best-side.png'
Time: 00:00.30 (Saving: 00:00.09)

Fra:1 Mem:70.74M (Peak 70.74M) | Time:00:00.04 | Rendering 1 / 64 samples
Fra:1 Mem:70.74M (Peak 70.74M) | Time:00:00.09 | Rendering 25 / 64 samples
Fra:1 Mem:70.74M (Peak 70.74M) | Time:00:00.14 | Rendering 50 / 64 samples
Fra:1 Mem:70.74M (Peak 70.74M) | Time:00:00.17 | Rendering 64 / 64 samples
Saved: 'C:\Repos\mmo-asset-pipeline\tmp\art-quality-loop\runs\qa\ro-swordsman-combo-r009\v004-collision-constraints\saved-best-back.png'
Time: 00:00.29 (Saving: 00:00.09)

Info: Saved as "right_hand_collision_constrained_contact.blend"
R009_COLLISION_QP {"evals": 86, "full": 7, "stop": "bounded_line_search_stalled", "bestscore": [0.0030924801249057055, 0.010738587006926537], "contacts": {"finger1": 3, "finger2": 1, "finger3": 3, "finger4": 0, "thumb": 3}}

Blender quit
