Blender 4.5.5 LTS (hash 836beaaf597a built 2025-11-18 01:33:26)
Read blend: "C:\Repos\mmo-asset-pipeline\tmp\art-quality-loop\assets\processed\ro-swordsman-character-v1\v001\b18-clipfolds\ro_character_v001_b18-clipfolds.blend"
Saved: 'C:\Repos\mmo-asset-pipeline\tmp\art-quality-loop\runs\qa\ro-swordsman-character-v1\v001\clips\AN_RO_Cast_OpenPalm\a01-check-b18\preview\f000-front.png'
Time: 00:02.19 (Saving: 00:00.47)

Saved: 'C:\Repos\mmo-asset-pipeline\tmp\art-quality-loop\runs\qa\ro-swordsman-character-v1\v001\clips\AN_RO_Cast_OpenPalm\a01-check-b18\preview\f000-right.png'
Time: 00:00.14 (Saving: 00:00.06)

Saved: 'C:\Repos\mmo-asset-pipeline\tmp\art-quality-loop\runs\qa\ro-swordsman-character-v1\v001\clips\AN_RO_Cast_OpenPalm\a01-check-b18\preview\f000-three-quarter.png'
Time: 00:00.24 (Saving: 00:00.10)

Saved: 'C:\Repos\mmo-asset-pipeline\tmp\art-quality-loop\runs\qa\ro-swordsman-character-v1\v001\clips\AN_RO_Cast_OpenPalm\a01-check-b18\preview\f034-front.png'
Time: 00:00.19 (Saving: 00:00.06)

Saved: 'C:\Repos\mmo-asset-pipeline\tmp\art-quality-loop\runs\qa\ro-swordsman-character-v1\v001\clips\AN_RO_Cast_OpenPalm\a01-check-b18\preview\f034-right.png'
Time: 00:01.35 (Saving: 00:01.22)

Saved: 'C:\Repos\mmo-asset-pipeline\tmp\art-quality-loop\runs\qa\ro-swordsman-character-v1\v001\clips\AN_RO_Cast_OpenPalm\a01-check-b18\preview\f034-three-quarter.png'
Time: 00:00.27 (Saving: 00:00.07)

Saved: 'C:\Repos\mmo-asset-pipeline\tmp\art-quality-loop\runs\qa\ro-swordsman-character-v1\v001\clips\AN_RO_Cast_OpenPalm\a01-check-b18\preview\f089-front.png'
Time: 00:00.42 (Saving: 00:00.11)

Saved: 'C:\Repos\mmo-asset-pipeline\tmp\art-quality-loop\runs\qa\ro-swordsman-character-v1\v001\clips\AN_RO_Cast_OpenPalm\a01-check-b18\preview\f089-right.png'
Time: 00:00.40 (Saving: 00:00.08)

Saved: 'C:\Repos\mmo-asset-pipeline\tmp\art-quality-loop\runs\qa\ro-swordsman-character-v1\v001\clips\AN_RO_Cast_OpenPalm\a01-check-b18\preview\f089-three-quarter.png'
Time: 00:00.29 (Saving: 00:00.12)

CV1_CLIP_CHECK {"clip": "AN_RO_Cast_OpenPalm", "samples": 187, "gates": {"clip_time_origin_zero": true, "helper_bones_not_keyed": true, "no_collapse": false, "hand_self_intersection_zero": true, "hand_other_new_intersection_zero": true, "feet_slide": true, "feet_penetration": true, "feet_float": true, "weapon_body_penetration": true, "grasp_functional": true}, "failures": 56, "feet": {"L": [{"window": [0, 89], "slide_m": 0.0, "penetration_m": 0.0, "float_m": 8.089747279882431e-05}], "R": [{"window": [0, 89], "slide_m": 0.0, "penetration_m": 2.2882289396619626e-09, "float_m": 0.0}]}, "loop_seam": null, "report_only": {"other_new_pairs_max": 2012, "min_triangle_area_ratio": 0.04441434394076717}}

Blender quit
