Blender 4.5.5 LTS (hash 836beaaf597a built 2025-11-18 01:33:26)
Read blend: "C:\Repos\mmo-asset-pipeline\tmp\art-quality-loop\assets\processed\ro-swordsman-character-v1\v001\b18-clipfolds\ro_character_v001_b18-clipfolds.blend"
Saved: 'C:\Repos\mmo-asset-pipeline\tmp\art-quality-loop\runs\qa\ro-swordsman-character-v1\v001\clips\AN_RO_Cast_OpenPalm\a03-check-b18\preview\f000-front.png'
Time: 00:01.12 (Saving: 00:00.21)

Saved: 'C:\Repos\mmo-asset-pipeline\tmp\art-quality-loop\runs\qa\ro-swordsman-character-v1\v001\clips\AN_RO_Cast_OpenPalm\a03-check-b18\preview\f000-right.png'
Time: 00:00.07 (Saving: 00:00.03)

Saved: 'C:\Repos\mmo-asset-pipeline\tmp\art-quality-loop\runs\qa\ro-swordsman-character-v1\v001\clips\AN_RO_Cast_OpenPalm\a03-check-b18\preview\f000-three-quarter.png'
Time: 00:00.07 (Saving: 00:00.04)

Saved: 'C:\Repos\mmo-asset-pipeline\tmp\art-quality-loop\runs\qa\ro-swordsman-character-v1\v001\clips\AN_RO_Cast_OpenPalm\a03-check-b18\preview\f006-front.png'
Time: 00:00.07 (Saving: 00:00.03)

Saved: 'C:\Repos\mmo-asset-pipeline\tmp\art-quality-loop\runs\qa\ro-swordsman-character-v1\v001\clips\AN_RO_Cast_OpenPalm\a03-check-b18\preview\f006-right.png'
Time: 00:00.07 (Saving: 00:00.03)

Saved: 'C:\Repos\mmo-asset-pipeline\tmp\art-quality-loop\runs\qa\ro-swordsman-character-v1\v001\clips\AN_RO_Cast_OpenPalm\a03-check-b18\preview\f006-three-quarter.png'
Time: 00:00.07 (Saving: 00:00.03)

Saved: 'C:\Repos\mmo-asset-pipeline\tmp\art-quality-loop\runs\qa\ro-swordsman-character-v1\v001\clips\AN_RO_Cast_OpenPalm\a03-check-b18\preview\f020-front.png'
Time: 00:00.06 (Saving: 00:00.03)

Saved: 'C:\Repos\mmo-asset-pipeline\tmp\art-quality-loop\runs\qa\ro-swordsman-character-v1\v001\clips\AN_RO_Cast_OpenPalm\a03-check-b18\preview\f020-right.png'
Time: 00:00.06 (Saving: 00:00.03)

Saved: 'C:\Repos\mmo-asset-pipeline\tmp\art-quality-loop\runs\qa\ro-swordsman-character-v1\v001\clips\AN_RO_Cast_OpenPalm\a03-check-b18\preview\f020-three-quarter.png'
Time: 00:00.06 (Saving: 00:00.03)

Saved: 'C:\Repos\mmo-asset-pipeline\tmp\art-quality-loop\runs\qa\ro-swordsman-character-v1\v001\clips\AN_RO_Cast_OpenPalm\a03-check-b18\preview\f034-front.png'
Time: 00:00.06 (Saving: 00:00.03)

Saved: 'C:\Repos\mmo-asset-pipeline\tmp\art-quality-loop\runs\qa\ro-swordsman-character-v1\v001\clips\AN_RO_Cast_OpenPalm\a03-check-b18\preview\f034-right.png'
Time: 00:00.06 (Saving: 00:00.03)

Saved: 'C:\Repos\mmo-asset-pipeline\tmp\art-quality-loop\runs\qa\ro-swordsman-character-v1\v001\clips\AN_RO_Cast_OpenPalm\a03-check-b18\preview\f034-three-quarter.png'
Time: 00:00.06 (Saving: 00:00.03)

Saved: 'C:\Repos\mmo-asset-pipeline\tmp\art-quality-loop\runs\qa\ro-swordsman-character-v1\v001\clips\AN_RO_Cast_OpenPalm\a03-check-b18\preview\f046-front.png'
Time: 00:00.06 (Saving: 00:00.03)

Saved: 'C:\Repos\mmo-asset-pipeline\tmp\art-quality-loop\runs\qa\ro-swordsman-character-v1\v001\clips\AN_RO_Cast_OpenPalm\a03-check-b18\preview\f046-right.png'
Time: 00:00.06 (Saving: 00:00.03)

Saved: 'C:\Repos\mmo-asset-pipeline\tmp\art-quality-loop\runs\qa\ro-swordsman-character-v1\v001\clips\AN_RO_Cast_OpenPalm\a03-check-b18\preview\f046-three-quarter.png'
Time: 00:00.06 (Saving: 00:00.03)

Saved: 'C:\Repos\mmo-asset-pipeline\tmp\art-quality-loop\runs\qa\ro-swordsman-character-v1\v001\clips\AN_RO_Cast_OpenPalm\a03-check-b18\preview\f058-front.png'
Time: 00:00.06 (Saving: 00:00.03)

Saved: 'C:\Repos\mmo-asset-pipeline\tmp\art-quality-loop\runs\qa\ro-swordsman-character-v1\v001\clips\AN_RO_Cast_OpenPalm\a03-check-b18\preview\f058-right.png'
Time: 00:00.05 (Saving: 00:00.02)

Saved: 'C:\Repos\mmo-asset-pipeline\tmp\art-quality-loop\runs\qa\ro-swordsman-character-v1\v001\clips\AN_RO_Cast_OpenPalm\a03-check-b18\preview\f058-three-quarter.png'
Time: 00:00.06 (Saving: 00:00.02)

Saved: 'C:\Repos\mmo-asset-pipeline\tmp\art-quality-loop\runs\qa\ro-swordsman-character-v1\v001\clips\AN_RO_Cast_OpenPalm\a03-check-b18\preview\f075-front.png'
Time: 00:00.06 (Saving: 00:00.03)

Saved: 'C:\Repos\mmo-asset-pipeline\tmp\art-quality-loop\runs\qa\ro-swordsman-character-v1\v001\clips\AN_RO_Cast_OpenPalm\a03-check-b18\preview\f075-right.png'
Time: 00:00.06 (Saving: 00:00.03)

Saved: 'C:\Repos\mmo-asset-pipeline\tmp\art-quality-loop\runs\qa\ro-swordsman-character-v1\v001\clips\AN_RO_Cast_OpenPalm\a03-check-b18\preview\f075-three-quarter.png'
Time: 00:00.07 (Saving: 00:00.03)

Saved: 'C:\Repos\mmo-asset-pipeline\tmp\art-quality-loop\runs\qa\ro-swordsman-character-v1\v001\clips\AN_RO_Cast_OpenPalm\a03-check-b18\preview\f084-front.png'
Time: 00:00.06 (Saving: 00:00.03)

Saved: 'C:\Repos\mmo-asset-pipeline\tmp\art-quality-loop\runs\qa\ro-swordsman-character-v1\v001\clips\AN_RO_Cast_OpenPalm\a03-check-b18\preview\f084-right.png'
Time: 00:00.06 (Saving: 00:00.03)

Saved: 'C:\Repos\mmo-asset-pipeline\tmp\art-quality-loop\runs\qa\ro-swordsman-character-v1\v001\clips\AN_RO_Cast_OpenPalm\a03-check-b18\preview\f084-three-quarter.png'
Time: 00:00.06 (Saving: 00:00.03)

Saved: 'C:\Repos\mmo-asset-pipeline\tmp\art-quality-loop\runs\qa\ro-swordsman-character-v1\v001\clips\AN_RO_Cast_OpenPalm\a03-check-b18\preview\f089-front.png'
Time: 00:00.06 (Saving: 00:00.03)

Saved: 'C:\Repos\mmo-asset-pipeline\tmp\art-quality-loop\runs\qa\ro-swordsman-character-v1\v001\clips\AN_RO_Cast_OpenPalm\a03-check-b18\preview\f089-right.png'
Time: 00:00.06 (Saving: 00:00.03)

Saved: 'C:\Repos\mmo-asset-pipeline\tmp\art-quality-loop\runs\qa\ro-swordsman-character-v1\v001\clips\AN_RO_Cast_OpenPalm\a03-check-b18\preview\f089-three-quarter.png'
Time: 00:00.06 (Saving: 00:00.03)

CV1_CLIP_CHECK {"clip": "AN_RO_Cast_OpenPalm", "samples": 187, "gates": {"clip_time_origin_zero": true, "helper_bones_not_keyed": true, "no_collapse": false, "hand_self_intersection_zero": true, "hand_other_new_intersection_zero": true, "feet_slide": true, "feet_penetration": true, "feet_float": true, "weapon_body_penetration": true, "grasp_functional": true}, "failures": 1, "feet": {"L": [{"window": [0, 89], "slide_m": 0.0, "penetration_m": 0.0, "float_m": 8.089747279882431e-05}], "R": [{"window": [0, 89], "slide_m": 0.0, "penetration_m": 2.2882289396619626e-09, "float_m": 0.0}]}, "loop_seam": null, "report_only": {"other_new_pairs_max": 1789, "min_triangle_area_ratio": 0.032962124187222934}}

Blender quit
