INFO Draco mesh compression is available, use library at C:\Program Files\Blender Foundation\Blender 4.5\4.5\scripts\addons_core\io_scene_gltf2\extern_draco.dll
18:51:49 | INFO: Starting glTF 2.0 export
18:51:49 | INFO: Extracting primitive: model.008
18:51:49 | WARNING: More than one shader node tex image used for a texture. The resulting glTF sampler will behave like the first shader node tex image.
18:51:49 | INFO: Primitives created: 1
18:51:49 | INFO: Extracting primitive: model.006
18:51:49 | INFO: Primitives created: 1
18:51:49 | INFO: Extracting primitive: model.002
18:51:49 | INFO: Primitives created: 1
18:51:49 | INFO: Extracting primitive: model
18:51:49 | WARNING: More than one shader node tex image used for a texture. The resulting glTF sampler will behave like the first shader node tex image.
18:51:49 | INFO: Primitives created: 1
18:51:49 | INFO: Extracting primitive: model.004
18:51:49 | INFO: Primitives created: 1
18:51:49 | INFO: Extracting primitive: RO_hand_L
18:51:50 | WARNING: More than one shader node tex image used for a texture. The resulting glTF sampler will behave like the first shader node tex image.
18:51:50 | INFO: Primitives created: 1
18:51:50 | INFO: Extracting primitive: RO_hand_R
18:51:50 | INFO: Primitives created: 1
18:51:50 | INFO: Extracting primitive: model.001
18:51:50 | INFO: Primitives created: 1
18:51:50 | INFO: Extracting primitive: model.005
18:51:50 | INFO: Primitives created: 1
18:51:50 | INFO: Extracting primitive: model.007
18:51:50 | INFO: Primitives created: 1
18:51:50 | INFO: Finished glTF 2.0 export in 1.532259225845337 s

18:51:51 | INFO: Starting glTF 2.0 export
18:51:51 | INFO: Extracting primitive: model.008
18:51:51 | INFO: Primitives created: 1
18:51:51 | INFO: Extracting primitive: model.006
18:51:51 | INFO: Primitives created: 1
18:51:51 | INFO: Extracting primitive: model.002
18:51:51 | INFO: Primitives created: 1
18:51:51 | INFO: Extracting primitive: model
18:51:52 | INFO: Primitives created: 1
18:51:52 | INFO: Extracting primitive: model.004
18:51:52 | INFO: Primitives created: 1
18:51:52 | INFO: Extracting primitive: RO_hand_L
18:51:52 | INFO: Primitives created: 1
18:51:52 | INFO: Extracting primitive: RO_hand_R
18:51:52 | INFO: Primitives created: 1
18:51:52 | INFO: Extracting primitive: model.001
18:51:52 | INFO: Primitives created: 1
18:51:52 | INFO: Extracting primitive: model.005
18:51:52 | INFO: Primitives created: 1
18:51:52 | INFO: Extracting primitive: model.007
18:51:52 | INFO: Primitives created: 1
18:51:52 | INFO: Finished glTF 2.0 export in 0.9134070873260498 s

CV1_EXPORT_CLIP {"clip": "AN_RO_Cast_OpenPalm", "blocks": 22, "glb_bytes": [28029568, 3384008], "half_frames": [0.5, 20.5, 34.5, 56.5, 80.5]}
Blender 4.5.5 LTS (hash 836beaaf597a built 2025-11-18 01:33:26)
Read blend: "C:\Repos\mmo-asset-pipeline\tmp\art-quality-loop\assets\processed\ro-swordsman-character-v1\v001\b18-clipfolds\ro_character_v001_b18-clipfolds.blend"

Blender quit
