INFO Draco mesh compression is available, use library at C:\Program Files\Blender Foundation\Blender 4.5\4.5\scripts\addons_core\io_scene_gltf2\extern_draco.dll
10:40:43 | INFO: Starting glTF 2.0 export
10:40:43 | INFO: Extracting primitive: model.008
10:40:44 | WARNING: More than one shader node tex image used for a texture. The resulting glTF sampler will behave like the first shader node tex image.
10:40:44 | INFO: Primitives created: 1
10:40:44 | INFO: Extracting primitive: model.006
10:40:44 | INFO: Primitives created: 1
10:40:44 | INFO: Extracting primitive: model.002
10:40:44 | INFO: Primitives created: 1
10:40:44 | INFO: Extracting primitive: model
10:40:44 | WARNING: More than one shader node tex image used for a texture. The resulting glTF sampler will behave like the first shader node tex image.
10:40:44 | INFO: Primitives created: 1
10:40:44 | INFO: Extracting primitive: model.004
10:40:44 | INFO: Primitives created: 1
10:40:44 | INFO: Extracting primitive: RO_hand_L
10:40:45 | WARNING: More than one shader node tex image used for a texture. The resulting glTF sampler will behave like the first shader node tex image.
10:40:45 | INFO: Primitives created: 1
10:40:45 | INFO: Extracting primitive: RO_hand_R
10:40:45 | INFO: Primitives created: 1
10:40:45 | INFO: Extracting primitive: model.001
10:40:45 | INFO: Primitives created: 1
10:40:45 | INFO: Extracting primitive: model.005
10:40:45 | INFO: Primitives created: 1
10:40:45 | INFO: Extracting primitive: model.007
10:40:45 | INFO: Primitives created: 1
10:40:45 | INFO: Finished glTF 2.0 export in 1.8090312480926514 s

10:40:46 | INFO: Starting glTF 2.0 export
10:40:46 | INFO: Extracting primitive: model.008
10:40:46 | INFO: Primitives created: 1
10:40:46 | INFO: Extracting primitive: model.006
10:40:46 | INFO: Primitives created: 1
10:40:46 | INFO: Extracting primitive: model.002
10:40:46 | INFO: Primitives created: 1
10:40:46 | INFO: Extracting primitive: model
10:40:47 | INFO: Primitives created: 1
10:40:47 | INFO: Extracting primitive: model.004
10:40:47 | INFO: Primitives created: 1
10:40:47 | INFO: Extracting primitive: RO_hand_L
10:40:47 | INFO: Primitives created: 1
10:40:47 | INFO: Extracting primitive: RO_hand_R
10:40:47 | INFO: Primitives created: 1
10:40:47 | INFO: Extracting primitive: model.001
10:40:47 | INFO: Primitives created: 1
10:40:47 | INFO: Extracting primitive: model.005
10:40:47 | INFO: Primitives created: 1
10:40:47 | INFO: Extracting primitive: model.007
10:40:47 | INFO: Primitives created: 1
10:40:47 | INFO: Finished glTF 2.0 export in 1.0541207790374756 s

CV1_EXPORT_CLIP {"clip": "AN_RO_Cast_OpenPalm", "blocks": 22, "glb_bytes": [28097480, 3452988], "half_frames": [0.5, 20.5, 34.5, 56.5, 80.5]}
Blender 4.5.5 LTS (hash 836beaaf597a built 2025-11-18 01:33:26)
Read blend: "C:\Repos\mmo-asset-pipeline\tmp\art-quality-loop\assets\processed\ro-swordsman-character-v1\v001\b19-crotch\ro_character_v001_b19-crotch.blend"

Blender quit
