Blender 4.5.5 LTS (hash 836beaaf597a built 2025-11-18 01:33:26)
Read blend: "C:\Repos\mmo-asset-pipeline\tmp\art-quality-loop\assets\processed\ro-swordsman-combo-r009\v004-collision-constraints\right_hand_collision_constrained_contact.blend"
Fra:1 Mem:70.82M (Peak 70.82M) | Time:00:00.60 | Rendering 1 / 64 samples
Fra:1 Mem:70.82M (Peak 70.82M) | Time:00:00.66 | Rendering 25 / 64 samples
Fra:1 Mem:70.82M (Peak 70.82M) | Time:00:00.74 | Rendering 50 / 64 samples
Fra:1 Mem:70.82M (Peak 70.82M) | Time:00:00.77 | Rendering 64 / 64 samples
Saved: 'C:\Repos\mmo-asset-pipeline\tmp\art-quality-loop\runs\qa\ro-swordsman-combo-r010\baseline\saved-grip-palm.png'
Time: 00:01.02 (Saving: 00:00.21)

Fra:1 Mem:70.82M (Peak 70.82M) | Time:00:00.04 | Rendering 1 / 64 samples
Fra:1 Mem:70.82M (Peak 70.82M) | Time:00:00.08 | Rendering 25 / 64 samples
Fra:1 Mem:70.82M (Peak 70.82M) | Time:00:00.14 | Rendering 50 / 64 samples
Fra:1 Mem:70.82M (Peak 70.82M) | Time:00:00.16 | Rendering 64 / 64 samples
Saved: 'C:\Repos\mmo-asset-pipeline\tmp\art-quality-loop\runs\qa\ro-swordsman-combo-r010\baseline\saved-grip-side.png'
Time: 00:00.29 (Saving: 00:00.10)

Fra:1 Mem:70.82M (Peak 70.82M) | Time:00:00.03 | Rendering 1 / 64 samples
Fra:1 Mem:70.82M (Peak 70.82M) | Time:00:00.09 | Rendering 25 / 64 samples
Fra:1 Mem:70.82M (Peak 70.82M) | Time:00:00.14 | Rendering 50 / 64 samples
Fra:1 Mem:70.82M (Peak 70.82M) | Time:00:00.17 | Rendering 64 / 64 samples
Saved: 'C:\Repos\mmo-asset-pipeline\tmp\art-quality-loop\runs\qa\ro-swordsman-combo-r010\baseline\saved-grip-back.png'
Time: 00:00.31 (Saving: 00:00.10)

Read blend: "C:\Repos\mmo-asset-pipeline\tmp\art-quality-loop\assets\processed\ro-swordsman-combo-r007\baseline\ro_hand_structure_baseline.blend"
Fra:1 Mem:298.00M (Peak 312.58M) | Time:00:00.24 | Rendering 1 / 64 samples
Fra:1 Mem:298.00M (Peak 312.58M) | Time:00:00.35 | Rendering 25 / 64 samples
Fra:1 Mem:298.00M (Peak 312.58M) | Time:00:00.45 | Rendering 50 / 64 samples
Fra:1 Mem:298.00M (Peak 312.58M) | Time:00:00.51 | Rendering 64 / 64 samples
Saved: 'C:\Repos\mmo-asset-pipeline\tmp\art-quality-loop\runs\qa\ro-swordsman-combo-r010\baseline\front.png'
Time: 00:00.67 (Saving: 00:00.12)

Fra:1 Mem:298.00M (Peak 303.15M) | Time:00:00.08 | Rendering 1 / 64 samples
Fra:1 Mem:298.00M (Peak 303.15M) | Time:00:00.20 | Rendering 25 / 64 samples
Fra:1 Mem:298.00M (Peak 303.15M) | Time:00:00.32 | Rendering 50 / 64 samples
Fra:1 Mem:298.00M (Peak 303.15M) | Time:00:00.39 | Rendering 64 / 64 samples
Saved: 'C:\Repos\mmo-asset-pipeline\tmp\art-quality-loop\runs\qa\ro-swordsman-combo-r010\baseline\side.png'
Time: 00:00.53 (Saving: 00:00.11)

Fra:1 Mem:298.00M (Peak 303.15M) | Time:00:00.08 | Rendering 1 / 64 samples
Fra:1 Mem:298.00M (Peak 303.15M) | Time:00:00.20 | Rendering 25 / 64 samples
Fra:1 Mem:298.00M (Peak 303.15M) | Time:00:00.32 | Rendering 50 / 64 samples
Fra:1 Mem:298.00M (Peak 303.15M) | Time:00:00.38 | Rendering 64 / 64 samples
Saved: 'C:\Repos\mmo-asset-pipeline\tmp\art-quality-loop\runs\qa\ro-swordsman-combo-r010\baseline\back.png'
Time: 00:00.54 (Saving: 00:00.12)

Fra:1 Mem:298.00M (Peak 303.15M) | Time:00:00.08 | Rendering 1 / 64 samples
Fra:1 Mem:298.00M (Peak 303.15M) | Time:00:00.20 | Rendering 25 / 64 samples
Fra:1 Mem:298.00M (Peak 303.15M) | Time:00:00.33 | Rendering 50 / 64 samples
Fra:1 Mem:298.00M (Peak 303.15M) | Time:00:00.40 | Rendering 64 / 64 samples
Saved: 'C:\Repos\mmo-asset-pipeline\tmp\art-quality-loop\runs\qa\ro-swordsman-combo-r010\baseline\three-quarter.png'
Time: 00:00.55 (Saving: 00:00.12)

Fra:1 Mem:298.00M (Peak 303.15M) | Time:00:00.08 | Rendering 1 / 64 samples
Fra:1 Mem:298.00M (Peak 303.15M) | Time:00:00.17 | Rendering 25 / 64 samples
Fra:1 Mem:298.00M (Peak 303.15M) | Time:00:00.27 | Rendering 50 / 64 samples
Fra:1 Mem:298.00M (Peak 303.15M) | Time:00:00.32 | Rendering 64 / 64 samples
Saved: 'C:\Repos\mmo-asset-pipeline\tmp\art-quality-loop\runs\qa\ro-swordsman-combo-r010\baseline\detail.png'
Time: 00:00.48 (Saving: 00:00.13)

{"baseline": "NO_SHIP", "contacts": {"finger1": 3, "finger2": 1, "finger3": 3, "finger4": 0, "thumb": 3}, "pad_normals": {"finger1": {"toward": 28, "opposed": 0, "third_mm": 1.7535447841510177}, "finger2": {"toward": 41, "opposed": 0, "third_mm": 3.0472755897790194}, "finger3": {"toward": 51, "opposed": 0, "third_mm": 1.3666690792888403}, "finger4": {"toward": 26, "opposed": 0, "third_mm": 3.092446830123663}, "thumb": {"toward": 49, "opposed": 12, "third_mm": 1.4786170795559883}}}

Blender quit
