Blender 4.5.5 LTS (hash 836beaaf597a built 2025-11-18 01:33:26)
Read blend: "C:\Repos\mmo-asset-pipeline\tmp\art-quality-loop\assets\processed\ro-swordsman-combo-r009\v004-collision-constraints\right_hand_collision_constrained_contact.blend"
Fra:1 Mem:70.74M (Peak 70.74M) | Time:00:00.57 | Rendering 1 / 64 samples
Fra:1 Mem:70.74M (Peak 70.74M) | Time:00:00.63 | Rendering 25 / 64 samples
Fra:1 Mem:70.74M (Peak 70.74M) | Time:00:00.69 | Rendering 50 / 64 samples
Fra:1 Mem:70.74M (Peak 70.74M) | Time:00:00.72 | Rendering 64 / 64 samples
Saved: 'C:\Repos\mmo-asset-pipeline\tmp\art-quality-loop\runs\qa\ro-swordsman-combo-r010\v001-authored-controls\authored-palm.png'
Time: 00:00.96 (Saving: 00:00.21)

Fra:1 Mem:70.74M (Peak 70.74M) | Time:00:00.04 | Rendering 1 / 64 samples
Fra:1 Mem:70.74M (Peak 70.74M) | Time:00:00.09 | Rendering 25 / 64 samples
Fra:1 Mem:70.74M (Peak 70.74M) | Time:00:00.14 | Rendering 50 / 64 samples
Fra:1 Mem:70.74M (Peak 70.74M) | Time:00:00.17 | Rendering 64 / 64 samples
Saved: 'C:\Repos\mmo-asset-pipeline\tmp\art-quality-loop\runs\qa\ro-swordsman-combo-r010\v001-authored-controls\authored-side.png'
Time: 00:00.29 (Saving: 00:00.09)

Fra:1 Mem:70.74M (Peak 70.74M) | Time:00:00.04 | Rendering 1 / 64 samples
Fra:1 Mem:70.74M (Peak 70.74M) | Time:00:00.09 | Rendering 25 / 64 samples
Fra:1 Mem:70.74M (Peak 70.74M) | Time:00:00.15 | Rendering 50 / 64 samples
Fra:1 Mem:70.74M (Peak 70.74M) | Time:00:00.18 | Rendering 64 / 64 samples
Saved: 'C:\Repos\mmo-asset-pipeline\tmp\art-quality-loop\runs\qa\ro-swordsman-combo-r010\v001-authored-controls\authored-back.png'
Time: 00:00.30 (Saving: 00:00.10)

Info: Saved as "right_hand_authored_controls.blend"
R010_V001 {'self': 0, 'sword': 28, 'contacts': {'finger1': 3, 'finger2': 3, 'finger3': 3, 'finger4': 0, 'thumb': 3}, 'numeric_gate': False}

Blender quit
