INTERVAL_PROGRESS {"frame": 1.0, "contact_required": false, "key_value": 0.0, "surface_ok": true, "pass": true, "self": 0, "sword": 0, "depth_m": 0, "unknown": 0, "minratio": 0.9999906852753707, "maxratio": 1.0000076980985961, "contacts": {"finger1": 0, "finger2": 0, "finger3": 0, "finger4": 0, "thumb": 0}, "weapon_rigid_max_error_m": 8.33000234328132e-09}
INTERVAL_PROGRESS {"frame": 11.0, "contact_required": false, "key_value": 0.017426205798983574, "surface_ok": true, "pass": true, "self": 0, "sword": 0, "depth_m": 0, "unknown": 0, "minratio": 0.7528864646070138, "maxratio": 1.1468008936495515, "contacts": {"finger1": 0, "finger2": 0, "finger3": 0, "finger4": 0, "thumb": 0}, "weapon_rigid_max_error_m": 8.33000234328132e-09}
INTERVAL_PROGRESS {"frame": 21.0, "contact_required": false, "key_value": 0.4064421057701111, "surface_ok": true, "pass": true, "self": 0, "sword": 0, "depth_m": 0, "unknown": 0, "minratio": 0.46781308732636034, "maxratio": 1.5617198856971404, "contacts": {"finger1": 0, "finger2": 0, "finger3": 0, "finger4": 0, "thumb": 0}, "weapon_rigid_max_error_m": 8.33000234328132e-09}
INTERVAL_PROGRESS {"frame": 31.0, "contact_required": true, "key_value": 1.0, "surface_ok": true, "pass": true, "self": 0, "sword": 0, "depth_m": 0, "unknown": 0, "minratio": 0.3783992612615951, "maxratio": 1.8061595511017308, "contacts": {"finger1": 3, "finger2": 3, "finger3": 3, "finger4": 3, "thumb": 3}, "weapon_rigid_max_error_m": 8.33000234328132e-09}
INTERVAL_PROGRESS {"frame": 41.0, "contact_required": true, "key_value": 1.0, "surface_ok": true, "pass": true, "self": 0, "sword": 0, "depth_m": 0, "unknown": 0, "minratio": 0.37840261364700806, "maxratio": 1.8061564136254147, "contacts": {"finger1": 3, "finger2": 3, "finger3": 3, "finger4": 3, "thumb": 3}, "weapon_rigid_max_error_m": 6.143906154658885e-08}
INTERVAL_PROGRESS {"frame": 51.0, "contact_required": true, "key_value": 1.0, "surface_ok": true, "pass": true, "self": 0, "sword": 0, "depth_m": 0, "unknown": 0, "minratio": 0.3783975406656757, "maxratio": 1.8061601365194488, "contacts": {"finger1": 3, "finger2": 3, "finger3": 3, "finger4": 3, "thumb": 3}, "weapon_rigid_max_error_m": 6.188917057900187e-08}
INTERVAL_PROGRESS {"frame": 61.0, "contact_required": true, "key_value": 1.0, "surface_ok": true, "pass": true, "self": 0, "sword": 0, "depth_m": 0, "unknown": 0, "minratio": 0.3784007084982454, "maxratio": 1.8061578039946007, "contacts": {"finger1": 3, "finger2": 3, "finger3": 3, "finger4": 3, "thumb": 3}, "weapon_rigid_max_error_m": 6.705522537231445e-08}
Blender 4.5.5 LTS (hash 836beaaf597a built 2025-11-18 01:33:26)
Read blend: "C:\Repos\mmo-asset-pipeline\tmp\art-quality-loop\assets\processed\ro-swordsman-combo-r010\v003-index-pulp\right_hand_grasp_corrective.blend"
Fra:1 Mem:73.18M (Peak 73.18M) | Time:00:00.59 | Rendering 1 / 64 samples
Fra:1 Mem:73.18M (Peak 73.18M) | Time:00:00.65 | Rendering 25 / 64 samples
Fra:1 Mem:73.18M (Peak 73.18M) | Time:00:00.71 | Rendering 50 / 64 samples
Fra:1 Mem:73.18M (Peak 73.18M) | Time:00:00.75 | Rendering 64 / 64 samples
Saved: 'C:\Repos\mmo-asset-pipeline\tmp\art-quality-loop\runs\qa\ro-swordsman-combo-r010\v003-local-animation\frame-1-palm.png'
Time: 00:01.00 (Saving: 00:00.22)

Fra:1 Mem:73.18M (Peak 73.18M) | Time:00:00.04 | Rendering 1 / 64 samples
Fra:1 Mem:73.18M (Peak 73.18M) | Time:00:00.09 | Rendering 25 / 64 samples
Fra:1 Mem:73.18M (Peak 73.18M) | Time:00:00.14 | Rendering 50 / 64 samples
Fra:1 Mem:73.18M (Peak 73.18M) | Time:00:00.17 | Rendering 64 / 64 samples
Saved: 'C:\Repos\mmo-asset-pipeline\tmp\art-quality-loop\runs\qa\ro-swordsman-combo-r010\v003-local-animation\frame-1-side.png'
Time: 00:00.30 (Saving: 00:00.10)

Fra:16 Mem:73.18M (Peak 73.18M) | Time:00:00.04 | Rendering 1 / 64 samples
Fra:16 Mem:73.18M (Peak 73.18M) | Time:00:00.09 | Rendering 25 / 64 samples
Fra:16 Mem:73.18M (Peak 73.18M) | Time:00:00.14 | Rendering 50 / 64 samples
Fra:16 Mem:73.18M (Peak 73.18M) | Time:00:00.18 | Rendering 64 / 64 samples
Saved: 'C:\Repos\mmo-asset-pipeline\tmp\art-quality-loop\runs\qa\ro-swordsman-combo-r010\v003-local-animation\frame-16-palm.png'
Time: 00:00.29 (Saving: 00:00.09)

Fra:16 Mem:73.18M (Peak 73.18M) | Time:00:00.04 | Rendering 1 / 64 samples
Fra:16 Mem:73.18M (Peak 73.18M) | Time:00:00.09 | Rendering 25 / 64 samples
Fra:16 Mem:73.18M (Peak 73.18M) | Time:00:00.14 | Rendering 50 / 64 samples
Fra:16 Mem:73.18M (Peak 73.18M) | Time:00:00.17 | Rendering 64 / 64 samples
Saved: 'C:\Repos\mmo-asset-pipeline\tmp\art-quality-loop\runs\qa\ro-swordsman-combo-r010\v003-local-animation\frame-16-side.png'
Time: 00:00.27 (Saving: 00:00.08)

Fra:31 Mem:73.18M (Peak 73.18M) | Time:00:00.04 | Rendering 1 / 64 samples
Fra:31 Mem:73.18M (Peak 73.18M) | Time:00:00.09 | Rendering 25 / 64 samples
Fra:31 Mem:73.18M (Peak 73.18M) | Time:00:00.14 | Rendering 50 / 64 samples
Fra:31 Mem:73.18M (Peak 73.18M) | Time:00:00.17 | Rendering 64 / 64 samples
Saved: 'C:\Repos\mmo-asset-pipeline\tmp\art-quality-loop\runs\qa\ro-swordsman-combo-r010\v003-local-animation\frame-31-palm.png'
Time: 00:00.28 (Saving: 00:00.08)

Fra:31 Mem:73.18M (Peak 73.18M) | Time:00:00.03 | Rendering 1 / 64 samples
Fra:31 Mem:73.18M (Peak 73.18M) | Time:00:00.08 | Rendering 25 / 64 samples
Fra:31 Mem:73.18M (Peak 73.18M) | Time:00:00.14 | Rendering 50 / 64 samples
Fra:31 Mem:73.18M (Peak 73.18M) | Time:00:00.16 | Rendering 64 / 64 samples
Saved: 'C:\Repos\mmo-asset-pipeline\tmp\art-quality-loop\runs\qa\ro-swordsman-combo-r010\v003-local-animation\frame-31-side.png'
Time: 00:00.27 (Saving: 00:00.08)

Fra:46 Mem:73.18M (Peak 73.18M) | Time:00:00.04 | Rendering 1 / 64 samples
Fra:46 Mem:73.18M (Peak 73.18M) | Time:00:00.09 | Rendering 25 / 64 samples
Fra:46 Mem:73.18M (Peak 73.18M) | Time:00:00.15 | Rendering 50 / 64 samples
Fra:46 Mem:73.18M (Peak 73.18M) | Time:00:00.18 | Rendering 64 / 64 samples
Saved: 'C:\Repos\mmo-asset-pipeline\tmp\art-quality-loop\runs\qa\ro-swordsman-combo-r010\v003-local-animation\frame-46-palm.png'
Time: 00:00.28 (Saving: 00:00.08)

Fra:46 Mem:73.18M (Peak 73.18M) | Time:00:00.03 | Rendering 1 / 64 samples
Fra:46 Mem:73.18M (Peak 73.18M) | Time:00:00.08 | Rendering 25 / 64 samples
Fra:46 Mem:73.18M (Peak 73.18M) | Time:00:00.14 | Rendering 50 / 64 samples
Fra:46 Mem:73.18M (Peak 73.18M) | Time:00:00.16 | Rendering 64 / 64 samples
Saved: 'C:\Repos\mmo-asset-pipeline\tmp\art-quality-loop\runs\qa\ro-swordsman-combo-r010\v003-local-animation\frame-46-side.png'
Time: 00:00.27 (Saving: 00:00.08)

Fra:61 Mem:73.18M (Peak 73.18M) | Time:00:00.04 | Rendering 1 / 64 samples
Fra:61 Mem:73.18M (Peak 73.18M) | Time:00:00.09 | Rendering 25 / 64 samples
Fra:61 Mem:73.18M (Peak 73.18M) | Time:00:00.15 | Rendering 50 / 64 samples
Fra:61 Mem:73.18M (Peak 73.18M) | Time:00:00.18 | Rendering 64 / 64 samples
Saved: 'C:\Repos\mmo-asset-pipeline\tmp\art-quality-loop\runs\qa\ro-swordsman-combo-r010\v003-local-animation\frame-61-palm.png'
Time: 00:00.29 (Saving: 00:00.08)

Fra:61 Mem:73.18M (Peak 73.18M) | Time:00:00.04 | Rendering 1 / 64 samples
Fra:61 Mem:73.18M (Peak 73.18M) | Time:00:00.13 | Rendering 25 / 64 samples
Fra:61 Mem:73.18M (Peak 73.18M) | Time:00:00.19 | Rendering 50 / 64 samples
Fra:61 Mem:73.18M (Peak 73.18M) | Time:00:00.22 | Rendering 64 / 64 samples
Saved: 'C:\Repos\mmo-asset-pipeline\tmp\art-quality-loop\runs\qa\ro-swordsman-combo-r010\v003-local-animation\frame-61-side.png'
Time: 00:00.32 (Saving: 00:00.08)

Info: Saved as "right_hand_grasp_61f.blend"
R010_INTERVAL_RESULT {'numeric_pass': False, 'samples': 121, 'failures': 1, 'first_failure': {'frame': 46.5, 'contact_required': True, 'key_value': 1.0, 'surface_ok': False, 'pass': False, 'self': 0, 'sword': 0, 'depth_m': 0, 'unknown': 1, 'minratio': 0.3784011444161538, 'maxratio': 1.8061576545909452, 'contacts': {'finger1': 3, 'finger2': 3, 'finger3': 3, 'finger4': 3, 'thumb': 3}, 'weapon_rigid_max_error_m': 6.188917057900187e-08}, 'exported': False}

Blender quit
