Blender 4.5.5 LTS (hash 836beaaf597a built 2025-11-18 01:33:26)
Read blend: "C:\Repos\mmo-asset-pipeline\tmp\art-quality-loop\assets\processed\ro-swordsman-combo-r009\v004-collision-constraints\right_hand_collision_constrained_contact.blend"
Fra:1 Mem:70.91M (Peak 70.91M) | Time:00:00.59 | Rendering 1 / 64 samples
Fra:1 Mem:70.91M (Peak 70.91M) | Time:00:00.65 | Rendering 25 / 64 samples
Fra:1 Mem:70.91M (Peak 70.91M) | Time:00:00.70 | Rendering 50 / 64 samples
Fra:1 Mem:70.91M (Peak 70.91M) | Time:00:00.74 | Rendering 64 / 64 samples
Saved: 'C:\Repos\mmo-asset-pipeline\tmp\art-quality-loop\runs\qa\ro-swordsman-combo-r010\v003-index-pulp\corrected-palm.png'
Time: 00:00.97 (Saving: 00:00.20)

Fra:1 Mem:70.92M (Peak 70.92M) | Time:00:00.04 | Rendering 1 / 64 samples
Fra:1 Mem:70.92M (Peak 70.92M) | Time:00:00.09 | Rendering 25 / 64 samples
Fra:1 Mem:70.92M (Peak 70.92M) | Time:00:00.14 | Rendering 50 / 64 samples
Fra:1 Mem:70.92M (Peak 70.92M) | Time:00:00.17 | Rendering 64 / 64 samples
Saved: 'C:\Repos\mmo-asset-pipeline\tmp\art-quality-loop\runs\qa\ro-swordsman-combo-r010\v003-index-pulp\corrected-side.png'
Time: 00:00.28 (Saving: 00:00.09)

Fra:1 Mem:70.92M (Peak 70.92M) | Time:00:00.04 | Rendering 1 / 64 samples
Fra:1 Mem:70.92M (Peak 70.92M) | Time:00:00.09 | Rendering 25 / 64 samples
Fra:1 Mem:70.92M (Peak 70.92M) | Time:00:00.14 | Rendering 50 / 64 samples
Fra:1 Mem:70.92M (Peak 70.92M) | Time:00:00.17 | Rendering 64 / 64 samples
Saved: 'C:\Repos\mmo-asset-pipeline\tmp\art-quality-loop\runs\qa\ro-swordsman-combo-r010\v003-index-pulp\corrected-back.png'
Time: 00:00.29 (Saving: 00:00.08)

Info: Saved as "right_hand_grasp_corrective.blend"
R010_V003 {'self': 0, 'sword': 0, 'contacts': {'finger1': 3, 'finger2': 3, 'finger3': 3, 'finger4': 3, 'thumb': 3}, 'numeric_gate': True, 'field_points': 75, 'max_delta': 0.0028}

Blender quit
