CV1_TRANSITION_PROBE {"id": "getup-idle-end-b200-s0.5", "t": 0.508333333, "min_ratio": {"blend": 0.02618, "blend_correctives_off": 0.02618, "blend_without_foot_lock": 0.02618, "only:GetUp": 0.07911, "only:Idle": 0.22187}}
CV1_TRANSITION_PROBE {"id": "getup-idle-end-b200-s1.5", "t": 0.95, "min_ratio": {"blend": 0.03438, "blend_correctives_off": 0.03438, "blend_without_foot_lock": 0.22188, "only:Idle": 0.22188}}
CV1_TRANSITION_PROBE {"id": "getup-idle-end-b200-s1.5", "t": 0.958333333, "min_ratio": {"blend": 0.02885, "blend_correctives_off": 0.02885, "blend_without_foot_lock": 0.22191, "only:Idle": 0.22191}}
CV1_TRANSITION_PROBE {"id": "getup-idle-end-b400-s1.0", "t": 1.15, "min_ratio": {"blend": 0.03438, "blend_correctives_off": 0.03438, "blend_without_foot_lock": 0.2219, "only:Idle": 0.2219}}
CV1_TRANSITION_PROBE {"id": "getup-idle-end-b400-s1.0", "t": 1.158333333, "min_ratio": {"blend": 0.02885, "blend_correctives_off": 0.02885, "blend_without_foot_lock": 0.2219, "only:Idle": 0.2219}}
CV1_TRANSITION_PROBE {"id": "getup-idle-end-b400-s1.5", "t": 0.7, "min_ratio": {"blend": 0.02691, "blend_correctives_off": 0.02691, "blend_without_foot_lock": 0.02691, "only:GetUp": 0.10222, "only:Idle": 0.22188}}
CV1_TRANSITION_PROBE {"id": "getup-idle-end-b400-s1.5", "t": 1.15, "min_ratio": {"blend": 0.03438, "blend_correctives_off": 0.03438, "blend_without_foot_lock": 0.2219, "only:Idle": 0.2219}}
CV1_TRANSITION_PROBE {"id": "getup-idle-end-b400-s1.5", "t": 1.158333333, "min_ratio": {"blend": 0.02885, "blend_correctives_off": 0.02885, "blend_without_foot_lock": 0.22188, "only:Idle": 0.22188}}
CV1_TRANSITION_PROBE {"id": "idle-liedown-p0-b200-s0.5", "t": 0.691666667, "min_ratio": {"blend": 0.0285, "blend_correctives_off": 0.0285, "blend_without_foot_lock": 0.0285, "only:Idle": 0.2219, "only:LieDown": 0.05915}}
CV1_TRANSITION_PROBE {"id": "idle-liedown-p0-b400-s1.0", "t": 0.691666667, "min_ratio": {"blend": 0.01949, "blend_correctives_off": 0.01949, "blend_without_foot_lock": 0.01949, "only:Idle": 0.22189, "only:LieDown": 0.10481}}
CV1_TRANSITION_PROBE {"id": "idle-liedown-p0-b400-s1.0", "t": 0.866666667, "min_ratio": {"blend": 0.04714, "blend_correctives_off": 0.04714, "blend_without_foot_lock": 0.11622, "only:Idle": 0.2219, "only:LieDown": 0.11338}}
CV1_TRANSITION_PROBE {"id": "idle-liedown-p0-b400-s1.5", "t": 0.641666667, "min_ratio": {"blend": 0.04841, "blend_correctives_off": 0.04841, "blend_without_foot_lock": 0.04841, "only:Idle": 0.22189, "only:LieDown": 0.1203}}
CV1_TRANSITION_PROBE {"id": "idle-liedown-p0-b400-s1.5", "t": 0.775, "min_ratio": {"blend": 0.02707, "blend_correctives_off": 0.02707, "blend_without_foot_lock": 0.01815, "only:Idle": 0.22189, "only:LieDown": 0.11713}}
CV1_TRANSITION_PROBE {"id": "idle-liedown-p60-b200-s0.5", "t": 0.691666667, "min_ratio": {"blend": 0.0359, "blend_correctives_off": 0.0359, "blend_without_foot_lock": 0.0359, "only:Idle": 0.2219, "only:LieDown": 0.05915}}
CV1_TRANSITION_PROBE {"id": "idle-liedown-p60-b400-s1.0", "t": 0.691666667, "min_ratio": {"blend": 0.04949, "blend_correctives_off": 0.04949, "blend_without_foot_lock": 0.04949, "only:Idle": 0.22189, "only:LieDown": 0.10481}}
CV1_TRANSITION_PROBE {"id": "idle-liedown-p60-b400-s1.0", "t": 0.866666667, "min_ratio": {"blend": 0.04734, "blend_correctives_off": 0.04734, "blend_without_foot_lock": 0.11641, "only:Idle": 0.22189, "only:LieDown": 0.11338}}
CV1_TRANSITION_PROBE {"id": "idle-liedown-p60-b400-s1.5", "t": 0.775, "min_ratio": {"blend": 0.0267, "blend_correctives_off": 0.0267, "blend_without_foot_lock": 0.0177, "only:Idle": 0.22189, "only:LieDown": 0.11713}}
CV1_TRANSITION_PROBE {"id": "idle-walk-p0-b200-s1.5", "t": 0.691666667, "min_ratio": {"blend": 0.01284, "blend_correctives_off": 0.01284, "blend_without_foot_lock": 0.15528, "only:Idle": 0.2219, "only:Walk": 0.13756}}
CV1_TRANSITION_PROBE {"id": "idle-walk-p0-b400-s1.0", "t": 0.808333333, "min_ratio": {"blend": 0.03456, "blend_correctives_off": 0.03456, "blend_without_foot_lock": 0.22188, "only:Idle": 0.22191, "only:Walk": 0.14429}}
CV1_TRANSITION_PROBE {"id": "idle-walk-p0-b400-s1.0", "t": 0.816666667, "min_ratio": {"blend": 0.01527, "blend_correctives_off": 0.01527, "blend_without_foot_lock": 0.2219, "only:Idle": 0.22189, "only:Walk": 0.14414}}
CV1_TRANSITION_PROBE {"id": "idle-walk-p0-b400-s1.5", "t": 0.725, "min_ratio": {"blend": 0.03303, "blend_correctives_off": 0.03303, "blend_without_foot_lock": 0.22189, "only:Idle": 0.22189, "only:Walk": 0.12975}}
CV1_TRANSITION_PROBE {"id": "idle-walk-p0-b400-s1.5", "t": 0.825, "min_ratio": {"blend": 0.0417, "blend_correctives_off": 0.0417, "blend_without_foot_lock": 0.22188, "only:Idle": 0.22189, "only:Walk": 0.14254}}
CV1_TRANSITION_PROBE {"id": "idle-walk-p60-b200-s1.5", "t": 0.691666667, "min_ratio": {"blend": 0.01284, "blend_correctives_off": 0.01284, "blend_without_foot_lock": 0.15528, "only:Idle": 0.22191, "only:Walk": 0.13756}}
CV1_TRANSITION_PROBE {"id": "idle-walk-p60-b400-s1.0", "t": 0.808333333, "min_ratio": {"blend": 0.03456, "blend_correctives_off": 0.03456, "blend_without_foot_lock": 0.22188, "only:Idle": 0.2219, "only:Walk": 0.14429}}
CV1_TRANSITION_PROBE {"id": "idle-walk-p60-b400-s1.0", "t": 0.816666667, "min_ratio": {"blend": 0.01527, "blend_correctives_off": 0.01527, "blend_without_foot_lock": 0.22189, "only:Idle": 0.22189, "only:Walk": 0.14414}}
CV1_TRANSITION_PROBE {"id": "idle-walk-p60-b400-s1.5", "t": 0.725, "min_ratio": {"blend": 0.03303, "blend_correctives_off": 0.03303, "blend_without_foot_lock": 0.22189, "only:Idle": 0.22187, "only:Walk": 0.12975}}
CV1_TRANSITION_PROBE {"id": "idle-walk-p60-b400-s1.5", "t": 0.825, "min_ratio": {"blend": 0.0417, "blend_correctives_off": 0.0417, "blend_without_foot_lock": 0.22188, "only:Idle": 0.2219, "only:Walk": 0.14254}}
CV1_TRANSITION_PROBE {"id": "repeat-idle-walk", "t": 1.016666667, "min_ratio": {"blend": 0.04733, "blend_correctives_off": 0.02382, "blend_without_foot_lock": 0.22188, "only:Idle": 0.22188}}
CV1_TRANSITION_PROBE {"id": "repeat-walk-run", "t": 0.866666667, "min_ratio": {"blend": 0.00522, "blend_correctives_off": 0.00522, "blend_without_foot_lock": 0.00522, "only:Run": 0.11076, "only:Walk": 0.07965}}
CV1_TRANSITION_PROBE {"id": "repeat-walk-run", "t": 0.916666667, "min_ratio": {"blend": 0.04393, "blend_correctives_off": 0.04393, "blend_without_foot_lock": 0.04393, "only:Run": 0.06898, "only:Walk": 0.05485}}
CV1_TRANSITION_PROBE {"id": "run-walk-l-b100-s0.5", "t": 0.541666667, "min_ratio": {"blend": 0.00482, "blend_correctives_off": 0.00482, "blend_without_foot_lock": 0.00482, "only:Run": 0.09337, "only:Walk": 0.12641}}
CV1_TRANSITION_PROBE {"id": "run-walk-l-b100-s0.5", "t": 0.558333333, "min_ratio": {"blend": 0.04625, "blend_correctives_off": 0.04625, "blend_without_foot_lock": 0.04625, "only:Run": 0.10847, "only:Walk": 0.1073}}
CV1_TRANSITION_PROBE {"id": "run-walk-l-b100-s1.0", "t": 0.541666667, "min_ratio": {"blend": 0.01747, "blend_correctives_off": 0.01747, "blend_without_foot_lock": 0.01747, "only:Run": 0.11379, "only:Walk": 0.10458}}
CV1_TRANSITION_PROBE {"id": "run-walk-l-b100-s1.0", "t": 0.55, "min_ratio": {"blend": 0.04013, "blend_correctives_off": 0.04013, "blend_without_foot_lock": 0.04013, "only:Run": 0.09203, "only:Walk": 0.11112}}
CV1_TRANSITION_PROBE {"id": "run-walk-l-b100-s1.5", "t": 0.533333333, "min_ratio": {"blend": 0.0303, "blend_correctives_off": 0.00544, "blend_without_foot_lock": 0.0303, "only:Run": 0.09203, "only:Walk": 0.11112}}
CV1_TRANSITION_PROBE {"id": "run-walk-l-b200-s0.5", "t": 0.575, "min_ratio": {"blend": 0.0053, "blend_correctives_off": 0.0053, "blend_without_foot_lock": 0.0053, "only:Run": 0.11223, "only:Walk": 0.1077}}
CV1_TRANSITION_PROBE {"id": "run-walk-l-b200-s0.5", "t": 0.6, "min_ratio": {"blend": 0.04013, "blend_correctives_off": 0.04013, "blend_without_foot_lock": 0.04013, "only:Run": 0.09203, "only:Walk": 0.11112}}
CV1_TRANSITION_PROBE {"id": "run-walk-l-b200-s1.0", "t": 0.55, "min_ratio": {"blend": 0.03427, "blend_correctives_off": 0.02487, "blend_without_foot_lock": 0.03427, "only:Run": 0.09203, "only:Walk": 0.11112}}
CV1_TRANSITION_PROBE {"id": "run-walk-l-b200-s1.5", "t": 0.533333333, "min_ratio": {"blend": 0.0463, "blend_correctives_off": 0.04085, "blend_without_foot_lock": 0.0463, "only:Run": 0.09203, "only:Walk": 0.11112}}
CV1_TRANSITION_PROBE {"id": "run-walk-l-b400-s0.5", "t": 0.6, "min_ratio": {"blend": 0.03427, "blend_correctives_off": 0.02487, "blend_without_foot_lock": 0.03427, "only:Run": 0.09203, "only:Walk": 0.11112}}
CV1_TRANSITION_PROBE {"id": "run-walk-l-b400-s1.0", "t": 1.241666667, "min_ratio": {"blend": 0.04191, "blend_correctives_off": 0.04191, "blend_without_foot_lock": 0.12501, "only:Walk": 0.12501}}
CV1_TRANSITION_PROBE {"id": "run-walk-r-b100-s0.5", "t": 0.95, "min_ratio": {"blend": 0.02541, "blend_correctives_off": 0.01938, "blend_without_foot_lock": 0.12847, "only:Walk": 0.12847}}
CV1_TRANSITION_PROBE {"id": "run-walk-r-b200-s0.5", "t": 0.966666667, "min_ratio": {"blend": 0.01487, "blend_correctives_off": 0.01804, "blend_without_foot_lock": 0.12634, "only:Walk": 0.12634}}
CV1_TRANSITION_PROBE {"id": "run-walk-r-b400-s1.0", "t": 0.808333333, "min_ratio": {"blend": 0.04729, "blend_correctives_off": 0.04729, "blend_without_foot_lock": 0.04843, "only:Run": 0.09822, "only:Walk": 0.14429}}
CV1_TRANSITION_PROBE {"id": "run-walk-r-b400-s1.5", "t": 0.75, "min_ratio": {"blend": 0.01171, "blend_correctives_off": 0.01171, "blend_without_foot_lock": 0.01118, "only:Run": 0.11379, "only:Walk": 0.08091}}
CV1_TRANSITION_PROBE {"id": "run-walk-r-b400-s1.5", "t": 0.775, "min_ratio": {"blend": 0.04189, "blend_correctives_off": 0.04189, "blend_without_foot_lock": 0.04189, "only:Run": 0.05811, "only:Walk": 0.05551}}
CV1_TRANSITION_PROBE {"id": "walk-idle-l-b100-s0.5", "t": 0.558333333, "min_ratio": {"blend": 0.0393, "blend_correctives_off": 0.0393, "blend_without_foot_lock": 0.0393, "only:Idle": 0.22188, "only:Walk": 0.1073}}
CV1_TRANSITION_PROBE {"id": "walk-idle-l-b100-s1.5", "t": 0.566666667, "min_ratio": {"blend": 0.04396, "blend_correctives_off": 0.04396, "blend_without_foot_lock": 0.04396, "only:Idle": 0.22189, "only:Walk": 0.22189}}
CV1_TRANSITION_PROBE {"id": "walk-idle-l-b400-s0.5", "t": 0.775, "min_ratio": {"blend": 0.04717, "blend_correctives_off": 0.04717, "blend_without_foot_lock": 0.04717, "only:Idle": 0.2219, "only:Walk": 0.21598}}
CV1_TRANSITION_PROBE {"id": "walk-idle-l-b400-s1.0", "t": 1.1, "min_ratio": {"blend": 0.01616, "blend_correctives_off": 0.01616, "blend_without_foot_lock": 0.2219, "only:Idle": 0.2219}}
CV1_TRANSITION_PROBE {"id": "walk-idle-l-b400-s1.0", "t": 1.116666667, "min_ratio": {"blend": 0.00788, "blend_correctives_off": 0.00788, "blend_without_foot_lock": 0.2219, "only:Idle": 0.2219}}
CV1_TRANSITION_PROBE {"id": "walk-idle-l-b400-s1.5", "t": 0.683333333, "min_ratio": {"blend": 0.03574, "blend_correctives_off": 0.03574, "blend_without_foot_lock": 0.03574, "only:Idle": 0.2219, "only:Walk": 0.19673}}
CV1_TRANSITION_PROBE {"id": "walk-idle-r-b100-s1.0", "t": 0.783333333, "min_ratio": {"blend": 0.04261, "blend_correctives_off": 0.04261, "blend_without_foot_lock": 0.22189, "only:Idle": 0.22189}}
CV1_TRANSITION_PROBE {"id": "walk-idle-r-b100-s1.5", "t": 0.808333333, "min_ratio": {"blend": 0.00904, "blend_correctives_off": 0.00904, "blend_without_foot_lock": 0.22189, "only:Idle": 0.22189}}
CV1_TRANSITION_PROBE {"id": "walk-idle-r-b100-s1.5", "t": 0.833333333, "min_ratio": {"blend": 0.01961, "blend_correctives_off": 0.01961, "blend_without_foot_lock": 0.2219, "only:Idle": 0.2219}}
CV1_TRANSITION_PROBE {"id": "walk-idle-r-b200-s0.5", "t": 0.883333333, "min_ratio": {"blend": 0.04261, "blend_correctives_off": 0.04261, "blend_without_foot_lock": 0.22189, "only:Idle": 0.22189}}
CV1_TRANSITION_PROBE {"id": "walk-idle-r-b200-s1.0", "t": 0.908333333, "min_ratio": {"blend": 0.01476, "blend_correctives_off": 0.01476, "blend_without_foot_lock": 0.2219, "only:Idle": 0.2219}}
CV1_TRANSITION_PROBE {"id": "walk-idle-r-b400-s0.5", "t": 1.108333333, "min_ratio": {"blend": 0.01476, "blend_correctives_off": 0.01476, "blend_without_foot_lock": 0.22189, "only:Idle": 0.22189}}
CV1_TRANSITION_PROBE {"id": "walk-idle-r-b400-s1.0", "t": 0.783333333, "min_ratio": {"blend": 0.02866, "blend_correctives_off": 0.02055, "blend_without_foot_lock": 0.2219, "only:Idle": 0.22189, "only:Walk": 0.13556}}
CV1_TRANSITION_PROBE {"id": "walk-idle-r-b400-s1.0", "t": 0.8, "min_ratio": {"blend": 0.04531, "blend_correctives_off": 0.03157, "blend_without_foot_lock": 0.22188, "only:Idle": 0.22188, "only:Walk": 0.14445}}
CV1_TRANSITION_PROBE {"id": "walk-run-l-b100-s0.5", "t": 0.541666667, "min_ratio": {"blend": 0.04643, "blend_correctives_off": 0.04643, "blend_without_foot_lock": 0.04643, "only:Run": 0.09337, "only:Walk": 0.12641}}
CV1_TRANSITION_PROBE {"id": "walk-run-l-b100-s0.5", "t": 0.558333333, "min_ratio": {"blend": 0.00614, "blend_correctives_off": 0.00614, "blend_without_foot_lock": 0.00614, "only:Run": 0.10847, "only:Walk": 0.1073}}
CV1_TRANSITION_PROBE {"id": "walk-run-l-b100-s1.0", "t": 0.55, "min_ratio": {"blend": 0.04013, "blend_correctives_off": 0.04013, "blend_without_foot_lock": 0.04013, "only:Run": 0.09203, "only:Walk": 0.11112}}
CV1_TRANSITION_PROBE {"id": "walk-run-l-b200-s0.5", "t": 0.6, "min_ratio": {"blend": 0.04013, "blend_correctives_off": 0.04013, "blend_without_foot_lock": 0.04013, "only:Run": 0.09203, "only:Walk": 0.11112}}
CV1_TRANSITION_PROBE {"id": "walk-run-l-b400-s1.5", "t": 0.975, "min_ratio": {"blend": 0.01286, "blend_correctives_off": 0.01286, "blend_without_foot_lock": 0.1069, "only:Run": 0.1069}}
CV1_TRANSITION_PROBE {"id": "walk-run-r-b400-s1.0", "t": 0.775, "min_ratio": {"blend": 0.02097, "blend_correctives_off": 0.01155, "blend_without_foot_lock": 0.05689, "only:Run": 0.10275, "only:Walk": 0.13142}}
CV1_TRANSITION_PROBE {"id": "walk-run-r-b400-s1.5", "t": 0.708333333, "min_ratio": {"blend": 0.0101, "blend_correctives_off": 0.0101, "blend_without_foot_lock": 0.01673, "only:Run": 0.10096, "only:Walk": 0.14421}}
CV1_TRANSITION_PROBE {"id": "walk-run-r-b400-s1.5", "t": 0.783333333, "min_ratio": {"blend": 0.04539, "blend_correctives_off": 0.03875, "blend_without_foot_lock": 0.04539, "only:Run": 0.08077, "only:Walk": 0.05672}}
Blender 4.5.5 LTS (hash 836beaaf597a built 2025-11-18 01:33:26)
Read blend: "C:\Repos\mmo-asset-pipeline\tmp\art-quality-loop\assets\processed\ro-swordsman-character-v1\v001\b20-coatlie3\ro_character_v001_b20-coatlie3.blend"

Blender quit
