CV1_TRANSITION {"id": "idle-cast-p0-b100-s0.5", "pass": true, "failing": []}
CV1_TRANSITION {"id": "idle-liedown-p60-b100-s0.5", "pass": true, "failing": []}
CV1_TRANSITION {"id": "run-walk-l-b100-s0.5", "pass": false, "failing": ["collapse"]}
CV1_TRANSITION {"id": "walk-castupper-walk-r-b100-s0.5", "pass": true, "failing": []}
CV1_TRANSITION {"id": "idle-walk-p60-b100-s1.0", "pass": true, "failing": []}
CV1_TRANSITION {"id": "walk-run-r-b100-s1.0", "pass": true, "failing": []}
CV1_TRANSITION {"id": "getup-idle-end-b100-s1.0", "pass": true, "failing": []}
CV1_TRANSITION {"id": "idle-cast-p0-b100-s1.5", "pass": true, "failing": []}
CV1_TRANSITION {"id": "idle-liedown-p60-b100-s1.5", "pass": true, "failing": []}
CV1_TRANSITION {"id": "run-walk-l-b100-s1.5", "pass": false, "failing": ["collapse"]}
CV1_TRANSITION {"id": "walk-castupper-walk-r-b100-s1.5", "pass": true, "failing": []}
CV1_TRANSITION {"id": "idle-walk-p60-b200-s0.5", "pass": true, "failing": []}
CV1_TRANSITION {"id": "walk-run-r-b200-s0.5", "pass": true, "failing": []}
CV1_TRANSITION {"id": "getup-idle-end-b200-s0.5", "pass": false, "failing": ["collapse"]}
CV1_TRANSITION {"id": "idle-cast-p0-b200-s1.0", "pass": true, "failing": []}
CV1_TRANSITION {"id": "idle-liedown-p60-b200-s1.0", "pass": true, "failing": []}
CV1_TRANSITION {"id": "run-walk-l-b200-s1.0", "pass": false, "failing": ["collapse"]}
CV1_TRANSITION {"id": "walk-castupper-walk-r-b200-s1.0", "pass": true, "failing": []}
CV1_TRANSITION {"id": "idle-walk-p60-b200-s1.5", "pass": false, "failing": ["collapse"]}
CV1_TRANSITION {"id": "walk-run-r-b200-s1.5", "pass": true, "failing": []}
CV1_TRANSITION {"id": "getup-idle-end-b200-s1.5", "pass": false, "failing": ["collapse"]}
CV1_TRANSITION {"id": "idle-cast-p0-b400-s0.5", "pass": true, "failing": []}
CV1_TRANSITION {"id": "idle-liedown-p60-b400-s0.5", "pass": true, "failing": []}
CV1_TRANSITION {"id": "run-walk-l-b400-s0.5", "pass": false, "failing": ["collapse"]}
CV1_TRANSITION {"id": "walk-castupper-walk-r-b400-s0.5", "pass": true, "failing": []}
CV1_TRANSITION {"id": "idle-walk-p60-b400-s1.0", "pass": false, "failing": ["collapse"]}
CV1_TRANSITION {"id": "walk-run-r-b400-s1.0", "pass": false, "failing": ["collapse"]}
CV1_TRANSITION {"id": "getup-idle-end-b400-s1.0", "pass": false, "failing": ["collapse"]}
CV1_TRANSITION {"id": "idle-cast-p0-b400-s1.5", "pass": true, "failing": []}
CV1_TRANSITION {"id": "idle-liedown-p60-b400-s1.5", "pass": false, "failing": ["collapse"]}
CV1_TRANSITION {"id": "run-walk-l-b400-s1.5", "pass": false, "failing": []}
CV1_TRANSITION {"id": "walk-castupper-walk-r-b400-s1.5", "pass": true, "failing": []}
CV1_TRANSITION_DONE {"scenarios": 32, "passed": 20, "reference_blocks": 17}
Blender 4.5.5 LTS (hash 836beaaf597a built 2025-11-18 01:33:26)
Read blend: "C:\Repos\mmo-asset-pipeline\tmp\art-quality-loop\assets\processed\ro-swordsman-character-v1\v001\b20-coatlie3\ro_character_v001_b20-coatlie3.blend"

Blender quit
