INFO Draco mesh compression is available, use library at C:\Program Files\Blender Foundation\Blender 4.5\4.5\scripts\addons_core\io_scene_gltf2\extern_draco.dll
10:26:36 | INFO: Starting glTF 2.0 export
10:26:36 | INFO: Extracting primitive: model.008
10:26:37 | WARNING: More than one shader node tex image used for a texture. The resulting glTF sampler will behave like the first shader node tex image.
10:26:37 | INFO: Primitives created: 1
10:26:37 | INFO: Extracting primitive: model.006
10:26:37 | INFO: Primitives created: 1
10:26:37 | INFO: Extracting primitive: model.002
10:26:37 | INFO: Primitives created: 1
10:26:37 | INFO: Extracting primitive: model
10:26:37 | WARNING: More than one shader node tex image used for a texture. The resulting glTF sampler will behave like the first shader node tex image.
10:26:37 | INFO: Primitives created: 1
10:26:37 | INFO: Extracting primitive: model.004
10:26:37 | INFO: Primitives created: 1
10:26:37 | INFO: Extracting primitive: RO_hand_L
10:26:38 | WARNING: More than one shader node tex image used for a texture. The resulting glTF sampler will behave like the first shader node tex image.
10:26:38 | INFO: Primitives created: 1
10:26:38 | INFO: Extracting primitive: RO_hand_R
10:26:38 | INFO: Primitives created: 1
10:26:38 | INFO: Extracting primitive: model.001
10:26:38 | INFO: Primitives created: 1
10:26:38 | INFO: Extracting primitive: model.005
10:26:38 | INFO: Primitives created: 1
10:26:38 | INFO: Extracting primitive: model.007
10:26:38 | INFO: Primitives created: 1
10:26:38 | INFO: Finished glTF 2.0 export in 1.828028678894043 s

10:26:40 | INFO: Starting glTF 2.0 export
10:26:40 | INFO: Extracting primitive: model.008
10:26:40 | INFO: Primitives created: 1
10:26:40 | INFO: Extracting primitive: model.006
10:26:40 | INFO: Primitives created: 1
10:26:40 | INFO: Extracting primitive: model.002
10:26:40 | INFO: Primitives created: 1
10:26:40 | INFO: Extracting primitive: model
10:26:41 | INFO: Primitives created: 1
10:26:41 | INFO: Extracting primitive: model.004
10:26:41 | INFO: Primitives created: 1
10:26:41 | INFO: Extracting primitive: RO_hand_L
10:26:41 | INFO: Primitives created: 1
10:26:41 | INFO: Extracting primitive: RO_hand_R
10:26:41 | INFO: Primitives created: 1
10:26:41 | INFO: Extracting primitive: model.001
10:26:41 | INFO: Primitives created: 1
10:26:41 | INFO: Extracting primitive: model.005
10:26:41 | INFO: Primitives created: 1
10:26:41 | INFO: Extracting primitive: model.007
10:26:41 | INFO: Primitives created: 1
10:26:41 | INFO: Finished glTF 2.0 export in 1.0874242782592773 s

CV1_EXPORT_CANDIDATE {"frames": 43, "blocks": 44, "glb_bytes": [27992852, 3334256], "morph_channels": 74, "state_keys": ["grasp.L", "grasp.R"]}
Blender 4.5.5 LTS (hash 836beaaf597a built 2025-11-18 01:33:26)
Read blend: "C:\Repos\mmo-asset-pipeline\tmp\art-quality-loop\assets\processed\ro-swordsman-character-v1\v001\b19-crotch\ro_character_v001_b19-crotch.blend"

Blender quit
