Blender 4.5.5 LTS (hash 836beaaf597a built 2025-11-18 01:33:26)
Read blend: "C:\Repos\mmo-asset-pipeline\tmp\art-quality-loop\assets\processed\ro-swordsman-character-v1\v001\b18-clipfolds\ro_character_v001_b18-clipfolds.blend"
Saved: 'C:\Repos\mmo-asset-pipeline\tmp\art-quality-loop\runs\qa\ro-swordsman-character-v1\v001\clips\AN_RO_LieDown\a01-preview\preview\f000-front.png'
Time: 00:00.69 (Saving: 00:00.15)

Saved: 'C:\Repos\mmo-asset-pipeline\tmp\art-quality-loop\runs\qa\ro-swordsman-character-v1\v001\clips\AN_RO_LieDown\a01-preview\preview\f000-right.png'
Time: 00:00.06 (Saving: 00:00.03)

Saved: 'C:\Repos\mmo-asset-pipeline\tmp\art-quality-loop\runs\qa\ro-swordsman-character-v1\v001\clips\AN_RO_LieDown\a01-preview\preview\f000-three-quarter.png'
Time: 00:00.05 (Saving: 00:00.02)

Saved: 'C:\Repos\mmo-asset-pipeline\tmp\art-quality-loop\runs\qa\ro-swordsman-character-v1\v001\clips\AN_RO_LieDown\a01-preview\preview\f010-front.png'
Time: 00:00.05 (Saving: 00:00.02)

Saved: 'C:\Repos\mmo-asset-pipeline\tmp\art-quality-loop\runs\qa\ro-swordsman-character-v1\v001\clips\AN_RO_LieDown\a01-preview\preview\f010-right.png'
Time: 00:00.05 (Saving: 00:00.02)

Saved: 'C:\Repos\mmo-asset-pipeline\tmp\art-quality-loop\runs\qa\ro-swordsman-character-v1\v001\clips\AN_RO_LieDown\a01-preview\preview\f010-three-quarter.png'
Time: 00:00.05 (Saving: 00:00.02)

Saved: 'C:\Repos\mmo-asset-pipeline\tmp\art-quality-loop\runs\qa\ro-swordsman-character-v1\v001\clips\AN_RO_LieDown\a01-preview\preview\f018-front.png'
Time: 00:00.05 (Saving: 00:00.03)

Saved: 'C:\Repos\mmo-asset-pipeline\tmp\art-quality-loop\runs\qa\ro-swordsman-character-v1\v001\clips\AN_RO_LieDown\a01-preview\preview\f018-right.png'
Time: 00:00.05 (Saving: 00:00.02)

Saved: 'C:\Repos\mmo-asset-pipeline\tmp\art-quality-loop\runs\qa\ro-swordsman-character-v1\v001\clips\AN_RO_LieDown\a01-preview\preview\f018-three-quarter.png'
Time: 00:00.05 (Saving: 00:00.02)

Saved: 'C:\Repos\mmo-asset-pipeline\tmp\art-quality-loop\runs\qa\ro-swordsman-character-v1\v001\clips\AN_RO_LieDown\a01-preview\preview\f026-front.png'
Time: 00:00.05 (Saving: 00:00.02)

Saved: 'C:\Repos\mmo-asset-pipeline\tmp\art-quality-loop\runs\qa\ro-swordsman-character-v1\v001\clips\AN_RO_LieDown\a01-preview\preview\f026-right.png'
Time: 00:00.05 (Saving: 00:00.03)

Saved: 'C:\Repos\mmo-asset-pipeline\tmp\art-quality-loop\runs\qa\ro-swordsman-character-v1\v001\clips\AN_RO_LieDown\a01-preview\preview\f026-three-quarter.png'
Time: 00:00.05 (Saving: 00:00.02)

Saved: 'C:\Repos\mmo-asset-pipeline\tmp\art-quality-loop\runs\qa\ro-swordsman-character-v1\v001\clips\AN_RO_LieDown\a01-preview\preview\f030-front.png'
Time: 00:00.05 (Saving: 00:00.03)

Saved: 'C:\Repos\mmo-asset-pipeline\tmp\art-quality-loop\runs\qa\ro-swordsman-character-v1\v001\clips\AN_RO_LieDown\a01-preview\preview\f030-right.png'
Time: 00:00.05 (Saving: 00:00.02)

Saved: 'C:\Repos\mmo-asset-pipeline\tmp\art-quality-loop\runs\qa\ro-swordsman-character-v1\v001\clips\AN_RO_LieDown\a01-preview\preview\f030-three-quarter.png'
Time: 00:00.05 (Saving: 00:00.02)

Saved: 'C:\Repos\mmo-asset-pipeline\tmp\art-quality-loop\runs\qa\ro-swordsman-character-v1\v001\clips\AN_RO_LieDown\a01-preview\preview\f036-front.png'
Time: 00:00.05 (Saving: 00:00.02)

Saved: 'C:\Repos\mmo-asset-pipeline\tmp\art-quality-loop\runs\qa\ro-swordsman-character-v1\v001\clips\AN_RO_LieDown\a01-preview\preview\f036-right.png'
Time: 00:00.05 (Saving: 00:00.03)

Saved: 'C:\Repos\mmo-asset-pipeline\tmp\art-quality-loop\runs\qa\ro-swordsman-character-v1\v001\clips\AN_RO_LieDown\a01-preview\preview\f036-three-quarter.png'
Time: 00:00.05 (Saving: 00:00.02)

Saved: 'C:\Repos\mmo-asset-pipeline\tmp\art-quality-loop\runs\qa\ro-swordsman-character-v1\v001\clips\AN_RO_LieDown\a01-preview\preview\f044-front.png'
Time: 00:00.05 (Saving: 00:00.02)

Saved: 'C:\Repos\mmo-asset-pipeline\tmp\art-quality-loop\runs\qa\ro-swordsman-character-v1\v001\clips\AN_RO_LieDown\a01-preview\preview\f044-right.png'
Time: 00:00.05 (Saving: 00:00.02)

Saved: 'C:\Repos\mmo-asset-pipeline\tmp\art-quality-loop\runs\qa\ro-swordsman-character-v1\v001\clips\AN_RO_LieDown\a01-preview\preview\f044-three-quarter.png'
Time: 00:00.05 (Saving: 00:00.02)

Saved: 'C:\Repos\mmo-asset-pipeline\tmp\art-quality-loop\runs\qa\ro-swordsman-character-v1\v001\clips\AN_RO_LieDown\a01-preview\preview\f050-front.png'
Time: 00:00.05 (Saving: 00:00.02)

Saved: 'C:\Repos\mmo-asset-pipeline\tmp\art-quality-loop\runs\qa\ro-swordsman-character-v1\v001\clips\AN_RO_LieDown\a01-preview\preview\f050-right.png'
Time: 00:00.04 (Saving: 00:00.02)

Saved: 'C:\Repos\mmo-asset-pipeline\tmp\art-quality-loop\runs\qa\ro-swordsman-character-v1\v001\clips\AN_RO_LieDown\a01-preview\preview\f050-three-quarter.png'
Time: 00:00.05 (Saving: 00:00.03)

Saved: 'C:\Repos\mmo-asset-pipeline\tmp\art-quality-loop\runs\qa\ro-swordsman-character-v1\v001\clips\AN_RO_LieDown\a01-preview\preview\f056-front.png'
Time: 00:00.05 (Saving: 00:00.03)

Saved: 'C:\Repos\mmo-asset-pipeline\tmp\art-quality-loop\runs\qa\ro-swordsman-character-v1\v001\clips\AN_RO_LieDown\a01-preview\preview\f056-right.png'
Time: 00:00.05 (Saving: 00:00.02)

Saved: 'C:\Repos\mmo-asset-pipeline\tmp\art-quality-loop\runs\qa\ro-swordsman-character-v1\v001\clips\AN_RO_LieDown\a01-preview\preview\f056-three-quarter.png'
Time: 00:00.05 (Saving: 00:00.02)

Saved: 'C:\Repos\mmo-asset-pipeline\tmp\art-quality-loop\runs\qa\ro-swordsman-character-v1\v001\clips\AN_RO_LieDown\a01-preview\preview\f063-front.png'
Time: 00:00.05 (Saving: 00:00.02)

Saved: 'C:\Repos\mmo-asset-pipeline\tmp\art-quality-loop\runs\qa\ro-swordsman-character-v1\v001\clips\AN_RO_LieDown\a01-preview\preview\f063-right.png'
Time: 00:00.05 (Saving: 00:00.02)

Saved: 'C:\Repos\mmo-asset-pipeline\tmp\art-quality-loop\runs\qa\ro-swordsman-character-v1\v001\clips\AN_RO_LieDown\a01-preview\preview\f063-three-quarter.png'
Time: 00:00.05 (Saving: 00:00.02)

Saved: 'C:\Repos\mmo-asset-pipeline\tmp\art-quality-loop\runs\qa\ro-swordsman-character-v1\v001\clips\AN_RO_LieDown\a01-preview\preview\f089-front.png'
Time: 00:00.05 (Saving: 00:00.02)

Saved: 'C:\Repos\mmo-asset-pipeline\tmp\art-quality-loop\runs\qa\ro-swordsman-character-v1\v001\clips\AN_RO_LieDown\a01-preview\preview\f089-right.png'
Time: 00:00.05 (Saving: 00:00.03)

Saved: 'C:\Repos\mmo-asset-pipeline\tmp\art-quality-loop\runs\qa\ro-swordsman-character-v1\v001\clips\AN_RO_LieDown\a01-preview\preview\f089-three-quarter.png'
Time: 00:00.05 (Saving: 00:00.02)

CV1_CLIP_PREVIEW {"frames": [0, 10, 18, 26, 30, 36, 44, 50, 56, 63, 89]}
