Blender 4.5.5 LTS (hash 836beaaf597a built 2025-11-18 01:33:26)
Read blend: "C:\Repos\mmo-asset-pipeline\tmp\art-quality-loop\assets\processed\ro-swordsman-character-v1\v001\b18-clipfolds\ro_character_v001_b18-clipfolds.blend"
Saved: 'C:\Repos\mmo-asset-pipeline\tmp\art-quality-loop\runs\qa\ro-swordsman-character-v1\v001\clips\AN_RO_LieDown\a01-check-b18\preview\f000-front.png'
Time: 00:00.75 (Saving: 00:00.17)

Saved: 'C:\Repos\mmo-asset-pipeline\tmp\art-quality-loop\runs\qa\ro-swordsman-character-v1\v001\clips\AN_RO_LieDown\a01-check-b18\preview\f000-right.png'
Time: 00:00.05 (Saving: 00:00.02)

Saved: 'C:\Repos\mmo-asset-pipeline\tmp\art-quality-loop\runs\qa\ro-swordsman-character-v1\v001\clips\AN_RO_LieDown\a01-check-b18\preview\f000-three-quarter.png'
Time: 00:00.06 (Saving: 00:00.03)

Saved: 'C:\Repos\mmo-asset-pipeline\tmp\art-quality-loop\runs\qa\ro-swordsman-character-v1\v001\clips\AN_RO_LieDown\a01-check-b18\preview\f030-front.png'
Time: 00:00.06 (Saving: 00:00.03)

Saved: 'C:\Repos\mmo-asset-pipeline\tmp\art-quality-loop\runs\qa\ro-swordsman-character-v1\v001\clips\AN_RO_LieDown\a01-check-b18\preview\f030-right.png'
Time: 00:00.06 (Saving: 00:00.03)

Saved: 'C:\Repos\mmo-asset-pipeline\tmp\art-quality-loop\runs\qa\ro-swordsman-character-v1\v001\clips\AN_RO_LieDown\a01-check-b18\preview\f030-three-quarter.png'
Time: 00:00.06 (Saving: 00:00.03)

Saved: 'C:\Repos\mmo-asset-pipeline\tmp\art-quality-loop\runs\qa\ro-swordsman-character-v1\v001\clips\AN_RO_LieDown\a01-check-b18\preview\f050-front.png'
Time: 00:00.05 (Saving: 00:00.02)

Saved: 'C:\Repos\mmo-asset-pipeline\tmp\art-quality-loop\runs\qa\ro-swordsman-character-v1\v001\clips\AN_RO_LieDown\a01-check-b18\preview\f050-right.png'
Time: 00:00.05 (Saving: 00:00.02)

Saved: 'C:\Repos\mmo-asset-pipeline\tmp\art-quality-loop\runs\qa\ro-swordsman-character-v1\v001\clips\AN_RO_LieDown\a01-check-b18\preview\f050-three-quarter.png'
Time: 00:00.05 (Saving: 00:00.02)

Saved: 'C:\Repos\mmo-asset-pipeline\tmp\art-quality-loop\runs\qa\ro-swordsman-character-v1\v001\clips\AN_RO_LieDown\a01-check-b18\preview\f063-front.png'
Time: 00:00.05 (Saving: 00:00.02)

Saved: 'C:\Repos\mmo-asset-pipeline\tmp\art-quality-loop\runs\qa\ro-swordsman-character-v1\v001\clips\AN_RO_LieDown\a01-check-b18\preview\f063-right.png'
Time: 00:00.05 (Saving: 00:00.02)

Saved: 'C:\Repos\mmo-asset-pipeline\tmp\art-quality-loop\runs\qa\ro-swordsman-character-v1\v001\clips\AN_RO_LieDown\a01-check-b18\preview\f063-three-quarter.png'
Time: 00:00.05 (Saving: 00:00.02)

CV1_CLIP_CHECK {"clip": "AN_RO_LieDown", "samples": 199, "gates": {"clip_time_origin_zero": true, "helper_bones_not_keyed": true, "no_collapse": false, "hand_self_intersection_zero": true, "hand_other_new_intersection_zero": true, "feet_slide": true, "feet_penetration": true, "feet_float": true, "weapon_body_penetration": false, "grasp_functional": false, "sword_socket_pop": true, "bed_support_penetration": true, "bed_support_float": true, "bed_support_over_bed": true}, "failures": 89, "feet": {"L": [{"window": [16, 32], "slide_m": 6.949053753984751e-05, "penetration_m": 0.0, "float_m": 2.660773679963313e-05}], "R": [{"window": [16, 32], "slide_m": 6.946005227934112e-05, "penetration_m": 5.4071671911515296e-05, "float_m": 0.0}]}, "loop_seam": null, "bed_support": {"samples": 57, "sets": {"back": {"penetration_m": 0.0, "float_m": 0.0009999752044677623, "off_bed_times": []}, "pelvis": {"penetration_m": 0.0, "float_m": 0.0009999752044677623, "off_bed_times": []}, "head_back": {"penetration_m": 0.0, "float_m": 0.0006638050079345592, "off_bed_times": []}, "calf.L": {"penetration_m": 0.0, "float_m": 0.000853288173675526, "off_bed_times": []}, "calf.R": {"penetration_m": 0.0, "float_m": 0.0008963823318481334, "off_bed_times": []}}}, "report_only": {"other_new_pairs_max": 4181, "min_triangle_area_ratio": 0.005137137041248851}}

Blender quit
