INFO Draco mesh compression is available, use library at C:\Program Files\Blender Foundation\Blender 4.5\4.5\scripts\addons_core\io_scene_gltf2\extern_draco.dll
14:22:03 | INFO: Starting glTF 2.0 export
14:22:03 | INFO: Extracting primitive: model.008
14:22:03 | WARNING: More than one shader node tex image used for a texture. The resulting glTF sampler will behave like the first shader node tex image.
14:22:03 | INFO: Primitives created: 1
14:22:03 | INFO: Extracting primitive: model.006
14:22:03 | INFO: Primitives created: 1
14:22:03 | INFO: Extracting primitive: model.002
14:22:03 | INFO: Primitives created: 1
14:22:03 | INFO: Extracting primitive: model
14:22:04 | WARNING: More than one shader node tex image used for a texture. The resulting glTF sampler will behave like the first shader node tex image.
14:22:04 | INFO: Primitives created: 1
14:22:04 | INFO: Extracting primitive: model.004
14:22:04 | INFO: Primitives created: 1
14:22:04 | INFO: Extracting primitive: RO_hand_L
14:22:04 | WARNING: More than one shader node tex image used for a texture. The resulting glTF sampler will behave like the first shader node tex image.
14:22:04 | INFO: Primitives created: 1
14:22:04 | INFO: Extracting primitive: RO_hand_R
14:22:04 | INFO: Primitives created: 1
14:22:04 | INFO: Extracting primitive: model.001
14:22:04 | INFO: Primitives created: 1
14:22:04 | INFO: Extracting primitive: model.005
14:22:04 | INFO: Primitives created: 1
14:22:04 | INFO: Extracting primitive: model.007
14:22:04 | INFO: Primitives created: 1
14:22:05 | INFO: Finished glTF 2.0 export in 1.6478288173675537 s

14:22:06 | INFO: Starting glTF 2.0 export
14:22:06 | INFO: Extracting primitive: model.008
14:22:06 | INFO: Primitives created: 1
14:22:06 | INFO: Extracting primitive: model.006
14:22:06 | INFO: Primitives created: 1
14:22:06 | INFO: Extracting primitive: model.002
14:22:06 | INFO: Primitives created: 1
14:22:06 | INFO: Extracting primitive: model
14:22:06 | INFO: Primitives created: 1
14:22:06 | INFO: Extracting primitive: model.004
14:22:06 | INFO: Primitives created: 1
14:22:06 | INFO: Extracting primitive: RO_hand_L
14:22:06 | INFO: Primitives created: 1
14:22:07 | INFO: Extracting primitive: RO_hand_R
14:22:07 | INFO: Primitives created: 1
14:22:07 | INFO: Extracting primitive: model.001
14:22:07 | INFO: Primitives created: 1
14:22:07 | INFO: Extracting primitive: model.005
14:22:07 | INFO: Primitives created: 1
14:22:07 | INFO: Extracting primitive: model.007
14:22:07 | INFO: Primitives created: 1
14:22:07 | INFO: Finished glTF 2.0 export in 1.037628173828125 s

CV1_EXPORT_CLIP {"clip": "AN_RO_LieDown", "blocks": 17, "glb_bytes": [28156884, 3512944], "half_frames": []}
Blender 4.5.5 LTS (hash 836beaaf597a built 2025-11-18 01:33:26)
Read blend: "C:\Repos\mmo-asset-pipeline\tmp\art-quality-loop\assets\processed\ro-swordsman-character-v1\v001\b20-coatlie3\ro_character_v001_b20-coatlie3.blend"

Blender quit
