17:41:19 | INFO: Data are loaded, start creating Blender stuff
17:41:19 | INFO: Blender create Mesh node barracks-body
17:41:19 | INFO: Blender create Mesh node barracks-roof
17:41:19 | INFO: glTF import finished in 0.02s
Blender 4.5.5 LTS (hash 836beaaf597a built 2025-11-18 01:33:26)
Fra:1 Mem:51.11M (Peak 51.11M) | Time:00:00.82 | Rendering 1 / 64 samples
Fra:1 Mem:51.11M (Peak 51.11M) | Time:00:00.88 | Rendering 25 / 64 samples
Fra:1 Mem:51.11M (Peak 51.11M) | Time:00:00.93 | Rendering 50 / 64 samples
Fra:1 Mem:51.11M (Peak 51.11M) | Time:00:00.96 | Rendering 64 / 64 samples
Saved: 'C:\Repos\mmo-asset-pipeline\tmp\session-consolidation-20261007\runs\qa\session-consolidation-20261007\barracks-negative-x\negative-x.png'
Time: 00:01.16 (Saving: 00:00.16)

Fra:1 Mem:51.11M (Peak 51.11M) | Time:00:00.04 | Rendering 1 / 64 samples
Fra:1 Mem:51.11M (Peak 51.11M) | Time:00:00.10 | Rendering 25 / 64 samples
Fra:1 Mem:51.11M (Peak 51.11M) | Time:00:00.16 | Rendering 50 / 64 samples
Fra:1 Mem:51.11M (Peak 51.11M) | Time:00:00.19 | Rendering 64 / 64 samples
Saved: 'C:\Repos\mmo-asset-pipeline\tmp\session-consolidation-20261007\runs\qa\session-consolidation-20261007\barracks-negative-x\negative-x-elevated.png'
Time: 00:00.27 (Saving: 00:00.05)

{
  "decision": "supplementary_static_views_captured",
  "asset_sha256": "9431e8c367c55afe0b6d1876b1dec75923a6ff79540419b90f63434321a9142f",
  "helper_sha256": "461610a5c7c92cec4df1646741a1762d9a1ccf9f8a904bdbdf275232d950fdd9",
  "script_sha256": "a50c7ba8463a70c756be7f2f9d1526556f8bd729b8021be246b252b1faff3290",
  "blender_version": "4.5.5 LTS",
  "engine": "BLENDER_EEVEE_NEXT",
  "view_transform": "AgX",
  "exposure": 0.0,
  "camera_center_blender_m": [
    0.0,
    0.0,
    3.7849998474121094
  ],
  "radius_m": 12.252651394770938,
  "camera_distance_m": 31.85689362640444,
  "azimuth_deg": 180,
  "elevations_deg": [
    0,
    8
  ],
  "lights": "unchanged existing setup_world sun/fill/background/floor",
  "files": [
    {
      "path": "negative-x-elevated.png",
      "sha256": "19de13e44356f22b0cc55c6800366d79db2680ffcadb1439074a8ab3dffd6c87"
    },
    {
      "path": "negative-x.png",
      "sha256": "a2434b16ef6a3dca491a3b26a881c3327fde8c9c0b16be06b21b87a70c8b1ce8"
    }
  ],
  "scope": "Additional static evidence only; original accepted images and model unchanged.",
  "art_accepted": false,
  "runtime_retested": false
}

Blender quit
