Blender 4.5.5 LTS (hash 836beaaf597a built 2025-11-18 01:33:26)
Read blend: "C:\Repos\mmo-asset-pipeline\tmp\art-quality-loop\assets\processed\ro-swordsman-character-v1\v001\b20-coatlie3\ro_character_v001_b20-coatlie3.blend"
Saved: 'C:\Repos\mmo-asset-pipeline\tmp\art-quality-loop\runs\qa\ro-swordsman-character-v1\v001\clips\AN_RO_GetUp\a01-check-b20-socketfix\preview\f000-front.png'
Time: 00:00.97 (Saving: 00:00.17)

Saved: 'C:\Repos\mmo-asset-pipeline\tmp\art-quality-loop\runs\qa\ro-swordsman-character-v1\v001\clips\AN_RO_GetUp\a01-check-b20-socketfix\preview\f000-right.png'
Time: 00:00.05 (Saving: 00:00.02)

Saved: 'C:\Repos\mmo-asset-pipeline\tmp\art-quality-loop\runs\qa\ro-swordsman-character-v1\v001\clips\AN_RO_GetUp\a01-check-b20-socketfix\preview\f000-three-quarter.png'
Time: 00:00.07 (Saving: 00:00.03)

Saved: 'C:\Repos\mmo-asset-pipeline\tmp\art-quality-loop\runs\qa\ro-swordsman-character-v1\v001\clips\AN_RO_GetUp\a01-check-b20-socketfix\preview\f014-front.png'
Time: 00:00.06 (Saving: 00:00.02)

Saved: 'C:\Repos\mmo-asset-pipeline\tmp\art-quality-loop\runs\qa\ro-swordsman-character-v1\v001\clips\AN_RO_GetUp\a01-check-b20-socketfix\preview\f014-right.png'
Time: 00:00.06 (Saving: 00:00.03)

Saved: 'C:\Repos\mmo-asset-pipeline\tmp\art-quality-loop\runs\qa\ro-swordsman-character-v1\v001\clips\AN_RO_GetUp\a01-check-b20-socketfix\preview\f014-three-quarter.png'
Time: 00:00.06 (Saving: 00:00.03)

Saved: 'C:\Repos\mmo-asset-pipeline\tmp\art-quality-loop\runs\qa\ro-swordsman-character-v1\v001\clips\AN_RO_GetUp\a01-check-b20-socketfix\preview\f027-front.png'
Time: 00:00.08 (Saving: 00:00.04)

Saved: 'C:\Repos\mmo-asset-pipeline\tmp\art-quality-loop\runs\qa\ro-swordsman-character-v1\v001\clips\AN_RO_GetUp\a01-check-b20-socketfix\preview\f027-right.png'
Time: 00:00.07 (Saving: 00:00.03)

Saved: 'C:\Repos\mmo-asset-pipeline\tmp\art-quality-loop\runs\qa\ro-swordsman-character-v1\v001\clips\AN_RO_GetUp\a01-check-b20-socketfix\preview\f027-three-quarter.png'
Time: 00:00.06 (Saving: 00:00.03)

Saved: 'C:\Repos\mmo-asset-pipeline\tmp\art-quality-loop\runs\qa\ro-swordsman-character-v1\v001\clips\AN_RO_GetUp\a01-check-b20-socketfix\preview\f033-front.png'
Time: 00:00.06 (Saving: 00:00.02)

Saved: 'C:\Repos\mmo-asset-pipeline\tmp\art-quality-loop\runs\qa\ro-swordsman-character-v1\v001\clips\AN_RO_GetUp\a01-check-b20-socketfix\preview\f033-right.png'
Time: 00:00.06 (Saving: 00:00.02)

Saved: 'C:\Repos\mmo-asset-pipeline\tmp\art-quality-loop\runs\qa\ro-swordsman-character-v1\v001\clips\AN_RO_GetUp\a01-check-b20-socketfix\preview\f033-three-quarter.png'
Time: 00:00.06 (Saving: 00:00.02)

Saved: 'C:\Repos\mmo-asset-pipeline\tmp\art-quality-loop\runs\qa\ro-swordsman-character-v1\v001\clips\AN_RO_GetUp\a01-check-b20-socketfix\preview\f040-front.png'
Time: 00:00.07 (Saving: 00:00.04)

Saved: 'C:\Repos\mmo-asset-pipeline\tmp\art-quality-loop\runs\qa\ro-swordsman-character-v1\v001\clips\AN_RO_GetUp\a01-check-b20-socketfix\preview\f040-right.png'
Time: 00:00.06 (Saving: 00:00.03)

Saved: 'C:\Repos\mmo-asset-pipeline\tmp\art-quality-loop\runs\qa\ro-swordsman-character-v1\v001\clips\AN_RO_GetUp\a01-check-b20-socketfix\preview\f040-three-quarter.png'
Time: 00:00.05 (Saving: 00:00.02)

Saved: 'C:\Repos\mmo-asset-pipeline\tmp\art-quality-loop\runs\qa\ro-swordsman-character-v1\v001\clips\AN_RO_GetUp\a01-check-b20-socketfix\preview\f047-front.png'
Time: 00:00.05 (Saving: 00:00.02)

Saved: 'C:\Repos\mmo-asset-pipeline\tmp\art-quality-loop\runs\qa\ro-swordsman-character-v1\v001\clips\AN_RO_GetUp\a01-check-b20-socketfix\preview\f047-right.png'
Time: 00:00.06 (Saving: 00:00.03)

Saved: 'C:\Repos\mmo-asset-pipeline\tmp\art-quality-loop\runs\qa\ro-swordsman-character-v1\v001\clips\AN_RO_GetUp\a01-check-b20-socketfix\preview\f047-three-quarter.png'
Time: 00:00.06 (Saving: 00:00.02)

Saved: 'C:\Repos\mmo-asset-pipeline\tmp\art-quality-loop\runs\qa\ro-swordsman-character-v1\v001\clips\AN_RO_GetUp\a01-check-b20-socketfix\preview\f052-front.png'
Time: 00:00.06 (Saving: 00:00.02)

Saved: 'C:\Repos\mmo-asset-pipeline\tmp\art-quality-loop\runs\qa\ro-swordsman-character-v1\v001\clips\AN_RO_GetUp\a01-check-b20-socketfix\preview\f052-right.png'
Time: 00:00.05 (Saving: 00:00.02)

Saved: 'C:\Repos\mmo-asset-pipeline\tmp\art-quality-loop\runs\qa\ro-swordsman-character-v1\v001\clips\AN_RO_GetUp\a01-check-b20-socketfix\preview\f052-three-quarter.png'
Time: 00:00.06 (Saving: 00:00.02)

Saved: 'C:\Repos\mmo-asset-pipeline\tmp\art-quality-loop\runs\qa\ro-swordsman-character-v1\v001\clips\AN_RO_GetUp\a01-check-b20-socketfix\preview\f055-front.png'
Time: 00:00.07 (Saving: 00:00.03)

Saved: 'C:\Repos\mmo-asset-pipeline\tmp\art-quality-loop\runs\qa\ro-swordsman-character-v1\v001\clips\AN_RO_GetUp\a01-check-b20-socketfix\preview\f055-right.png'
Time: 00:00.06 (Saving: 00:00.03)

Saved: 'C:\Repos\mmo-asset-pipeline\tmp\art-quality-loop\runs\qa\ro-swordsman-character-v1\v001\clips\AN_RO_GetUp\a01-check-b20-socketfix\preview\f055-three-quarter.png'
Time: 00:00.07 (Saving: 00:00.03)

Saved: 'C:\Repos\mmo-asset-pipeline\tmp\art-quality-loop\runs\qa\ro-swordsman-character-v1\v001\clips\AN_RO_GetUp\a01-check-b20-socketfix\preview\f057-front.png'
Time: 00:00.08 (Saving: 00:00.03)

Saved: 'C:\Repos\mmo-asset-pipeline\tmp\art-quality-loop\runs\qa\ro-swordsman-character-v1\v001\clips\AN_RO_GetUp\a01-check-b20-socketfix\preview\f057-right.png'
Time: 00:00.07 (Saving: 00:00.03)

Saved: 'C:\Repos\mmo-asset-pipeline\tmp\art-quality-loop\runs\qa\ro-swordsman-character-v1\v001\clips\AN_RO_GetUp\a01-check-b20-socketfix\preview\f057-three-quarter.png'
Time: 00:00.08 (Saving: 00:00.04)

Saved: 'C:\Repos\mmo-asset-pipeline\tmp\art-quality-loop\runs\qa\ro-swordsman-character-v1\v001\clips\AN_RO_GetUp\a01-check-b20-socketfix\preview\f060-front.png'
Time: 00:00.07 (Saving: 00:00.03)

Saved: 'C:\Repos\mmo-asset-pipeline\tmp\art-quality-loop\runs\qa\ro-swordsman-character-v1\v001\clips\AN_RO_GetUp\a01-check-b20-socketfix\preview\f060-right.png'
Time: 00:00.07 (Saving: 00:00.03)

Saved: 'C:\Repos\mmo-asset-pipeline\tmp\art-quality-loop\runs\qa\ro-swordsman-character-v1\v001\clips\AN_RO_GetUp\a01-check-b20-socketfix\preview\f060-three-quarter.png'
Time: 00:00.09 (Saving: 00:00.04)

Saved: 'C:\Repos\mmo-asset-pipeline\tmp\art-quality-loop\runs\qa\ro-swordsman-character-v1\v001\clips\AN_RO_GetUp\a01-check-b20-socketfix\preview\f066-front.png'
Time: 00:00.07 (Saving: 00:00.03)

Saved: 'C:\Repos\mmo-asset-pipeline\tmp\art-quality-loop\runs\qa\ro-swordsman-character-v1\v001\clips\AN_RO_GetUp\a01-check-b20-socketfix\preview\f066-right.png'
Time: 00:00.07 (Saving: 00:00.04)

Saved: 'C:\Repos\mmo-asset-pipeline\tmp\art-quality-loop\runs\qa\ro-swordsman-character-v1\v001\clips\AN_RO_GetUp\a01-check-b20-socketfix\preview\f066-three-quarter.png'
Time: 00:00.07 (Saving: 00:00.03)

Saved: 'C:\Repos\mmo-asset-pipeline\tmp\art-quality-loop\runs\qa\ro-swordsman-character-v1\v001\clips\AN_RO_GetUp\a01-check-b20-socketfix\preview\f072-front.png'
Time: 00:00.07 (Saving: 00:00.03)

Saved: 'C:\Repos\mmo-asset-pipeline\tmp\art-quality-loop\runs\qa\ro-swordsman-character-v1\v001\clips\AN_RO_GetUp\a01-check-b20-socketfix\preview\f072-right.png'
Time: 00:00.06 (Saving: 00:00.02)

Saved: 'C:\Repos\mmo-asset-pipeline\tmp\art-quality-loop\runs\qa\ro-swordsman-character-v1\v001\clips\AN_RO_GetUp\a01-check-b20-socketfix\preview\f072-three-quarter.png'
Time: 00:00.06 (Saving: 00:00.03)

Saved: 'C:\Repos\mmo-asset-pipeline\tmp\art-quality-loop\runs\qa\ro-swordsman-character-v1\v001\clips\AN_RO_GetUp\a01-check-b20-socketfix\preview\f080-front.png'
Time: 00:00.06 (Saving: 00:00.03)

Saved: 'C:\Repos\mmo-asset-pipeline\tmp\art-quality-loop\runs\qa\ro-swordsman-character-v1\v001\clips\AN_RO_GetUp\a01-check-b20-socketfix\preview\f080-right.png'
Time: 00:00.06 (Saving: 00:00.02)

Saved: 'C:\Repos\mmo-asset-pipeline\tmp\art-quality-loop\runs\qa\ro-swordsman-character-v1\v001\clips\AN_RO_GetUp\a01-check-b20-socketfix\preview\f080-three-quarter.png'
Time: 00:00.06 (Saving: 00:00.02)

Saved: 'C:\Repos\mmo-asset-pipeline\tmp\art-quality-loop\runs\qa\ro-swordsman-character-v1\v001\clips\AN_RO_GetUp\a01-check-b20-socketfix\preview\f089-front.png'
Time: 00:00.06 (Saving: 00:00.03)

Saved: 'C:\Repos\mmo-asset-pipeline\tmp\art-quality-loop\runs\qa\ro-swordsman-character-v1\v001\clips\AN_RO_GetUp\a01-check-b20-socketfix\preview\f089-right.png'
Time: 00:00.06 (Saving: 00:00.03)

Saved: 'C:\Repos\mmo-asset-pipeline\tmp\art-quality-loop\runs\qa\ro-swordsman-character-v1\v001\clips\AN_RO_GetUp\a01-check-b20-socketfix\preview\f089-three-quarter.png'
Time: 00:00.06 (Saving: 00:00.03)

CV1_CLIP_CHECK {"clip": "AN_RO_GetUp", "samples": 203, "gates": {"clip_time_origin_zero": true, "helper_bones_not_keyed": true, "no_collapse": true, "hand_self_intersection_zero": true, "hand_other_new_intersection_zero": true, "feet_slide": true, "feet_penetration": true, "feet_float": true, "weapon_body_penetration": true, "grasp_functional": true, "sword_socket_pop": true, "bed_support_penetration": true, "bed_support_float": true, "bed_support_over_bed": true, "bed_clearance": true}, "failures": 0, "feet": {"L": [{"window": [58, 73], "slide_m": 2.2519520052863108e-05, "penetration_m": 0.0, "float_m": 5.564079401665367e-05}], "R": [{"window": [58, 73], "slide_m": 2.2570380149456265e-05, "penetration_m": 2.5208562874468043e-05, "float_m": 0.0}]}, "loop_seam": null, "bed_support": {"samples": 59, "sets": {"back": {"penetration_m": 0.0, "float_m": 0.0010000944137573131, "off_bed_times": []}, "pelvis": {"penetration_m": 0.0006193637847900502, "float_m": 0.00014333724975584827, "off_bed_times": []}, "head_back": {"penetration_m": 0.0, "float_m": 0.0006641626358032116, "off_bed_times": []}, "calf.L": {"penetration_m": 0.0, "float_m": 0.0034369409084319957, "off_bed_times": []}, "calf.R": {"penetration_m": 0.0, "float_m": 0.004857021570205677, "off_bed_times": []}}}, "report_only": {"other_new_pairs_max": 4146, "min_triangle_area_ratio": 0.0541017852686067}}

Blender quit
