INFO Draco mesh compression is available, use library at C:\Program Files\Blender Foundation\Blender 4.5\4.5\scripts\addons_core\io_scene_gltf2\extern_draco.dll
14:44:57 | INFO: Starting glTF 2.0 export
14:44:57 | INFO: Extracting primitive: model.008
14:44:57 | WARNING: More than one shader node tex image used for a texture. The resulting glTF sampler will behave like the first shader node tex image.
14:44:57 | INFO: Primitives created: 1
14:44:57 | INFO: Extracting primitive: model.006
14:44:57 | INFO: Primitives created: 1
14:44:57 | INFO: Extracting primitive: model.002
14:44:57 | INFO: Primitives created: 1
14:44:57 | INFO: Extracting primitive: model
14:44:57 | WARNING: More than one shader node tex image used for a texture. The resulting glTF sampler will behave like the first shader node tex image.
14:44:57 | INFO: Primitives created: 1
14:44:58 | INFO: Extracting primitive: model.004
14:44:58 | INFO: Primitives created: 1
14:44:58 | INFO: Extracting primitive: RO_hand_L
14:44:58 | WARNING: More than one shader node tex image used for a texture. The resulting glTF sampler will behave like the first shader node tex image.
14:44:58 | INFO: Primitives created: 1
14:44:58 | INFO: Extracting primitive: RO_hand_R
14:44:58 | INFO: Primitives created: 1
14:44:58 | INFO: Extracting primitive: model.001
14:44:58 | INFO: Primitives created: 1
14:44:58 | INFO: Extracting primitive: model.005
14:44:58 | INFO: Primitives created: 1
14:44:58 | INFO: Extracting primitive: model.007
14:44:58 | INFO: Primitives created: 1
14:44:59 | INFO: Finished glTF 2.0 export in 2.0064830780029297 s

14:45:00 | INFO: Starting glTF 2.0 export
14:45:00 | INFO: Extracting primitive: model.008
14:45:00 | INFO: Primitives created: 1
14:45:00 | INFO: Extracting primitive: model.006
14:45:00 | INFO: Primitives created: 1
14:45:00 | INFO: Extracting primitive: model.002
14:45:00 | INFO: Primitives created: 1
14:45:00 | INFO: Extracting primitive: model
14:45:00 | INFO: Primitives created: 1
14:45:00 | INFO: Extracting primitive: model.004
14:45:00 | INFO: Primitives created: 1
14:45:00 | INFO: Extracting primitive: RO_hand_L
14:45:01 | INFO: Primitives created: 1
14:45:01 | INFO: Extracting primitive: RO_hand_R
14:45:01 | INFO: Primitives created: 1
14:45:01 | INFO: Extracting primitive: model.001
14:45:01 | INFO: Primitives created: 1
14:45:01 | INFO: Extracting primitive: model.005
14:45:01 | INFO: Primitives created: 1
14:45:01 | INFO: Extracting primitive: model.007
14:45:01 | INFO: Primitives created: 1
14:45:01 | INFO: Finished glTF 2.0 export in 1.0367951393127441 s

CV1_EXPORT_CLIP {"clip": "AN_RO_GetUp", "blocks": 17, "glb_bytes": [28156884, 3512876], "half_frames": []}
Blender 4.5.5 LTS (hash 836beaaf597a built 2025-11-18 01:33:26)
Read blend: "C:\Repos\mmo-asset-pipeline\tmp\art-quality-loop\assets\processed\ro-swordsman-character-v1\v001\b20-coatlie3\ro_character_v001_b20-coatlie3.blend"

Blender quit
