INFO Draco mesh compression is available, use library at C:\Program Files\Blender Foundation\Blender 4.5\4.5\scripts\addons_core\io_scene_gltf2\extern_draco.dll
15:16:57 | INFO: Starting glTF 2.0 export
15:16:57 | INFO: Extracting primitive: model.008
15:16:57 | WARNING: More than one shader node tex image used for a texture. The resulting glTF sampler will behave like the first shader node tex image.
15:16:57 | INFO: Primitives created: 1
15:16:57 | INFO: Extracting primitive: model.006
15:16:57 | INFO: Primitives created: 1
15:16:57 | INFO: Extracting primitive: model.002
15:16:57 | INFO: Primitives created: 1
15:16:57 | INFO: Extracting primitive: model
15:16:58 | WARNING: More than one shader node tex image used for a texture. The resulting glTF sampler will behave like the first shader node tex image.
15:16:58 | INFO: Primitives created: 1
15:16:58 | INFO: Extracting primitive: model.004
15:16:58 | INFO: Primitives created: 1
15:16:58 | INFO: Extracting primitive: RO_hand_L
15:16:58 | WARNING: More than one shader node tex image used for a texture. The resulting glTF sampler will behave like the first shader node tex image.
15:16:58 | INFO: Primitives created: 1
15:16:58 | INFO: Extracting primitive: RO_hand_R
15:16:58 | INFO: Primitives created: 1
15:16:58 | INFO: Extracting primitive: model.001
15:16:58 | INFO: Primitives created: 1
15:16:58 | INFO: Extracting primitive: model.005
15:16:58 | INFO: Primitives created: 1
15:16:58 | INFO: Extracting primitive: model.007
15:16:58 | INFO: Primitives created: 1
15:16:59 | INFO: Finished glTF 2.0 export in 1.5747594833374023 s

15:17:00 | INFO: Starting glTF 2.0 export
15:17:00 | INFO: Extracting primitive: model.008
15:17:00 | INFO: Primitives created: 1
15:17:00 | INFO: Extracting primitive: model.006
15:17:00 | INFO: Primitives created: 1
15:17:00 | INFO: Extracting primitive: model.002
15:17:00 | INFO: Primitives created: 1
15:17:00 | INFO: Extracting primitive: model
15:17:00 | INFO: Primitives created: 1
15:17:00 | INFO: Extracting primitive: model.004
15:17:00 | INFO: Primitives created: 1
15:17:00 | INFO: Extracting primitive: RO_hand_L
15:17:00 | INFO: Primitives created: 1
15:17:00 | INFO: Extracting primitive: RO_hand_R
15:17:00 | INFO: Primitives created: 1
15:17:00 | INFO: Extracting primitive: model.001
15:17:00 | INFO: Primitives created: 1
15:17:00 | INFO: Extracting primitive: model.005
15:17:00 | INFO: Primitives created: 1
15:17:00 | INFO: Extracting primitive: model.007
15:17:01 | INFO: Primitives created: 1
15:17:01 | INFO: Finished glTF 2.0 export in 0.9590227603912354 s

CV1_EXPORT_CLIP {"clip": "AN_RO_GetUp", "blocks": 17, "glb_bytes": [28156884, 3512876], "half_frames": []}
Blender 4.5.5 LTS (hash 836beaaf597a built 2025-11-18 01:33:26)
Read blend: "C:\Repos\mmo-asset-pipeline\tmp\art-quality-loop\assets\processed\ro-swordsman-character-v1\v001\b20-coatlie3\ro_character_v001_b20-coatlie3.blend"

Blender quit
