INFO Draco mesh compression is available, use library at C:\Program Files\Blender Foundation\Blender 4.5\4.5\scripts\addons_core\io_scene_gltf2\extern_draco.dll
12:03:34 | INFO: Starting glTF 2.0 export
12:03:34 | INFO: Extracting primitive: model.008
12:03:34 | WARNING: More than one shader node tex image used for a texture. The resulting glTF sampler will behave like the first shader node tex image.
12:03:34 | INFO: Primitives created: 1
12:03:34 | INFO: Extracting primitive: model.006
12:03:34 | INFO: Primitives created: 1
12:03:34 | INFO: Extracting primitive: model.002
12:03:34 | INFO: Primitives created: 1
12:03:34 | INFO: Extracting primitive: model
12:03:34 | WARNING: More than one shader node tex image used for a texture. The resulting glTF sampler will behave like the first shader node tex image.
12:03:35 | INFO: Primitives created: 1
12:03:35 | INFO: Extracting primitive: model.004
12:03:35 | INFO: Primitives created: 1
12:03:35 | INFO: Extracting primitive: RO_hand_L
12:03:35 | WARNING: More than one shader node tex image used for a texture. The resulting glTF sampler will behave like the first shader node tex image.
12:03:35 | INFO: Primitives created: 1
12:03:35 | INFO: Extracting primitive: RO_hand_R
12:03:35 | INFO: Primitives created: 1
12:03:35 | INFO: Extracting primitive: model.001
12:03:35 | INFO: Primitives created: 1
12:03:35 | INFO: Extracting primitive: model.005
12:03:35 | INFO: Primitives created: 1
12:03:35 | INFO: Extracting primitive: model.007
12:03:35 | INFO: Primitives created: 1
12:03:35 | INFO: Finished glTF 2.0 export in 1.5997366905212402 s

12:03:37 | INFO: Starting glTF 2.0 export
12:03:37 | INFO: Extracting primitive: model.008
12:03:37 | INFO: Primitives created: 1
12:03:37 | INFO: Extracting primitive: model.006
12:03:37 | INFO: Primitives created: 1
12:03:37 | INFO: Extracting primitive: model.002
12:03:37 | INFO: Primitives created: 1
12:03:37 | INFO: Extracting primitive: model
12:03:38 | INFO: Primitives created: 1
12:03:38 | INFO: Extracting primitive: model.004
12:03:38 | INFO: Primitives created: 1
12:03:38 | INFO: Extracting primitive: RO_hand_L
12:03:38 | INFO: Primitives created: 1
12:03:38 | INFO: Extracting primitive: RO_hand_R
12:03:38 | INFO: Primitives created: 1
12:03:38 | INFO: Extracting primitive: model.001
12:03:38 | INFO: Primitives created: 1
12:03:38 | INFO: Extracting primitive: model.005
12:03:38 | INFO: Primitives created: 1
12:03:38 | INFO: Extracting primitive: model.007
12:03:38 | INFO: Primitives created: 1
12:03:38 | INFO: Finished glTF 2.0 export in 0.9524483680725098 s

CV1_EXPORT_CANDIDATE {"frames": 43, "blocks": 44, "glb_bytes": [28038360, 3380152], "morph_channels": 75, "state_keys": ["grasp.L", "grasp.R", "lying"]}
Blender 4.5.5 LTS (hash 836beaaf597a built 2025-11-18 01:33:26)
Read blend: "C:\Repos\mmo-asset-pipeline\tmp\art-quality-loop\assets\processed\ro-swordsman-character-v1\v001\b20-coatlie3\ro_character_v001_b20-coatlie3.blend"

Blender quit
