Blender 4.5.5 LTS (hash 836beaaf597a built 2025-11-18 01:33:26)
Read blend: "C:\Repos\mmo-asset-pipeline\tmp\art-quality-loop\assets\processed\ro-swordsman-character-v1\v001\c04-bind-p1\ro_character_v001_c04-bind-p1.blend"
Saved: 'C:\Repos\mmo-asset-pipeline\tmp\art-quality-loop\runs\qa\ro-swordsman-character-v1\v001\c04-bind-p1-h1\tiles\shoulder-flexion.L--neutral.png'
Time: 00:02.05 (Saving: 00:00.30)

Saved: 'C:\Repos\mmo-asset-pipeline\tmp\art-quality-loop\runs\qa\ro-swordsman-character-v1\v001\c04-bind-p1-h1\tiles\shoulder-flexion.L--typical.png'
Time: 00:00.10 (Saving: 00:00.02)

Saved: 'C:\Repos\mmo-asset-pipeline\tmp\art-quality-loop\runs\qa\ro-swordsman-character-v1\v001\c04-bind-p1-h1\tiles\shoulder-flexion.L--extreme.png'
Time: 00:00.04 (Saving: 00:00.01)

Saved: 'C:\Repos\mmo-asset-pipeline\tmp\art-quality-loop\runs\qa\ro-swordsman-character-v1\v001\c04-bind-p1-h1\tiles\shoulder-extension.L--typical.png'
Time: 00:00.11 (Saving: 00:00.01)

Saved: 'C:\Repos\mmo-asset-pipeline\tmp\art-quality-loop\runs\qa\ro-swordsman-character-v1\v001\c04-bind-p1-h1\tiles\shoulder-extension.L--extreme.png'
Time: 00:00.15 (Saving: 00:00.01)

Saved: 'C:\Repos\mmo-asset-pipeline\tmp\art-quality-loop\runs\qa\ro-swordsman-character-v1\v001\c04-bind-p1-h1\tiles\shoulder-abduction.L--neutral.png'
Time: 00:00.04 (Saving: 00:00.01)

Saved: 'C:\Repos\mmo-asset-pipeline\tmp\art-quality-loop\runs\qa\ro-swordsman-character-v1\v001\c04-bind-p1-h1\tiles\shoulder-abduction.L--typical.png'
Time: 00:00.03 (Saving: 00:00.01)

Saved: 'C:\Repos\mmo-asset-pipeline\tmp\art-quality-loop\runs\qa\ro-swordsman-character-v1\v001\c04-bind-p1-h1\tiles\shoulder-abduction.L--extreme.png'
Time: 00:00.03 (Saving: 00:00.01)

Saved: 'C:\Repos\mmo-asset-pipeline\tmp\art-quality-loop\runs\qa\ro-swordsman-character-v1\v001\c04-bind-p1-h1\tiles\shoulder-axial-plus.L--neutral.png'
Time: 00:00.03 (Saving: 00:00.01)

Saved: 'C:\Repos\mmo-asset-pipeline\tmp\art-quality-loop\runs\qa\ro-swordsman-character-v1\v001\c04-bind-p1-h1\tiles\shoulder-axial-plus.L--typical.png'
Time: 00:00.03 (Saving: 00:00.01)

Saved: 'C:\Repos\mmo-asset-pipeline\tmp\art-quality-loop\runs\qa\ro-swordsman-character-v1\v001\c04-bind-p1-h1\tiles\shoulder-axial-plus.L--extreme.png'
Time: 00:00.03 (Saving: 00:00.01)

Saved: 'C:\Repos\mmo-asset-pipeline\tmp\art-quality-loop\runs\qa\ro-swordsman-character-v1\v001\c04-bind-p1-h1\tiles\elbow-flexion.L--neutral.png'
Time: 00:00.03 (Saving: 00:00.01)

Saved: 'C:\Repos\mmo-asset-pipeline\tmp\art-quality-loop\runs\qa\ro-swordsman-character-v1\v001\c04-bind-p1-h1\tiles\elbow-flexion.L--typical.png'
Time: 00:00.03 (Saving: 00:00.01)

Saved: 'C:\Repos\mmo-asset-pipeline\tmp\art-quality-loop\runs\qa\ro-swordsman-character-v1\v001\c04-bind-p1-h1\tiles\elbow-flexion.L--extreme.png'
Time: 00:00.03 (Saving: 00:00.01)

Saved: 'C:\Repos\mmo-asset-pipeline\tmp\art-quality-loop\runs\qa\ro-swordsman-character-v1\v001\c04-bind-p1-h1\tiles\shoulder-flexion.R--neutral.png'
Time: 00:00.03 (Saving: 00:00.01)

Saved: 'C:\Repos\mmo-asset-pipeline\tmp\art-quality-loop\runs\qa\ro-swordsman-character-v1\v001\c04-bind-p1-h1\tiles\shoulder-flexion.R--typical.png'
Time: 00:00.03 (Saving: 00:00.01)

Saved: 'C:\Repos\mmo-asset-pipeline\tmp\art-quality-loop\runs\qa\ro-swordsman-character-v1\v001\c04-bind-p1-h1\tiles\shoulder-flexion.R--extreme.png'
Time: 00:00.03 (Saving: 00:00.01)

Saved: 'C:\Repos\mmo-asset-pipeline\tmp\art-quality-loop\runs\qa\ro-swordsman-character-v1\v001\c04-bind-p1-h1\tiles\shoulder-abduction.R--neutral.png'
Time: 00:00.03 (Saving: 00:00.01)

Saved: 'C:\Repos\mmo-asset-pipeline\tmp\art-quality-loop\runs\qa\ro-swordsman-character-v1\v001\c04-bind-p1-h1\tiles\shoulder-abduction.R--typical.png'
Time: 00:00.03 (Saving: 00:00.01)

Saved: 'C:\Repos\mmo-asset-pipeline\tmp\art-quality-loop\runs\qa\ro-swordsman-character-v1\v001\c04-bind-p1-h1\tiles\shoulder-abduction.R--extreme.png'
Time: 00:00.03 (Saving: 00:00.01)

Saved: 'C:\Repos\mmo-asset-pipeline\tmp\art-quality-loop\runs\qa\ro-swordsman-character-v1\v001\c04-bind-p1-h1\tiles\combo-arms-overhead--neutral.png'
Time: 00:00.03 (Saving: 00:00.01)

Saved: 'C:\Repos\mmo-asset-pipeline\tmp\art-quality-loop\runs\qa\ro-swordsman-character-v1\v001\c04-bind-p1-h1\tiles\combo-arms-overhead--typical.png'
Time: 00:00.03 (Saving: 00:00.01)

Saved: 'C:\Repos\mmo-asset-pipeline\tmp\art-quality-loop\runs\qa\ro-swordsman-character-v1\v001\c04-bind-p1-h1\tiles\combo-arms-overhead--extreme.png'
Time: 00:00.03 (Saving: 00:00.01)

Saved: 'C:\Repos\mmo-asset-pipeline\tmp\art-quality-loop\runs\qa\ro-swordsman-character-v1\v001\c04-bind-p1-h1\tiles\combo-cast-open-palm.L--neutral.png'
Time: 00:00.04 (Saving: 00:00.01)

Saved: 'C:\Repos\mmo-asset-pipeline\tmp\art-quality-loop\runs\qa\ro-swordsman-character-v1\v001\c04-bind-p1-h1\tiles\combo-cast-open-palm.L--typical.png'
Time: 00:00.03 (Saving: 00:00.01)

Saved: 'C:\Repos\mmo-asset-pipeline\tmp\art-quality-loop\runs\qa\ro-swordsman-character-v1\v001\c04-bind-p1-h1\tiles\combo-cast-open-palm.L--extreme.png'
Time: 00:00.03 (Saving: 00:00.01)

CV1_JOINT_RANGE {"motions": 9, "measured": 9, "missing": 0, "numeric_gate_pass": false, "calibration_run": false, "failed": 9}

Blender quit
