Blender 4.5.5 LTS (hash 836beaaf597a built 2025-11-18 01:33:26)
Read blend: "C:\Repos\mmo-asset-pipeline\tmp\art-quality-loop\assets\processed\ro-swordsman-character-v1\v001\c05-hinge-l0\ro_character_v001_c05-hinge-l0.blend"
Saved: 'C:\Repos\mmo-asset-pipeline\tmp\art-quality-loop\runs\qa\ro-swordsman-character-v1\v001\c05-moving-renders\tiles\shoulder-flexion.L--neutral.png'
Time: 00:00.64 (Saving: 00:00.12)

Saved: 'C:\Repos\mmo-asset-pipeline\tmp\art-quality-loop\runs\qa\ro-swordsman-character-v1\v001\c05-moving-renders\tiles\shoulder-flexion.L--typical.png'
Time: 00:00.03 (Saving: 00:00.01)

Saved: 'C:\Repos\mmo-asset-pipeline\tmp\art-quality-loop\runs\qa\ro-swordsman-character-v1\v001\c05-moving-renders\tiles\shoulder-flexion.L--extreme.png'
Time: 00:00.03 (Saving: 00:00.01)

Saved: 'C:\Repos\mmo-asset-pipeline\tmp\art-quality-loop\runs\qa\ro-swordsman-character-v1\v001\c05-moving-renders\tiles\shoulder-abduction.R--neutral.png'
Time: 00:00.03 (Saving: 00:00.01)

Saved: 'C:\Repos\mmo-asset-pipeline\tmp\art-quality-loop\runs\qa\ro-swordsman-character-v1\v001\c05-moving-renders\tiles\shoulder-abduction.R--typical.png'
Time: 00:00.03 (Saving: 00:00.01)

Saved: 'C:\Repos\mmo-asset-pipeline\tmp\art-quality-loop\runs\qa\ro-swordsman-character-v1\v001\c05-moving-renders\tiles\shoulder-abduction.R--extreme.png'
Time: 00:00.03 (Saving: 00:00.01)

Saved: 'C:\Repos\mmo-asset-pipeline\tmp\art-quality-loop\runs\qa\ro-swordsman-character-v1\v001\c05-moving-renders\tiles\combo-arms-overhead--neutral.png'
Time: 00:00.03 (Saving: 00:00.01)

Saved: 'C:\Repos\mmo-asset-pipeline\tmp\art-quality-loop\runs\qa\ro-swordsman-character-v1\v001\c05-moving-renders\tiles\combo-arms-overhead--typical.png'
Time: 00:00.03 (Saving: 00:00.01)

Saved: 'C:\Repos\mmo-asset-pipeline\tmp\art-quality-loop\runs\qa\ro-swordsman-character-v1\v001\c05-moving-renders\tiles\combo-arms-overhead--extreme.png'
Time: 00:00.03 (Saving: 00:00.01)

CV1_JOINT_RANGE {"motions": 3, "measured": 3, "missing": 0, "numeric_gate_pass": false, "calibration_run": true, "failed": 3}

Blender quit
