Blender 4.5.5 LTS (hash 836beaaf597a built 2025-11-18 01:33:26)
Read blend: "C:\Repos\mmo-asset-pipeline\tmp\art-quality-loop\assets\processed\ro-swordsman-character-v1\v001\b03-hands\ro_character_v001_b03-hands.blend"
Saved: 'C:\Repos\mmo-asset-pipeline\tmp\art-quality-loop\runs\qa\ro-swordsman-character-v1\v001\clips\AN_RO_Run_Sword\a01-check\preview\f000-front.png'
Time: 00:00.80 (Saving: 00:00.16)

Saved: 'C:\Repos\mmo-asset-pipeline\tmp\art-quality-loop\runs\qa\ro-swordsman-character-v1\v001\clips\AN_RO_Run_Sword\a01-check\preview\f000-right.png'
Time: 00:00.07 (Saving: 00:00.03)

Saved: 'C:\Repos\mmo-asset-pipeline\tmp\art-quality-loop\runs\qa\ro-swordsman-character-v1\v001\clips\AN_RO_Run_Sword\a01-check\preview\f000-three-quarter.png'
Time: 00:00.07 (Saving: 00:00.03)

Saved: 'C:\Repos\mmo-asset-pipeline\tmp\art-quality-loop\runs\qa\ro-swordsman-character-v1\v001\clips\AN_RO_Run_Sword\a01-check\preview\f010-front.png'
Time: 00:00.06 (Saving: 00:00.03)

Saved: 'C:\Repos\mmo-asset-pipeline\tmp\art-quality-loop\runs\qa\ro-swordsman-character-v1\v001\clips\AN_RO_Run_Sword\a01-check\preview\f010-right.png'
Time: 00:00.06 (Saving: 00:00.02)

Saved: 'C:\Repos\mmo-asset-pipeline\tmp\art-quality-loop\runs\qa\ro-swordsman-character-v1\v001\clips\AN_RO_Run_Sword\a01-check\preview\f010-three-quarter.png'
Time: 00:00.05 (Saving: 00:00.02)

Saved: 'C:\Repos\mmo-asset-pipeline\tmp\art-quality-loop\runs\qa\ro-swordsman-character-v1\v001\clips\AN_RO_Run_Sword\a01-check\preview\f020-front.png'
Time: 00:00.05 (Saving: 00:00.02)

Saved: 'C:\Repos\mmo-asset-pipeline\tmp\art-quality-loop\runs\qa\ro-swordsman-character-v1\v001\clips\AN_RO_Run_Sword\a01-check\preview\f020-right.png'
Time: 00:00.06 (Saving: 00:00.03)

Saved: 'C:\Repos\mmo-asset-pipeline\tmp\art-quality-loop\runs\qa\ro-swordsman-character-v1\v001\clips\AN_RO_Run_Sword\a01-check\preview\f020-three-quarter.png'
Time: 00:00.06 (Saving: 00:00.03)

Saved: 'C:\Repos\mmo-asset-pipeline\tmp\art-quality-loop\runs\qa\ro-swordsman-character-v1\v001\clips\AN_RO_Run_Sword\a01-check\preview\f030-front.png'
Time: 00:00.06 (Saving: 00:00.03)

Saved: 'C:\Repos\mmo-asset-pipeline\tmp\art-quality-loop\runs\qa\ro-swordsman-character-v1\v001\clips\AN_RO_Run_Sword\a01-check\preview\f030-right.png'
Time: 00:00.06 (Saving: 00:00.02)

Saved: 'C:\Repos\mmo-asset-pipeline\tmp\art-quality-loop\runs\qa\ro-swordsman-character-v1\v001\clips\AN_RO_Run_Sword\a01-check\preview\f030-three-quarter.png'
Time: 00:00.06 (Saving: 00:00.03)

CV1_CLIP_CHECK {"clip": "AN_RO_Run_Sword", "samples": 97, "gates": {"clip_time_origin_zero": true, "helper_bones_not_keyed": true, "no_collapse": false, "hand_self_intersection_zero": true, "hand_other_new_intersection_zero": true, "feet_slide": true, "feet_penetration": true, "feet_float": true, "weapon_body_penetration": true, "grasp_functional": true, "loop_seam": true}, "failures": 56, "feet": {"L": [{"window": [20, 29], "slide_m": 0.0003234789651015752, "penetration_m": 0.001219521975144744, "float_m": 0.0}], "R": [{"window": [0, 9], "slide_m": 0.0003236639563745408, "penetration_m": 0.0013003596104681492, "float_m": 0.0}]}, "loop_seam": {"from_frame": 40, "to_frame": 0, "max_bone_deg": 0.0, "max_point_m": 0.0, "pass": true}, "report_only": {"other_new_pairs_max": 3100, "min_triangle_area_ratio": 0.007340756593351725}}

Blender quit
