INFO Draco mesh compression is available, use library at C:\Program Files\Blender Foundation\Blender 4.5\4.5\scripts\addons_core\io_scene_gltf2\extern_draco.dll
17:52:58 | INFO: Starting glTF 2.0 export
17:52:58 | INFO: Extracting primitive: model.008
17:52:58 | WARNING: More than one shader node tex image used for a texture. The resulting glTF sampler will behave like the first shader node tex image.
17:52:58 | INFO: Primitives created: 1
17:52:58 | INFO: Extracting primitive: model.006
17:52:58 | INFO: Primitives created: 1
17:52:58 | INFO: Extracting primitive: model.002
17:52:58 | INFO: Primitives created: 1
17:52:58 | INFO: Extracting primitive: model
17:52:59 | WARNING: More than one shader node tex image used for a texture. The resulting glTF sampler will behave like the first shader node tex image.
17:52:59 | INFO: Primitives created: 1
17:52:59 | INFO: Extracting primitive: model.004
17:52:59 | INFO: Primitives created: 1
17:52:59 | INFO: Extracting primitive: RO_hand_L
17:52:59 | WARNING: More than one shader node tex image used for a texture. The resulting glTF sampler will behave like the first shader node tex image.
17:52:59 | INFO: Primitives created: 1
17:52:59 | INFO: Extracting primitive: RO_hand_R
17:52:59 | INFO: Primitives created: 1
17:52:59 | INFO: Extracting primitive: model.001
17:52:59 | INFO: Primitives created: 1
17:52:59 | INFO: Extracting primitive: model.005
17:52:59 | INFO: Primitives created: 1
17:52:59 | INFO: Extracting primitive: model.007
17:52:59 | INFO: Primitives created: 1
17:52:59 | INFO: Finished glTF 2.0 export in 1.39857816696167 s

17:53:00 | INFO: Starting glTF 2.0 export
17:53:00 | INFO: Extracting primitive: model.008
17:53:00 | INFO: Primitives created: 1
17:53:00 | INFO: Extracting primitive: model.006
17:53:00 | INFO: Primitives created: 1
17:53:00 | INFO: Extracting primitive: model.002
17:53:00 | INFO: Primitives created: 1
17:53:00 | INFO: Extracting primitive: model
17:53:01 | INFO: Primitives created: 1
17:53:01 | INFO: Extracting primitive: model.004
17:53:01 | INFO: Primitives created: 1
17:53:01 | INFO: Extracting primitive: RO_hand_L
17:53:01 | INFO: Primitives created: 1
17:53:01 | INFO: Extracting primitive: RO_hand_R
17:53:01 | INFO: Primitives created: 1
17:53:01 | INFO: Extracting primitive: model.001
17:53:01 | INFO: Primitives created: 1
17:53:01 | INFO: Extracting primitive: model.005
17:53:01 | INFO: Primitives created: 1
17:53:01 | INFO: Extracting primitive: model.007
17:53:01 | INFO: Primitives created: 1
17:53:01 | INFO: Finished glTF 2.0 export in 0.7801189422607422 s

CV1_EXPORT_CLIP {"clip": "AN_RO_Run_Sword", "blocks": 26, "glb_bytes": [27922740, 3263396], "half_frames": [0.5, 10.5, 20.5, 30.5]}
Blender 4.5.5 LTS (hash 836beaaf597a built 2025-11-18 01:33:26)
Read blend: "C:\Repos\mmo-asset-pipeline\tmp\art-quality-loop\assets\processed\ro-swordsman-character-v1\v001\b18-clipfolds\ro_character_v001_b18-clipfolds.blend"

Blender quit
