INFO Draco mesh compression is available, use library at C:\Program Files\Blender Foundation\Blender 4.5\4.5\scripts\addons_core\io_scene_gltf2\extern_draco.dll
19:07:41 | INFO: Starting glTF 2.0 export
19:07:41 | INFO: Extracting primitive: model.008
19:07:42 | WARNING: More than one shader node tex image used for a texture. The resulting glTF sampler will behave like the first shader node tex image.
19:07:42 | INFO: Primitives created: 1
19:07:42 | INFO: Extracting primitive: model.006
19:07:42 | INFO: Primitives created: 1
19:07:42 | INFO: Extracting primitive: model.002
19:07:42 | INFO: Primitives created: 1
19:07:42 | INFO: Extracting primitive: model
19:07:42 | WARNING: More than one shader node tex image used for a texture. The resulting glTF sampler will behave like the first shader node tex image.
19:07:42 | INFO: Primitives created: 1
19:07:42 | INFO: Extracting primitive: model.004
19:07:42 | INFO: Primitives created: 1
19:07:42 | INFO: Extracting primitive: RO_hand_L
19:07:42 | WARNING: More than one shader node tex image used for a texture. The resulting glTF sampler will behave like the first shader node tex image.
19:07:42 | INFO: Primitives created: 1
19:07:42 | INFO: Extracting primitive: RO_hand_R
19:07:43 | INFO: Primitives created: 1
19:07:43 | INFO: Extracting primitive: model.001
19:07:43 | INFO: Primitives created: 1
19:07:43 | INFO: Extracting primitive: model.005
19:07:43 | INFO: Primitives created: 1
19:07:43 | INFO: Extracting primitive: model.007
19:07:43 | INFO: Primitives created: 1
19:07:43 | INFO: Finished glTF 2.0 export in 1.3986122608184814 s

19:07:44 | INFO: Starting glTF 2.0 export
19:07:44 | INFO: Extracting primitive: model.008
19:07:44 | INFO: Primitives created: 1
19:07:44 | INFO: Extracting primitive: model.006
19:07:44 | INFO: Primitives created: 1
19:07:44 | INFO: Extracting primitive: model.002
19:07:44 | INFO: Primitives created: 1
19:07:44 | INFO: Extracting primitive: model
19:07:44 | INFO: Primitives created: 1
19:07:44 | INFO: Extracting primitive: model.004
19:07:44 | INFO: Primitives created: 1
19:07:44 | INFO: Extracting primitive: RO_hand_L
19:07:44 | INFO: Primitives created: 1
19:07:44 | INFO: Extracting primitive: RO_hand_R
19:07:44 | INFO: Primitives created: 1
19:07:44 | INFO: Extracting primitive: model.001
19:07:44 | INFO: Primitives created: 1
19:07:44 | INFO: Extracting primitive: model.005
19:07:44 | INFO: Primitives created: 1
19:07:44 | INFO: Extracting primitive: model.007
19:07:44 | INFO: Primitives created: 1
19:07:45 | INFO: Finished glTF 2.0 export in 0.7917892932891846 s

CV1_EXPORT_CLIP {"clip": "AN_RO_Run_Sword", "blocks": 26, "glb_bytes": [27922740, 3263396], "half_frames": [0.5, 10.5, 20.5, 30.5]}
Blender 4.5.5 LTS (hash 836beaaf597a built 2025-11-18 01:33:26)
Read blend: "C:\Repos\mmo-asset-pipeline\tmp\art-quality-loop\assets\processed\ro-swordsman-character-v1\v001\b18-clipfolds\ro_character_v001_b18-clipfolds.blend"

Blender quit
