Blender 4.5.5 LTS (hash 836beaaf597a built 2025-11-18 01:33:26)
Read blend: "C:\Repos\mmo-asset-pipeline\tmp\art-quality-loop\assets\processed\ro-swordsman-character-v1\v001\b18-clipfolds\ro_character_v001_b18-clipfolds.blend"
Saved: 'C:\Repos\mmo-asset-pipeline\tmp\art-quality-loop\runs\qa\ro-swordsman-character-v1\v001\clips\AN_RO_Walk_Sword\a04-check-b18\preview\f000-front.png'
Time: 00:01.10 (Saving: 00:00.26)

Saved: 'C:\Repos\mmo-asset-pipeline\tmp\art-quality-loop\runs\qa\ro-swordsman-character-v1\v001\clips\AN_RO_Walk_Sword\a04-check-b18\preview\f000-right.png'
Time: 00:00.08 (Saving: 00:00.03)

Saved: 'C:\Repos\mmo-asset-pipeline\tmp\art-quality-loop\runs\qa\ro-swordsman-character-v1\v001\clips\AN_RO_Walk_Sword\a04-check-b18\preview\f000-three-quarter.png'
Time: 00:00.07 (Saving: 00:00.03)

Saved: 'C:\Repos\mmo-asset-pipeline\tmp\art-quality-loop\runs\qa\ro-swordsman-character-v1\v001\clips\AN_RO_Walk_Sword\a04-check-b18\preview\f015-front.png'
Time: 00:00.08 (Saving: 00:00.03)

Saved: 'C:\Repos\mmo-asset-pipeline\tmp\art-quality-loop\runs\qa\ro-swordsman-character-v1\v001\clips\AN_RO_Walk_Sword\a04-check-b18\preview\f015-right.png'
Time: 00:00.08 (Saving: 00:00.04)

Saved: 'C:\Repos\mmo-asset-pipeline\tmp\art-quality-loop\runs\qa\ro-swordsman-character-v1\v001\clips\AN_RO_Walk_Sword\a04-check-b18\preview\f015-three-quarter.png'
Time: 00:00.09 (Saving: 00:00.04)

Saved: 'C:\Repos\mmo-asset-pipeline\tmp\art-quality-loop\runs\qa\ro-swordsman-character-v1\v001\clips\AN_RO_Walk_Sword\a04-check-b18\preview\f030-front.png'
Time: 00:00.08 (Saving: 00:00.04)

Saved: 'C:\Repos\mmo-asset-pipeline\tmp\art-quality-loop\runs\qa\ro-swordsman-character-v1\v001\clips\AN_RO_Walk_Sword\a04-check-b18\preview\f030-right.png'
Time: 00:00.08 (Saving: 00:00.04)

Saved: 'C:\Repos\mmo-asset-pipeline\tmp\art-quality-loop\runs\qa\ro-swordsman-character-v1\v001\clips\AN_RO_Walk_Sword\a04-check-b18\preview\f030-three-quarter.png'
Time: 00:00.08 (Saving: 00:00.04)

CV1_CLIP_CHECK {"clip": "AN_RO_Walk_Sword", "samples": 137, "gates": {"clip_time_origin_zero": true, "helper_bones_not_keyed": true, "no_collapse": true, "hand_self_intersection_zero": true, "hand_other_new_intersection_zero": true, "feet_slide": true, "feet_penetration": true, "feet_float": true, "weapon_body_penetration": true, "grasp_functional": true, "loop_seam": true}, "failures": 0, "feet": {"L": [{"window": [30, 54], "slide_m": 5.021655064177428e-05, "penetration_m": 0.00015086913481354713, "float_m": 0.0}], "R": [{"window": [0, 24], "slide_m": 5.0097739391552635e-05, "penetration_m": 0.00023152751964516938, "float_m": 0.0}]}, "loop_seam": {"from_frame": 60, "to_frame": 0, "max_bone_deg": 0.0, "max_point_m": 0.0, "pass": true}, "report_only": {"other_new_pairs_max": 1579, "min_triangle_area_ratio": 0.0548501989646333}}

Blender quit
