INFO Draco mesh compression is available, use library at C:\Program Files\Blender Foundation\Blender 4.5\4.5\scripts\addons_core\io_scene_gltf2\extern_draco.dll
10:40:24 | INFO: Starting glTF 2.0 export
10:40:24 | INFO: Extracting primitive: model.008
10:40:24 | WARNING: More than one shader node tex image used for a texture. The resulting glTF sampler will behave like the first shader node tex image.
10:40:24 | INFO: Primitives created: 1
10:40:24 | INFO: Extracting primitive: model.006
10:40:24 | INFO: Primitives created: 1
10:40:24 | INFO: Extracting primitive: model.002
10:40:24 | INFO: Primitives created: 1
10:40:24 | INFO: Extracting primitive: model
10:40:25 | WARNING: More than one shader node tex image used for a texture. The resulting glTF sampler will behave like the first shader node tex image.
10:40:25 | INFO: Primitives created: 1
10:40:25 | INFO: Extracting primitive: model.004
10:40:25 | INFO: Primitives created: 1
10:40:25 | INFO: Extracting primitive: RO_hand_L
10:40:25 | WARNING: More than one shader node tex image used for a texture. The resulting glTF sampler will behave like the first shader node tex image.
10:40:25 | INFO: Primitives created: 1
10:40:25 | INFO: Extracting primitive: RO_hand_R
10:40:25 | INFO: Primitives created: 1
10:40:25 | INFO: Extracting primitive: model.001
10:40:26 | INFO: Primitives created: 1
10:40:26 | INFO: Extracting primitive: model.005
10:40:26 | INFO: Primitives created: 1
10:40:26 | INFO: Extracting primitive: model.007
10:40:26 | INFO: Primitives created: 1
10:40:26 | INFO: Finished glTF 2.0 export in 1.6033539772033691 s

10:40:27 | INFO: Starting glTF 2.0 export
10:40:27 | INFO: Extracting primitive: model.008
10:40:27 | INFO: Primitives created: 1
10:40:27 | INFO: Extracting primitive: model.006
10:40:27 | INFO: Primitives created: 1
10:40:27 | INFO: Extracting primitive: model.002
10:40:27 | INFO: Primitives created: 1
10:40:27 | INFO: Extracting primitive: model
10:40:28 | INFO: Primitives created: 1
10:40:28 | INFO: Extracting primitive: model.004
10:40:28 | INFO: Primitives created: 1
10:40:28 | INFO: Extracting primitive: RO_hand_L
10:40:28 | INFO: Primitives created: 1
10:40:28 | INFO: Extracting primitive: RO_hand_R
10:40:28 | INFO: Primitives created: 1
10:40:28 | INFO: Extracting primitive: model.001
10:40:28 | INFO: Primitives created: 1
10:40:28 | INFO: Extracting primitive: model.005
10:40:28 | INFO: Primitives created: 1
10:40:28 | INFO: Extracting primitive: model.007
10:40:28 | INFO: Primitives created: 1
10:40:28 | INFO: Finished glTF 2.0 export in 1.2968451976776123 s

CV1_EXPORT_CLIP {"clip": "AN_RO_Walk_Sword", "blocks": 26, "glb_bytes": [28038988, 3385928], "half_frames": [0.5, 15.5, 30.5, 45.5]}
Blender 4.5.5 LTS (hash 836beaaf597a built 2025-11-18 01:33:26)
Read blend: "C:\Repos\mmo-asset-pipeline\tmp\art-quality-loop\assets\processed\ro-swordsman-character-v1\v001\b19-crotch\ro_character_v001_b19-crotch.blend"

Blender quit
