INFO Draco mesh compression is available, use library at C:\Program Files\Blender Foundation\Blender 4.5\4.5\scripts\addons_core\io_scene_gltf2\extern_draco.dll
12:13:24 | INFO: Starting glTF 2.0 export
12:13:24 | INFO: Extracting primitive: model.008
12:13:24 | WARNING: More than one shader node tex image used for a texture. The resulting glTF sampler will behave like the first shader node tex image.
12:13:24 | INFO: Primitives created: 1
12:13:24 | INFO: Extracting primitive: model.006
12:13:24 | INFO: Primitives created: 1
12:13:24 | INFO: Extracting primitive: model.002
12:13:24 | INFO: Primitives created: 1
12:13:24 | INFO: Extracting primitive: model
12:13:25 | WARNING: More than one shader node tex image used for a texture. The resulting glTF sampler will behave like the first shader node tex image.
12:13:25 | INFO: Primitives created: 1
12:13:25 | INFO: Extracting primitive: model.004
12:13:25 | INFO: Primitives created: 1
12:13:25 | INFO: Extracting primitive: RO_hand_L
12:13:26 | WARNING: More than one shader node tex image used for a texture. The resulting glTF sampler will behave like the first shader node tex image.
12:13:26 | INFO: Primitives created: 1
12:13:26 | INFO: Extracting primitive: RO_hand_R
12:13:26 | INFO: Primitives created: 1
12:13:26 | INFO: Extracting primitive: model.001
12:13:26 | INFO: Primitives created: 1
12:13:26 | INFO: Extracting primitive: model.005
12:13:26 | INFO: Primitives created: 1
12:13:26 | INFO: Extracting primitive: model.007
12:13:26 | INFO: Primitives created: 1
12:13:27 | INFO: Finished glTF 2.0 export in 2.966891288757324 s

12:13:28 | INFO: Starting glTF 2.0 export
12:13:28 | INFO: Extracting primitive: model.008
12:13:28 | INFO: Primitives created: 1
12:13:28 | INFO: Extracting primitive: model.006
12:13:28 | INFO: Primitives created: 1
12:13:28 | INFO: Extracting primitive: model.002
12:13:28 | INFO: Primitives created: 1
12:13:28 | INFO: Extracting primitive: model
12:13:29 | INFO: Primitives created: 1
12:13:29 | INFO: Extracting primitive: model.004
12:13:29 | INFO: Primitives created: 1
12:13:29 | INFO: Extracting primitive: RO_hand_L
12:13:29 | INFO: Primitives created: 1
12:13:29 | INFO: Extracting primitive: RO_hand_R
12:13:29 | INFO: Primitives created: 1
12:13:29 | INFO: Extracting primitive: model.001
12:13:29 | INFO: Primitives created: 1
12:13:29 | INFO: Extracting primitive: model.005
12:13:29 | INFO: Primitives created: 1
12:13:29 | INFO: Extracting primitive: model.007
12:13:29 | INFO: Primitives created: 1
12:13:30 | INFO: Finished glTF 2.0 export in 1.9438471794128418 s

CV1_EXPORT_CLIP {"clip": "AN_RO_Walk_Sword", "blocks": 12, "glb_bytes": [28084492, 3431896], "half_frames": []}
Blender 4.5.5 LTS (hash 836beaaf597a built 2025-11-18 01:33:26)
Read blend: "C:\Repos\mmo-asset-pipeline\tmp\art-quality-loop\assets\processed\ro-swordsman-character-v1\v001\b20-coatlie3\ro_character_v001_b20-coatlie3.blend"

Blender quit
