Blender 4.5.5 LTS (hash 836beaaf597a built 2025-11-18 01:33:26)
Read blend: "C:\Repos\mmo-asset-pipeline\tmp\art-quality-loop\assets\processed\ro-swordsman-combo-r007\baseline\ro_hand_structure_baseline.blend"
Fra:1 Mem:297.93M (Peak 312.50M) | Time:00:00.86 | Rendering 1 / 64 samples
Fra:1 Mem:297.93M (Peak 312.50M) | Time:00:00.97 | Rendering 25 / 64 samples
Fra:1 Mem:297.93M (Peak 312.50M) | Time:00:01.07 | Rendering 50 / 64 samples
Fra:1 Mem:297.93M (Peak 312.50M) | Time:00:01.18 | Rendering 64 / 64 samples
Saved: 'C:\Repos\mmo-asset-pipeline\tmp\art-quality-loop\runs\qa\ro-swordsman-combo-r007\baseline\front.png'
Time: 00:01.46 (Saving: 00:00.24)

Fra:1 Mem:297.92M (Peak 303.08M) | Time:00:00.08 | Rendering 1 / 64 samples
Fra:1 Mem:297.92M (Peak 303.08M) | Time:00:00.20 | Rendering 25 / 64 samples
Fra:1 Mem:297.92M (Peak 303.08M) | Time:00:00.32 | Rendering 50 / 64 samples
Fra:1 Mem:297.92M (Peak 303.08M) | Time:00:00.39 | Rendering 64 / 64 samples
Saved: 'C:\Repos\mmo-asset-pipeline\tmp\art-quality-loop\runs\qa\ro-swordsman-combo-r007\baseline\side.png'
Time: 00:00.56 (Saving: 00:00.13)

Fra:1 Mem:297.92M (Peak 303.08M) | Time:00:00.08 | Rendering 1 / 64 samples
Fra:1 Mem:297.92M (Peak 303.08M) | Time:00:00.20 | Rendering 25 / 64 samples
Fra:1 Mem:297.92M (Peak 303.08M) | Time:00:00.32 | Rendering 50 / 64 samples
Fra:1 Mem:297.92M (Peak 303.08M) | Time:00:00.39 | Rendering 64 / 64 samples
Saved: 'C:\Repos\mmo-asset-pipeline\tmp\art-quality-loop\runs\qa\ro-swordsman-combo-r007\baseline\back.png'
Time: 00:00.55 (Saving: 00:00.14)

Fra:1 Mem:297.92M (Peak 303.08M) | Time:00:00.08 | Rendering 1 / 64 samples
Fra:1 Mem:297.92M (Peak 303.08M) | Time:00:00.21 | Rendering 25 / 64 samples
Fra:1 Mem:297.92M (Peak 303.08M) | Time:00:00.34 | Rendering 50 / 64 samples
Fra:1 Mem:297.92M (Peak 303.08M) | Time:00:00.42 | Rendering 64 / 64 samples
Saved: 'C:\Repos\mmo-asset-pipeline\tmp\art-quality-loop\runs\qa\ro-swordsman-combo-r007\baseline\three-quarter.png'
Time: 00:00.58 (Saving: 00:00.13)

Fra:1 Mem:297.92M (Peak 303.08M) | Time:00:00.07 | Rendering 1 / 64 samples
Fra:1 Mem:297.92M (Peak 303.08M) | Time:00:00.17 | Rendering 25 / 64 samples
Fra:1 Mem:297.92M (Peak 303.08M) | Time:00:00.26 | Rendering 50 / 64 samples
Fra:1 Mem:297.92M (Peak 303.08M) | Time:00:00.31 | Rendering 64 / 64 samples
Saved: 'C:\Repos\mmo-asset-pipeline\tmp\art-quality-loop\runs\qa\ro-swordsman-combo-r007\baseline\detail.png'
Time: 00:00.47 (Saving: 00:00.13)

Fra:1 Mem:297.98M (Peak 303.14M) | Time:00:00.07 | Rendering 1 / 64 samples
Fra:1 Mem:297.98M (Peak 303.14M) | Time:00:00.18 | Rendering 25 / 64 samples
Fra:1 Mem:297.98M (Peak 303.14M) | Time:00:00.30 | Rendering 50 / 64 samples
Fra:1 Mem:297.98M (Peak 303.14M) | Time:00:00.36 | Rendering 64 / 64 samples
Saved: 'C:\Repos\mmo-asset-pipeline\tmp\art-quality-loop\runs\qa\ro-swordsman-combo-r007\baseline\frame-001\palm.png'
Time: 00:00.52 (Saving: 00:00.13)

Fra:1 Mem:297.92M (Peak 303.08M) | Time:00:00.08 | Rendering 1 / 64 samples
Fra:1 Mem:297.92M (Peak 303.08M) | Time:00:00.20 | Rendering 25 / 64 samples
Fra:1 Mem:297.92M (Peak 303.08M) | Time:00:00.31 | Rendering 50 / 64 samples
Fra:1 Mem:297.92M (Peak 303.08M) | Time:00:00.38 | Rendering 64 / 64 samples
Saved: 'C:\Repos\mmo-asset-pipeline\tmp\art-quality-loop\runs\qa\ro-swordsman-combo-r007\baseline\frame-001\side.png'
Time: 00:00.56 (Saving: 00:00.16)

Fra:1 Mem:297.92M (Peak 303.08M) | Time:00:00.08 | Rendering 1 / 64 samples
Fra:1 Mem:297.92M (Peak 303.08M) | Time:00:00.19 | Rendering 25 / 64 samples
Fra:1 Mem:297.92M (Peak 303.08M) | Time:00:00.30 | Rendering 50 / 64 samples
Fra:1 Mem:297.92M (Peak 303.08M) | Time:00:00.37 | Rendering 64 / 64 samples
Saved: 'C:\Repos\mmo-asset-pipeline\tmp\art-quality-loop\runs\qa\ro-swordsman-combo-r007\baseline\frame-001\back.png'
Time: 00:00.53 (Saving: 00:00.13)

Fra:1 Mem:297.92M (Peak 303.08M) | Time:00:00.08 | Rendering 1 / 64 samples
Fra:1 Mem:297.92M (Peak 303.08M) | Time:00:00.19 | Rendering 25 / 64 samples
Fra:1 Mem:297.92M (Peak 303.08M) | Time:00:00.31 | Rendering 50 / 64 samples
Fra:1 Mem:297.92M (Peak 303.08M) | Time:00:00.38 | Rendering 64 / 64 samples
Saved: 'C:\Repos\mmo-asset-pipeline\tmp\art-quality-loop\runs\qa\ro-swordsman-combo-r007\baseline\frame-001\wrist.png'
Time: 00:00.56 (Saving: 00:00.15)

Fra:16 Mem:297.98M (Peak 303.14M) | Time:00:00.08 | Rendering 1 / 64 samples
Fra:16 Mem:297.98M (Peak 303.14M) | Time:00:00.22 | Rendering 25 / 64 samples
Fra:16 Mem:297.98M (Peak 303.14M) | Time:00:00.33 | Rendering 50 / 64 samples
Fra:16 Mem:297.98M (Peak 303.14M) | Time:00:00.39 | Rendering 64 / 64 samples
Saved: 'C:\Repos\mmo-asset-pipeline\tmp\art-quality-loop\runs\qa\ro-swordsman-combo-r007\baseline\frame-016\palm.png'
Time: 00:00.57 (Saving: 00:00.14)

Fra:16 Mem:297.92M (Peak 303.08M) | Time:00:00.08 | Rendering 1 / 64 samples
Fra:16 Mem:297.92M (Peak 303.08M) | Time:00:00.19 | Rendering 25 / 64 samples
Fra:16 Mem:297.92M (Peak 303.08M) | Time:00:00.31 | Rendering 50 / 64 samples
Fra:16 Mem:297.92M (Peak 303.08M) | Time:00:00.37 | Rendering 64 / 64 samples
Saved: 'C:\Repos\mmo-asset-pipeline\tmp\art-quality-loop\runs\qa\ro-swordsman-combo-r007\baseline\frame-016\side.png'
Time: 00:00.56 (Saving: 00:00.15)

Fra:16 Mem:297.92M (Peak 303.08M) | Time:00:00.08 | Rendering 1 / 64 samples
Fra:16 Mem:297.92M (Peak 303.08M) | Time:00:00.19 | Rendering 25 / 64 samples
Fra:16 Mem:297.92M (Peak 303.08M) | Time:00:00.30 | Rendering 50 / 64 samples
Fra:16 Mem:297.92M (Peak 303.08M) | Time:00:00.36 | Rendering 64 / 64 samples
Saved: 'C:\Repos\mmo-asset-pipeline\tmp\art-quality-loop\runs\qa\ro-swordsman-combo-r007\baseline\frame-016\back.png'
Time: 00:00.53 (Saving: 00:00.14)

Fra:16 Mem:297.92M (Peak 303.08M) | Time:00:00.08 | Rendering 1 / 64 samples
Fra:16 Mem:297.92M (Peak 303.08M) | Time:00:00.19 | Rendering 25 / 64 samples
Fra:16 Mem:297.92M (Peak 303.08M) | Time:00:00.32 | Rendering 50 / 64 samples
Fra:16 Mem:297.92M (Peak 303.08M) | Time:00:00.39 | Rendering 64 / 64 samples
Saved: 'C:\Repos\mmo-asset-pipeline\tmp\art-quality-loop\runs\qa\ro-swordsman-combo-r007\baseline\frame-016\wrist.png'
Time: 00:00.56 (Saving: 00:00.14)

Fra:31 Mem:297.98M (Peak 303.14M) | Time:00:00.08 | Rendering 1 / 64 samples
Fra:31 Mem:297.98M (Peak 303.14M) | Time:00:00.19 | Rendering 25 / 64 samples
Fra:31 Mem:297.98M (Peak 303.14M) | Time:00:00.30 | Rendering 50 / 64 samples
Fra:31 Mem:297.98M (Peak 303.14M) | Time:00:00.36 | Rendering 64 / 64 samples
Saved: 'C:\Repos\mmo-asset-pipeline\tmp\art-quality-loop\runs\qa\ro-swordsman-combo-r007\baseline\frame-031\palm.png'
Time: 00:00.53 (Saving: 00:00.15)

Fra:31 Mem:297.92M (Peak 303.08M) | Time:00:00.08 | Rendering 1 / 64 samples
Fra:31 Mem:297.92M (Peak 303.08M) | Time:00:00.19 | Rendering 25 / 64 samples
Fra:31 Mem:297.92M (Peak 303.08M) | Time:00:00.30 | Rendering 50 / 64 samples
Fra:31 Mem:297.92M (Peak 303.08M) | Time:00:00.37 | Rendering 64 / 64 samples
Saved: 'C:\Repos\mmo-asset-pipeline\tmp\art-quality-loop\runs\qa\ro-swordsman-combo-r007\baseline\frame-031\side.png'
Time: 00:00.53 (Saving: 00:00.13)

Fra:31 Mem:297.92M (Peak 303.08M) | Time:00:00.07 | Rendering 1 / 64 samples
Fra:31 Mem:297.92M (Peak 303.08M) | Time:00:00.18 | Rendering 25 / 64 samples
Fra:31 Mem:297.92M (Peak 303.08M) | Time:00:00.29 | Rendering 50 / 64 samples
Fra:31 Mem:297.92M (Peak 303.08M) | Time:00:00.35 | Rendering 64 / 64 samples
Saved: 'C:\Repos\mmo-asset-pipeline\tmp\art-quality-loop\runs\qa\ro-swordsman-combo-r007\baseline\frame-031\back.png'
Time: 00:00.51 (Saving: 00:00.12)

Fra:31 Mem:297.92M (Peak 303.08M) | Time:00:00.07 | Rendering 1 / 64 samples
Fra:31 Mem:297.92M (Peak 303.08M) | Time:00:00.19 | Rendering 25 / 64 samples
Fra:31 Mem:297.92M (Peak 303.08M) | Time:00:00.32 | Rendering 50 / 64 samples
Fra:31 Mem:297.92M (Peak 303.08M) | Time:00:00.39 | Rendering 64 / 64 samples
Saved: 'C:\Repos\mmo-asset-pipeline\tmp\art-quality-loop\runs\qa\ro-swordsman-combo-r007\baseline\frame-031\wrist.png'
Time: 00:00.56 (Saving: 00:00.14)

Fra:46 Mem:297.98M (Peak 303.14M) | Time:00:00.07 | Rendering 1 / 64 samples
Fra:46 Mem:297.98M (Peak 303.14M) | Time:00:00.18 | Rendering 25 / 64 samples
Fra:46 Mem:297.98M (Peak 303.14M) | Time:00:00.28 | Rendering 50 / 64 samples
Fra:46 Mem:297.98M (Peak 303.14M) | Time:00:00.34 | Rendering 64 / 64 samples
Saved: 'C:\Repos\mmo-asset-pipeline\tmp\art-quality-loop\runs\qa\ro-swordsman-combo-r007\baseline\frame-046\palm.png'
Time: 00:00.52 (Saving: 00:00.14)

Fra:46 Mem:297.92M (Peak 303.08M) | Time:00:00.07 | Rendering 1 / 64 samples
Fra:46 Mem:297.92M (Peak 303.08M) | Time:00:00.22 | Rendering 25 / 64 samples
Fra:46 Mem:297.92M (Peak 303.08M) | Time:00:00.33 | Rendering 50 / 64 samples
Fra:46 Mem:297.92M (Peak 303.08M) | Time:00:00.39 | Rendering 64 / 64 samples
Saved: 'C:\Repos\mmo-asset-pipeline\tmp\art-quality-loop\runs\qa\ro-swordsman-combo-r007\baseline\frame-046\side.png'
Time: 00:00.55 (Saving: 00:00.13)

Fra:46 Mem:297.92M (Peak 303.08M) | Time:00:00.07 | Rendering 1 / 64 samples
Fra:46 Mem:297.92M (Peak 303.08M) | Time:00:00.18 | Rendering 25 / 64 samples
Fra:46 Mem:297.92M (Peak 303.08M) | Time:00:00.28 | Rendering 50 / 64 samples
Fra:46 Mem:297.92M (Peak 303.08M) | Time:00:00.34 | Rendering 64 / 64 samples
Saved: 'C:\Repos\mmo-asset-pipeline\tmp\art-quality-loop\runs\qa\ro-swordsman-combo-r007\baseline\frame-046\back.png'
Time: 00:00.52 (Saving: 00:00.15)

Fra:46 Mem:297.92M (Peak 303.08M) | Time:00:00.08 | Rendering 1 / 64 samples
Fra:46 Mem:297.92M (Peak 303.08M) | Time:00:00.19 | Rendering 25 / 64 samples
Fra:46 Mem:297.92M (Peak 303.08M) | Time:00:00.31 | Rendering 50 / 64 samples
Fra:46 Mem:297.92M (Peak 303.08M) | Time:00:00.38 | Rendering 64 / 64 samples
Saved: 'C:\Repos\mmo-asset-pipeline\tmp\art-quality-loop\runs\qa\ro-swordsman-combo-r007\baseline\frame-046\wrist.png'
Time: 00:00.55 (Saving: 00:00.14)

Fra:61 Mem:297.98M (Peak 303.14M) | Time:00:00.08 | Rendering 1 / 64 samples
Fra:61 Mem:297.98M (Peak 303.14M) | Time:00:00.18 | Rendering 25 / 64 samples
Fra:61 Mem:297.98M (Peak 303.14M) | Time:00:00.29 | Rendering 50 / 64 samples
Fra:61 Mem:297.98M (Peak 303.14M) | Time:00:00.35 | Rendering 64 / 64 samples
Saved: 'C:\Repos\mmo-asset-pipeline\tmp\art-quality-loop\runs\qa\ro-swordsman-combo-r007\baseline\frame-061\palm.png'
Time: 00:00.51 (Saving: 00:00.13)

Fra:61 Mem:297.92M (Peak 303.08M) | Time:00:00.07 | Rendering 1 / 64 samples
Fra:61 Mem:297.92M (Peak 303.08M) | Time:00:00.18 | Rendering 25 / 64 samples
Fra:61 Mem:297.92M (Peak 303.08M) | Time:00:00.29 | Rendering 50 / 64 samples
Fra:61 Mem:297.92M (Peak 303.08M) | Time:00:00.35 | Rendering 64 / 64 samples
Saved: 'C:\Repos\mmo-asset-pipeline\tmp\art-quality-loop\runs\qa\ro-swordsman-combo-r007\baseline\frame-061\side.png'
Time: 00:00.52 (Saving: 00:00.14)

Fra:61 Mem:297.92M (Peak 303.08M) | Time:00:00.08 | Rendering 1 / 64 samples
Fra:61 Mem:297.92M (Peak 303.08M) | Time:00:00.17 | Rendering 25 / 64 samples
Fra:61 Mem:297.92M (Peak 303.08M) | Time:00:00.28 | Rendering 50 / 64 samples
Fra:61 Mem:297.92M (Peak 303.08M) | Time:00:00.33 | Rendering 64 / 64 samples
Saved: 'C:\Repos\mmo-asset-pipeline\tmp\art-quality-loop\runs\qa\ro-swordsman-combo-r007\baseline\frame-061\back.png'
Time: 00:00.50 (Saving: 00:00.14)

Fra:61 Mem:297.92M (Peak 303.08M) | Time:00:00.07 | Rendering 1 / 64 samples
Fra:61 Mem:297.92M (Peak 303.08M) | Time:00:00.19 | Rendering 25 / 64 samples
Fra:61 Mem:297.92M (Peak 303.08M) | Time:00:00.31 | Rendering 50 / 64 samples
Fra:61 Mem:297.92M (Peak 303.08M) | Time:00:00.38 | Rendering 64 / 64 samples
Saved: 'C:\Repos\mmo-asset-pipeline\tmp\art-quality-loop\runs\qa\ro-swordsman-combo-r007\baseline\frame-061\wrist.png'
Time: 00:00.55 (Saving: 00:00.15)

{"baseline": "actual", "triangles": 57039, "bones": 53, "invalid_weights": 0, "height_m": 1.7399999030069457, "glove_transverse_pairs": [0, 0, 175, 335, 491], "wrist_transverse_pairs": [0, 0, 18, 290, 137], "PNGs": 25, "art": "NO_SHIP"}

Blender quit
