Blender 4.5.5 LTS (hash 836beaaf597a built 2025-11-18 01:33:26)
OBJ import of 'base.obj' took 4.25 ms
Fra:1 Mem:127.09M (Peak 141.14M) | Time:00:01.13 | Rendering 1 / 64 samples
Fra:1 Mem:127.09M (Peak 141.14M) | Time:00:01.19 | Rendering 25 / 64 samples
Fra:1 Mem:127.09M (Peak 141.14M) | Time:00:01.26 | Rendering 50 / 64 samples
Fra:1 Mem:127.09M (Peak 141.14M) | Time:00:01.30 | Rendering 64 / 64 samples
Saved: 'C:\Repos\mmo-asset-pipeline\tmp\art-quality-loop\runs\qa\ro-swordsman-combo-r007\hand-source\front.png'
Time: 00:01.51 (Saving: 00:00.18)

Fra:1 Mem:127.16M (Peak 127.16M) | Time:00:00.04 | Rendering 1 / 64 samples
Fra:1 Mem:127.16M (Peak 127.16M) | Time:00:00.11 | Rendering 25 / 64 samples
Fra:1 Mem:127.16M (Peak 127.16M) | Time:00:00.19 | Rendering 50 / 64 samples
Fra:1 Mem:127.16M (Peak 127.16M) | Time:00:00.23 | Rendering 64 / 64 samples
Saved: 'C:\Repos\mmo-asset-pipeline\tmp\art-quality-loop\runs\qa\ro-swordsman-combo-r007\hand-source\back.png'
Time: 00:00.33 (Saving: 00:00.07)

Fra:1 Mem:127.16M (Peak 127.16M) | Time:00:00.04 | Rendering 1 / 64 samples
Fra:1 Mem:127.16M (Peak 127.16M) | Time:00:00.11 | Rendering 25 / 64 samples
Fra:1 Mem:127.16M (Peak 127.16M) | Time:00:00.19 | Rendering 50 / 64 samples
Fra:1 Mem:127.16M (Peak 127.16M) | Time:00:00.23 | Rendering 64 / 64 samples
Saved: 'C:\Repos\mmo-asset-pipeline\tmp\art-quality-loop\runs\qa\ro-swordsman-combo-r007\hand-source\right.png'
Time: 00:00.33 (Saving: 00:00.07)

Fra:1 Mem:127.16M (Peak 127.16M) | Time:00:00.04 | Rendering 1 / 64 samples
Fra:1 Mem:127.16M (Peak 127.16M) | Time:00:00.11 | Rendering 25 / 64 samples
Fra:1 Mem:127.16M (Peak 127.16M) | Time:00:00.19 | Rendering 50 / 64 samples
Fra:1 Mem:127.16M (Peak 127.16M) | Time:00:00.23 | Rendering 64 / 64 samples
Saved: 'C:\Repos\mmo-asset-pipeline\tmp\art-quality-loop\runs\qa\ro-swordsman-combo-r007\hand-source\left.png'
Time: 00:00.32 (Saving: 00:00.07)

Fra:1 Mem:127.16M (Peak 127.16M) | Time:00:00.04 | Rendering 1 / 64 samples
Fra:1 Mem:127.16M (Peak 127.16M) | Time:00:00.15 | Rendering 25 / 64 samples
Fra:1 Mem:127.16M (Peak 127.16M) | Time:00:00.23 | Rendering 50 / 64 samples
Fra:1 Mem:127.16M (Peak 127.16M) | Time:00:00.28 | Rendering 64 / 64 samples
Saved: 'C:\Repos\mmo-asset-pipeline\tmp\art-quality-loop\runs\qa\ro-swordsman-combo-r007\hand-source\three-quarter.png'
Time: 00:00.38 (Saving: 00:00.08)

Fra:1 Mem:127.16M (Peak 127.16M) | Time:00:00.04 | Rendering 1 / 64 samples
Fra:1 Mem:127.16M (Peak 127.16M) | Time:00:00.09 | Rendering 25 / 64 samples
Fra:1 Mem:127.16M (Peak 127.16M) | Time:00:00.14 | Rendering 50 / 64 samples
Fra:1 Mem:127.16M (Peak 127.16M) | Time:00:00.17 | Rendering 64 / 64 samples
Saved: 'C:\Repos\mmo-asset-pipeline\tmp\art-quality-loop\runs\qa\ro-swordsman-combo-r007\hand-source\cuff.png'
Time: 00:00.26 (Saving: 00:00.07)

Fra:1 Mem:127.12M (Peak 127.12M) | Time:00:00.04 | Rendering 1 / 64 samples
Fra:1 Mem:127.12M (Peak 127.12M) | Time:00:00.11 | Rendering 25 / 64 samples
Fra:1 Mem:127.12M (Peak 127.12M) | Time:00:00.18 | Rendering 50 / 64 samples
Fra:1 Mem:127.12M (Peak 127.12M) | Time:00:00.22 | Rendering 64 / 64 samples
Saved: 'C:\Repos\mmo-asset-pipeline\tmp\art-quality-loop\runs\qa\ro-swordsman-combo-r007\hand-source\gray-front.png'
Time: 00:00.31 (Saving: 00:00.07)

Fra:1 Mem:127.12M (Peak 127.12M) | Time:00:00.04 | Rendering 1 / 64 samples
Fra:1 Mem:127.12M (Peak 127.12M) | Time:00:00.11 | Rendering 25 / 64 samples
Fra:1 Mem:127.12M (Peak 127.12M) | Time:00:00.19 | Rendering 50 / 64 samples
Fra:1 Mem:127.12M (Peak 127.12M) | Time:00:00.23 | Rendering 64 / 64 samples
Saved: 'C:\Repos\mmo-asset-pipeline\tmp\art-quality-loop\runs\qa\ro-swordsman-combo-r007\hand-source\gray-back.png'
Time: 00:00.32 (Saving: 00:00.06)

Fra:1 Mem:127.12M (Peak 127.12M) | Time:00:00.04 | Rendering 1 / 64 samples
Fra:1 Mem:127.12M (Peak 127.12M) | Time:00:00.12 | Rendering 25 / 64 samples
Fra:1 Mem:127.12M (Peak 127.12M) | Time:00:00.20 | Rendering 50 / 64 samples
Fra:1 Mem:127.12M (Peak 127.12M) | Time:00:00.25 | Rendering 64 / 64 samples
Saved: 'C:\Repos\mmo-asset-pipeline\tmp\art-quality-loop\runs\qa\ro-swordsman-combo-r007\hand-source\gray-three-quarter.png'
Time: 00:00.34 (Saving: 00:00.07)

Fra:1 Mem:131.45M (Peak 132.31M) | Time:00:00.05 | Rendering 1 / 64 samples
Fra:1 Mem:131.45M (Peak 132.31M) | Time:00:00.12 | Rendering 25 / 64 samples
Fra:1 Mem:131.45M (Peak 132.31M) | Time:00:00.20 | Rendering 50 / 64 samples
Fra:1 Mem:131.45M (Peak 132.31M) | Time:00:00.24 | Rendering 64 / 64 samples
Saved: 'C:\Repos\mmo-asset-pipeline\tmp\art-quality-loop\runs\qa\ro-swordsman-combo-r007\hand-source\wire-front.png'
Time: 00:00.33 (Saving: 00:00.06)

Fra:1 Mem:131.45M (Peak 132.31M) | Time:00:00.04 | Rendering 1 / 64 samples
Fra:1 Mem:131.45M (Peak 132.31M) | Time:00:00.12 | Rendering 25 / 64 samples
Fra:1 Mem:131.45M (Peak 132.31M) | Time:00:00.19 | Rendering 50 / 64 samples
Fra:1 Mem:131.45M (Peak 132.31M) | Time:00:00.24 | Rendering 64 / 64 samples
Saved: 'C:\Repos\mmo-asset-pipeline\tmp\art-quality-loop\runs\qa\ro-swordsman-combo-r007\hand-source\wire-back.png'
Time: 00:00.33 (Saving: 00:00.07)

Fra:1 Mem:131.45M (Peak 132.31M) | Time:00:00.04 | Rendering 1 / 64 samples
Fra:1 Mem:131.45M (Peak 132.31M) | Time:00:00.12 | Rendering 25 / 64 samples
Fra:1 Mem:131.45M (Peak 132.31M) | Time:00:00.21 | Rendering 50 / 64 samples
Fra:1 Mem:131.45M (Peak 132.31M) | Time:00:00.26 | Rendering 64 / 64 samples
Saved: 'C:\Repos\mmo-asset-pipeline\tmp\art-quality-loop\runs\qa\ro-swordsman-combo-r007\hand-source\wire-three-quarter.png'
Time: 00:00.35 (Saving: 00:00.07)

Info: Saved as "right_hand_native_source.blend"
RO_NATIVE_HAND {"meshes": 1, "native_polygons": 1213, "polygon_sides": {"4": 1213}, "triangles": 2426, "images": [{"name": "texture_metallic.png", "dimensions": [2048, 2048], "packed": true}, {"name": "texture_normal.png", "dimensions": [2048, 2048], "packed": true}, {"name": "texture_pbr.png", "dimensions": [2048, 2048], "packed": true}, {"name": "texture_roughness.png", "dimensions": [2048, 2048], "packed": true}]}

Blender quit
