Blender 4.5.5 LTS (hash 836beaaf597a built 2025-11-18 01:33:26)
Read blend: "C:\Repos\mmo-asset-pipeline\tmp\art-quality-loop\assets\processed\ro-swordsman-combo-r007\v001-source-preparation\right_hand_exterior.blend"
Fra:1 Mem:64.33M (Peak 64.33M) | Time:00:00.58 | Rendering 1 / 64 samples
Fra:1 Mem:64.33M (Peak 64.33M) | Time:00:00.62 | Rendering 25 / 64 samples
Fra:1 Mem:64.33M (Peak 64.33M) | Time:00:00.66 | Rendering 50 / 64 samples
Fra:1 Mem:64.33M (Peak 64.33M) | Time:00:00.69 | Rendering 64 / 64 samples
Saved: 'C:\Repos\mmo-asset-pipeline\tmp\art-quality-loop\runs\qa\ro-swordsman-combo-r007\v001-thumb-flow\front.png'
Time: 00:00.87 (Saving: 00:00.16)

Fra:1 Mem:64.33M (Peak 64.93M) | Time:00:00.04 | Rendering 1 / 64 samples
Fra:1 Mem:64.33M (Peak 64.93M) | Time:00:00.08 | Rendering 25 / 64 samples
Fra:1 Mem:64.33M (Peak 64.93M) | Time:00:00.12 | Rendering 50 / 64 samples
Fra:1 Mem:64.33M (Peak 64.93M) | Time:00:00.14 | Rendering 64 / 64 samples
Saved: 'C:\Repos\mmo-asset-pipeline\tmp\art-quality-loop\runs\qa\ro-swordsman-combo-r007\v001-thumb-flow\back.png'
Time: 00:00.22 (Saving: 00:00.05)

Fra:1 Mem:64.33M (Peak 64.33M) | Time:00:00.04 | Rendering 1 / 64 samples
Fra:1 Mem:64.33M (Peak 64.33M) | Time:00:00.08 | Rendering 25 / 64 samples
Fra:1 Mem:64.33M (Peak 64.33M) | Time:00:00.12 | Rendering 50 / 64 samples
Fra:1 Mem:64.33M (Peak 64.33M) | Time:00:00.15 | Rendering 64 / 64 samples
Saved: 'C:\Repos\mmo-asset-pipeline\tmp\art-quality-loop\runs\qa\ro-swordsman-combo-r007\v001-thumb-flow\three-quarter.png'
Time: 00:00.22 (Saving: 00:00.05)

Info: Saved as "right_hand_thumb_flow.blend"
RO_THUMB_FLOW {"before": 4, "after": 2, "probes": 160, "rotations": 2, "stop_reason": "no_legal_improving_local_rotation"}

Blender quit
