Blender 4.5.5 LTS (hash 836beaaf597a built 2025-11-18 01:33:26)
Read blend: "C:\Repos\mmo-asset-pipeline\tmp\art-quality-loop\assets\processed\ro-swordsman-combo-r007\hand-source\right_hand_native_source.blend"
Fra:1 Mem:128.63M (Peak 142.63M) | Time:00:00.63 | Rendering 1 / 64 samples
Fra:1 Mem:128.63M (Peak 142.63M) | Time:00:00.66 | Rendering 25 / 64 samples
Fra:1 Mem:128.63M (Peak 142.63M) | Time:00:00.69 | Rendering 50 / 64 samples
Fra:1 Mem:128.63M (Peak 142.63M) | Time:00:00.71 | Rendering 64 / 64 samples
Saved: 'C:\Repos\mmo-asset-pipeline\tmp\art-quality-loop\runs\qa\ro-swordsman-combo-r007\v001-source-preparation\front.png'
Time: 00:00.91 (Saving: 00:00.17)

Fra:1 Mem:128.67M (Peak 128.67M) | Time:00:00.04 | Rendering 1 / 64 samples
Fra:1 Mem:128.67M (Peak 128.67M) | Time:00:00.07 | Rendering 25 / 64 samples
Fra:1 Mem:128.67M (Peak 128.67M) | Time:00:00.12 | Rendering 50 / 64 samples
Fra:1 Mem:128.67M (Peak 128.67M) | Time:00:00.14 | Rendering 64 / 64 samples
Saved: 'C:\Repos\mmo-asset-pipeline\tmp\art-quality-loop\runs\qa\ro-swordsman-combo-r007\v001-source-preparation\back.png'
Time: 00:00.22 (Saving: 00:00.06)

Fra:1 Mem:128.67M (Peak 128.67M) | Time:00:00.04 | Rendering 1 / 64 samples
Fra:1 Mem:128.67M (Peak 128.67M) | Time:00:00.08 | Rendering 25 / 64 samples
Fra:1 Mem:128.67M (Peak 128.67M) | Time:00:00.12 | Rendering 50 / 64 samples
Fra:1 Mem:128.67M (Peak 128.67M) | Time:00:00.15 | Rendering 64 / 64 samples
Saved: 'C:\Repos\mmo-asset-pipeline\tmp\art-quality-loop\runs\qa\ro-swordsman-combo-r007\v001-source-preparation\three-quarter.png'
Time: 00:00.22 (Saving: 00:00.06)

Fra:1 Mem:128.67M (Peak 128.67M) | Time:00:00.03 | Rendering 1 / 64 samples
Fra:1 Mem:128.67M (Peak 128.67M) | Time:00:00.07 | Rendering 25 / 64 samples
Fra:1 Mem:128.67M (Peak 128.67M) | Time:00:00.11 | Rendering 50 / 64 samples
Fra:1 Mem:128.67M (Peak 128.67M) | Time:00:00.13 | Rendering 64 / 64 samples
Saved: 'C:\Repos\mmo-asset-pipeline\tmp\art-quality-loop\runs\qa\ro-swordsman-combo-r007\v001-source-preparation\bottom.png'
Time: 00:00.22 (Saving: 00:00.06)

Info: Saved as "right_hand_exterior.blend"
RO_EXTERIOR {"triangles": 1730, "lining_removed": 189, "boundary_edges": 18, "neutral_self_pairs": 0, "UV_readback": true}

Blender quit
