Blender 4.5.5 LTS (hash 836beaaf597a built 2025-11-18 01:33:26)
Read blend: "C:\Repos\mmo-asset-pipeline\tmp\art-quality-loop\assets\processed\ro-swordsman-combo-r007\v001-thumb-flow\right_hand_thumb_flow.blend"
Fra:1 Mem:64.31M (Peak 64.31M) | Time:00:00.57 | Rendering 1 / 64 samples
Fra:1 Mem:64.31M (Peak 64.31M) | Time:00:00.62 | Rendering 25 / 64 samples
Fra:1 Mem:64.31M (Peak 64.31M) | Time:00:00.68 | Rendering 50 / 64 samples
Fra:1 Mem:64.31M (Peak 64.31M) | Time:00:00.70 | Rendering 64 / 64 samples
Saved: 'C:\Repos\mmo-asset-pipeline\tmp\art-quality-loop\runs\qa\ro-swordsman-combo-r007\v002-two-step\front.png'
Time: 00:00.89 (Saving: 00:00.16)

Fra:1 Mem:64.31M (Peak 64.92M) | Time:00:00.05 | Rendering 1 / 64 samples
Fra:1 Mem:64.31M (Peak 64.92M) | Time:00:00.09 | Rendering 25 / 64 samples
Fra:1 Mem:64.31M (Peak 64.92M) | Time:00:00.13 | Rendering 50 / 64 samples
Fra:1 Mem:64.31M (Peak 64.92M) | Time:00:00.15 | Rendering 64 / 64 samples
Saved: 'C:\Repos\mmo-asset-pipeline\tmp\art-quality-loop\runs\qa\ro-swordsman-combo-r007\v002-two-step\back.png'
Time: 00:00.23 (Saving: 00:00.05)

Fra:1 Mem:64.31M (Peak 64.92M) | Time:00:00.04 | Rendering 1 / 64 samples
Fra:1 Mem:64.31M (Peak 64.92M) | Time:00:00.08 | Rendering 25 / 64 samples
Fra:1 Mem:64.31M (Peak 64.92M) | Time:00:00.13 | Rendering 50 / 64 samples
Fra:1 Mem:64.31M (Peak 64.92M) | Time:00:00.15 | Rendering 64 / 64 samples
Saved: 'C:\Repos\mmo-asset-pipeline\tmp\art-quality-loop\runs\qa\ro-swordsman-combo-r007\v002-two-step\three-quarter.png'
Time: 00:00.23 (Saving: 00:00.05)

Info: Saved as "right_hand_two_step.blend"
RO_TWO_STEP {"probes": 72, "remaining": [54], "source_gate": false, "geometry": {"sampled_bidirectional_surface_max_m": 0.0009774041827768087, "surface_sample_count": 54, "degenerate_triangles": 0, "changed_faces_wrong_normal": 0, "neutral_transverse_pairs": 0, "boundary_edges": 18, "boundary_degree2": true, "manifold_except_cuff": true, "actual_corner_UV_pass": true, "unchanged_faces_read_back": 862, "new_or_moved_poles": [{"vertex": 49, "valence": 3, "IP_axial_m": 0.009000251514407864, "IP_radial_m": 0.010036754223487616}, {"vertex": 54, "valence": 3, "IP_axial_m": 0.006382341592598095, "IP_radial_m": 0.010031485172205772}, {"vertex": 649, "valence": 3, "IP_axial_m": 0.007024006969004404, "IP_radial_m": 0.011731199729270335}], "pole_wrong_destination": [49, 54, 649], "gate": false}}

Blender quit
