Blender 4.5.5 LTS (hash 836beaaf597a built 2025-11-18 01:33:26)
Read blend: "C:\Repos\mmo-asset-pipeline\tmp\art-quality-loop\assets\processed\ro-swordsman-combo-r007\v003-thumb-patch\right_hand_quad_patch.blend"
Fra:1 Mem:61.26M (Peak 61.27M) | Time:00:00.58 | Rendering 1 / 64 samples
Fra:1 Mem:61.26M (Peak 61.27M) | Time:00:00.62 | Rendering 25 / 64 samples
Fra:1 Mem:61.26M (Peak 61.27M) | Time:00:00.67 | Rendering 50 / 64 samples
Fra:1 Mem:61.26M (Peak 61.27M) | Time:00:00.70 | Rendering 64 / 64 samples
Saved: 'C:\Repos\mmo-asset-pipeline\tmp\art-quality-loop\runs\qa\ro-swordsman-combo-r007\v003-skin-diagnostic\open-palm.png'
Time: 00:00.88 (Saving: 00:00.16)

Fra:1 Mem:61.26M (Peak 61.26M) | Time:00:00.04 | Rendering 1 / 64 samples
Fra:1 Mem:61.26M (Peak 61.26M) | Time:00:00.08 | Rendering 25 / 64 samples
Fra:1 Mem:61.26M (Peak 61.26M) | Time:00:00.12 | Rendering 50 / 64 samples
Fra:1 Mem:61.26M (Peak 61.26M) | Time:00:00.14 | Rendering 64 / 64 samples
Saved: 'C:\Repos\mmo-asset-pipeline\tmp\art-quality-loop\runs\qa\ro-swordsman-combo-r007\v003-skin-diagnostic\open-side.png'
Time: 00:00.22 (Saving: 00:00.05)

Fra:1 Mem:61.26M (Peak 61.26M) | Time:00:00.03 | Rendering 1 / 64 samples
Fra:1 Mem:61.26M (Peak 61.26M) | Time:00:00.08 | Rendering 25 / 64 samples
Fra:1 Mem:61.26M (Peak 61.26M) | Time:00:00.12 | Rendering 50 / 64 samples
Fra:1 Mem:61.26M (Peak 61.26M) | Time:00:00.14 | Rendering 64 / 64 samples
Saved: 'C:\Repos\mmo-asset-pipeline\tmp\art-quality-loop\runs\qa\ro-swordsman-combo-r007\v003-skin-diagnostic\open-back.png'
Time: 00:00.22 (Saving: 00:00.05)

Fra:1 Mem:61.28M (Peak 61.28M) | Time:00:00.04 | Rendering 1 / 64 samples
Fra:1 Mem:61.28M (Peak 61.28M) | Time:00:00.08 | Rendering 25 / 64 samples
Fra:1 Mem:61.28M (Peak 61.28M) | Time:00:00.12 | Rendering 50 / 64 samples
Fra:1 Mem:61.28M (Peak 61.28M) | Time:00:00.15 | Rendering 64 / 64 samples
Saved: 'C:\Repos\mmo-asset-pipeline\tmp\art-quality-loop\runs\qa\ro-swordsman-combo-r007\v003-skin-diagnostic\small-0.15-palm.png'
Time: 00:00.22 (Saving: 00:00.05)

Fra:1 Mem:61.28M (Peak 61.28M) | Time:00:00.03 | Rendering 1 / 64 samples
Fra:1 Mem:61.28M (Peak 61.28M) | Time:00:00.07 | Rendering 25 / 64 samples
Fra:1 Mem:61.28M (Peak 61.28M) | Time:00:00.11 | Rendering 50 / 64 samples
Fra:1 Mem:61.28M (Peak 61.28M) | Time:00:00.14 | Rendering 64 / 64 samples
Saved: 'C:\Repos\mmo-asset-pipeline\tmp\art-quality-loop\runs\qa\ro-swordsman-combo-r007\v003-skin-diagnostic\small-0.15-side.png'
Time: 00:00.21 (Saving: 00:00.05)

Fra:1 Mem:61.28M (Peak 61.28M) | Time:00:00.03 | Rendering 1 / 64 samples
Fra:1 Mem:61.28M (Peak 61.28M) | Time:00:00.08 | Rendering 25 / 64 samples
Fra:1 Mem:61.28M (Peak 61.28M) | Time:00:00.12 | Rendering 50 / 64 samples
Fra:1 Mem:61.28M (Peak 61.28M) | Time:00:00.14 | Rendering 64 / 64 samples
Saved: 'C:\Repos\mmo-asset-pipeline\tmp\art-quality-loop\runs\qa\ro-swordsman-combo-r007\v003-skin-diagnostic\small-0.15-back.png'
Time: 00:00.21 (Saving: 00:00.05)

Fra:1 Mem:61.28M (Peak 61.28M) | Time:00:00.04 | Rendering 1 / 64 samples
Fra:1 Mem:61.28M (Peak 61.28M) | Time:00:00.08 | Rendering 25 / 64 samples
Fra:1 Mem:61.28M (Peak 61.28M) | Time:00:00.12 | Rendering 50 / 64 samples
Fra:1 Mem:61.28M (Peak 61.28M) | Time:00:00.14 | Rendering 64 / 64 samples
Saved: 'C:\Repos\mmo-asset-pipeline\tmp\art-quality-loop\runs\qa\ro-swordsman-combo-r007\v003-skin-diagnostic\small-0.3-palm.png'
Time: 00:00.21 (Saving: 00:00.05)

Fra:1 Mem:61.28M (Peak 61.28M) | Time:00:00.04 | Rendering 1 / 64 samples
Fra:1 Mem:61.28M (Peak 61.28M) | Time:00:00.08 | Rendering 25 / 64 samples
Fra:1 Mem:61.28M (Peak 61.28M) | Time:00:00.11 | Rendering 50 / 64 samples
Fra:1 Mem:61.28M (Peak 61.28M) | Time:00:00.14 | Rendering 64 / 64 samples
Saved: 'C:\Repos\mmo-asset-pipeline\tmp\art-quality-loop\runs\qa\ro-swordsman-combo-r007\v003-skin-diagnostic\small-0.3-side.png'
Time: 00:00.21 (Saving: 00:00.05)

Fra:1 Mem:61.28M (Peak 61.28M) | Time:00:00.03 | Rendering 1 / 64 samples
Fra:1 Mem:61.28M (Peak 61.28M) | Time:00:00.08 | Rendering 25 / 64 samples
Fra:1 Mem:61.28M (Peak 61.28M) | Time:00:00.12 | Rendering 50 / 64 samples
Fra:1 Mem:61.28M (Peak 61.28M) | Time:00:00.15 | Rendering 64 / 64 samples
Saved: 'C:\Repos\mmo-asset-pipeline\tmp\art-quality-loop\runs\qa\ro-swordsman-combo-r007\v003-skin-diagnostic\small-0.3-back.png'
Time: 00:00.21 (Saving: 00:00.05)

Info: Saved as "right_hand_small_motion.blend"
RO_SMALL_MOTION {"direction": true, "numeric_gate": true, "events": [["direction-baseline-thumb_03", 0, 1.0000078897431035], ["direction-thumb_03", 0, 1.0466539439710518], ["direction-thumb_03", 0, 1.0865102879700497], ["direction-baseline-thumb_02", 0, 1.0000078897431035], ["direction-thumb_02", 0, 1.0401907669825672], ["direction-thumb_02", 0, 1.0499557348988704], ["direction-baseline-thumb_01", 0, 1.0000078897431035], ["direction-thumb_01", 0, 1.3252940061363312], ["direction-thumb_01", 0, 1.195732500482802], ["open", 0, 1.0000078897431035], ["combined-small-0.15", 0, 1.593539949774301], ["combined-small-0.3", 0, 2.1923778113417267]]}

Blender quit
