Blender 4.5.5 LTS (hash 836beaaf597a built 2025-11-18 01:33:26)
Read blend: "C:\Repos\mmo-asset-pipeline\tmp\art-quality-loop\assets\processed\ro-swordsman-combo-r007\v001-thumb-flow\right_hand_thumb_flow.blend"
Fra:1 Mem:127.22M (Peak 141.21M) | Time:00:00.64 | Rendering 1 / 64 samples
Fra:1 Mem:127.22M (Peak 141.21M) | Time:00:00.67 | Rendering 25 / 64 samples
Fra:1 Mem:127.22M (Peak 141.21M) | Time:00:00.70 | Rendering 50 / 64 samples
Fra:1 Mem:127.22M (Peak 141.21M) | Time:00:00.72 | Rendering 64 / 64 samples
Saved: 'C:\Repos\mmo-asset-pipeline\tmp\art-quality-loop\runs\qa\ro-swordsman-combo-r007\v003-thumb-patch\front-texture.png'
Time: 00:00.92 (Saving: 00:00.17)

Fra:1 Mem:127.27M (Peak 127.27M) | Time:00:00.04 | Rendering 1 / 64 samples
Fra:1 Mem:127.27M (Peak 127.27M) | Time:00:00.08 | Rendering 25 / 64 samples
Fra:1 Mem:127.27M (Peak 127.27M) | Time:00:00.12 | Rendering 50 / 64 samples
Fra:1 Mem:127.27M (Peak 127.27M) | Time:00:00.15 | Rendering 64 / 64 samples
Saved: 'C:\Repos\mmo-asset-pipeline\tmp\art-quality-loop\runs\qa\ro-swordsman-combo-r007\v003-thumb-patch\back-texture.png'
Time: 00:00.23 (Saving: 00:00.06)

Fra:1 Mem:127.27M (Peak 127.27M) | Time:00:00.04 | Rendering 1 / 64 samples
Fra:1 Mem:127.27M (Peak 127.27M) | Time:00:00.08 | Rendering 25 / 64 samples
Fra:1 Mem:127.27M (Peak 127.27M) | Time:00:00.12 | Rendering 50 / 64 samples
Fra:1 Mem:127.27M (Peak 127.27M) | Time:00:00.14 | Rendering 64 / 64 samples
Saved: 'C:\Repos\mmo-asset-pipeline\tmp\art-quality-loop\runs\qa\ro-swordsman-combo-r007\v003-thumb-patch\three-quarter-texture.png'
Time: 00:00.22 (Saving: 00:00.06)

Fra:1 Mem:129.98M (Peak 129.98M) | Time:00:00.04 | Rendering 1 / 64 samples
Fra:1 Mem:129.98M (Peak 129.98M) | Time:00:00.11 | Rendering 25 / 64 samples
Fra:1 Mem:129.98M (Peak 129.98M) | Time:00:00.16 | Rendering 50 / 64 samples
Fra:1 Mem:129.98M (Peak 129.98M) | Time:00:00.18 | Rendering 64 / 64 samples
Saved: 'C:\Repos\mmo-asset-pipeline\tmp\art-quality-loop\runs\qa\ro-swordsman-combo-r007\v003-thumb-patch\front-wire.png'
Time: 00:00.26 (Saving: 00:00.05)

Fra:1 Mem:129.98M (Peak 129.98M) | Time:00:00.04 | Rendering 1 / 64 samples
Fra:1 Mem:129.98M (Peak 129.98M) | Time:00:00.08 | Rendering 25 / 64 samples
Fra:1 Mem:129.98M (Peak 129.98M) | Time:00:00.12 | Rendering 50 / 64 samples
Fra:1 Mem:129.98M (Peak 129.98M) | Time:00:00.15 | Rendering 64 / 64 samples
Saved: 'C:\Repos\mmo-asset-pipeline\tmp\art-quality-loop\runs\qa\ro-swordsman-combo-r007\v003-thumb-patch\back-wire.png'
Time: 00:00.22 (Saving: 00:00.05)

Fra:1 Mem:129.98M (Peak 129.98M) | Time:00:00.04 | Rendering 1 / 64 samples
Fra:1 Mem:129.98M (Peak 129.98M) | Time:00:00.08 | Rendering 25 / 64 samples
Fra:1 Mem:129.98M (Peak 129.98M) | Time:00:00.12 | Rendering 50 / 64 samples
Fra:1 Mem:129.98M (Peak 129.98M) | Time:00:00.14 | Rendering 64 / 64 samples
Saved: 'C:\Repos\mmo-asset-pipeline\tmp\art-quality-loop\runs\qa\ro-swordsman-combo-r007\v003-thumb-patch\three-quarter-wire.png'
Time: 00:00.21 (Saving: 00:00.05)

Info: Saved as "right_hand_quad_patch.blend"
RO_THUMB_PATCH {"actual_variants": 1, "geometry": {"primary_band_poles": [], "new_cap_poles": [{"vertex": 879, "valence": 3, "IP_axial_m": 0.010499997616534529}, {"vertex": 883, "valence": 3, "IP_axial_m": 0.010499992080440279}, {"vertex": 887, "valence": 3, "IP_axial_m": 0.010499988414267136}, {"vertex": 891, "valence": 3, "IP_axial_m": 0.010499988331048371}], "pole_wrong_destination": [], "sampled_bidirectional_surface_max_m": 0.0011676788562908769, "surface_samples": 1834, "neutral_transverse_pairs": 0, "crossing_pairs": [], "degenerate_triangles": 0, "new_triangle_wrong_normals": 0, "manifold_except_cuff": true, "boundary_degree2": true, "boundary_edges": 18, "protected_positions_pass": true, "protected_corner_UV_pass": true, "protected_faces": 814, "triangles": 1788, "quads": 894, "source_gate": true}}

Blender quit
