Blender 4.5.5 LTS (hash 836beaaf597a built 2025-11-18 01:33:26)
Read blend: "C:\Repos\mmo-asset-pipeline\tmp\art-quality-loop\assets\processed\ro-swordsman-combo-r007\v003-skin-diagnostic\right_hand_small_motion.blend"
Fra:1 Mem:61.23M (Peak 61.23M) | Time:00:00.57 | Rendering 1 / 64 samples
Fra:1 Mem:61.23M (Peak 61.23M) | Time:00:00.62 | Rendering 25 / 64 samples
Fra:1 Mem:61.23M (Peak 61.23M) | Time:00:00.66 | Rendering 50 / 64 samples
Fra:1 Mem:61.23M (Peak 61.23M) | Time:00:00.69 | Rendering 64 / 64 samples
Saved: 'C:\Repos\mmo-asset-pipeline\tmp\art-quality-loop\runs\qa\ro-swordsman-combo-r007\v004-root-weights\open-palm.png'
Time: 00:00.88 (Saving: 00:00.16)

Fra:1 Mem:61.23M (Peak 61.23M) | Time:00:00.04 | Rendering 1 / 64 samples
Fra:1 Mem:61.23M (Peak 61.23M) | Time:00:00.07 | Rendering 25 / 64 samples
Fra:1 Mem:61.23M (Peak 61.23M) | Time:00:00.12 | Rendering 50 / 64 samples
Fra:1 Mem:61.23M (Peak 61.23M) | Time:00:00.14 | Rendering 64 / 64 samples
Saved: 'C:\Repos\mmo-asset-pipeline\tmp\art-quality-loop\runs\qa\ro-swordsman-combo-r007\v004-root-weights\open-side.png'
Time: 00:00.21 (Saving: 00:00.05)

Fra:1 Mem:61.23M (Peak 61.23M) | Time:00:00.03 | Rendering 1 / 64 samples
Fra:1 Mem:61.23M (Peak 61.23M) | Time:00:00.07 | Rendering 25 / 64 samples
Fra:1 Mem:61.23M (Peak 61.23M) | Time:00:00.12 | Rendering 50 / 64 samples
Fra:1 Mem:61.23M (Peak 61.23M) | Time:00:00.14 | Rendering 64 / 64 samples
Saved: 'C:\Repos\mmo-asset-pipeline\tmp\art-quality-loop\runs\qa\ro-swordsman-combo-r007\v004-root-weights\open-back.png'
Time: 00:00.21 (Saving: 00:00.05)

Fra:1 Mem:61.23M (Peak 61.23M) | Time:00:00.03 | Rendering 1 / 64 samples
Fra:1 Mem:61.23M (Peak 61.23M) | Time:00:00.08 | Rendering 25 / 64 samples
Fra:1 Mem:61.23M (Peak 61.23M) | Time:00:00.12 | Rendering 50 / 64 samples
Fra:1 Mem:61.23M (Peak 61.23M) | Time:00:00.15 | Rendering 64 / 64 samples
Saved: 'C:\Repos\mmo-asset-pipeline\tmp\art-quality-loop\runs\qa\ro-swordsman-combo-r007\v004-root-weights\small015-palm.png'
Time: 00:00.22 (Saving: 00:00.05)

Fra:1 Mem:61.23M (Peak 61.23M) | Time:00:00.04 | Rendering 1 / 64 samples
Fra:1 Mem:61.23M (Peak 61.23M) | Time:00:00.08 | Rendering 25 / 64 samples
Fra:1 Mem:61.23M (Peak 61.23M) | Time:00:00.12 | Rendering 50 / 64 samples
Fra:1 Mem:61.23M (Peak 61.23M) | Time:00:00.18 | Rendering 64 / 64 samples
Saved: 'C:\Repos\mmo-asset-pipeline\tmp\art-quality-loop\runs\qa\ro-swordsman-combo-r007\v004-root-weights\small015-side.png'
Time: 00:00.25 (Saving: 00:00.05)

Fra:1 Mem:61.23M (Peak 61.23M) | Time:00:00.04 | Rendering 1 / 64 samples
Fra:1 Mem:61.23M (Peak 61.23M) | Time:00:00.08 | Rendering 25 / 64 samples
Fra:1 Mem:61.23M (Peak 61.23M) | Time:00:00.12 | Rendering 50 / 64 samples
Fra:1 Mem:61.23M (Peak 61.23M) | Time:00:00.14 | Rendering 64 / 64 samples
Saved: 'C:\Repos\mmo-asset-pipeline\tmp\art-quality-loop\runs\qa\ro-swordsman-combo-r007\v004-root-weights\small015-back.png'
Time: 00:00.21 (Saving: 00:00.05)

Fra:1 Mem:61.23M (Peak 61.23M) | Time:00:00.03 | Rendering 1 / 64 samples
Fra:1 Mem:61.23M (Peak 61.23M) | Time:00:00.07 | Rendering 25 / 64 samples
Fra:1 Mem:61.23M (Peak 61.23M) | Time:00:00.12 | Rendering 50 / 64 samples
Fra:1 Mem:61.23M (Peak 61.23M) | Time:00:00.14 | Rendering 64 / 64 samples
Saved: 'C:\Repos\mmo-asset-pipeline\tmp\art-quality-loop\runs\qa\ro-swordsman-combo-r007\v004-root-weights\small030-palm.png'
Time: 00:00.21 (Saving: 00:00.05)

Fra:1 Mem:61.23M (Peak 61.23M) | Time:00:00.03 | Rendering 1 / 64 samples
Fra:1 Mem:61.23M (Peak 61.23M) | Time:00:00.07 | Rendering 25 / 64 samples
Fra:1 Mem:61.23M (Peak 61.23M) | Time:00:00.11 | Rendering 50 / 64 samples
Fra:1 Mem:61.23M (Peak 61.23M) | Time:00:00.14 | Rendering 64 / 64 samples
Saved: 'C:\Repos\mmo-asset-pipeline\tmp\art-quality-loop\runs\qa\ro-swordsman-combo-r007\v004-root-weights\small030-side.png'
Time: 00:00.21 (Saving: 00:00.05)

Fra:1 Mem:61.23M (Peak 61.23M) | Time:00:00.03 | Rendering 1 / 64 samples
Fra:1 Mem:61.23M (Peak 61.23M) | Time:00:00.07 | Rendering 25 / 64 samples
Fra:1 Mem:61.23M (Peak 61.23M) | Time:00:00.12 | Rendering 50 / 64 samples
Fra:1 Mem:61.23M (Peak 61.23M) | Time:00:00.14 | Rendering 64 / 64 samples
Saved: 'C:\Repos\mmo-asset-pipeline\tmp\art-quality-loop\runs\qa\ro-swordsman-combo-r007\v004-root-weights\small030-back.png'
Time: 00:00.21 (Saving: 00:00.05)

Fra:1 Mem:61.23M (Peak 61.23M) | Time:00:00.04 | Rendering 1 / 64 samples
Fra:1 Mem:61.23M (Peak 61.23M) | Time:00:00.09 | Rendering 25 / 64 samples
Fra:1 Mem:61.23M (Peak 61.23M) | Time:00:00.13 | Rendering 50 / 64 samples
Fra:1 Mem:61.23M (Peak 61.23M) | Time:00:00.15 | Rendering 64 / 64 samples
Saved: 'C:\Repos\mmo-asset-pipeline\tmp\art-quality-loop\runs\qa\ro-swordsman-combo-r007\v004-root-weights\opposition005-palm.png'
Time: 00:00.22 (Saving: 00:00.05)

Fra:1 Mem:61.23M (Peak 61.23M) | Time:00:00.03 | Rendering 1 / 64 samples
Fra:1 Mem:61.23M (Peak 61.23M) | Time:00:00.07 | Rendering 25 / 64 samples
Fra:1 Mem:61.23M (Peak 61.23M) | Time:00:00.11 | Rendering 50 / 64 samples
Fra:1 Mem:61.23M (Peak 61.23M) | Time:00:00.14 | Rendering 64 / 64 samples
Saved: 'C:\Repos\mmo-asset-pipeline\tmp\art-quality-loop\runs\qa\ro-swordsman-combo-r007\v004-root-weights\opposition005-side.png'
Time: 00:00.20 (Saving: 00:00.05)

Fra:1 Mem:61.23M (Peak 61.23M) | Time:00:00.03 | Rendering 1 / 64 samples
Fra:1 Mem:61.23M (Peak 61.23M) | Time:00:00.08 | Rendering 25 / 64 samples
Fra:1 Mem:61.23M (Peak 61.23M) | Time:00:00.12 | Rendering 50 / 64 samples
Fra:1 Mem:61.23M (Peak 61.23M) | Time:00:00.14 | Rendering 64 / 64 samples
Saved: 'C:\Repos\mmo-asset-pipeline\tmp\art-quality-loop\runs\qa\ro-swordsman-combo-r007\v004-root-weights\opposition005-back.png'
Time: 00:00.21 (Saving: 00:00.05)

Fra:1 Mem:61.23M (Peak 61.23M) | Time:00:00.04 | Rendering 1 / 64 samples
Fra:1 Mem:61.23M (Peak 61.23M) | Time:00:00.08 | Rendering 25 / 64 samples
Fra:1 Mem:61.23M (Peak 61.23M) | Time:00:00.12 | Rendering 50 / 64 samples
Fra:1 Mem:61.23M (Peak 61.23M) | Time:00:00.14 | Rendering 64 / 64 samples
Saved: 'C:\Repos\mmo-asset-pipeline\tmp\art-quality-loop\runs\qa\ro-swordsman-combo-r007\v004-root-weights\small030-opposition-palm.png'
Time: 00:00.21 (Saving: 00:00.05)

Fra:1 Mem:61.23M (Peak 61.23M) | Time:00:00.03 | Rendering 1 / 64 samples
Fra:1 Mem:61.23M (Peak 61.23M) | Time:00:00.07 | Rendering 25 / 64 samples
Fra:1 Mem:61.23M (Peak 61.23M) | Time:00:00.11 | Rendering 50 / 64 samples
Fra:1 Mem:61.23M (Peak 61.23M) | Time:00:00.14 | Rendering 64 / 64 samples
Saved: 'C:\Repos\mmo-asset-pipeline\tmp\art-quality-loop\runs\qa\ro-swordsman-combo-r007\v004-root-weights\small030-opposition-side.png'
Time: 00:00.21 (Saving: 00:00.05)

Fra:1 Mem:61.23M (Peak 61.23M) | Time:00:00.03 | Rendering 1 / 64 samples
Fra:1 Mem:61.23M (Peak 61.23M) | Time:00:00.08 | Rendering 25 / 64 samples
Fra:1 Mem:61.23M (Peak 61.23M) | Time:00:00.12 | Rendering 50 / 64 samples
Fra:1 Mem:61.23M (Peak 61.23M) | Time:00:00.14 | Rendering 64 / 64 samples
Saved: 'C:\Repos\mmo-asset-pipeline\tmp\art-quality-loop\runs\qa\ro-swordsman-combo-r007\v004-root-weights\small030-opposition-back.png'
Time: 00:00.21 (Saving: 00:00.05)

Info: Saved as "right_hand_root_weights.blend"
RO_ROOT_WEIGHTS {"selected": -0.045, "numeric_gate": true, "events": [["weight-variant", 0, 2.078567221040137], ["weight-variant", 0, 2.078437006091722], ["weight-variant", 0, 2.0784143817836944], ["open", 0, 1.000007864745996], ["small015", 0, 1.4901635527027246], ["small030", 0, 2.0784143817836944], ["opposition005", 0, 1.0396771776491958], ["small030-opposition", 0, 2.3057849811774385]]}

Blender quit
