INFO Draco mesh compression is available, use library at C:\Program Files\Blender Foundation\Blender 4.5\4.5\scripts\addons_core\io_scene_gltf2\extern_draco.dll
17:50:34 | INFO: Starting glTF 2.0 export
17:50:34 | INFO: Extracting primitive: model.008
17:50:35 | WARNING: More than one shader node tex image used for a texture. The resulting glTF sampler will behave like the first shader node tex image.
17:50:35 | INFO: Primitives created: 1
17:50:35 | INFO: Extracting primitive: model.006
17:50:35 | INFO: Primitives created: 1
17:50:35 | INFO: Extracting primitive: model.002
17:50:35 | INFO: Primitives created: 1
17:50:35 | INFO: Extracting primitive: model
17:50:36 | WARNING: More than one shader node tex image used for a texture. The resulting glTF sampler will behave like the first shader node tex image.
17:50:36 | INFO: Primitives created: 1
17:50:36 | INFO: Extracting primitive: model.004
17:50:36 | INFO: Primitives created: 1
17:50:36 | INFO: Extracting primitive: RO_hand_L
17:50:37 | WARNING: More than one shader node tex image used for a texture. The resulting glTF sampler will behave like the first shader node tex image.
17:50:37 | INFO: Primitives created: 1
17:50:37 | INFO: Extracting primitive: RO_hand_R
17:50:37 | INFO: Primitives created: 1
17:50:37 | INFO: Extracting primitive: model.001
17:50:37 | INFO: Primitives created: 1
17:50:37 | INFO: Extracting primitive: model.005
17:50:37 | INFO: Primitives created: 1
17:50:37 | INFO: Extracting primitive: model.007
17:50:37 | INFO: Primitives created: 1
17:50:37 | INFO: Finished glTF 2.0 export in 2.811352491378784 s

17:50:39 | INFO: Starting glTF 2.0 export
17:50:39 | INFO: Extracting primitive: model.008
17:50:39 | INFO: Primitives created: 1
17:50:39 | INFO: Extracting primitive: model.006
17:50:39 | INFO: Primitives created: 1
17:50:39 | INFO: Extracting primitive: model.002
17:50:39 | INFO: Primitives created: 1
17:50:39 | INFO: Extracting primitive: model
17:50:40 | INFO: Primitives created: 1
17:50:40 | INFO: Extracting primitive: model.004
17:50:40 | INFO: Primitives created: 1
17:50:40 | INFO: Extracting primitive: RO_hand_L
17:50:40 | INFO: Primitives created: 1
17:50:40 | INFO: Extracting primitive: RO_hand_R
17:50:40 | INFO: Primitives created: 1
17:50:40 | INFO: Extracting primitive: model.001
17:50:40 | INFO: Primitives created: 1
17:50:40 | INFO: Extracting primitive: model.005
17:50:40 | INFO: Primitives created: 1
17:50:40 | INFO: Extracting primitive: model.007
17:50:40 | INFO: Primitives created: 1
17:50:40 | INFO: Finished glTF 2.0 export in 1.1159212589263916 s

CV1_EXPORT_CANDIDATE {"frames": 43, "blocks": 44, "glb_bytes": [27924940, 3265840], "morph_channels": 71, "state_keys": ["grasp.L", "grasp.R"]}
Blender 4.5.5 LTS (hash 836beaaf597a built 2025-11-18 01:33:26)
Read blend: "C:\Repos\mmo-asset-pipeline\tmp\art-quality-loop\assets\processed\ro-swordsman-character-v1\v001\b18-clipfolds\ro_character_v001_b18-clipfolds.blend"

Blender quit
