Reloading external rigs...
Reloading external metarigs...
BlenderMCP addon registered
BlenderMCP addon unregistered
Failed to remove: (<built-in function unlink>, 'C:\\Users\\IOT\\AppData\\Roaming\\Blender Foundation\\Blender\\4.5\\extensions\\.local\\lib\\python3.11\\site-packages\\aiohttp\\_http_parser.cp311-win_amd64.pyd', (<class 'PermissionError'>, PermissionError(13, '存取被拒。'), <traceback object at 0x00000280480E7480>))
Failed to remove: (<built-in function unlink>, 'C:\\Users\\IOT\\AppData\\Roaming\\Blender Foundation\\Blender\\4.5\\extensions\\.local\\lib\\python3.11\\site-packages\\aiohttp\\_http_writer.cp311-win_amd64.pyd', (<class 'PermissionError'>, PermissionError(13, '存取被拒。'), <traceback object at 0x00000280480E7480>))
Failed to remove: (<built-in function unlink>, 'C:\\Users\\IOT\\AppData\\Roaming\\Blender Foundation\\Blender\\4.5\\extensions\\.local\\lib\\python3.11\\site-packages\\aiohttp\\_websocket\\mask.cp311-win_amd64.pyd', (<class 'PermissionError'>, PermissionError(13, '存取被拒。'), <traceback object at 0x000002804961BA40>))
Failed to remove: (<built-in function unlink>, 'C:\\Users\\IOT\\AppData\\Roaming\\Blender Foundation\\Blender\\4.5\\extensions\\.local\\lib\\python3.11\\site-packages\\aiohttp\\_websocket\\reader_c.cp311-win_amd64.pyd', (<class 'PermissionError'>, PermissionError(13, '存取被拒。'), <traceback object at 0x000002804961BA40>))
Failed to remove: (<built-in function rmdir>, 'C:\\Users\\IOT\\AppData\\Roaming\\Blender Foundation\\Blender\\4.5\\extensions\\.local\\lib\\python3.11\\site-packages\\aiohttp\\_websocket', (<class 'OSError'>, OSError(41, '目錄不是空的。'), <traceback object at 0x000002804961BA40>))
Failed to remove: (<built-in function rmdir>, 'C:\\Users\\IOT\\AppData\\Roaming\\Blender Foundation\\Blender\\4.5\\extensions\\.local\\lib\\python3.11\\site-packages\\aiohttp', (<class 'OSError'>, OSError(41, '目錄不是空的。'), <traceback object at 0x00000280480E7480>))
Failed to remove: (<built-in function unlink>, 'C:\\Users\\IOT\\AppData\\Roaming\\Blender Foundation\\Blender\\4.5\\extensions\\.local\\lib\\python3.11\\site-packages\\charset_normalizer\\cd.cp311-win_amd64.pyd', (<class 'PermissionError'>, PermissionError(13, '存取被拒。'), <traceback object at 0x00000280495408C0>))
Failed to remove: (<built-in function rmdir>, 'C:\\Users\\IOT\\AppData\\Roaming\\Blender Foundation\\Blender\\4.5\\extensions\\.local\\lib\\python3.11\\site-packages\\charset_normalizer', (<class 'OSError'>, OSError(41, '目錄不是空的。'), <traceback object at 0x00000280495408C0>))
Failed to remove: (<built-in function unlink>, 'C:\\Users\\IOT\\AppData\\Roaming\\Blender Foundation\\Blender\\4.5\\extensions\\.local\\lib\\python3.11\\site-packages\\frozenlist\\_frozenlist.cp311-win_amd64.pyd', (<class 'PermissionError'>, PermissionError(13, '存取被拒。'), <traceback object at 0x000002804805B240>))
Failed to remove: (<built-in function rmdir>, 'C:\\Users\\IOT\\AppData\\Roaming\\Blender Foundation\\Blender\\4.5\\extensions\\.local\\lib\\python3.11\\site-packages\\frozenlist', (<class 'OSError'>, OSError(41, '目錄不是空的。'), <traceback object at 0x000002804805B240>))
Failed to remove: (<built-in function unlink>, 'C:\\Users\\IOT\\AppData\\Roaming\\Blender Foundation\\Blender\\4.5\\extensions\\.local\\lib\\python3.11\\site-packages\\greenlet\\_greenlet.cp311-win_amd64.pyd', (<class 'PermissionError'>, PermissionError(13, '存取被拒。'), <traceback object at 0x00000280492E7780>))
Failed to remove: (<built-in function rmdir>, 'C:\\Users\\IOT\\AppData\\Roaming\\Blender Foundation\\Blender\\4.5\\extensions\\.local\\lib\\python3.11\\site-packages\\greenlet', (<class 'OSError'>, OSError(41, '目錄不是空的。'), <traceback object at 0x00000280492E7780>))
Failed to remove: (<built-in function unlink>, 'C:\\Users\\IOT\\AppData\\Roaming\\Blender Foundation\\Blender\\4.5\\extensions\\.local\\lib\\python3.11\\site-packages\\ifcopenshell\\_ifcopenshell_wrapper.cp311-win_amd64.pyd', (<class 'PermissionError'>, PermissionError(13, '存取被拒。'), <traceback object at 0x0000028049293240>))
Failed to remove: (<built-in function rmdir>, 'C:\\Users\\IOT\\AppData\\Roaming\\Blender Foundation\\Blender\\4.5\\extensions\\.local\\lib\\python3.11\\site-packages\\ifcopenshell', (<class 'OSError'>, OSError(41, '目錄不是空的。'), <traceback object at 0x0000028049293240>))
Failed to remove: (<built-in function unlink>, 'C:\\Users\\IOT\\AppData\\Roaming\\Blender Foundation\\Blender\\4.5\\extensions\\.local\\lib\\python3.11\\site-packages\\lxml\\etree.cp311-win_amd64.pyd', (<class 'PermissionError'>, PermissionError(13, '存取被拒。'), <traceback object at 0x0000028049638700>))
Failed to remove: (<built-in function unlink>, 'C:\\Users\\IOT\\AppData\\Roaming\\Blender Foundation\\Blender\\4.5\\extensions\\.local\\lib\\python3.11\\site-packages\\lxml\\sax.cp311-win_amd64.pyd', (<class 'PermissionError'>, PermissionError(13, '存取被拒。'), <traceback object at 0x000002804963BD40>))
Failed to remove: (<built-in function unlink>, 'C:\\Users\\IOT\\AppData\\Roaming\\Blender Foundation\\Blender\\4.5\\extensions\\.local\\lib\\python3.11\\site-packages\\lxml\\_elementpath.cp311-win_amd64.pyd', (<class 'PermissionError'>, PermissionError(13, '存取被拒。'), <traceback object at 0x000002804963BD40>))
Failed to remove: (<built-in function rmdir>, 'C:\\Users\\IOT\\AppData\\Roaming\\Blender Foundation\\Blender\\4.5\\extensions\\.local\\lib\\python3.11\\site-packages\\lxml', (<class 'OSError'>, OSError(41, '目錄不是空的。'), <traceback object at 0x000002804963BD40>))
Failed to remove: (<built-in function unlink>, 'C:\\Users\\IOT\\AppData\\Roaming\\Blender Foundation\\Blender\\4.5\\extensions\\.local\\lib\\python3.11\\site-packages\\multidict\\_multidict.cp311-win_amd64.pyd', (<class 'PermissionError'>, PermissionError(13, '存取被拒。'), <traceback object at 0x00000280495D3380>))
Failed to remove: (<built-in function rmdir>, 'C:\\Users\\IOT\\AppData\\Roaming\\Blender Foundation\\Blender\\4.5\\extensions\\.local\\lib\\python3.11\\site-packages\\multidict', (<class 'OSError'>, OSError(41, '目錄不是空的。'), <traceback object at 0x00000280495D3380>))
Failed to remove: (<built-in function unlink>, 'C:\\Users\\IOT\\AppData\\Roaming\\Blender Foundation\\Blender\\4.5\\extensions\\.local\\lib\\python3.11\\site-packages\\pandas.libs\\msvcp140-a4c2229bdc2a2a630acdc095b4d86008.dll', (<class 'PermissionError'>, PermissionError(13, '存取被拒。'), <traceback object at 0x00000280480E7480>))
Failed to remove: (<built-in function rmdir>, 'C:\\Users\\IOT\\AppData\\Roaming\\Blender Foundation\\Blender\\4.5\\extensions\\.local\\lib\\python3.11\\site-packages\\pandas.libs', (<class 'OSError'>, OSError(41, '目錄不是空的。'), <traceback object at 0x00000280480E7480>))
Failed to remove: (<built-in function unlink>, 'C:\\Users\\IOT\\AppData\\Roaming\\Blender Foundation\\Blender\\4.5\\extensions\\.local\\lib\\python3.11\\site-packages\\pandas\\_libs\\algos.cp311-win_amd64.pyd', (<class 'PermissionError'>, PermissionError(13, '存取被拒。'), <traceback object at 0x0000028049571340>))
Failed to remove: (<built-in function unlink>, 'C:\\Users\\IOT\\AppData\\Roaming\\Blender Foundation\\Blender\\4.5\\extensions\\.local\\lib\\python3.11\\site-packages\\pandas\\_libs\\arrays.cp311-win_amd64.pyd', (<class 'PermissionError'>, PermissionError(13, '存取被拒。'), <traceback object at 0x0000028049571340>))
Failed to remove: (<built-in function unlink>, 'C:\\Users\\IOT\\AppData\\Roaming\\Blender Foundation\\Blender\\4.5\\extensions\\.local\\lib\\python3.11\\site-packages\\pandas\\_libs\\groupby.cp311-win_amd64.pyd', (<class 'PermissionError'>, PermissionError(13, '存取被拒。'), <traceback object at 0x0000028049571340>))
Failed to remove: (<built-in function unlink>, 'C:\\Users\\IOT\\AppData\\Roaming\\Blender Foundation\\Blender\\4.5\\extensions\\.local\\lib\\python3.11\\site-packages\\pandas\\_libs\\hashing.cp311-win_amd64.pyd', (<class 'PermissionError'>, PermissionError(13, '存取被拒。'), <traceback object at 0x0000028049571340>))
Failed to remove: (<built-in function unlink>, 'C:\\Users\\IOT\\AppData\\Roaming\\Blender Foundation\\Blender\\4.5\\extensions\\.local\\lib\\python3.11\\site-packages\\pandas\\_libs\\hashtable.cp311-win_amd64.pyd', (<class 'PermissionError'>, PermissionError(13, '存取被拒。'), <traceback object at 0x00000280495493C0>))
Failed to remove: (<built-in function unlink>, 'C:\\Users\\IOT\\AppData\\Roaming\\Blender Foundation\\Blender\\4.5\\extensions\\.local\\lib\\python3.11\\site-packages\\pandas\\_libs\\index.cp311-win_amd64.pyd', (<class 'PermissionError'>, PermissionError(13, '存取被拒。'), <traceback object at 0x00000280495493C0>))
Failed to remove: (<built-in function unlink>, 'C:\\Users\\IOT\\AppData\\Roaming\\Blender Foundation\\Blender\\4.5\\extensions\\.local\\lib\\python3.11\\site-packages\\pandas\\_libs\\indexing.cp311-win_amd64.pyd', (<class 'PermissionError'>, PermissionError(13, '存取被拒。'), <traceback object at 0x00000280495493C0>))
Failed to remove: (<built-in function unlink>, 'C:\\Users\\IOT\\AppData\\Roaming\\Blender Foundation\\Blender\\4.5\\extensions\\.local\\lib\\python3.11\\site-packages\\pandas\\_libs\\internals.cp311-win_amd64.pyd', (<class 'PermissionError'>, PermissionError(13, '存取被拒。'), <traceback object at 0x00000280495493C0>))
Failed to remove: (<built-in function unlink>, 'C:\\Users\\IOT\\AppData\\Roaming\\Blender Foundation\\Blender\\4.5\\extensions\\.local\\lib\\python3.11\\site-packages\\pandas\\_libs\\interval.cp311-win_amd64.pyd', (<class 'PermissionError'>, PermissionError(13, '存取被拒。'), <traceback object at 0x00000280495493C0>))
Failed to remove: (<built-in function unlink>, 'C:\\Users\\IOT\\AppData\\Roaming\\Blender Foundation\\Blender\\4.5\\extensions\\.local\\lib\\python3.11\\site-packages\\pandas\\_libs\\join.cp311-win_amd64.pyd', (<class 'PermissionError'>, PermissionError(13, '存取被拒。'), <traceback object at 0x00000280495493C0>))
Failed to remove: (<built-in function unlink>, 'C:\\Users\\IOT\\AppData\\Roaming\\Blender Foundation\\Blender\\4.5\\extensions\\.local\\lib\\python3.11\\site-packages\\pandas\\_libs\\json.cp311-win_amd64.pyd', (<class 'PermissionError'>, PermissionError(13, '存取被拒。'), <traceback object at 0x00000280495493C0>))
Failed to remove: (<built-in function unlink>, 'C:\\Users\\IOT\\AppData\\Roaming\\Blender Foundation\\Blender\\4.5\\extensions\\.local\\lib\\python3.11\\site-packages\\pandas\\_libs\\lib.cp311-win_amd64.pyd', (<class 'PermissionError'>, PermissionError(13, '存取被拒。'), <traceback object at 0x00000280495493C0>))
Failed to remove: (<built-in function unlink>, 'C:\\Users\\IOT\\AppData\\Roaming\\Blender Foundation\\Blender\\4.5\\extensions\\.local\\lib\\python3.11\\site-packages\\pandas\\_libs\\missing.cp311-win_amd64.pyd', (<class 'PermissionError'>, PermissionError(13, '存取被拒。'), <traceback object at 0x00000280495493C0>))
Failed to remove: (<built-in function unlink>, 'C:\\Users\\IOT\\AppData\\Roaming\\Blender Foundation\\Blender\\4.5\\extensions\\.local\\lib\\python3.11\\site-packages\\pandas\\_libs\\ops.cp311-win_amd64.pyd', (<class 'PermissionError'>, PermissionError(13, '存取被拒。'), <traceback object at 0x00000280495493C0>))
Failed to remove: (<built-in function unlink>, 'C:\\Users\\IOT\\AppData\\Roaming\\Blender Foundation\\Blender\\4.5\\extensions\\.local\\lib\\python3.11\\site-packages\\pandas\\_libs\\ops_dispatch.cp311-win_amd64.pyd', (<class 'PermissionError'>, PermissionError(13, '存取被拒。'), <traceback object at 0x00000280495493C0>))
Failed to remove: (<built-in function unlink>, 'C:\\Users\\IOT\\AppData\\Roaming\\Blender Foundation\\Blender\\4.5\\extensions\\.local\\lib\\python3.11\\site-packages\\pandas\\_libs\\pandas_datetime.cp311-win_amd64.pyd', (<class 'PermissionError'>, PermissionError(13, '存取被拒。'), <traceback object at 0x00000280495493C0>))
Failed to remove: (<built-in function unlink>, 'C:\\Users\\IOT\\AppData\\Roaming\\Blender Foundation\\Blender\\4.5\\extensions\\.local\\lib\\python3.11\\site-packages\\pandas\\_libs\\pandas_parser.cp311-win_amd64.pyd', (<class 'PermissionError'>, PermissionError(13, '存取被拒。'), <traceback object at 0x00000280495493C0>))
Failed to remove: (<built-in function unlink>, 'C:\\Users\\IOT\\AppData\\Roaming\\Blender Foundation\\Blender\\4.5\\extensions\\.local\\lib\\python3.11\\site-packages\\pandas\\_libs\\parsers.cp311-win_amd64.pyd', (<class 'PermissionError'>, PermissionError(13, '存取被拒。'), <traceback object at 0x00000280495493C0>))
Failed to remove: (<built-in function unlink>, 'C:\\Users\\IOT\\AppData\\Roaming\\Blender Foundation\\Blender\\4.5\\extensions\\.local\\lib\\python3.11\\site-packages\\pandas\\_libs\\properties.cp311-win_amd64.pyd', (<class 'PermissionError'>, PermissionError(13, '存取被拒。'), <traceback object at 0x00000280495493C0>))
Failed to remove: (<built-in function unlink>, 'C:\\Users\\IOT\\AppData\\Roaming\\Blender Foundation\\Blender\\4.5\\extensions\\.local\\lib\\python3.11\\site-packages\\pandas\\_libs\\reshape.cp311-win_amd64.pyd', (<class 'PermissionError'>, PermissionError(13, '存取被拒。'), <traceback object at 0x00000280495493C0>))
Failed to remove: (<built-in function unlink>, 'C:\\Users\\IOT\\AppData\\Roaming\\Blender Foundation\\Blender\\4.5\\extensions\\.local\\lib\\python3.11\\site-packages\\pandas\\_libs\\sparse.cp311-win_amd64.pyd', (<class 'PermissionError'>, PermissionError(13, '存取被拒。'), <traceback object at 0x00000280495493C0>))
Failed to remove: (<built-in function unlink>, 'C:\\Users\\IOT\\AppData\\Roaming\\Blender Foundation\\Blender\\4.5\\extensions\\.local\\lib\\python3.11\\site-packages\\pandas\\_libs\\testing.cp311-win_amd64.pyd', (<class 'PermissionError'>, PermissionError(13, '存取被拒。'), <traceback object at 0x00000280495493C0>))
Failed to remove: (<built-in function unlink>, 'C:\\Users\\IOT\\AppData\\Roaming\\Blender Foundation\\Blender\\4.5\\extensions\\.local\\lib\\python3.11\\site-packages\\pandas\\_libs\\tslib.cp311-win_amd64.pyd', (<class 'PermissionError'>, PermissionError(13, '存取被拒。'), <traceback object at 0x00000280495493C0>))
Failed to remove: (<built-in function unlink>, 'C:\\Users\\IOT\\AppData\\Roaming\\Blender Foundation\\Blender\\4.5\\extensions\\.local\\lib\\python3.11\\site-packages\\pandas\\_libs\\tslibs\\base.cp311-win_amd64.pyd', (<class 'PermissionError'>, PermissionError(13, '存取被拒。'), <traceback object at 0x00000280495717C0>))
Failed to remove: (<built-in function unlink>, 'C:\\Users\\IOT\\AppData\\Roaming\\Blender Foundation\\Blender\\4.5\\extensions\\.local\\lib\\python3.11\\site-packages\\pandas\\_libs\\tslibs\\ccalendar.cp311-win_amd64.pyd', (<class 'PermissionError'>, PermissionError(13, '存取被拒。'), <traceback object at 0x00000280495717C0>))
Failed to remove: (<built-in function unlink>, 'C:\\Users\\IOT\\AppData\\Roaming\\Blender Foundation\\Blender\\4.5\\extensions\\.local\\lib\\python3.11\\site-packages\\pandas\\_libs\\tslibs\\conversion.cp311-win_amd64.pyd', (<class 'PermissionError'>, PermissionError(13, '存取被拒。'), <traceback object at 0x00000280495717C0>))
Failed to remove: (<built-in function unlink>, 'C:\\Users\\IOT\\AppData\\Roaming\\Blender Foundation\\Blender\\4.5\\extensions\\.local\\lib\\python3.11\\site-packages\\pandas\\_libs\\tslibs\\dtypes.cp311-win_amd64.pyd', (<class 'PermissionError'>, PermissionError(13, '存取被拒。'), <traceback object at 0x00000280495717C0>))
Failed to remove: (<built-in function unlink>, 'C:\\Users\\IOT\\AppData\\Roaming\\Blender Foundation\\Blender\\4.5\\extensions\\.local\\lib\\python3.11\\site-packages\\pandas\\_libs\\tslibs\\fields.cp311-win_amd64.pyd', (<class 'PermissionError'>, PermissionError(13, '存取被拒。'), <traceback object at 0x00000280495717C0>))
Failed to remove: (<built-in function unlink>, 'C:\\Users\\IOT\\AppData\\Roaming\\Blender Foundation\\Blender\\4.5\\extensions\\.local\\lib\\python3.11\\site-packages\\pandas\\_libs\\tslibs\\nattype.cp311-win_amd64.pyd', (<class 'PermissionError'>, PermissionError(13, '存取被拒。'), <traceback object at 0x00000280495717C0>))
Failed to remove: (<built-in function unlink>, 'C:\\Users\\IOT\\AppData\\Roaming\\Blender Foundation\\Blender\\4.5\\extensions\\.local\\lib\\python3.11\\site-packages\\pandas\\_libs\\tslibs\\np_datetime.cp311-win_amd64.pyd', (<class 'PermissionError'>, PermissionError(13, '存取被拒。'), <traceback object at 0x00000280495717C0>))
Failed to remove: (<built-in function unlink>, 'C:\\Users\\IOT\\AppData\\Roaming\\Blender Foundation\\Blender\\4.5\\extensions\\.local\\lib\\python3.11\\site-packages\\pandas\\_libs\\tslibs\\offsets.cp311-win_amd64.pyd', (<class 'PermissionError'>, PermissionError(13, '存取被拒。'), <traceback object at 0x00000280495DD840>))
Failed to remove: (<built-in function unlink>, 'C:\\Users\\IOT\\AppData\\Roaming\\Blender Foundation\\Blender\\4.5\\extensions\\.local\\lib\\python3.11\\site-packages\\pandas\\_libs\\tslibs\\parsing.cp311-win_amd64.pyd', (<class 'PermissionError'>, PermissionError(13, '存取被拒。'), <traceback object at 0x00000280495DD840>))
Failed to remove: (<built-in function unlink>, 'C:\\Users\\IOT\\AppData\\Roaming\\Blender Foundation\\Blender\\4.5\\extensions\\.local\\lib\\python3.11\\site-packages\\pandas\\_libs\\tslibs\\period.cp311-win_amd64.pyd', (<class 'PermissionError'>, PermissionError(13, '存取被拒。'), <traceback object at 0x00000280495DD840>))
Failed to remove: (<built-in function unlink>, 'C:\\Users\\IOT\\AppData\\Roaming\\Blender Foundation\\Blender\\4.5\\extensions\\.local\\lib\\python3.11\\site-packages\\pandas\\_libs\\tslibs\\strptime.cp311-win_amd64.pyd', (<class 'PermissionError'>, PermissionError(13, '存取被拒。'), <traceback object at 0x00000280495DD840>))
Failed to remove: (<built-in function unlink>, 'C:\\Users\\IOT\\AppData\\Roaming\\Blender Foundation\\Blender\\4.5\\extensions\\.local\\lib\\python3.11\\site-packages\\pandas\\_libs\\tslibs\\timedeltas.cp311-win_amd64.pyd', (<class 'PermissionError'>, PermissionError(13, '存取被拒。'), <traceback object at 0x00000280495DD840>))
Failed to remove: (<built-in function unlink>, 'C:\\Users\\IOT\\AppData\\Roaming\\Blender Foundation\\Blender\\4.5\\extensions\\.local\\lib\\python3.11\\site-packages\\pandas\\_libs\\tslibs\\timestamps.cp311-win_amd64.pyd', (<class 'PermissionError'>, PermissionError(13, '存取被拒。'), <traceback object at 0x00000280495DD840>))
Failed to remove: (<built-in function unlink>, 'C:\\Users\\IOT\\AppData\\Roaming\\Blender Foundation\\Blender\\4.5\\extensions\\.local\\lib\\python3.11\\site-packages\\pandas\\_libs\\tslibs\\timezones.cp311-win_amd64.pyd', (<class 'PermissionError'>, PermissionError(13, '存取被拒。'), <traceback object at 0x00000280495DD840>))
Failed to remove: (<built-in function unlink>, 'C:\\Users\\IOT\\AppData\\Roaming\\Blender Foundation\\Blender\\4.5\\extensions\\.local\\lib\\python3.11\\site-packages\\pandas\\_libs\\tslibs\\tzconversion.cp311-win_amd64.pyd', (<class 'PermissionError'>, PermissionError(13, '存取被拒。'), <traceback object at 0x00000280495DD840>))
Failed to remove: (<built-in function unlink>, 'C:\\Users\\IOT\\AppData\\Roaming\\Blender Foundation\\Blender\\4.5\\extensions\\.local\\lib\\python3.11\\site-packages\\pandas\\_libs\\tslibs\\vectorized.cp311-win_amd64.pyd', (<class 'PermissionError'>, PermissionError(13, '存取被拒。'), <traceback object at 0x00000280495DD840>))
Failed to remove: (<built-in function rmdir>, 'C:\\Users\\IOT\\AppData\\Roaming\\Blender Foundation\\Blender\\4.5\\extensions\\.local\\lib\\python3.11\\site-packages\\pandas\\_libs\\tslibs', (<class 'OSError'>, OSError(41, '目錄不是空的。'), <traceback object at 0x00000280480D5940>))
Failed to remove: (<built-in function unlink>, 'C:\\Users\\IOT\\AppData\\Roaming\\Blender Foundation\\Blender\\4.5\\extensions\\.local\\lib\\python3.11\\site-packages\\pandas\\_libs\\window\\aggregations.cp311-win_amd64.pyd', (<class 'PermissionError'>, PermissionError(13, '存取被拒。'), <traceback object at 0x00000280491CA4C0>))
Failed to remove: (<built-in function unlink>, 'C:\\Users\\IOT\\AppData\\Roaming\\Blender Foundation\\Blender\\4.5\\extensions\\.local\\lib\\python3.11\\site-packages\\pandas\\_libs\\window\\indexers.cp311-win_amd64.pyd', (<class 'PermissionError'>, PermissionError(13, '存取被拒。'), <traceback object at 0x00000280491CA4C0>))
Failed to remove: (<built-in function rmdir>, 'C:\\Users\\IOT\\AppData\\Roaming\\Blender Foundation\\Blender\\4.5\\extensions\\.local\\lib\\python3.11\\site-packages\\pandas\\_libs\\window', (<class 'OSError'>, OSError(41, '目錄不是空的。'), <traceback object at 0x00000280491CA4C0>))
Failed to remove: (<built-in function unlink>, 'C:\\Users\\IOT\\AppData\\Roaming\\Blender Foundation\\Blender\\4.5\\extensions\\.local\\lib\\python3.11\\site-packages\\pandas\\_libs\\writers.cp311-win_amd64.pyd', (<class 'PermissionError'>, PermissionError(13, '存取被拒。'), <traceback object at 0x00000280495493C0>))
Failed to remove: (<built-in function unlink>, 'C:\\Users\\IOT\\AppData\\Roaming\\Blender Foundation\\Blender\\4.5\\extensions\\.local\\lib\\python3.11\\site-packages\\pandas\\_libs\\_cyutility.cp311-win_amd64.pyd', (<class 'PermissionError'>, PermissionError(13, '存取被拒。'), <traceback object at 0x00000280495493C0>))
Failed to remove: (<built-in function rmdir>, 'C:\\Users\\IOT\\AppData\\Roaming\\Blender Foundation\\Blender\\4.5\\extensions\\.local\\lib\\python3.11\\site-packages\\pandas\\_libs', (<class 'OSError'>, OSError(41, '目錄不是空的。'), <traceback object at 0x00000280495493C0>))
Failed to remove: (<built-in function rmdir>, 'C:\\Users\\IOT\\AppData\\Roaming\\Blender Foundation\\Blender\\4.5\\extensions\\.local\\lib\\python3.11\\site-packages\\pandas', (<class 'OSError'>, OSError(41, '目錄不是空的。'), <traceback object at 0x000002804953C480>))
Failed to remove: (<built-in function unlink>, 'C:\\Users\\IOT\\AppData\\Roaming\\Blender Foundation\\Blender\\4.5\\extensions\\.local\\lib\\python3.11\\site-packages\\pandas.libs\\msvcp140-a4c2229bdc2a2a630acdc095b4d86008.dll', (<class 'PermissionError'>, PermissionError(13, '存取被拒。'), <traceback object at 0x00000280480E5AC0>))
Failed to remove: (<built-in function rmdir>, 'C:\\Users\\IOT\\AppData\\Roaming\\Blender Foundation\\Blender\\4.5\\extensions\\.local\\lib\\python3.11\\site-packages\\pandas.libs', (<class 'OSError'>, OSError(41, '目錄不是空的。'), <traceback object at 0x00000280480E5AC0>))
Failed to remove: (<built-in function unlink>, 'C:\\Users\\IOT\\AppData\\Roaming\\Blender Foundation\\Blender\\4.5\\extensions\\.local\\lib\\python3.11\\site-packages\\PIL\\_imaging.cp311-win_amd64.pyd', (<class 'PermissionError'>, PermissionError(13, '存取被拒。'), <traceback object at 0x0000028049570940>))
Failed to remove: (<built-in function unlink>, 'C:\\Users\\IOT\\AppData\\Roaming\\Blender Foundation\\Blender\\4.5\\extensions\\.local\\lib\\python3.11\\site-packages\\PIL\\_imagingft.cp311-win_amd64.pyd', (<class 'PermissionError'>, PermissionError(13, '存取被拒。'), <traceback object at 0x0000028049570940>))
Failed to remove: (<built-in function rmdir>, 'C:\\Users\\IOT\\AppData\\Roaming\\Blender Foundation\\Blender\\4.5\\extensions\\.local\\lib\\python3.11\\site-packages\\PIL', (<class 'OSError'>, OSError(41, '目錄不是空的。'), <traceback object at 0x0000028049570940>))
Failed to remove: (<built-in function unlink>, 'C:\\Users\\IOT\\AppData\\Roaming\\Blender Foundation\\Blender\\4.5\\extensions\\.local\\lib\\python3.11\\site-packages\\propcache\\_helpers_c.cp311-win_amd64.pyd', (<class 'PermissionError'>, PermissionError(13, '存取被拒。'), <traceback object at 0x0000028049293180>))
Failed to remove: (<built-in function rmdir>, 'C:\\Users\\IOT\\AppData\\Roaming\\Blender Foundation\\Blender\\4.5\\extensions\\.local\\lib\\python3.11\\site-packages\\propcache', (<class 'OSError'>, OSError(41, '目錄不是空的。'), <traceback object at 0x0000028049293180>))
Failed to remove: (<built-in function unlink>, 'C:\\Users\\IOT\\AppData\\Roaming\\Blender Foundation\\Blender\\4.5\\extensions\\.local\\lib\\python3.11\\site-packages\\pyradiance\\bsdf.cp311-win_amd64.pyd', (<class 'PermissionError'>, PermissionError(13, '存取被拒。'), <traceback object at 0x00000280495D1940>))
Failed to remove: (<built-in function unlink>, 'C:\\Users\\IOT\\AppData\\Roaming\\Blender Foundation\\Blender\\4.5\\extensions\\.local\\lib\\python3.11\\site-packages\\pyradiance\\rad_params.cp311-win_amd64.pyd', (<class 'PermissionError'>, PermissionError(13, '存取被拒。'), <traceback object at 0x0000028047ED2B80>))
Failed to remove: (<built-in function rmdir>, 'C:\\Users\\IOT\\AppData\\Roaming\\Blender Foundation\\Blender\\4.5\\extensions\\.local\\lib\\python3.11\\site-packages\\pyradiance', (<class 'OSError'>, OSError(41, '目錄不是空的。'), <traceback object at 0x00000280480E4E80>))
Failed to remove: (<built-in function unlink>, 'C:\\Users\\IOT\\AppData\\Roaming\\Blender Foundation\\Blender\\4.5\\extensions\\.local\\lib\\python3.11\\site-packages\\shapely.libs\\geos-ae6efa0782962b98e358f10ea539ae5f.dll', (<class 'PermissionError'>, PermissionError(13, '存取被拒。'), <traceback object at 0x00000280480E4E80>))
Failed to remove: (<built-in function unlink>, 'C:\\Users\\IOT\\AppData\\Roaming\\Blender Foundation\\Blender\\4.5\\extensions\\.local\\lib\\python3.11\\site-packages\\shapely.libs\\geos_c-072b7a9224d16d3e4ab2395bb855b2d3.dll', (<class 'PermissionError'>, PermissionError(13, '存取被拒。'), <traceback object at 0x00000280480E4E80>))
Failed to remove: (<built-in function unlink>, 'C:\\Users\\IOT\\AppData\\Roaming\\Blender Foundation\\Blender\\4.5\\extensions\\.local\\lib\\python3.11\\site-packages\\shapely.libs\\msvcp140-90bc62d4947a5878f1dc1057312f3be2.dll', (<class 'PermissionError'>, PermissionError(13, '存取被拒。'), <traceback object at 0x00000280480E4E80>))
Failed to remove: (<built-in function rmdir>, 'C:\\Users\\IOT\\AppData\\Roaming\\Blender Foundation\\Blender\\4.5\\extensions\\.local\\lib\\python3.11\\site-packages\\shapely.libs', (<class 'OSError'>, OSError(41, '目錄不是空的。'), <traceback object at 0x00000280480E4E80>))
Failed to remove: (<built-in function unlink>, 'C:\\Users\\IOT\\AppData\\Roaming\\Blender Foundation\\Blender\\4.5\\extensions\\.local\\lib\\python3.11\\site-packages\\shapely\\lib.cp311-win_amd64.pyd', (<class 'PermissionError'>, PermissionError(13, '存取被拒。'), <traceback object at 0x00000280480D4380>))
Failed to remove: (<built-in function unlink>, 'C:\\Users\\IOT\\AppData\\Roaming\\Blender Foundation\\Blender\\4.5\\extensions\\.local\\lib\\python3.11\\site-packages\\shapely\\_geometry_helpers.cp311-win_amd64.pyd', (<class 'PermissionError'>, PermissionError(13, '存取被拒。'), <traceback object at 0x00000280480D4380>))
Failed to remove: (<built-in function unlink>, 'C:\\Users\\IOT\\AppData\\Roaming\\Blender Foundation\\Blender\\4.5\\extensions\\.local\\lib\\python3.11\\site-packages\\shapely\\_geos.cp311-win_amd64.pyd', (<class 'PermissionError'>, PermissionError(13, '存取被拒。'), <traceback object at 0x00000280480D4380>))
Failed to remove: (<built-in function rmdir>, 'C:\\Users\\IOT\\AppData\\Roaming\\Blender Foundation\\Blender\\4.5\\extensions\\.local\\lib\\python3.11\\site-packages\\shapely', (<class 'OSError'>, OSError(41, '目錄不是空的。'), <traceback object at 0x00000280480D4380>))
Failed to remove: (<built-in function unlink>, 'C:\\Users\\IOT\\AppData\\Roaming\\Blender Foundation\\Blender\\4.5\\extensions\\.local\\lib\\python3.11\\site-packages\\shapely.libs\\geos-ae6efa0782962b98e358f10ea539ae5f.dll', (<class 'PermissionError'>, PermissionError(13, '存取被拒。'), <traceback object at 0x00000280480E4E80>))
Failed to remove: (<built-in function unlink>, 'C:\\Users\\IOT\\AppData\\Roaming\\Blender Foundation\\Blender\\4.5\\extensions\\.local\\lib\\python3.11\\site-packages\\shapely.libs\\geos_c-072b7a9224d16d3e4ab2395bb855b2d3.dll', (<class 'PermissionError'>, PermissionError(13, '存取被拒。'), <traceback object at 0x00000280480E4E80>))
Failed to remove: (<built-in function unlink>, 'C:\\Users\\IOT\\AppData\\Roaming\\Blender Foundation\\Blender\\4.5\\extensions\\.local\\lib\\python3.11\\site-packages\\shapely.libs\\msvcp140-90bc62d4947a5878f1dc1057312f3be2.dll', (<class 'PermissionError'>, PermissionError(13, '存取被拒。'), <traceback object at 0x00000280480E4E80>))
Failed to remove: (<built-in function rmdir>, 'C:\\Users\\IOT\\AppData\\Roaming\\Blender Foundation\\Blender\\4.5\\extensions\\.local\\lib\\python3.11\\site-packages\\shapely.libs', (<class 'OSError'>, OSError(41, '目錄不是空的。'), <traceback object at 0x00000280480E4E80>))
Failed to remove: (<built-in function unlink>, 'C:\\Users\\IOT\\AppData\\Roaming\\Blender Foundation\\Blender\\4.5\\extensions\\.local\\lib\\python3.11\\site-packages\\sqlalchemy\\cyextension\\collections.cp311-win_amd64.pyd', (<class 'PermissionError'>, PermissionError(13, '存取被拒。'), <traceback object at 0x00000280480D4380>))
Failed to remove: (<built-in function unlink>, 'C:\\Users\\IOT\\AppData\\Roaming\\Blender Foundation\\Blender\\4.5\\extensions\\.local\\lib\\python3.11\\site-packages\\sqlalchemy\\cyextension\\immutabledict.cp311-win_amd64.pyd', (<class 'PermissionError'>, PermissionError(13, '存取被拒。'), <traceback object at 0x00000280480D4380>))
Failed to remove: (<built-in function unlink>, 'C:\\Users\\IOT\\AppData\\Roaming\\Blender Foundation\\Blender\\4.5\\extensions\\.local\\lib\\python3.11\\site-packages\\sqlalchemy\\cyextension\\processors.cp311-win_amd64.pyd', (<class 'PermissionError'>, PermissionError(13, '存取被拒。'), <traceback object at 0x00000280480D4380>))
Failed to remove: (<built-in function unlink>, 'C:\\Users\\IOT\\AppData\\Roaming\\Blender Foundation\\Blender\\4.5\\extensions\\.local\\lib\\python3.11\\site-packages\\sqlalchemy\\cyextension\\resultproxy.cp311-win_amd64.pyd', (<class 'PermissionError'>, PermissionError(13, '存取被拒。'), <traceback object at 0x00000280480D4380>))
Failed to remove: (<built-in function unlink>, 'C:\\Users\\IOT\\AppData\\Roaming\\Blender Foundation\\Blender\\4.5\\extensions\\.local\\lib\\python3.11\\site-packages\\sqlalchemy\\cyextension\\util.cp311-win_amd64.pyd', (<class 'PermissionError'>, PermissionError(13, '存取被拒。'), <traceback object at 0x00000280480D4380>))
Failed to remove: (<built-in function rmdir>, 'C:\\Users\\IOT\\AppData\\Roaming\\Blender Foundation\\Blender\\4.5\\extensions\\.local\\lib\\python3.11\\site-packages\\sqlalchemy\\cyextension', (<class 'OSError'>, OSError(41, '目錄不是空的。'), <traceback object at 0x00000280480D4380>))
Failed to remove: (<built-in function rmdir>, 'C:\\Users\\IOT\\AppData\\Roaming\\Blender Foundation\\Blender\\4.5\\extensions\\.local\\lib\\python3.11\\site-packages\\sqlalchemy', (<class 'OSError'>, OSError(41, '目錄不是空的。'), <traceback object at 0x00000280480D4380>))
Failed to remove: (<built-in function unlink>, 'C:\\Users\\IOT\\AppData\\Roaming\\Blender Foundation\\Blender\\4.5\\extensions\\.local\\lib\\python3.11\\site-packages\\tzfpy\\tzfpy.pyd', (<class 'PermissionError'>, PermissionError(13, '存取被拒。'), <traceback object at 0x000002804953F380>))
Failed to remove: (<built-in function rmdir>, 'C:\\Users\\IOT\\AppData\\Roaming\\Blender Foundation\\Blender\\4.5\\extensions\\.local\\lib\\python3.11\\site-packages\\tzfpy', (<class 'OSError'>, OSError(41, '目錄不是空的。'), <traceback object at 0x000002804953F380>))
Failed to remove: (<built-in function unlink>, 'C:\\Users\\IOT\\AppData\\Roaming\\Blender Foundation\\Blender\\4.5\\extensions\\.local\\lib\\python3.11\\site-packages\\yarl\\_quoting_c.cp311-win_amd64.pyd', (<class 'PermissionError'>, PermissionError(13, '存取被拒。'), <traceback object at 0x00000280480D5180>))
Failed to remove: (<built-in function rmdir>, 'C:\\Users\\IOT\\AppData\\Roaming\\Blender Foundation\\Blender\\4.5\\extensions\\.local\\lib\\python3.11\\site-packages\\yarl', (<class 'OSError'>, OSError(41, '目錄不是空的。'), <traceback object at 0x00000280480D5180>))
13:37:59 | INFO: Data are loaded, start creating Blender stuff
2026-10-07:13:37:59,634 INFO    [debug.py:102] Data are loaded, start creating Blender stuff
13:37:59 | INFO: Blender create Mesh node barracks-body
2026-10-07:13:37:59,635 INFO    [debug.py:102] Blender create Mesh node barracks-body
13:37:59 | INFO: Blender create Mesh node barracks-roof
2026-10-07:13:37:59,636 INFO    [debug.py:102] Blender create Mesh node barracks-roof
13:37:59 | INFO: glTF import finished in 0.01s
2026-10-07:13:37:59,641 INFO    [debug.py:102] glTF import finished in 0.01s
Blender 4.5.5 LTS (hash 836beaaf597a built 2025-11-18 01:33:26)
Fra:1 Mem:51.24M (Peak 51.24M) | Time:00:00.89 | Rendering 1 / 64 samples
Fra:1 Mem:51.24M (Peak 51.24M) | Time:00:00.96 | Rendering 25 / 64 samples
Fra:1 Mem:51.24M (Peak 51.24M) | Time:00:01.04 | Rendering 50 / 64 samples
Fra:1 Mem:51.24M (Peak 51.24M) | Time:00:01.08 | Rendering 64 / 64 samples
Saved: 'C:\Repos\mmo-asset-pipeline\runs\qa\cl-barracks-set-v1\v1\previews\cl-barracks-three-quarter.png'
Time: 00:01.27 (Saving: 00:00.16)

Fra:1 Mem:51.24M (Peak 51.24M) | Time:00:00.04 | Rendering 1 / 64 samples
Fra:1 Mem:51.24M (Peak 51.24M) | Time:00:00.10 | Rendering 25 / 64 samples
Fra:1 Mem:51.24M (Peak 51.24M) | Time:00:00.16 | Rendering 50 / 64 samples
Fra:1 Mem:51.24M (Peak 51.24M) | Time:00:00.20 | Rendering 64 / 64 samples
Saved: 'C:\Repos\mmo-asset-pipeline\runs\qa\cl-barracks-set-v1\v1\previews\cl-barracks-front.png'
Time: 00:00.28 (Saving: 00:00.06)

Fra:1 Mem:51.24M (Peak 51.24M) | Time:00:00.05 | Rendering 1 / 64 samples
Fra:1 Mem:51.24M (Peak 51.24M) | Time:00:00.12 | Rendering 25 / 64 samples
Fra:1 Mem:51.24M (Peak 51.24M) | Time:00:00.19 | Rendering 50 / 64 samples
Fra:1 Mem:51.24M (Peak 51.24M) | Time:00:00.24 | Rendering 64 / 64 samples
Saved: 'C:\Repos\mmo-asset-pipeline\runs\qa\cl-barracks-set-v1\v1\previews\cl-barracks-top.png'
Time: 00:00.35 (Saving: 00:00.07)

PREVIEW_OK cl-barracks [-7.725, -8.725, 0.0] [7.725, 8.725, 7.57]
13:38:01 | INFO: Data are loaded, start creating Blender stuff
2026-10-07:13:38:01,632 INFO    [debug.py:102] Data are loaded, start creating Blender stuff
13:38:01 | INFO: Blender create Mesh node brazier-body
2026-10-07:13:38:01,633 INFO    [debug.py:102] Blender create Mesh node brazier-body
13:38:01 | INFO: Blender create Mesh node brazier-coals
2026-10-07:13:38:01,634 INFO    [debug.py:102] Blender create Mesh node brazier-coals
13:38:01 | INFO: glTF import finished in 0.01s
2026-10-07:13:38:01,637 INFO    [debug.py:102] glTF import finished in 0.01s
Fra:1 Mem:50.50M (Peak 50.50M) | Time:00:00.05 | Rendering 1 / 64 samples
Fra:1 Mem:50.50M (Peak 50.50M) | Time:00:00.12 | Rendering 25 / 64 samples
Fra:1 Mem:50.50M (Peak 50.50M) | Time:00:00.18 | Rendering 50 / 64 samples
Fra:1 Mem:50.50M (Peak 50.50M) | Time:00:00.22 | Rendering 64 / 64 samples
Saved: 'C:\Repos\mmo-asset-pipeline\runs\qa\cl-barracks-set-v1\v1\previews\cl-brazier-three-quarter.png'
Time: 00:00.32 (Saving: 00:00.07)

Fra:1 Mem:50.50M (Peak 50.50M) | Time:00:00.05 | Rendering 1 / 64 samples
Fra:1 Mem:50.50M (Peak 50.50M) | Time:00:00.11 | Rendering 25 / 64 samples
Fra:1 Mem:50.50M (Peak 50.50M) | Time:00:00.17 | Rendering 50 / 64 samples
Fra:1 Mem:50.50M (Peak 50.50M) | Time:00:00.20 | Rendering 64 / 64 samples
Saved: 'C:\Repos\mmo-asset-pipeline\runs\qa\cl-barracks-set-v1\v1\previews\cl-brazier-front.png'
Time: 00:00.29 (Saving: 00:00.06)

Fra:1 Mem:50.50M (Peak 50.50M) | Time:00:00.04 | Rendering 1 / 64 samples
Fra:1 Mem:50.50M (Peak 50.50M) | Time:00:00.11 | Rendering 25 / 64 samples
Fra:1 Mem:50.50M (Peak 50.50M) | Time:00:00.19 | Rendering 50 / 64 samples
Fra:1 Mem:50.50M (Peak 50.50M) | Time:00:00.23 | Rendering 64 / 64 samples
Saved: 'C:\Repos\mmo-asset-pipeline\runs\qa\cl-barracks-set-v1\v1\previews\cl-brazier-top.png'
Time: 00:00.31 (Saving: 00:00.05)

PREVIEW_OK cl-brazier [-0.575, -0.575, 0.0] [0.575, 0.575, 1.32]
13:38:02 | INFO: Data are loaded, start creating Blender stuff
2026-10-07:13:38:02,640 INFO    [debug.py:102] Data are loaded, start creating Blender stuff
13:38:02 | INFO: Blender create Mesh node wreck-debris
2026-10-07:13:38:02,641 INFO    [debug.py:102] Blender create Mesh node wreck-debris
13:38:02 | INFO: Blender create Mesh node wreck-embers
2026-10-07:13:38:02,643 INFO    [debug.py:102] Blender create Mesh node wreck-embers
13:38:02 | INFO: glTF import finished in 0.00s
2026-10-07:13:38:02,645 INFO    [debug.py:102] glTF import finished in 0.00s
Fra:1 Mem:50.56M (Peak 50.56M) | Time:00:00.04 | Rendering 1 / 64 samples
Fra:1 Mem:50.56M (Peak 50.56M) | Time:00:00.11 | Rendering 25 / 64 samples
Fra:1 Mem:50.56M (Peak 50.56M) | Time:00:00.18 | Rendering 50 / 64 samples
Fra:1 Mem:50.56M (Peak 50.56M) | Time:00:00.21 | Rendering 64 / 64 samples
Saved: 'C:\Repos\mmo-asset-pipeline\runs\qa\cl-barracks-set-v1\v1\previews\cl-wreck-three-quarter.png'
Time: 00:00.30 (Saving: 00:00.06)

Fra:1 Mem:50.56M (Peak 50.56M) | Time:00:00.05 | Rendering 1 / 64 samples
Fra:1 Mem:50.56M (Peak 50.56M) | Time:00:00.12 | Rendering 25 / 64 samples
Fra:1 Mem:50.56M (Peak 50.56M) | Time:00:00.18 | Rendering 50 / 64 samples
Fra:1 Mem:50.56M (Peak 50.56M) | Time:00:00.21 | Rendering 64 / 64 samples
Saved: 'C:\Repos\mmo-asset-pipeline\runs\qa\cl-barracks-set-v1\v1\previews\cl-wreck-front.png'
Time: 00:00.29 (Saving: 00:00.05)

Fra:1 Mem:50.56M (Peak 50.56M) | Time:00:00.04 | Rendering 1 / 64 samples
Fra:1 Mem:50.56M (Peak 50.56M) | Time:00:00.11 | Rendering 25 / 64 samples
Fra:1 Mem:50.56M (Peak 50.56M) | Time:00:00.18 | Rendering 50 / 64 samples
Fra:1 Mem:50.56M (Peak 50.56M) | Time:00:00.23 | Rendering 64 / 64 samples
Saved: 'C:\Repos\mmo-asset-pipeline\runs\qa\cl-barracks-set-v1\v1\previews\cl-wreck-top.png'
Time: 00:00.31 (Saving: 00:00.06)

PREVIEW_OK cl-wreck [-2.561, -2.979, -0.062] [2.903, 2.853, 1.315]

Blender quit
