CV1_CLEARANCE {"t": 20.0, "weapon_body_depth_mm": 0.0, "weapon_body_by_part_mm": {}, "nearest_signed_mm": {}, "bed_sink_mm": [366.2, "coat.L", "SM_RO_coat", [0.022, 0.551, 0.084]]}
CV1_CLEARANCE {"t": 21.0, "weapon_body_depth_mm": 0.0, "weapon_body_by_part_mm": {}, "nearest_signed_mm": {}, "bed_sink_mm": [366.2, "coat.L", "SM_RO_coat", [0.022, 0.551, 0.084]]}
CV1_CLEARANCE {"t": 22.0, "weapon_body_depth_mm": 0.0, "weapon_body_by_part_mm": {}, "nearest_signed_mm": {}, "bed_sink_mm": [366.2, "coat.L", "SM_RO_coat", [0.022, 0.551, 0.084]]}
CV1_CLEARANCE {"t": 23.0, "weapon_body_depth_mm": 0.0, "weapon_body_by_part_mm": {}, "nearest_signed_mm": {"pelvis": [37.0, "SM_RO_coat"]}, "bed_sink_mm": [366.2, "coat.L", "SM_RO_coat", [0.022, 0.551, 0.084]]}
CV1_CLEARANCE {"t": 24.0, "weapon_body_depth_mm": 0.0, "weapon_body_by_part_mm": {}, "nearest_signed_mm": {"pelvis": [29.0, "SM_RO_coat"]}, "bed_sink_mm": [366.2, "coat.L", "SM_RO_coat", [0.022, 0.551, 0.084]]}
CV1_CLEARANCE {"t": 25.0, "weapon_body_depth_mm": 0.0, "weapon_body_by_part_mm": {}, "nearest_signed_mm": {"pelvis": [25.7, "SM_RO_coat"]}, "bed_sink_mm": [366.2, "coat.L", "SM_RO_coat", [0.022, 0.551, 0.084]]}
CV1_CLEARANCE {"t": 26.0, "weapon_body_depth_mm": 0.0, "weapon_body_by_part_mm": {}, "nearest_signed_mm": {"pelvis": [28.7, "SM_RO_coat"]}, "bed_sink_mm": [366.2, "coat.L", "SM_RO_coat", [0.022, 0.551, 0.084]]}
CV1_CLEARANCE {"t": 27.0, "weapon_body_depth_mm": 0.0, "weapon_body_by_part_mm": {}, "nearest_signed_mm": {"coat": [48.8, "SM_RO_coat"], "pelvis": [18.8, "SM_RO_coat"]}, "bed_sink_mm": [366.2, "coat.L", "SM_RO_coat", [0.022, 0.551, 0.084]]}
CV1_CLEARANCE {"t": 28.0, "weapon_body_depth_mm": 0.0, "weapon_body_by_part_mm": {}, "nearest_signed_mm": {"coat": [37.0, "SM_RO_coat"], "pelvis": [4.2, "SM_RO_coat"]}, "bed_sink_mm": [366.2, "coat.L", "SM_RO_coat", [0.022, 0.551, 0.084]]}
CV1_CLEARANCE {"t": 29.0, "weapon_body_depth_mm": 0.0, "weapon_body_by_part_mm": {}, "nearest_signed_mm": {"coat": [32.9, "SM_RO_coat"], "pelvis": [16.7, "SM_RO_coat"]}, "bed_sink_mm": [366.2, "coat.L", "SM_RO_coat", [0.022, 0.551, 0.084]]}
CV1_CLEARANCE {"t": 30.0, "weapon_body_depth_mm": 0.0, "weapon_body_by_part_mm": {}, "nearest_signed_mm": {"coat": [30.5, "SM_RO_coat"], "pelvis": [16.5, "SM_RO_coat"]}, "bed_sink_mm": [366.2, "coat.L", "SM_RO_coat", [0.022, 0.551, 0.084]]}
CV1_CLEARANCE {"t": 31.0, "weapon_body_depth_mm": 0.0, "weapon_body_by_part_mm": {}, "nearest_signed_mm": {"coat": [30.5, "SM_RO_coat"], "pelvis": [16.5, "SM_RO_coat"]}, "bed_sink_mm": [366.2, "coat.L", "SM_RO_coat", [0.022, 0.551, 0.084]]}
CV1_CLEARANCE {"t": 32.0, "weapon_body_depth_mm": 0.0, "weapon_body_by_part_mm": {}, "nearest_signed_mm": {"coat": [30.5, "SM_RO_coat"], "pelvis": [16.5, "SM_RO_coat"]}, "bed_sink_mm": [366.2, "coat.L", "SM_RO_coat", [0.022, 0.551, 0.084]]}
CV1_CLEARANCE {"t": 33.0, "weapon_body_depth_mm": 0.0, "weapon_body_by_part_mm": {}, "nearest_signed_mm": {"coat": [30.5, "SM_RO_coat"], "pelvis": [16.5, "SM_RO_coat"]}, "bed_sink_mm": [366.2, "coat.L", "SM_RO_coat", [0.022, 0.551, 0.084]]}
CV1_CLEARANCE {"t": 34.0, "weapon_body_depth_mm": 0.0, "weapon_body_by_part_mm": {}, "nearest_signed_mm": {"coat": [30.5, "SM_RO_coat"], "pelvis": [16.5, "SM_RO_coat"]}, "bed_sink_mm": [366.2, "coat.L", "SM_RO_coat", [0.022, 0.551, 0.084]]}
CV1_CLEARANCE {"t": 35.0, "weapon_body_depth_mm": 0.0, "weapon_body_by_part_mm": {}, "nearest_signed_mm": {"coat": [30.5, "SM_RO_coat"], "pelvis": [16.5, "SM_RO_coat"]}, "bed_sink_mm": [366.2, "coat.L", "SM_RO_coat", [0.022, 0.551, 0.084]]}
CV1_CLEARANCE {"t": 36.0, "weapon_body_depth_mm": 0.0, "weapon_body_by_part_mm": {}, "nearest_signed_mm": {"coat": [30.5, "SM_RO_coat"], "pelvis": [16.5, "SM_RO_coat"]}, "bed_sink_mm": [366.2, "coat.L", "SM_RO_coat", [0.022, 0.551, 0.084]]}
CV1_CLEARANCE {"t": 37.0, "weapon_body_depth_mm": 0.0, "weapon_body_by_part_mm": {}, "nearest_signed_mm": {"coat": [30.5, "SM_RO_coat"], "pelvis": [16.5, "SM_RO_coat"]}, "bed_sink_mm": [366.2, "coat.L", "SM_RO_coat", [0.022, 0.551, 0.084]]}
CV1_CLEARANCE {"t": 38.0, "weapon_body_depth_mm": 0.0, "weapon_body_by_part_mm": {}, "nearest_signed_mm": {"coat": [30.5, "SM_RO_coat"], "pelvis": [16.5, "SM_RO_coat"]}, "bed_sink_mm": [366.2, "coat.L", "SM_RO_coat", [0.022, 0.551, 0.084]]}
CV1_CLEARANCE {"t": 39.0, "weapon_body_depth_mm": 0.0, "weapon_body_by_part_mm": {}, "nearest_signed_mm": {"coat": [30.5, "SM_RO_coat"], "pelvis": [16.5, "SM_RO_coat"]}, "bed_sink_mm": [366.2, "coat.L", "SM_RO_coat", [0.022, 0.551, 0.084]]}
CV1_CLEARANCE {"t": 40.0, "weapon_body_depth_mm": 0.0, "weapon_body_by_part_mm": {}, "nearest_signed_mm": {"coat": [30.5, "SM_RO_coat"], "pelvis": [16.5, "SM_RO_coat"]}, "bed_sink_mm": [366.2, "coat.L", "SM_RO_coat", [0.022, 0.551, 0.084]]}
CV1_CLEARANCE {"t": 41.0, "weapon_body_depth_mm": 0.0, "weapon_body_by_part_mm": {}, "nearest_signed_mm": {"coat": [29.8, "SM_RO_coat"], "pelvis": [15.2, "SM_RO_coat"]}, "bed_sink_mm": [366.2, "coat.L", "SM_RO_coat", [0.022, 0.557, 0.084]]}
CV1_CLEARANCE {"t": 42.0, "weapon_body_depth_mm": 0.0, "weapon_body_by_part_mm": {}, "nearest_signed_mm": {"coat": [30.0, "SM_RO_coat"], "pelvis": [11.2, "SM_RO_coat"]}, "bed_sink_mm": [366.2, "coat.L", "SM_RO_coat", [0.022, 0.575, 0.084]]}
CV1_CLEARANCE {"t": 43.0, "weapon_body_depth_mm": 0.0, "weapon_body_by_part_mm": {}, "nearest_signed_mm": {"coat": [25.7, "SM_RO_coat"], "pelvis": [14.7, "SM_RO_coat"]}, "bed_sink_mm": [366.2, "coat.L", "SM_RO_coat", [0.022, 0.6, 0.084]]}
CV1_CLEARANCE {"t": 44.0, "weapon_body_depth_mm": 0.0, "weapon_body_by_part_mm": {}, "nearest_signed_mm": {"coat": [23.4, "SM_RO_coat"], "pelvis": [11.8, "SM_RO_coat"]}, "bed_sink_mm": [366.2, "coat.L", "SM_RO_coat", [0.022, 0.632, 0.084]]}
CV1_CLEARANCE {"t": 45.0, "weapon_body_depth_mm": 0.0, "weapon_body_by_part_mm": {}, "nearest_signed_mm": {"coat": [24.7, "SM_RO_coat"], "pelvis": [12.2, "SM_RO_coat"]}, "bed_sink_mm": [366.2, "coat.L", "SM_RO_coat", [0.022, 0.666, 0.084]]}
CV1_CLEARANCE {"t": 46.0, "weapon_body_depth_mm": 0.0, "weapon_body_by_part_mm": {}, "nearest_signed_mm": {"coat": [24.8, "SM_RO_coat"], "pelvis": [23.2, "SM_RO_coat"]}, "bed_sink_mm": [366.2, "coat.L", "SM_RO_coat", [0.022, 0.7, 0.084]]}
CV1_CLEARANCE {"t": 47.0, "weapon_body_depth_mm": 0.0, "weapon_body_by_part_mm": {}, "nearest_signed_mm": {"coat": [30.1, "SM_RO_coat"], "pelvis": [30.8, "SM_RO_coat"]}, "bed_sink_mm": [366.2, "coat.L", "SM_RO_coat", [0.022, 0.731, 0.084]]}
CV1_CLEARANCE {"t": 48.0, "weapon_body_depth_mm": 0.0, "weapon_body_by_part_mm": {}, "nearest_signed_mm": {"coat": [36.0, "SM_RO_coat"], "pelvis": [54.5, "SM_RO_coat"]}, "bed_sink_mm": [366.2, "coat.L", "SM_RO_coat", [0.022, 0.757, 0.084]]}
CV1_CLEARANCE {"t": 49.0, "weapon_body_depth_mm": 0.0, "weapon_body_by_part_mm": {}, "nearest_signed_mm": {"coat": [45.6, "SM_RO_coat"]}, "bed_sink_mm": [366.2, "coat.L", "SM_RO_coat", [0.022, 0.774, 0.084]]}
CV1_CLEARANCE {"t": 50.0, "weapon_body_depth_mm": 0.0, "weapon_body_by_part_mm": {}, "nearest_signed_mm": {"coat": [58.0, "SM_RO_coat"]}, "bed_sink_mm": [366.2, "coat.L", "SM_RO_coat", [0.022, 0.781, 0.084]]}
CV1_CLEARANCE {"t": 51.0, "weapon_body_depth_mm": 0.0, "weapon_body_by_part_mm": {}, "nearest_signed_mm": {"coat": [41.6, "SM_RO_coat"], "thigh": [30.4, "SM_RO_core"]}, "bed_sink_mm": [383.5, "coat.L", "SM_RO_coat", [0.04, 0.736, 0.067]]}
CV1_CLEARANCE {"t": 52.0, "weapon_body_depth_mm": 6.32, "weapon_body_by_part_mm": {"SM_RO_coat:coat": 6.32, "SM_RO_core:thigh": 2.36}, "nearest_signed_mm": {"coat": [-1.1, "SM_RO_coat"], "shin": [17.3, "SM_RO_core"], "thigh": [-0.8, "SM_RO_core"]}, "bed_sink_mm": [411.8, "coat.L", "SM_RO_coat", [0.06, 0.641, 0.038]]}
CV1_CLEARANCE {"t": 53.0, "weapon_body_depth_mm": 9.51, "weapon_body_by_part_mm": {"SM_RO_coat:coat": 9.51, "SM_RO_core:shin": 7.95}, "nearest_signed_mm": {"coat": [-8.7, "SM_RO_coat"], "foot": [46.6, "SM_RO_core"], "other": [16.4, "SM_RO_coat"], "shin": [-11.2, "SM_RO_core"], "thigh": [30.3, "SM_RO_core"]}, "bed_sink_mm": [401.4, "coat.L", "SM_RO_coat", [0.007, 0.492, 0.049]]}
CV1_CLEARANCE {"t": 54.0, "weapon_body_depth_mm": 7.02, "weapon_body_by_part_mm": {"SM_RO_coat:other": 7.02, "SM_RO_core:foot": 4.76}, "nearest_signed_mm": {"foot": [-2.9, "SM_RO_core"], "other": [-9.5, "SM_RO_coat"], "shin": [38.2, "SM_RO_core"]}, "bed_sink_mm": [335.6, "coat.L", "SM_RO_coat", [-0.132, 0.391, 0.114]]}
CV1_CLEARANCE {"t": 55.0, "weapon_body_depth_mm": 0.0, "weapon_body_by_part_mm": {}, "nearest_signed_mm": {"other": [11.5, "SM_RO_coat"]}, "bed_sink_mm": [244.4, "coat.L", "SM_RO_coat", [-0.286, 0.4, 0.206]]}
CV1_CLEARANCE {"t": 56.0, "weapon_body_depth_mm": 6.57, "weapon_body_by_part_mm": {"SM_RO_coat:coat": 6.57}, "nearest_signed_mm": {"coat": [-6.8, "SM_RO_coat"]}, "bed_sink_mm": [154.5, "coat.L", "SM_RO_coat", [-0.401, 0.477, 0.296]]}
CV1_CLEARANCE {"t": 57.0, "weapon_body_depth_mm": 0.0, "weapon_body_by_part_mm": {}, "nearest_signed_mm": {"coat": [18.2, "SM_RO_coat"]}, "bed_sink_mm": [62.1, "coat.L", "SM_RO_coat", [-0.472, 0.558, 0.388]]}
CV1_CLEARANCE {"t": 58.0, "weapon_body_depth_mm": 0.0, "weapon_body_by_part_mm": {}, "nearest_signed_mm": {}, "bed_sink_mm": [0.8, "coat.L", "SM_RO_coat", [-0.14, 0.622, 0.449]]}
CV1_CLEARANCE {"t": 59.0, "weapon_body_depth_mm": 0.0, "weapon_body_by_part_mm": {}, "nearest_signed_mm": {}, "bed_sink_mm": null}
CV1_CLEARANCE {"t": 60.0, "weapon_body_depth_mm": 0.0, "weapon_body_by_part_mm": {}, "nearest_signed_mm": {}, "bed_sink_mm": [6.4, "head", "SM_RO_core", [0.7, 0.617, 0.444]]}
CV1_CLEARANCE {"t": 61.0, "weapon_body_depth_mm": 0.0, "weapon_body_by_part_mm": {}, "nearest_signed_mm": {}, "bed_sink_mm": [45.9, "coat.L", "SM_RO_coat", [-0.461, 0.691, 0.404]]}
CV1_CLEARANCE {"t": 62.0, "weapon_body_depth_mm": 0.0, "weapon_body_by_part_mm": {}, "nearest_signed_mm": {}, "bed_sink_mm": [133.1, "coat.L", "SM_RO_coat", [-0.398, 0.728, 0.317]]}
Blender 4.5.5 LTS (hash 836beaaf597a built 2025-11-18 01:33:26)
Read blend: "C:\Repos\mmo-asset-pipeline\tmp\art-quality-loop\assets\processed\ro-swordsman-character-v1\v001\b19-crotch\ro_character_v001_b19-crotch.blend"

Blender quit
