CV1_SWING {"t": 57.0, "candidate": "both_right16", "coat_min_ratio": 0.2017, "collapsed": 0, "flipped": 1, "bed_depth_mm": {"coat": 348.0, "other": 0.0}, "sword_crossing_mm": {}, "deepest_crossing": null}
CV1_SWING {"t": 57.0, "candidate": "both_right17", "coat_min_ratio": 0.1849, "collapsed": 0, "flipped": 1, "bed_depth_mm": {"coat": 347.6, "other": 0.0}, "sword_crossing_mm": {}, "deepest_crossing": null}
CV1_SWING {"t": 57.0, "candidate": "both_right18", "coat_min_ratio": 0.1721, "collapsed": 0, "flipped": 1, "bed_depth_mm": {"coat": 347.1, "other": 0.0}, "sword_crossing_mm": {}, "deepest_crossing": null}
CV1_SWING {"t": 57.0, "candidate": "both_right19", "coat_min_ratio": 0.1648, "collapsed": 0, "flipped": 2, "bed_depth_mm": {"coat": 346.4, "other": 0.0}, "sword_crossing_mm": {}, "deepest_crossing": null}
CV1_SWING {"t": 57.25, "candidate": "both_right16", "coat_min_ratio": 0.2496, "collapsed": 0, "flipped": 2, "bed_depth_mm": {"coat": 350.8, "other": 0.0}, "sword_crossing_mm": {}, "deepest_crossing": null}
CV1_SWING {"t": 57.25, "candidate": "both_right17", "coat_min_ratio": 0.2409, "collapsed": 0, "flipped": 2, "bed_depth_mm": {"coat": 350.4, "other": 0.0}, "sword_crossing_mm": {}, "deepest_crossing": null}
CV1_SWING {"t": 57.25, "candidate": "both_right18", "coat_min_ratio": 0.2363, "collapsed": 0, "flipped": 2, "bed_depth_mm": {"coat": 349.9, "other": 0.0}, "sword_crossing_mm": {}, "deepest_crossing": null}
CV1_SWING {"t": 57.25, "candidate": "both_right19", "coat_min_ratio": 0.2363, "collapsed": 0, "flipped": 3, "bed_depth_mm": {"coat": 349.2, "other": 0.0}, "sword_crossing_mm": {}, "deepest_crossing": null}
CV1_SWING {"t": 57.5, "candidate": "both_right16", "coat_min_ratio": 0.2648, "collapsed": 0, "flipped": 2, "bed_depth_mm": {"coat": 352.1, "other": 0.0}, "sword_crossing_mm": {}, "deepest_crossing": null}
CV1_SWING {"t": 57.5, "candidate": "both_right17", "coat_min_ratio": 0.2828, "collapsed": 0, "flipped": 2, "bed_depth_mm": {"coat": 351.7, "other": 0.0}, "sword_crossing_mm": {}, "deepest_crossing": null}
CV1_SWING {"t": 57.5, "candidate": "both_right18", "coat_min_ratio": 0.2884, "collapsed": 0, "flipped": 3, "bed_depth_mm": {"coat": 351.2, "other": 0.0}, "sword_crossing_mm": {}, "deepest_crossing": null}
CV1_SWING {"t": 57.5, "candidate": "both_right19", "coat_min_ratio": 0.2592, "collapsed": 0, "flipped": 3, "bed_depth_mm": {"coat": 350.5, "other": 0.0}, "sword_crossing_mm": {}, "deepest_crossing": null}
CV1_SWING {"t": 57.75, "candidate": "both_right16", "coat_min_ratio": 0.2391, "collapsed": 0, "flipped": 2, "bed_depth_mm": {"coat": 352.0, "other": 0.0}, "sword_crossing_mm": {}, "deepest_crossing": null}
CV1_SWING {"t": 57.75, "candidate": "both_right17", "coat_min_ratio": 0.2565, "collapsed": 0, "flipped": 2, "bed_depth_mm": {"coat": 351.6, "other": 0.0}, "sword_crossing_mm": {}, "deepest_crossing": null}
CV1_SWING {"t": 57.75, "candidate": "both_right18", "coat_min_ratio": 0.2628, "collapsed": 0, "flipped": 3, "bed_depth_mm": {"coat": 351.1, "other": 0.0}, "sword_crossing_mm": {}, "deepest_crossing": null}
CV1_SWING {"t": 57.75, "candidate": "both_right19", "coat_min_ratio": 0.2276, "collapsed": 0, "flipped": 3, "bed_depth_mm": {"coat": 350.4, "other": 0.0}, "sword_crossing_mm": {}, "deepest_crossing": null}
CV1_SWING {"t": 58.0, "candidate": "both_right16", "coat_min_ratio": 0.2134, "collapsed": 0, "flipped": 2, "bed_depth_mm": {"coat": 350.4, "other": 0.0}, "sword_crossing_mm": {}, "deepest_crossing": null}
CV1_SWING {"t": 58.0, "candidate": "both_right17", "coat_min_ratio": 0.2297, "collapsed": 0, "flipped": 2, "bed_depth_mm": {"coat": 350.0, "other": 0.0}, "sword_crossing_mm": {}, "deepest_crossing": null}
CV1_SWING {"t": 58.0, "candidate": "both_right18", "coat_min_ratio": 0.2344, "collapsed": 0, "flipped": 2, "bed_depth_mm": {"coat": 349.5, "other": 0.0}, "sword_crossing_mm": {}, "deepest_crossing": null}
CV1_SWING {"t": 58.0, "candidate": "both_right19", "coat_min_ratio": 0.1968, "collapsed": 0, "flipped": 3, "bed_depth_mm": {"coat": 348.8, "other": 0.0}, "sword_crossing_mm": {}, "deepest_crossing": null}
CV1_SWING {"t": 58.25, "candidate": "both_right16", "coat_min_ratio": 0.1878, "collapsed": 0, "flipped": 2, "bed_depth_mm": {"coat": 346.3, "other": 0.0}, "sword_crossing_mm": {}, "deepest_crossing": null}
CV1_SWING {"t": 58.25, "candidate": "both_right17", "coat_min_ratio": 0.2008, "collapsed": 0, "flipped": 2, "bed_depth_mm": {"coat": 345.9, "other": 0.0}, "sword_crossing_mm": {}, "deepest_crossing": null}
CV1_SWING {"t": 58.25, "candidate": "both_right18", "coat_min_ratio": 0.2033, "collapsed": 0, "flipped": 2, "bed_depth_mm": {"coat": 345.4, "other": 0.0}, "sword_crossing_mm": {}, "deepest_crossing": null}
CV1_SWING {"t": 58.25, "candidate": "both_right19", "coat_min_ratio": 0.1671, "collapsed": 0, "flipped": 3, "bed_depth_mm": {"coat": 344.8, "other": 0.0}, "sword_crossing_mm": {}, "deepest_crossing": null}
CV1_SWING {"t": 58.5, "candidate": "both_right16", "coat_min_ratio": 0.1623, "collapsed": 0, "flipped": 2, "bed_depth_mm": {"coat": 339.6, "other": 0.0}, "sword_crossing_mm": {}, "deepest_crossing": null}
CV1_SWING {"t": 58.5, "candidate": "both_right17", "coat_min_ratio": 0.1723, "collapsed": 0, "flipped": 2, "bed_depth_mm": {"coat": 339.3, "other": 0.0}, "sword_crossing_mm": {}, "deepest_crossing": null}
CV1_SWING {"t": 58.5, "candidate": "both_right18", "coat_min_ratio": 0.1725, "collapsed": 0, "flipped": 2, "bed_depth_mm": {"coat": 338.8, "other": 0.0}, "sword_crossing_mm": {}, "deepest_crossing": null}
CV1_SWING {"t": 58.5, "candidate": "both_right19", "coat_min_ratio": 0.1393, "collapsed": 0, "flipped": 2, "bed_depth_mm": {"coat": 338.2, "other": 0.0}, "sword_crossing_mm": {}, "deepest_crossing": null}
CV1_SWING {"t": 58.75, "candidate": "both_right16", "coat_min_ratio": 0.137, "collapsed": 0, "flipped": 2, "bed_depth_mm": {"coat": 330.4, "other": 0.0}, "sword_crossing_mm": {}, "deepest_crossing": null}
CV1_SWING {"t": 58.75, "candidate": "both_right17", "coat_min_ratio": 0.1445, "collapsed": 0, "flipped": 2, "bed_depth_mm": {"coat": 330.1, "other": 0.0}, "sword_crossing_mm": {}, "deepest_crossing": null}
CV1_SWING {"t": 58.75, "candidate": "both_right18", "coat_min_ratio": 0.1421, "collapsed": 0, "flipped": 2, "bed_depth_mm": {"coat": 329.6, "other": 0.0}, "sword_crossing_mm": {}, "deepest_crossing": null}
CV1_SWING {"t": 58.75, "candidate": "both_right19", "coat_min_ratio": 0.1147, "collapsed": 0, "flipped": 2, "bed_depth_mm": {"coat": 329.0, "other": 0.0}, "sword_crossing_mm": {}, "deepest_crossing": null}
CV1_SWING {"t": 59.0, "candidate": "both_right16", "coat_min_ratio": 0.1119, "collapsed": 0, "flipped": 2, "bed_depth_mm": {"coat": 318.7, "other": 0.0}, "sword_crossing_mm": {}, "deepest_crossing": null}
CV1_SWING {"t": 59.0, "candidate": "both_right17", "coat_min_ratio": 0.1178, "collapsed": 0, "flipped": 2, "bed_depth_mm": {"coat": 318.3, "other": 0.0}, "sword_crossing_mm": {}, "deepest_crossing": null}
CV1_SWING {"t": 59.0, "candidate": "both_right18", "coat_min_ratio": 0.1124, "collapsed": 0, "flipped": 2, "bed_depth_mm": {"coat": 317.9, "other": 0.0}, "sword_crossing_mm": {}, "deepest_crossing": null}
CV1_SWING {"t": 59.0, "candidate": "both_right19", "coat_min_ratio": 0.0959, "collapsed": 0, "flipped": 2, "bed_depth_mm": {"coat": 317.4, "other": 0.0}, "sword_crossing_mm": {}, "deepest_crossing": null}
CV1_SWING {"t": 59.25, "candidate": "both_right16", "coat_min_ratio": 0.0874, "collapsed": 0, "flipped": 1, "bed_depth_mm": {"coat": 303.4, "other": 0.0}, "sword_crossing_mm": {}, "deepest_crossing": null}
CV1_SWING {"t": 59.25, "candidate": "both_right17", "coat_min_ratio": 0.0934, "collapsed": 0, "flipped": 1, "bed_depth_mm": {"coat": 303.2, "other": 0.0}, "sword_crossing_mm": {}, "deepest_crossing": null}
CV1_SWING {"t": 59.25, "candidate": "both_right18", "coat_min_ratio": 0.0841, "collapsed": 0, "flipped": 2, "bed_depth_mm": {"coat": 302.8, "other": 0.0}, "sword_crossing_mm": {}, "deepest_crossing": null}
CV1_SWING {"t": 59.25, "candidate": "both_right19", "coat_min_ratio": 0.0868, "collapsed": 0, "flipped": 3, "bed_depth_mm": {"coat": 302.3, "other": 0.0}, "sword_crossing_mm": {}, "deepest_crossing": null}
CV1_SWING {"t": 59.5, "candidate": "both_right16", "coat_min_ratio": 0.064, "collapsed": 0, "flipped": 1, "bed_depth_mm": {"coat": 285.6, "other": 0.0}, "sword_crossing_mm": {}, "deepest_crossing": null}
CV1_SWING {"t": 59.5, "candidate": "both_right17", "coat_min_ratio": 0.0734, "collapsed": 0, "flipped": 2, "bed_depth_mm": {"coat": 285.3, "other": 0.0}, "sword_crossing_mm": {}, "deepest_crossing": null}
CV1_SWING {"t": 59.5, "candidate": "both_right18", "coat_min_ratio": 0.0595, "collapsed": 0, "flipped": 2, "bed_depth_mm": {"coat": 285.0, "other": 0.0}, "sword_crossing_mm": {}, "deepest_crossing": null}
CV1_SWING {"t": 59.5, "candidate": "both_right19", "coat_min_ratio": 0.0903, "collapsed": 0, "flipped": 2, "bed_depth_mm": {"coat": 284.5, "other": 0.0}, "sword_crossing_mm": {}, "deepest_crossing": null}
CV1_SWING {"t": 59.75, "candidate": "both_right16", "coat_min_ratio": 0.0436, "collapsed": 1, "flipped": 1, "bed_depth_mm": {"coat": 265.0, "other": 0.0}, "sword_crossing_mm": {}, "deepest_crossing": null}
CV1_SWING {"t": 59.75, "candidate": "both_right17", "coat_min_ratio": 0.0622, "collapsed": 0, "flipped": 2, "bed_depth_mm": {"coat": 264.8, "other": 0.0}, "sword_crossing_mm": {}, "deepest_crossing": null}
CV1_SWING {"t": 59.75, "candidate": "both_right18", "coat_min_ratio": 0.0448, "collapsed": 1, "flipped": 2, "bed_depth_mm": {"coat": 264.4, "other": 0.0}, "sword_crossing_mm": {}, "deepest_crossing": null}
CV1_SWING {"t": 59.75, "candidate": "both_right19", "coat_min_ratio": 0.1052, "collapsed": 0, "flipped": 2, "bed_depth_mm": {"coat": 264.0, "other": 0.0}, "sword_crossing_mm": {}, "deepest_crossing": null}
CV1_SWING {"t": 60.0, "candidate": "both_right16", "coat_min_ratio": 0.0324, "collapsed": 1, "flipped": 1, "bed_depth_mm": {"coat": 241.9, "other": 0.0}, "sword_crossing_mm": {}, "deepest_crossing": null}
CV1_SWING {"t": 60.0, "candidate": "both_right17", "coat_min_ratio": 0.0646, "collapsed": 0, "flipped": 2, "bed_depth_mm": {"coat": 241.7, "other": 0.0}, "sword_crossing_mm": {}, "deepest_crossing": null}
CV1_SWING {"t": 60.0, "candidate": "both_right18", "coat_min_ratio": 0.0499, "collapsed": 1, "flipped": 2, "bed_depth_mm": {"coat": 241.4, "other": 0.0}, "sword_crossing_mm": {}, "deepest_crossing": null}
CV1_SWING {"t": 60.0, "candidate": "both_right19", "coat_min_ratio": 0.1097, "collapsed": 0, "flipped": 3, "bed_depth_mm": {"coat": 241.0, "other": 0.0}, "sword_crossing_mm": {}, "deepest_crossing": null}
CV1_SWING {"t": 60.25, "candidate": "both_right16", "coat_min_ratio": 0.0393, "collapsed": 1, "flipped": 1, "bed_depth_mm": {"coat": 218.2, "other": 0.0}, "sword_crossing_mm": {"coat:coat.L": 5.21}, "deepest_crossing": {"sword_at": [-0.379, 0.333, 0.474], "coat_rest_at": [0.386, -0.02, 0.553]}}
CV1_SWING {"t": 60.25, "candidate": "both_right17", "coat_min_ratio": 0.0749, "collapsed": 0, "flipped": 2, "bed_depth_mm": {"coat": 218.0, "other": 0.0}, "sword_crossing_mm": {}, "deepest_crossing": null}
CV1_SWING {"t": 60.25, "candidate": "both_right18", "coat_min_ratio": 0.0706, "collapsed": 0, "flipped": 5, "bed_depth_mm": {"coat": 217.8, "other": 0.0}, "sword_crossing_mm": {}, "deepest_crossing": null}
CV1_SWING {"t": 60.25, "candidate": "both_right19", "coat_min_ratio": 0.1129, "collapsed": 0, "flipped": 4, "bed_depth_mm": {"coat": 217.4, "other": 0.0}, "sword_crossing_mm": {}, "deepest_crossing": null}
CV1_SWING {"t": 60.5, "candidate": "both_right16", "coat_min_ratio": 0.0582, "collapsed": 0, "flipped": 2, "bed_depth_mm": {"coat": 192.6, "other": 0.0}, "sword_crossing_mm": {"coat:coat.L": 6.65}, "deepest_crossing": {"sword_at": [-0.366, 0.331, 0.464], "coat_rest_at": [0.395, 0.027, 0.554]}}
CV1_SWING {"t": 60.5, "candidate": "both_right17", "coat_min_ratio": 0.0881, "collapsed": 0, "flipped": 3, "bed_depth_mm": {"coat": 192.4, "other": 0.0}, "sword_crossing_mm": {}, "deepest_crossing": null}
CV1_SWING {"t": 60.5, "candidate": "both_right18", "coat_min_ratio": 0.0974, "collapsed": 0, "flipped": 4, "bed_depth_mm": {"coat": 192.1, "other": 0.0}, "sword_crossing_mm": {}, "deepest_crossing": null}
CV1_SWING {"t": 60.5, "candidate": "both_right19", "coat_min_ratio": 0.1238, "collapsed": 0, "flipped": 4, "bed_depth_mm": {"coat": 191.8, "other": 0.0}, "sword_crossing_mm": {}, "deepest_crossing": null}
CV1_SWING {"t": 60.75, "candidate": "both_right16", "coat_min_ratio": 0.0811, "collapsed": 0, "flipped": 2, "bed_depth_mm": {"coat": 165.1, "other": 0.0}, "sword_crossing_mm": {}, "deepest_crossing": null}
CV1_SWING {"t": 60.75, "candidate": "both_right17", "coat_min_ratio": 0.094, "collapsed": 0, "flipped": 3, "bed_depth_mm": {"coat": 164.9, "other": 0.0}, "sword_crossing_mm": {}, "deepest_crossing": null}
CV1_SWING {"t": 60.75, "candidate": "both_right18", "coat_min_ratio": 0.104, "collapsed": 0, "flipped": 4, "bed_depth_mm": {"coat": 164.7, "other": 0.0}, "sword_crossing_mm": {}, "deepest_crossing": null}
CV1_SWING {"t": 60.75, "candidate": "both_right19", "coat_min_ratio": 0.1406, "collapsed": 0, "flipped": 3, "bed_depth_mm": {"coat": 164.4, "other": 0.0}, "sword_crossing_mm": {}, "deepest_crossing": null}
CV1_SWING {"t": 61.0, "candidate": "both_right16", "coat_min_ratio": 0.1054, "collapsed": 0, "flipped": 2, "bed_depth_mm": {"coat": 136.0, "other": 0.0}, "sword_crossing_mm": {}, "deepest_crossing": null}
CV1_SWING {"t": 61.0, "candidate": "both_right17", "coat_min_ratio": 0.0736, "collapsed": 0, "flipped": 3, "bed_depth_mm": {"coat": 135.8, "other": 0.0}, "sword_crossing_mm": {}, "deepest_crossing": null}
CV1_SWING {"t": 61.0, "candidate": "both_right18", "coat_min_ratio": 0.0846, "collapsed": 0, "flipped": 3, "bed_depth_mm": {"coat": 135.7, "other": 0.0}, "sword_crossing_mm": {}, "deepest_crossing": null}
CV1_SWING {"t": 61.0, "candidate": "both_right19", "coat_min_ratio": 0.1616, "collapsed": 0, "flipped": 3, "bed_depth_mm": {"coat": 135.4, "other": 0.0}, "sword_crossing_mm": {}, "deepest_crossing": null}
CV1_SWING {"t": 61.25, "candidate": "both_right16", "coat_min_ratio": 0.1303, "collapsed": 0, "flipped": 2, "bed_depth_mm": {"coat": 112.8, "other": 0.0}, "sword_crossing_mm": {}, "deepest_crossing": null}
CV1_SWING {"t": 61.25, "candidate": "both_right17", "coat_min_ratio": 0.0554, "collapsed": 0, "flipped": 3, "bed_depth_mm": {"coat": 112.7, "other": 0.0}, "sword_crossing_mm": {}, "deepest_crossing": null}
CV1_SWING {"t": 61.25, "candidate": "both_right18", "coat_min_ratio": 0.0682, "collapsed": 0, "flipped": 3, "bed_depth_mm": {"coat": 112.5, "other": 0.0}, "sword_crossing_mm": {}, "deepest_crossing": null}
CV1_SWING {"t": 61.25, "candidate": "both_right19", "coat_min_ratio": 0.1593, "collapsed": 0, "flipped": 3, "bed_depth_mm": {"coat": 112.3, "other": 0.0}, "sword_crossing_mm": {}, "deepest_crossing": null}
CV1_SWING {"t": 61.5, "candidate": "both_right16", "coat_min_ratio": 0.129, "collapsed": 0, "flipped": 2, "bed_depth_mm": {"coat": 88.9, "other": 0.0}, "sword_crossing_mm": {}, "deepest_crossing": null}
CV1_SWING {"t": 61.5, "candidate": "both_right17", "coat_min_ratio": 0.042, "collapsed": 1, "flipped": 3, "bed_depth_mm": {"coat": 88.8, "other": 0.0}, "sword_crossing_mm": {}, "deepest_crossing": null}
CV1_SWING {"t": 61.5, "candidate": "both_right18", "coat_min_ratio": 0.0576, "collapsed": 0, "flipped": 3, "bed_depth_mm": {"coat": 88.6, "other": 0.0}, "sword_crossing_mm": {}, "deepest_crossing": null}
CV1_SWING {"t": 61.5, "candidate": "both_right19", "coat_min_ratio": 0.1549, "collapsed": 0, "flipped": 3, "bed_depth_mm": {"coat": 88.5, "other": 0.0}, "sword_crossing_mm": {}, "deepest_crossing": null}
CV1_SWING {"t": 61.75, "candidate": "both_right16", "coat_min_ratio": 0.1277, "collapsed": 0, "flipped": 2, "bed_depth_mm": {"coat": 66.1, "other": 0.0}, "sword_crossing_mm": {}, "deepest_crossing": null}
CV1_SWING {"t": 61.75, "candidate": "both_right17", "coat_min_ratio": 0.039, "collapsed": 1, "flipped": 2, "bed_depth_mm": {"coat": 65.9, "other": 0.0}, "sword_crossing_mm": {}, "deepest_crossing": null}
CV1_SWING {"t": 61.75, "candidate": "both_right18", "coat_min_ratio": 0.056, "collapsed": 0, "flipped": 3, "bed_depth_mm": {"coat": 65.6, "other": 0.0}, "sword_crossing_mm": {}, "deepest_crossing": null}
CV1_SWING {"t": 61.75, "candidate": "both_right19", "coat_min_ratio": 0.1545, "collapsed": 0, "flipped": 4, "bed_depth_mm": {"coat": 65.4, "other": 0.0}, "sword_crossing_mm": {}, "deepest_crossing": null}
CV1_SWING {"t": 62.0, "candidate": "both_right16", "coat_min_ratio": 0.1302, "collapsed": 0, "flipped": 2, "bed_depth_mm": {"coat": 42.7, "other": 0.0}, "sword_crossing_mm": {}, "deepest_crossing": null}
CV1_SWING {"t": 62.0, "candidate": "both_right17", "coat_min_ratio": 0.0484, "collapsed": 1, "flipped": 2, "bed_depth_mm": {"coat": 42.6, "other": 0.0}, "sword_crossing_mm": {}, "deepest_crossing": null}
CV1_SWING {"t": 62.0, "candidate": "both_right18", "coat_min_ratio": 0.0642, "collapsed": 0, "flipped": 3, "bed_depth_mm": {"coat": 42.4, "other": 0.0}, "sword_crossing_mm": {}, "deepest_crossing": null}
CV1_SWING {"t": 62.0, "candidate": "both_right19", "coat_min_ratio": 0.1437, "collapsed": 0, "flipped": 4, "bed_depth_mm": {"coat": 42.2, "other": 0.0}, "sword_crossing_mm": {}, "deepest_crossing": null}
CV1_SWING {"t": 62.25, "candidate": "both_right16", "coat_min_ratio": 0.1362, "collapsed": 0, "flipped": 2, "bed_depth_mm": {"coat": 31.5, "other": 0.0}, "sword_crossing_mm": {}, "deepest_crossing": null}
CV1_SWING {"t": 62.25, "candidate": "both_right17", "coat_min_ratio": 0.0649, "collapsed": 0, "flipped": 2, "bed_depth_mm": {"coat": 31.3, "other": 0.0}, "sword_crossing_mm": {}, "deepest_crossing": null}
CV1_SWING {"t": 62.25, "candidate": "both_right18", "coat_min_ratio": 0.0791, "collapsed": 0, "flipped": 3, "bed_depth_mm": {"coat": 31.2, "other": 0.0}, "sword_crossing_mm": {}, "deepest_crossing": null}
CV1_SWING {"t": 62.25, "candidate": "both_right19", "coat_min_ratio": 0.1261, "collapsed": 0, "flipped": 4, "bed_depth_mm": {"coat": 31.0, "other": 0.0}, "sword_crossing_mm": {}, "deepest_crossing": null}
CV1_SWING {"t": 62.5, "candidate": "both_right16", "coat_min_ratio": 0.1453, "collapsed": 0, "flipped": 2, "bed_depth_mm": {"coat": 20.6, "other": 0.0}, "sword_crossing_mm": {}, "deepest_crossing": null}
CV1_SWING {"t": 62.5, "candidate": "both_right17", "coat_min_ratio": 0.0845, "collapsed": 0, "flipped": 2, "bed_depth_mm": {"coat": 20.4, "other": 0.0}, "sword_crossing_mm": {}, "deepest_crossing": null}
CV1_SWING {"t": 62.5, "candidate": "both_right18", "coat_min_ratio": 0.0978, "collapsed": 0, "flipped": 4, "bed_depth_mm": {"coat": 20.1, "other": 0.0}, "sword_crossing_mm": {}, "deepest_crossing": null}
CV1_SWING {"t": 62.5, "candidate": "both_right19", "coat_min_ratio": 0.1091, "collapsed": 0, "flipped": 4, "bed_depth_mm": {"coat": 19.9, "other": 0.0}, "sword_crossing_mm": {}, "deepest_crossing": null}
CV1_SWING {"t": 62.75, "candidate": "both_right16", "coat_min_ratio": 0.1569, "collapsed": 0, "flipped": 2, "bed_depth_mm": {"coat": 9.8, "other": 0.5}, "sword_crossing_mm": {}, "deepest_crossing": null}
CV1_SWING {"t": 62.75, "candidate": "both_right17", "coat_min_ratio": 0.1054, "collapsed": 0, "flipped": 2, "bed_depth_mm": {"coat": 9.6, "other": 0.5}, "sword_crossing_mm": {}, "deepest_crossing": null}
CV1_SWING {"t": 62.75, "candidate": "both_right18", "coat_min_ratio": 0.1184, "collapsed": 0, "flipped": 3, "bed_depth_mm": {"coat": 9.4, "other": 0.5}, "sword_crossing_mm": {}, "deepest_crossing": null}
CV1_SWING {"t": 62.75, "candidate": "both_right19", "coat_min_ratio": 0.0931, "collapsed": 0, "flipped": 4, "bed_depth_mm": {"coat": 9.2, "other": 0.5}, "sword_crossing_mm": {}, "deepest_crossing": null}
CV1_SWING {"t": 63.0, "candidate": "both_right16", "coat_min_ratio": 0.1583, "collapsed": 0, "flipped": 2, "bed_depth_mm": {"coat": 0.5, "other": 3.0}, "sword_crossing_mm": {}, "deepest_crossing": null}
CV1_SWING {"t": 63.0, "candidate": "both_right17", "coat_min_ratio": 0.1271, "collapsed": 0, "flipped": 2, "bed_depth_mm": {"coat": 0.5, "other": 3.0}, "sword_crossing_mm": {}, "deepest_crossing": null}
CV1_SWING {"t": 63.0, "candidate": "both_right18", "coat_min_ratio": 0.1402, "collapsed": 0, "flipped": 3, "bed_depth_mm": {"coat": 0.6, "other": 3.0}, "sword_crossing_mm": {}, "deepest_crossing": null}
CV1_SWING {"t": 63.0, "candidate": "both_right19", "coat_min_ratio": 0.0785, "collapsed": 0, "flipped": 4, "bed_depth_mm": {"coat": 0.6, "other": 3.0}, "sword_crossing_mm": {}, "deepest_crossing": null}
Blender 4.5.5 LTS (hash 836beaaf597a built 2025-11-18 01:33:26)
Read blend: "C:\Repos\mmo-asset-pipeline\tmp\art-quality-loop\assets\processed\ro-swordsman-character-v1\v001\b20-coatlie3\ro_character_v001_b20-coatlie3.blend"

Blender quit
