CV1_SWING {"t": 52.0, "candidate": "none", "coat_min_ratio": 0.818, "collapsed": 0, "flipped": 0, "sword_crossing_mm": {}}
CV1_SWING {"t": 52.0, "candidate": "both_left10", "coat_min_ratio": 0.213, "collapsed": 0, "flipped": 0, "sword_crossing_mm": {}}
CV1_SWING {"t": 52.0, "candidate": "both_left20", "coat_min_ratio": 0.4074, "collapsed": 0, "flipped": 2, "sword_crossing_mm": {}}
CV1_SWING {"t": 52.0, "candidate": "both_right10", "coat_min_ratio": 0.6266, "collapsed": 0, "flipped": 0, "sword_crossing_mm": {}}
CV1_SWING {"t": 52.0, "candidate": "both_right20", "coat_min_ratio": 0.3554, "collapsed": 0, "flipped": 0, "sword_crossing_mm": {}}
CV1_SWING {"t": 52.0, "candidate": "both_back10", "coat_min_ratio": 0.2221, "collapsed": 0, "flipped": 4, "sword_crossing_mm": {}}
CV1_SWING {"t": 52.0, "candidate": "both_back20", "coat_min_ratio": 0.0264, "collapsed": 2, "flipped": 5, "sword_crossing_mm": {}}
CV1_SWING {"t": 52.0, "candidate": "both_forward10", "coat_min_ratio": 0.1178, "collapsed": 0, "flipped": 4, "sword_crossing_mm": {}}
CV1_SWING {"t": 52.0, "candidate": "both_forward20", "coat_min_ratio": 0.0675, "collapsed": 0, "flipped": 9, "sword_crossing_mm": {"coat.R": 6.3}}
CV1_SWING {"t": 52.0, "candidate": "R_in15", "coat_min_ratio": 0.1824, "collapsed": 0, "flipped": 2, "sword_crossing_mm": {}}
CV1_SWING {"t": 52.0, "candidate": "L_in15", "coat_min_ratio": 0.2401, "collapsed": 0, "flipped": 0, "sword_crossing_mm": {}}
CV1_SWING {"t": 54.0, "candidate": "none", "coat_min_ratio": 0.4755, "collapsed": 0, "flipped": 0, "sword_crossing_mm": {}}
CV1_SWING {"t": 54.0, "candidate": "both_left10", "coat_min_ratio": 0.213, "collapsed": 0, "flipped": 0, "sword_crossing_mm": {}}
CV1_SWING {"t": 54.0, "candidate": "both_left20", "coat_min_ratio": 0.2463, "collapsed": 0, "flipped": 2, "sword_crossing_mm": {}}
CV1_SWING {"t": 54.0, "candidate": "both_right10", "coat_min_ratio": 0.4755, "collapsed": 0, "flipped": 0, "sword_crossing_mm": {}}
CV1_SWING {"t": 54.0, "candidate": "both_right20", "coat_min_ratio": 0.3313, "collapsed": 0, "flipped": 0, "sword_crossing_mm": {}}
CV1_SWING {"t": 54.0, "candidate": "both_back10", "coat_min_ratio": 0.2182, "collapsed": 0, "flipped": 4, "sword_crossing_mm": {}}
CV1_SWING {"t": 54.0, "candidate": "both_back20", "coat_min_ratio": 0.0251, "collapsed": 2, "flipped": 6, "sword_crossing_mm": {}}
CV1_SWING {"t": 54.0, "candidate": "both_forward10", "coat_min_ratio": 0.1178, "collapsed": 0, "flipped": 4, "sword_crossing_mm": {}}
CV1_SWING {"t": 54.0, "candidate": "both_forward20", "coat_min_ratio": 0.0675, "collapsed": 0, "flipped": 9, "sword_crossing_mm": {}}
CV1_SWING {"t": 54.0, "candidate": "R_in15", "coat_min_ratio": 0.1824, "collapsed": 0, "flipped": 2, "sword_crossing_mm": {}}
CV1_SWING {"t": 54.0, "candidate": "L_in15", "coat_min_ratio": 0.2215, "collapsed": 0, "flipped": 1, "sword_crossing_mm": {}}
CV1_SWING {"t": 56.0, "candidate": "none", "coat_min_ratio": 0.2631, "collapsed": 0, "flipped": 0, "sword_crossing_mm": {}}
CV1_SWING {"t": 56.0, "candidate": "both_left10", "coat_min_ratio": 0.213, "collapsed": 0, "flipped": 0, "sword_crossing_mm": {}}
CV1_SWING {"t": 56.0, "candidate": "both_left20", "coat_min_ratio": 0.2452, "collapsed": 0, "flipped": 2, "sword_crossing_mm": {}}
CV1_SWING {"t": 56.0, "candidate": "both_right10", "coat_min_ratio": 0.2299, "collapsed": 0, "flipped": 0, "sword_crossing_mm": {}}
CV1_SWING {"t": 56.0, "candidate": "both_right20", "coat_min_ratio": 0.1412, "collapsed": 0, "flipped": 0, "sword_crossing_mm": {}}
CV1_SWING {"t": 56.0, "candidate": "both_back10", "coat_min_ratio": 0.1407, "collapsed": 0, "flipped": 4, "sword_crossing_mm": {}}
CV1_SWING {"t": 56.0, "candidate": "both_back20", "coat_min_ratio": 0.0353, "collapsed": 2, "flipped": 8, "sword_crossing_mm": {}}
CV1_SWING {"t": 56.0, "candidate": "both_forward10", "coat_min_ratio": 0.1178, "collapsed": 0, "flipped": 4, "sword_crossing_mm": {}}
CV1_SWING {"t": 56.0, "candidate": "both_forward20", "coat_min_ratio": 0.0675, "collapsed": 0, "flipped": 9, "sword_crossing_mm": {"coat.L": 6.01}}
CV1_SWING {"t": 56.0, "candidate": "R_in15", "coat_min_ratio": 0.1344, "collapsed": 0, "flipped": 4, "sword_crossing_mm": {}}
CV1_SWING {"t": 56.0, "candidate": "L_in15", "coat_min_ratio": 0.188, "collapsed": 0, "flipped": 5, "sword_crossing_mm": {}}
CV1_SWING {"t": 57.0, "candidate": "none", "coat_min_ratio": 0.3137, "collapsed": 0, "flipped": 0, "sword_crossing_mm": {}}
CV1_SWING {"t": 57.0, "candidate": "both_left10", "coat_min_ratio": 0.213, "collapsed": 0, "flipped": 0, "sword_crossing_mm": {}}
CV1_SWING {"t": 57.0, "candidate": "both_left20", "coat_min_ratio": 0.1243, "collapsed": 0, "flipped": 3, "sword_crossing_mm": {"coat.L": 6.02}}
CV1_SWING {"t": 57.0, "candidate": "both_right10", "coat_min_ratio": 0.3137, "collapsed": 0, "flipped": 0, "sword_crossing_mm": {}}
CV1_SWING {"t": 57.0, "candidate": "both_right20", "coat_min_ratio": 0.1641, "collapsed": 0, "flipped": 3, "sword_crossing_mm": {}}
CV1_SWING {"t": 57.0, "candidate": "both_back10", "coat_min_ratio": 0.1726, "collapsed": 0, "flipped": 4, "sword_crossing_mm": {}}
CV1_SWING {"t": 57.0, "candidate": "both_back20", "coat_min_ratio": 0.0219, "collapsed": 4, "flipped": 10, "sword_crossing_mm": {}}
CV1_SWING {"t": 57.0, "candidate": "both_forward10", "coat_min_ratio": 0.1177, "collapsed": 0, "flipped": 4, "sword_crossing_mm": {"coat.L": 0.57}}
CV1_SWING {"t": 57.0, "candidate": "both_forward20", "coat_min_ratio": 0.0675, "collapsed": 0, "flipped": 9, "sword_crossing_mm": {"coat.L": 5.94}}
CV1_SWING {"t": 57.0, "candidate": "R_in15", "coat_min_ratio": 0.1308, "collapsed": 0, "flipped": 9, "sword_crossing_mm": {}}
CV1_SWING {"t": 57.0, "candidate": "L_in15", "coat_min_ratio": 0.1648, "collapsed": 0, "flipped": 9, "sword_crossing_mm": {}}
CV1_SWING {"t": 58.0, "candidate": "none", "coat_min_ratio": 0.2527, "collapsed": 0, "flipped": 1, "sword_crossing_mm": {"coat.L": 3.68}}
CV1_SWING {"t": 58.0, "candidate": "both_left10", "coat_min_ratio": 0.213, "collapsed": 0, "flipped": 2, "sword_crossing_mm": {"coat.L": 5.56}}
CV1_SWING {"t": 58.0, "candidate": "both_left20", "coat_min_ratio": 0.1743, "collapsed": 0, "flipped": 5, "sword_crossing_mm": {}}
CV1_SWING {"t": 58.0, "candidate": "both_right10", "coat_min_ratio": 0.2527, "collapsed": 0, "flipped": 1, "sword_crossing_mm": {}}
CV1_SWING {"t": 58.0, "candidate": "both_right20", "coat_min_ratio": 0.1837, "collapsed": 0, "flipped": 3, "sword_crossing_mm": {}}
CV1_SWING {"t": 58.0, "candidate": "both_back10", "coat_min_ratio": 0.1435, "collapsed": 0, "flipped": 5, "sword_crossing_mm": {}}
CV1_SWING {"t": 58.0, "candidate": "both_back20", "coat_min_ratio": 0.0041, "collapsed": 15, "flipped": 12, "sword_crossing_mm": {}}
CV1_SWING {"t": 58.0, "candidate": "both_forward10", "coat_min_ratio": 0.1177, "collapsed": 0, "flipped": 5, "sword_crossing_mm": {"coat.L": 6.84}}
CV1_SWING {"t": 58.0, "candidate": "both_forward20", "coat_min_ratio": 0.0675, "collapsed": 0, "flipped": 10, "sword_crossing_mm": {"coat.L": 7.17}}
CV1_SWING {"t": 58.0, "candidate": "R_in15", "coat_min_ratio": 0.1152, "collapsed": 0, "flipped": 12, "sword_crossing_mm": {"coat.L": 3.68}}
CV1_SWING {"t": 58.0, "candidate": "L_in15", "coat_min_ratio": 0.1382, "collapsed": 0, "flipped": 12, "sword_crossing_mm": {}}
CV1_SWING {"t": 59.0, "candidate": "none", "coat_min_ratio": 0.2002, "collapsed": 0, "flipped": 1, "sword_crossing_mm": {"coat.L": 5.45}}
CV1_SWING {"t": 59.0, "candidate": "both_left10", "coat_min_ratio": 0.1751, "collapsed": 0, "flipped": 1, "sword_crossing_mm": {}}
CV1_SWING {"t": 59.0, "candidate": "both_left20", "coat_min_ratio": 0.0527, "collapsed": 0, "flipped": 5, "sword_crossing_mm": {}}
CV1_SWING {"t": 59.0, "candidate": "both_right10", "coat_min_ratio": 0.2002, "collapsed": 0, "flipped": 1, "sword_crossing_mm": {"coat.L": 2.79}}
CV1_SWING {"t": 59.0, "candidate": "both_right20", "coat_min_ratio": 0.0424, "collapsed": 1, "flipped": 2, "sword_crossing_mm": {}}
CV1_SWING {"t": 59.0, "candidate": "both_back10", "coat_min_ratio": 0.1205, "collapsed": 0, "flipped": 5, "sword_crossing_mm": {"coat.L": 6.08}}
CV1_SWING {"t": 59.0, "candidate": "both_back20", "coat_min_ratio": 0.0059, "collapsed": 22, "flipped": 8, "sword_crossing_mm": {}}
CV1_SWING {"t": 59.0, "candidate": "both_forward10", "coat_min_ratio": 0.1178, "collapsed": 0, "flipped": 5, "sword_crossing_mm": {"coat.L": 2.86}}
CV1_SWING {"t": 59.0, "candidate": "both_forward20", "coat_min_ratio": 0.0675, "collapsed": 0, "flipped": 10, "sword_crossing_mm": {}}
CV1_SWING {"t": 59.0, "candidate": "R_in15", "coat_min_ratio": 0.1012, "collapsed": 0, "flipped": 11, "sword_crossing_mm": {"coat.L": 5.45}}
CV1_SWING {"t": 59.0, "candidate": "L_in15", "coat_min_ratio": 0.1139, "collapsed": 0, "flipped": 12, "sword_crossing_mm": {}}
CV1_SWING {"t": 60.0, "candidate": "none", "coat_min_ratio": 0.2092, "collapsed": 0, "flipped": 1, "sword_crossing_mm": {}}
CV1_SWING {"t": 60.0, "candidate": "both_left10", "coat_min_ratio": 0.1948, "collapsed": 0, "flipped": 1, "sword_crossing_mm": {}}
CV1_SWING {"t": 60.0, "candidate": "both_left20", "coat_min_ratio": 0.047, "collapsed": 1, "flipped": 6, "sword_crossing_mm": {}}
CV1_SWING {"t": 60.0, "candidate": "both_right10", "coat_min_ratio": 0.2092, "collapsed": 0, "flipped": 1, "sword_crossing_mm": {"coat.L": 6.37}}
CV1_SWING {"t": 60.0, "candidate": "both_right20", "coat_min_ratio": 0.0253, "collapsed": 1, "flipped": 4, "sword_crossing_mm": {}}
CV1_SWING {"t": 60.0, "candidate": "both_back10", "coat_min_ratio": 0.1295, "collapsed": 0, "flipped": 5, "sword_crossing_mm": {"coat.L": 6.49}}
CV1_SWING {"t": 60.0, "candidate": "both_back20", "coat_min_ratio": 0.006, "collapsed": 17, "flipped": 8, "sword_crossing_mm": {"coat.L": 5.6}}
CV1_SWING {"t": 60.0, "candidate": "both_forward10", "coat_min_ratio": 0.1177, "collapsed": 0, "flipped": 5, "sword_crossing_mm": {}}
CV1_SWING {"t": 60.0, "candidate": "both_forward20", "coat_min_ratio": 0.0675, "collapsed": 0, "flipped": 10, "sword_crossing_mm": {"coat.L": 5.75}}
CV1_SWING {"t": 60.0, "candidate": "R_in15", "coat_min_ratio": 0.0952, "collapsed": 0, "flipped": 13, "sword_crossing_mm": {}}
CV1_SWING {"t": 60.0, "candidate": "L_in15", "coat_min_ratio": 0.094, "collapsed": 0, "flipped": 13, "sword_crossing_mm": {"coat.L": 3.77}}
CV1_SWING {"t": 61.0, "candidate": "none", "coat_min_ratio": 0.2381, "collapsed": 0, "flipped": 1, "sword_crossing_mm": {"coat.L": 3.71}}
CV1_SWING {"t": 61.0, "candidate": "both_left10", "coat_min_ratio": 0.213, "collapsed": 0, "flipped": 1, "sword_crossing_mm": {}}
CV1_SWING {"t": 61.0, "candidate": "both_left20", "coat_min_ratio": 0.0587, "collapsed": 0, "flipped": 7, "sword_crossing_mm": {}}
CV1_SWING {"t": 61.0, "candidate": "both_right10", "coat_min_ratio": 0.2381, "collapsed": 0, "flipped": 1, "sword_crossing_mm": {"coat.L": 6.28}}
CV1_SWING {"t": 61.0, "candidate": "both_right20", "coat_min_ratio": 0.1286, "collapsed": 0, "flipped": 3, "sword_crossing_mm": {}}
CV1_SWING {"t": 61.0, "candidate": "both_back10", "coat_min_ratio": 0.171, "collapsed": 0, "flipped": 5, "sword_crossing_mm": {}}
CV1_SWING {"t": 61.0, "candidate": "both_back20", "coat_min_ratio": 0.0115, "collapsed": 20, "flipped": 6, "sword_crossing_mm": {"coat.L": 4.96}}
CV1_SWING {"t": 61.0, "candidate": "both_forward10", "coat_min_ratio": 0.1177, "collapsed": 0, "flipped": 5, "sword_crossing_mm": {"coat.L": 6.99}}
CV1_SWING {"t": 61.0, "candidate": "both_forward20", "coat_min_ratio": 0.0675, "collapsed": 0, "flipped": 10, "sword_crossing_mm": {}}
CV1_SWING {"t": 61.0, "candidate": "R_in15", "coat_min_ratio": 0.0988, "collapsed": 0, "flipped": 13, "sword_crossing_mm": {"coat.L": 3.71}}
CV1_SWING {"t": 61.0, "candidate": "L_in15", "coat_min_ratio": 0.0816, "collapsed": 0, "flipped": 13, "sword_crossing_mm": {}}
CV1_SWING {"t": 62.0, "candidate": "none", "coat_min_ratio": 0.2118, "collapsed": 0, "flipped": 1, "sword_crossing_mm": {"coat.L": 5.21}}
CV1_SWING {"t": 62.0, "candidate": "both_left10", "coat_min_ratio": 0.2118, "collapsed": 0, "flipped": 1, "sword_crossing_mm": {"coat.L": 5.22}}
CV1_SWING {"t": 62.0, "candidate": "both_left20", "coat_min_ratio": 0.0508, "collapsed": 0, "flipped": 5, "sword_crossing_mm": {"coat.L": 3.53}}
CV1_SWING {"t": 62.0, "candidate": "both_right10", "coat_min_ratio": 0.2118, "collapsed": 0, "flipped": 1, "sword_crossing_mm": {}}
CV1_SWING {"t": 62.0, "candidate": "both_right20", "coat_min_ratio": 0.137, "collapsed": 0, "flipped": 5, "sword_crossing_mm": {}}
CV1_SWING {"t": 62.0, "candidate": "both_back10", "coat_min_ratio": 0.1442, "collapsed": 0, "flipped": 5, "sword_crossing_mm": {"coat.L": 6.31}}
CV1_SWING {"t": 62.0, "candidate": "both_back20", "coat_min_ratio": 0.0162, "collapsed": 18, "flipped": 7, "sword_crossing_mm": {"coat.L": 6.09}}
CV1_SWING {"t": 62.0, "candidate": "both_forward10", "coat_min_ratio": 0.1177, "collapsed": 0, "flipped": 5, "sword_crossing_mm": {}}
CV1_SWING {"t": 62.0, "candidate": "both_forward20", "coat_min_ratio": 0.0675, "collapsed": 0, "flipped": 10, "sword_crossing_mm": {}}
CV1_SWING {"t": 62.0, "candidate": "R_in15", "coat_min_ratio": 0.1109, "collapsed": 0, "flipped": 14, "sword_crossing_mm": {"coat.L": 5.21}}
CV1_SWING {"t": 62.0, "candidate": "L_in15", "coat_min_ratio": 0.0804, "collapsed": 0, "flipped": 14, "sword_crossing_mm": {}}
Blender 4.5.5 LTS (hash 836beaaf597a built 2025-11-18 01:33:26)
Read blend: "C:\Repos\mmo-asset-pipeline\tmp\art-quality-loop\assets\processed\ro-swordsman-character-v1\v001\b20-coatlie3\ro_character_v001_b20-coatlie3.blend"

Blender quit
