CV1_SWING {"t": 52.0, "candidate": "none", "coat_min_ratio": 0.818, "collapsed": 0, "flipped": 0, "bed_depth_mm": {"coat": 339.1, "other": 0.0}, "sword_crossing_mm": {}}
CV1_SWING {"t": 52.0, "candidate": "hip-25", "coat_min_ratio": 0.2282, "collapsed": 0, "flipped": 8, "bed_depth_mm": {"coat": 383.9, "other": 0.0}, "sword_crossing_mm": {"coat.R": 6.01}}
CV1_SWING {"t": 52.0, "candidate": "hip-15", "coat_min_ratio": 0.0891, "collapsed": 0, "flipped": 6, "bed_depth_mm": {"coat": 376.0, "other": 0.0}, "sword_crossing_mm": {"coat.R": 6.44}}
CV1_SWING {"t": 52.0, "candidate": "hip-8", "coat_min_ratio": 0.2338, "collapsed": 0, "flipped": 6, "bed_depth_mm": {"coat": 361.6, "other": 0.0}, "sword_crossing_mm": {}}
CV1_SWING {"t": 52.0, "candidate": "hip+8", "coat_min_ratio": 0.4433, "collapsed": 0, "flipped": 5, "bed_depth_mm": {"coat": 308.3, "other": 0.0}, "sword_crossing_mm": {}}
CV1_SWING {"t": 52.0, "candidate": "hip+15", "coat_min_ratio": 0.6811, "collapsed": 0, "flipped": 5, "bed_depth_mm": {"coat": 326.9, "other": 0.0}, "sword_crossing_mm": {}}
CV1_SWING {"t": 52.0, "candidate": "hip+25", "coat_min_ratio": 0.6096, "collapsed": 0, "flipped": 6, "bed_depth_mm": {"coat": 363.8, "other": 0.0}, "sword_crossing_mm": {}}
CV1_SWING {"t": 54.0, "candidate": "none", "coat_min_ratio": 0.4755, "collapsed": 0, "flipped": 0, "bed_depth_mm": {"coat": 334.9, "other": 0.0}, "sword_crossing_mm": {}}
CV1_SWING {"t": 54.0, "candidate": "hip-25", "coat_min_ratio": 0.2282, "collapsed": 0, "flipped": 8, "bed_depth_mm": {"coat": 367.4, "other": 0.0}, "sword_crossing_mm": {}}
CV1_SWING {"t": 54.0, "candidate": "hip-15", "coat_min_ratio": 0.0891, "collapsed": 0, "flipped": 6, "bed_depth_mm": {"coat": 363.9, "other": 0.0}, "sword_crossing_mm": {}}
CV1_SWING {"t": 54.0, "candidate": "hip-8", "coat_min_ratio": 0.2338, "collapsed": 0, "flipped": 6, "bed_depth_mm": {"coat": 354.1, "other": 0.0}, "sword_crossing_mm": {}}
CV1_SWING {"t": 54.0, "candidate": "hip+8", "coat_min_ratio": 0.4433, "collapsed": 0, "flipped": 5, "bed_depth_mm": {"coat": 307.5, "other": 0.0}, "sword_crossing_mm": {}}
CV1_SWING {"t": 54.0, "candidate": "hip+15", "coat_min_ratio": 0.4755, "collapsed": 0, "flipped": 5, "bed_depth_mm": {"coat": 326.9, "other": 0.0}, "sword_crossing_mm": {}}
CV1_SWING {"t": 54.0, "candidate": "hip+25", "coat_min_ratio": 0.4755, "collapsed": 0, "flipped": 6, "bed_depth_mm": {"coat": 363.8, "other": 0.0}, "sword_crossing_mm": {}}
CV1_SWING {"t": 56.0, "candidate": "none", "coat_min_ratio": 0.2631, "collapsed": 0, "flipped": 0, "bed_depth_mm": {"coat": 330.9, "other": 0.0}, "sword_crossing_mm": {}}
CV1_SWING {"t": 56.0, "candidate": "hip-25", "coat_min_ratio": 0.2282, "collapsed": 0, "flipped": 8, "bed_depth_mm": {"coat": 351.0, "other": 0.0}, "sword_crossing_mm": {"coat.L": 3.54}}
CV1_SWING {"t": 56.0, "candidate": "hip-15", "coat_min_ratio": 0.0891, "collapsed": 0, "flipped": 6, "bed_depth_mm": {"coat": 352.7, "other": 0.0}, "sword_crossing_mm": {"coat.L": 6.52}}
CV1_SWING {"t": 56.0, "candidate": "hip-8", "coat_min_ratio": 0.2338, "collapsed": 0, "flipped": 6, "bed_depth_mm": {"coat": 346.6, "other": 0.0}, "sword_crossing_mm": {}}
CV1_SWING {"t": 56.0, "candidate": "hip+8", "coat_min_ratio": 0.2631, "collapsed": 0, "flipped": 5, "bed_depth_mm": {"coat": 306.7, "other": 0.0}, "sword_crossing_mm": {}}
CV1_SWING {"t": 56.0, "candidate": "hip+15", "coat_min_ratio": 0.2631, "collapsed": 0, "flipped": 5, "bed_depth_mm": {"coat": 326.9, "other": 0.0}, "sword_crossing_mm": {}}
CV1_SWING {"t": 56.0, "candidate": "hip+25", "coat_min_ratio": 0.2631, "collapsed": 0, "flipped": 6, "bed_depth_mm": {"coat": 363.8, "other": 0.0}, "sword_crossing_mm": {}}
CV1_SWING {"t": 57.0, "candidate": "none", "coat_min_ratio": 0.3137, "collapsed": 0, "flipped": 0, "bed_depth_mm": {"coat": 337.2, "other": 0.0}, "sword_crossing_mm": {}}
CV1_SWING {"t": 57.0, "candidate": "hip-25", "coat_min_ratio": 0.2282, "collapsed": 0, "flipped": 8, "bed_depth_mm": {"coat": 336.3, "other": 0.0}, "sword_crossing_mm": {"coat.L": 5.02}}
CV1_SWING {"t": 57.0, "candidate": "hip-15", "coat_min_ratio": 0.0891, "collapsed": 0, "flipped": 6, "bed_depth_mm": {"coat": 346.2, "other": 0.0}, "sword_crossing_mm": {"coat.L": 4.98}}
CV1_SWING {"t": 57.0, "candidate": "hip-8", "coat_min_ratio": 0.2338, "collapsed": 0, "flipped": 6, "bed_depth_mm": {"coat": 346.2, "other": 0.0}, "sword_crossing_mm": {"coat.L": 3.49}}
CV1_SWING {"t": 57.0, "candidate": "hip+8", "coat_min_ratio": 0.3137, "collapsed": 0, "flipped": 5, "bed_depth_mm": {"coat": 319.5, "other": 0.0}, "sword_crossing_mm": {}}
CV1_SWING {"t": 57.0, "candidate": "hip+15", "coat_min_ratio": 0.3137, "collapsed": 0, "flipped": 5, "bed_depth_mm": {"coat": 305.9, "other": 0.0}, "sword_crossing_mm": {}}
CV1_SWING {"t": 57.0, "candidate": "hip+25", "coat_min_ratio": 0.3137, "collapsed": 0, "flipped": 6, "bed_depth_mm": {"coat": 348.5, "other": 0.0}, "sword_crossing_mm": {}}
CV1_SWING {"t": 57.5, "candidate": "none", "coat_min_ratio": 0.2934, "collapsed": 0, "flipped": 0, "bed_depth_mm": {"coat": 342.0, "other": 0.0}, "sword_crossing_mm": {}}
CV1_SWING {"t": 57.5, "candidate": "hip-25", "coat_min_ratio": 0.2282, "collapsed": 0, "flipped": 8, "bed_depth_mm": {"coat": 318.7, "other": 0.0}, "sword_crossing_mm": {"coat.L": 5.06}}
CV1_SWING {"t": 57.5, "candidate": "hip-15", "coat_min_ratio": 0.0891, "collapsed": 0, "flipped": 6, "bed_depth_mm": {"coat": 337.6, "other": 0.0}, "sword_crossing_mm": {"coat.L": 5.7}}
CV1_SWING {"t": 57.5, "candidate": "hip-8", "coat_min_ratio": 0.2338, "collapsed": 0, "flipped": 6, "bed_depth_mm": {"coat": 343.5, "other": 0.0}, "sword_crossing_mm": {"coat.L": 5.24}}
CV1_SWING {"t": 57.5, "candidate": "hip+8", "coat_min_ratio": 0.2934, "collapsed": 0, "flipped": 5, "bed_depth_mm": {"coat": 331.4, "other": 0.0}, "sword_crossing_mm": {}}
CV1_SWING {"t": 57.5, "candidate": "hip+15", "coat_min_ratio": 0.2934, "collapsed": 0, "flipped": 5, "bed_depth_mm": {"coat": 314.8, "other": 0.0}, "sword_crossing_mm": {}}
CV1_SWING {"t": 57.5, "candidate": "hip+25", "coat_min_ratio": 0.2934, "collapsed": 0, "flipped": 6, "bed_depth_mm": {"coat": 325.3, "other": 0.0}, "sword_crossing_mm": {}}
CV1_SWING {"t": 58.0, "candidate": "none", "coat_min_ratio": 0.2527, "collapsed": 0, "flipped": 1, "bed_depth_mm": {"coat": 341.0, "other": 0.0}, "sword_crossing_mm": {"coat.L": 3.68}}
CV1_SWING {"t": 58.0, "candidate": "hip-25", "coat_min_ratio": 0.2282, "collapsed": 0, "flipped": 9, "bed_depth_mm": {"coat": 295.5, "other": 0.0}, "sword_crossing_mm": {}}
CV1_SWING {"t": 58.0, "candidate": "hip-15", "coat_min_ratio": 0.0891, "collapsed": 0, "flipped": 7, "bed_depth_mm": {"coat": 323.5, "other": 0.0}, "sword_crossing_mm": {"coat.L": 6.54}}
CV1_SWING {"t": 58.0, "candidate": "hip-8", "coat_min_ratio": 0.2338, "collapsed": 0, "flipped": 7, "bed_depth_mm": {"coat": 334.9, "other": 0.0}, "sword_crossing_mm": {"coat.L": 6.72}}
CV1_SWING {"t": 58.0, "candidate": "hip+8", "coat_min_ratio": 0.2527, "collapsed": 0, "flipped": 6, "bed_depth_mm": {"coat": 337.7, "other": 0.0}, "sword_crossing_mm": {}}
CV1_SWING {"t": 58.0, "candidate": "hip+15", "coat_min_ratio": 0.2527, "collapsed": 0, "flipped": 6, "bed_depth_mm": {"coat": 327.4, "other": 0.0}, "sword_crossing_mm": {}}
CV1_SWING {"t": 58.0, "candidate": "hip+25", "coat_min_ratio": 0.2527, "collapsed": 0, "flipped": 7, "bed_depth_mm": {"coat": 300.9, "other": 0.0}, "sword_crossing_mm": {}}
CV1_SWING {"t": 58.5, "candidate": "none", "coat_min_ratio": 0.2203, "collapsed": 0, "flipped": 1, "bed_depth_mm": {"coat": 331.5, "other": 0.0}, "sword_crossing_mm": {"coat.L": 6.51}}
CV1_SWING {"t": 58.5, "candidate": "hip-25", "coat_min_ratio": 0.2203, "collapsed": 0, "flipped": 9, "bed_depth_mm": {"coat": 257.8, "other": 0.0}, "sword_crossing_mm": {}}
CV1_SWING {"t": 58.5, "candidate": "hip-15", "coat_min_ratio": 0.0891, "collapsed": 0, "flipped": 7, "bed_depth_mm": {"coat": 297.1, "other": 0.0}, "sword_crossing_mm": {"coat.L": 4.77}}
CV1_SWING {"t": 58.5, "candidate": "hip-8", "coat_min_ratio": 0.2203, "collapsed": 0, "flipped": 7, "bed_depth_mm": {"coat": 316.7, "other": 0.0}, "sword_crossing_mm": {"coat.L": 6.16}}
CV1_SWING {"t": 58.5, "candidate": "hip+8", "coat_min_ratio": 0.2203, "collapsed": 0, "flipped": 6, "bed_depth_mm": {"coat": 338.1, "other": 0.0}, "sword_crossing_mm": {}}
CV1_SWING {"t": 58.5, "candidate": "hip+15", "coat_min_ratio": 0.2203, "collapsed": 0, "flipped": 6, "bed_depth_mm": {"coat": 336.2, "other": 0.0}, "sword_crossing_mm": {}}
CV1_SWING {"t": 58.5, "candidate": "hip+25", "coat_min_ratio": 0.2203, "collapsed": 0, "flipped": 7, "bed_depth_mm": {"coat": 321.7, "other": 0.0}, "sword_crossing_mm": {}}
CV1_SWING {"t": 59.0, "candidate": "none", "coat_min_ratio": 0.2002, "collapsed": 0, "flipped": 1, "bed_depth_mm": {"coat": 312.1, "other": 0.0}, "sword_crossing_mm": {"coat.L": 5.45}}
CV1_SWING {"t": 59.0, "candidate": "hip-25", "coat_min_ratio": 0.2002, "collapsed": 0, "flipped": 9, "bed_depth_mm": {"coat": 211.6, "other": 0.0}, "sword_crossing_mm": {}}
CV1_SWING {"t": 59.0, "candidate": "hip-15", "coat_min_ratio": 0.0891, "collapsed": 0, "flipped": 7, "bed_depth_mm": {"coat": 261.3, "other": 0.0}, "sword_crossing_mm": {}}
CV1_SWING {"t": 59.0, "candidate": "hip-8", "coat_min_ratio": 0.2002, "collapsed": 0, "flipped": 7, "bed_depth_mm": {"coat": 288.7, "other": 0.0}, "sword_crossing_mm": {"coat.L": 6.15}}
CV1_SWING {"t": 59.0, "candidate": "hip+8", "coat_min_ratio": 0.2002, "collapsed": 0, "flipped": 6, "bed_depth_mm": {"coat": 328.2, "other": 0.0}, "sword_crossing_mm": {"coat.L": 6.22}}
CV1_SWING {"t": 59.0, "candidate": "hip+15", "coat_min_ratio": 0.2002, "collapsed": 0, "flipped": 6, "bed_depth_mm": {"coat": 334.9, "other": 0.0}, "sword_crossing_mm": {}}
CV1_SWING {"t": 59.0, "candidate": "hip+25", "coat_min_ratio": 0.2002, "collapsed": 0, "flipped": 7, "bed_depth_mm": {"coat": 332.3, "other": 0.0}, "sword_crossing_mm": {}}
CV1_SWING {"t": 59.5, "candidate": "none", "coat_min_ratio": 0.1962, "collapsed": 0, "flipped": 1, "bed_depth_mm": {"coat": 281.2, "other": 0.0}, "sword_crossing_mm": {"coat.L": 4.34}}
CV1_SWING {"t": 59.5, "candidate": "hip-25", "coat_min_ratio": 0.1962, "collapsed": 0, "flipped": 9, "bed_depth_mm": {"coat": 153.6, "other": 0.0}, "sword_crossing_mm": {}}
CV1_SWING {"t": 59.5, "candidate": "hip-15", "coat_min_ratio": 0.0891, "collapsed": 0, "flipped": 7, "bed_depth_mm": {"coat": 213.0, "other": 0.0}, "sword_crossing_mm": {}}
CV1_SWING {"t": 59.5, "candidate": "hip-8", "coat_min_ratio": 0.1962, "collapsed": 0, "flipped": 7, "bed_depth_mm": {"coat": 248.2, "other": 0.0}, "sword_crossing_mm": {}}
CV1_SWING {"t": 59.5, "candidate": "hip+8", "coat_min_ratio": 0.1962, "collapsed": 0, "flipped": 6, "bed_depth_mm": {"coat": 306.1, "other": 0.0}, "sword_crossing_mm": {"coat.L": 5.52}}
CV1_SWING {"t": 59.5, "candidate": "hip+15", "coat_min_ratio": 0.1962, "collapsed": 0, "flipped": 6, "bed_depth_mm": {"coat": 322.1, "other": 0.0}, "sword_crossing_mm": {"coat.L": 5.11}}
CV1_SWING {"t": 59.5, "candidate": "hip+25", "coat_min_ratio": 0.1962, "collapsed": 0, "flipped": 7, "bed_depth_mm": {"coat": 332.7, "other": 0.0}, "sword_crossing_mm": {}}
CV1_SWING {"t": 60.0, "candidate": "none", "coat_min_ratio": 0.2092, "collapsed": 0, "flipped": 1, "bed_depth_mm": {"coat": 239.5, "other": 0.0}, "sword_crossing_mm": {}}
CV1_SWING {"t": 60.0, "candidate": "hip-25", "coat_min_ratio": 0.2092, "collapsed": 0, "flipped": 9, "bed_depth_mm": {"coat": 88.2, "other": 0.0}, "sword_crossing_mm": {"coat.L": 6.44}}
CV1_SWING {"t": 60.0, "candidate": "hip-15", "coat_min_ratio": 0.0891, "collapsed": 0, "flipped": 7, "bed_depth_mm": {"coat": 155.9, "other": 0.0}, "sword_crossing_mm": {}}
CV1_SWING {"t": 60.0, "candidate": "hip-8", "coat_min_ratio": 0.2092, "collapsed": 0, "flipped": 7, "bed_depth_mm": {"coat": 197.9, "other": 0.0}, "sword_crossing_mm": {}}
CV1_SWING {"t": 60.0, "candidate": "hip+8", "coat_min_ratio": 0.2092, "collapsed": 0, "flipped": 6, "bed_depth_mm": {"coat": 273.6, "other": 0.0}, "sword_crossing_mm": {"coat.L": 6.05}}
CV1_SWING {"t": 60.0, "candidate": "hip+15", "coat_min_ratio": 0.2092, "collapsed": 0, "flipped": 6, "bed_depth_mm": {"coat": 297.3, "other": 0.0}, "sword_crossing_mm": {"coat.L": 6.39}}
CV1_SWING {"t": 60.0, "candidate": "hip+25", "coat_min_ratio": 0.2092, "collapsed": 0, "flipped": 7, "bed_depth_mm": {"coat": 320.9, "other": 0.0}, "sword_crossing_mm": {"coat.L": 2.79}}
CV1_SWING {"t": 60.5, "candidate": "none", "coat_min_ratio": 0.2365, "collapsed": 0, "flipped": 1, "bed_depth_mm": {"coat": 192.0, "other": 0.0}, "sword_crossing_mm": {}}
CV1_SWING {"t": 60.5, "candidate": "hip-25", "coat_min_ratio": 0.2282, "collapsed": 0, "flipped": 9, "bed_depth_mm": {"coat": 24.0, "other": 0.0}, "sword_crossing_mm": {"coat.L": 6.07}}
CV1_SWING {"t": 60.5, "candidate": "hip-15", "coat_min_ratio": 0.0891, "collapsed": 0, "flipped": 7, "bed_depth_mm": {"coat": 96.3, "other": 0.0}, "sword_crossing_mm": {"coat.L": 6.43}}
CV1_SWING {"t": 60.5, "candidate": "hip-8", "coat_min_ratio": 0.2338, "collapsed": 0, "flipped": 7, "bed_depth_mm": {"coat": 143.4, "other": 0.0}, "sword_crossing_mm": {"coat.L": 0.98}}
CV1_SWING {"t": 60.5, "candidate": "hip+8", "coat_min_ratio": 0.2365, "collapsed": 0, "flipped": 6, "bed_depth_mm": {"coat": 233.9, "other": 0.0}, "sword_crossing_mm": {}}
CV1_SWING {"t": 60.5, "candidate": "hip+15", "coat_min_ratio": 0.2365, "collapsed": 0, "flipped": 6, "bed_depth_mm": {"coat": 264.5, "other": 0.0}, "sword_crossing_mm": {"coat.L": 6.08}}
CV1_SWING {"t": 60.5, "candidate": "hip+25", "coat_min_ratio": 0.2365, "collapsed": 0, "flipped": 7, "bed_depth_mm": {"coat": 299.3, "other": 0.0}, "sword_crossing_mm": {"coat.L": 5.91}}
CV1_SWING {"t": 61.0, "candidate": "none", "coat_min_ratio": 0.2381, "collapsed": 0, "flipped": 1, "bed_depth_mm": {"coat": 137.2, "other": 0.0}, "sword_crossing_mm": {"coat.L": 3.71}}
CV1_SWING {"t": 61.0, "candidate": "hip-25", "coat_min_ratio": 0.2282, "collapsed": 0, "flipped": 9, "bed_depth_mm": {"coat": 9.5, "other": 0.0}, "sword_crossing_mm": {}}
CV1_SWING {"t": 61.0, "candidate": "hip-15", "coat_min_ratio": 0.0891, "collapsed": 0, "flipped": 7, "bed_depth_mm": {"coat": 32.9, "other": 0.0}, "sword_crossing_mm": {"coat.L": 4.03}}
CV1_SWING {"t": 61.0, "candidate": "hip-8", "coat_min_ratio": 0.2338, "collapsed": 0, "flipped": 7, "bed_depth_mm": {"coat": 82.9, "other": 0.0}, "sword_crossing_mm": {"coat.L": 4.77}}
CV1_SWING {"t": 61.0, "candidate": "hip+8", "coat_min_ratio": 0.2381, "collapsed": 0, "flipped": 6, "bed_depth_mm": {"coat": 185.9, "other": 0.0}, "sword_crossing_mm": {}}
CV1_SWING {"t": 61.0, "candidate": "hip+15", "coat_min_ratio": 0.2381, "collapsed": 0, "flipped": 6, "bed_depth_mm": {"coat": 223.2, "other": 0.0}, "sword_crossing_mm": {"coat.L": 2.06}}
CV1_SWING {"t": 61.0, "candidate": "hip+25", "coat_min_ratio": 0.238, "collapsed": 0, "flipped": 7, "bed_depth_mm": {"coat": 267.9, "other": 0.0}, "sword_crossing_mm": {"coat.L": 5.3}}
CV1_SWING {"t": 61.5, "candidate": "none", "coat_min_ratio": 0.2411, "collapsed": 0, "flipped": 1, "bed_depth_mm": {"coat": 91.3, "other": 0.0}, "sword_crossing_mm": {"coat.L": 5.36}}
CV1_SWING {"t": 61.5, "candidate": "hip-25", "coat_min_ratio": 0.2282, "collapsed": 0, "flipped": 9, "bed_depth_mm": {"coat": 0.0, "other": 0.0}, "sword_crossing_mm": {}}
CV1_SWING {"t": 61.5, "candidate": "hip-15", "coat_min_ratio": 0.0891, "collapsed": 0, "flipped": 7, "bed_depth_mm": {"coat": 8.3, "other": 0.0}, "sword_crossing_mm": {}}
CV1_SWING {"t": 61.5, "candidate": "hip-8", "coat_min_ratio": 0.2338, "collapsed": 0, "flipped": 7, "bed_depth_mm": {"coat": 35.2, "other": 0.0}, "sword_crossing_mm": {"coat.L": 4.79}}
CV1_SWING {"t": 61.5, "candidate": "hip+8", "coat_min_ratio": 0.2411, "collapsed": 0, "flipped": 6, "bed_depth_mm": {"coat": 144.3, "other": 0.0}, "sword_crossing_mm": {"coat.L": 4.38}}
CV1_SWING {"t": 61.5, "candidate": "hip+15", "coat_min_ratio": 0.2411, "collapsed": 0, "flipped": 6, "bed_depth_mm": {"coat": 186.1, "other": 0.0}, "sword_crossing_mm": {}}
CV1_SWING {"t": 61.5, "candidate": "hip+25", "coat_min_ratio": 0.2411, "collapsed": 0, "flipped": 7, "bed_depth_mm": {"coat": 237.8, "other": 0.0}, "sword_crossing_mm": {"coat.L": 7.49}}
CV1_SWING {"t": 62.0, "candidate": "none", "coat_min_ratio": 0.2118, "collapsed": 0, "flipped": 1, "bed_depth_mm": {"coat": 44.2, "other": 0.0}, "sword_crossing_mm": {"coat.L": 5.21}}
CV1_SWING {"t": 62.0, "candidate": "hip-25", "coat_min_ratio": 0.2118, "collapsed": 0, "flipped": 9, "bed_depth_mm": {"coat": 0.0, "other": 0.0}, "sword_crossing_mm": {}}
CV1_SWING {"t": 62.0, "candidate": "hip-15", "coat_min_ratio": 0.0891, "collapsed": 0, "flipped": 7, "bed_depth_mm": {"coat": 0.0, "other": 0.0}, "sword_crossing_mm": {}}
CV1_SWING {"t": 62.0, "candidate": "hip-8", "coat_min_ratio": 0.2118, "collapsed": 0, "flipped": 7, "bed_depth_mm": {"coat": 3.0, "other": 0.0}, "sword_crossing_mm": {}}
CV1_SWING {"t": 62.0, "candidate": "hip+8", "coat_min_ratio": 0.2118, "collapsed": 0, "flipped": 6, "bed_depth_mm": {"coat": 99.2, "other": 0.0}, "sword_crossing_mm": {"coat.L": 5.35}}
CV1_SWING {"t": 62.0, "candidate": "hip+15", "coat_min_ratio": 0.2118, "collapsed": 0, "flipped": 6, "bed_depth_mm": {"coat": 144.9, "other": 0.0}, "sword_crossing_mm": {"coat.L": 5.51}}
CV1_SWING {"t": 62.0, "candidate": "hip+25", "coat_min_ratio": 0.2118, "collapsed": 0, "flipped": 7, "bed_depth_mm": {"coat": 203.0, "other": 0.0}, "sword_crossing_mm": {"coat.L": 4.73}}
CV1_SWING {"t": 62.5, "candidate": "none", "coat_min_ratio": 0.1849, "collapsed": 0, "flipped": 0, "bed_depth_mm": {"coat": 22.2, "other": 0.0}, "sword_crossing_mm": {"coat.L": 3.72}}
CV1_SWING {"t": 62.5, "candidate": "hip-25", "coat_min_ratio": 0.1849, "collapsed": 0, "flipped": 8, "bed_depth_mm": {"coat": 0.0, "other": 0.0}, "sword_crossing_mm": {}}
CV1_SWING {"t": 62.5, "candidate": "hip-15", "coat_min_ratio": 0.0891, "collapsed": 0, "flipped": 6, "bed_depth_mm": {"coat": 0.0, "other": 0.0}, "sword_crossing_mm": {}}
CV1_SWING {"t": 62.5, "candidate": "hip-8", "coat_min_ratio": 0.1849, "collapsed": 0, "flipped": 6, "bed_depth_mm": {"coat": 0.0, "other": 0.0}, "sword_crossing_mm": {}}
CV1_SWING {"t": 62.5, "candidate": "hip+8", "coat_min_ratio": 0.1849, "collapsed": 0, "flipped": 5, "bed_depth_mm": {"coat": 77.3, "other": 0.0}, "sword_crossing_mm": {"coat.L": 6.28}}
CV1_SWING {"t": 62.5, "candidate": "hip+15", "coat_min_ratio": 0.1849, "collapsed": 0, "flipped": 5, "bed_depth_mm": {"coat": 123.7, "other": 0.0}, "sword_crossing_mm": {"coat.L": 6.4}}
CV1_SWING {"t": 62.5, "candidate": "hip+25", "coat_min_ratio": 0.1849, "collapsed": 0, "flipped": 6, "bed_depth_mm": {"coat": 185.1, "other": 0.0}, "sword_crossing_mm": {"coat.L": 4.67}}
CV1_SWING {"t": 63.0, "candidate": "none", "coat_min_ratio": 0.1583, "collapsed": 0, "flipped": 0, "bed_depth_mm": {"coat": 0.5, "other": 3.0}, "sword_crossing_mm": {}}
CV1_SWING {"t": 63.0, "candidate": "hip-25", "coat_min_ratio": 0.1583, "collapsed": 0, "flipped": 8, "bed_depth_mm": {"coat": 0.0, "other": 3.0}, "sword_crossing_mm": {}}
CV1_SWING {"t": 63.0, "candidate": "hip-15", "coat_min_ratio": 0.0891, "collapsed": 0, "flipped": 6, "bed_depth_mm": {"coat": 0.0, "other": 3.0}, "sword_crossing_mm": {}}
CV1_SWING {"t": 63.0, "candidate": "hip-8", "coat_min_ratio": 0.1583, "collapsed": 0, "flipped": 6, "bed_depth_mm": {"coat": 0.0, "other": 3.0}, "sword_crossing_mm": {}}
CV1_SWING {"t": 63.0, "candidate": "hip+8", "coat_min_ratio": 0.1583, "collapsed": 0, "flipped": 5, "bed_depth_mm": {"coat": 56.1, "other": 3.0}, "sword_crossing_mm": {"coat.L": 4.95}}
CV1_SWING {"t": 63.0, "candidate": "hip+15", "coat_min_ratio": 0.1583, "collapsed": 0, "flipped": 5, "bed_depth_mm": {"coat": 102.3, "other": 3.0}, "sword_crossing_mm": {"coat.L": 5.43}}
CV1_SWING {"t": 63.0, "candidate": "hip+25", "coat_min_ratio": 0.1583, "collapsed": 0, "flipped": 6, "bed_depth_mm": {"coat": 166.4, "other": 3.0}, "sword_crossing_mm": {"coat.L": 5.75}}
Blender 4.5.5 LTS (hash 836beaaf597a built 2025-11-18 01:33:26)
Read blend: "C:\Repos\mmo-asset-pipeline\tmp\art-quality-loop\assets\processed\ro-swordsman-character-v1\v001\b20-coatlie3\ro_character_v001_b20-coatlie3.blend"

Blender quit
