CV1_SWING {"t": 56.0, "candidate": "none", "coat_min_ratio": 0.2631, "collapsed": 0, "flipped": 0, "bed_depth_mm": {"coat": 330.9, "other": 0.0}, "sword_crossing_mm": {}}
CV1_SWING {"t": 56.0, "candidate": "in15", "coat_min_ratio": 0.1699, "collapsed": 0, "flipped": 6, "bed_depth_mm": {"coat": 287.1, "other": 0.0}, "sword_crossing_mm": {}}
CV1_SWING {"t": 56.0, "candidate": "both_right12", "coat_min_ratio": 0.2151, "collapsed": 0, "flipped": 0, "bed_depth_mm": {"coat": 342.1, "other": 0.0}, "sword_crossing_mm": {}}
CV1_SWING {"t": 56.0, "candidate": "both_right15", "coat_min_ratio": 0.19, "collapsed": 0, "flipped": 0, "bed_depth_mm": {"coat": 342.2, "other": 0.0}, "sword_crossing_mm": {}}
CV1_SWING {"t": 56.0, "candidate": "both_right18", "coat_min_ratio": 0.1616, "collapsed": 0, "flipped": 0, "bed_depth_mm": {"coat": 341.0, "other": 0.0}, "sword_crossing_mm": {}}
CV1_SWING {"t": 56.0, "candidate": "both_right20", "coat_min_ratio": 0.1412, "collapsed": 0, "flipped": 0, "bed_depth_mm": {"coat": 339.4, "other": 0.0}, "sword_crossing_mm": {}}
CV1_SWING {"t": 57.0, "candidate": "none", "coat_min_ratio": 0.3137, "collapsed": 0, "flipped": 0, "bed_depth_mm": {"coat": 337.2, "other": 0.0}, "sword_crossing_mm": {}}
CV1_SWING {"t": 57.0, "candidate": "in15", "coat_min_ratio": 0.1674, "collapsed": 0, "flipped": 10, "bed_depth_mm": {"coat": 293.4, "other": 0.0}, "sword_crossing_mm": {}}
CV1_SWING {"t": 57.0, "candidate": "both_right12", "coat_min_ratio": 0.2878, "collapsed": 0, "flipped": 0, "bed_depth_mm": {"coat": 348.2, "other": 0.0}, "sword_crossing_mm": {}}
CV1_SWING {"t": 57.0, "candidate": "both_right15", "coat_min_ratio": 0.2213, "collapsed": 0, "flipped": 1, "bed_depth_mm": {"coat": 348.2, "other": 0.0}, "sword_crossing_mm": {}}
CV1_SWING {"t": 57.0, "candidate": "both_right18", "coat_min_ratio": 0.1721, "collapsed": 0, "flipped": 1, "bed_depth_mm": {"coat": 347.1, "other": 0.0}, "sword_crossing_mm": {}}
CV1_SWING {"t": 57.0, "candidate": "both_right20", "coat_min_ratio": 0.1641, "collapsed": 0, "flipped": 3, "bed_depth_mm": {"coat": 345.6, "other": 0.0}, "sword_crossing_mm": {}}
CV1_SWING {"t": 57.5, "candidate": "none", "coat_min_ratio": 0.2934, "collapsed": 0, "flipped": 0, "bed_depth_mm": {"coat": 342.0, "other": 0.0}, "sword_crossing_mm": {}}
CV1_SWING {"t": 57.5, "candidate": "in15", "coat_min_ratio": 0.1656, "collapsed": 0, "flipped": 12, "bed_depth_mm": {"coat": 298.6, "other": 0.0}, "sword_crossing_mm": {}}
CV1_SWING {"t": 57.5, "candidate": "both_right12", "coat_min_ratio": 0.2934, "collapsed": 0, "flipped": 2, "bed_depth_mm": {"coat": 352.3, "other": 0.0}, "sword_crossing_mm": {}}
CV1_SWING {"t": 57.5, "candidate": "both_right15", "coat_min_ratio": 0.2835, "collapsed": 0, "flipped": 2, "bed_depth_mm": {"coat": 352.4, "other": 0.0}, "sword_crossing_mm": {}}
CV1_SWING {"t": 57.5, "candidate": "both_right18", "coat_min_ratio": 0.2884, "collapsed": 0, "flipped": 3, "bed_depth_mm": {"coat": 351.2, "other": 0.0}, "sword_crossing_mm": {}}
CV1_SWING {"t": 57.5, "candidate": "both_right20", "coat_min_ratio": 0.2544, "collapsed": 0, "flipped": 3, "bed_depth_mm": {"coat": 349.7, "other": 0.0}, "sword_crossing_mm": {}}
CV1_SWING {"t": 58.0, "candidate": "none", "coat_min_ratio": 0.2527, "collapsed": 0, "flipped": 1, "bed_depth_mm": {"coat": 341.0, "other": 0.0}, "sword_crossing_mm": {"coat.L": 3.68}}
CV1_SWING {"t": 58.0, "candidate": "in15", "coat_min_ratio": 0.1637, "collapsed": 0, "flipped": 12, "bed_depth_mm": {"coat": 298.5, "other": 0.0}, "sword_crossing_mm": {}}
CV1_SWING {"t": 58.0, "candidate": "both_right12", "coat_min_ratio": 0.2527, "collapsed": 0, "flipped": 2, "bed_depth_mm": {"coat": 350.5, "other": 0.0}, "sword_crossing_mm": {}}
CV1_SWING {"t": 58.0, "candidate": "both_right15", "coat_min_ratio": 0.2407, "collapsed": 0, "flipped": 2, "bed_depth_mm": {"coat": 350.6, "other": 0.0}, "sword_crossing_mm": {}}
CV1_SWING {"t": 58.0, "candidate": "both_right18", "coat_min_ratio": 0.2344, "collapsed": 0, "flipped": 2, "bed_depth_mm": {"coat": 349.5, "other": 0.0}, "sword_crossing_mm": {}}
CV1_SWING {"t": 58.0, "candidate": "both_right20", "coat_min_ratio": 0.1837, "collapsed": 0, "flipped": 3, "bed_depth_mm": {"coat": 348.1, "other": 0.0}, "sword_crossing_mm": {}}
CV1_SWING {"t": 58.5, "candidate": "none", "coat_min_ratio": 0.2203, "collapsed": 0, "flipped": 1, "bed_depth_mm": {"coat": 331.5, "other": 0.0}, "sword_crossing_mm": {"coat.L": 6.51}}
CV1_SWING {"t": 58.5, "candidate": "in15", "coat_min_ratio": 0.1618, "collapsed": 0, "flipped": 12, "bed_depth_mm": {"coat": 292.7, "other": 0.0}, "sword_crossing_mm": {}}
CV1_SWING {"t": 58.5, "candidate": "both_right12", "coat_min_ratio": 0.2203, "collapsed": 0, "flipped": 2, "bed_depth_mm": {"coat": 339.7, "other": 0.0}, "sword_crossing_mm": {}}
CV1_SWING {"t": 58.5, "candidate": "both_right15", "coat_min_ratio": 0.2008, "collapsed": 0, "flipped": 2, "bed_depth_mm": {"coat": 339.8, "other": 0.0}, "sword_crossing_mm": {}}
CV1_SWING {"t": 58.5, "candidate": "both_right18", "coat_min_ratio": 0.1725, "collapsed": 0, "flipped": 2, "bed_depth_mm": {"coat": 338.8, "other": 0.0}, "sword_crossing_mm": {}}
CV1_SWING {"t": 58.5, "candidate": "both_right20", "coat_min_ratio": 0.113, "collapsed": 0, "flipped": 3, "bed_depth_mm": {"coat": 337.5, "other": 0.0}, "sword_crossing_mm": {}}
CV1_SWING {"t": 59.0, "candidate": "none", "coat_min_ratio": 0.2002, "collapsed": 0, "flipped": 1, "bed_depth_mm": {"coat": 312.1, "other": 0.0}, "sword_crossing_mm": {"coat.L": 5.45}}
CV1_SWING {"t": 59.0, "candidate": "in15", "coat_min_ratio": 0.1601, "collapsed": 0, "flipped": 12, "bed_depth_mm": {"coat": 277.7, "other": 0.0}, "sword_crossing_mm": {}}
CV1_SWING {"t": 59.0, "candidate": "both_right12", "coat_min_ratio": 0.1984, "collapsed": 0, "flipped": 1, "bed_depth_mm": {"coat": 318.8, "other": 0.0}, "sword_crossing_mm": {}}
CV1_SWING {"t": 59.0, "candidate": "both_right15", "coat_min_ratio": 0.1661, "collapsed": 0, "flipped": 2, "bed_depth_mm": {"coat": 318.9, "other": 0.0}, "sword_crossing_mm": {}}
CV1_SWING {"t": 59.0, "candidate": "both_right18", "coat_min_ratio": 0.1124, "collapsed": 0, "flipped": 2, "bed_depth_mm": {"coat": 317.9, "other": 0.0}, "sword_crossing_mm": {}}
CV1_SWING {"t": 59.0, "candidate": "both_right20", "coat_min_ratio": 0.0424, "collapsed": 1, "flipped": 2, "bed_depth_mm": {"coat": 316.7, "other": 0.0}, "sword_crossing_mm": {}}
CV1_SWING {"t": 59.5, "candidate": "none", "coat_min_ratio": 0.1962, "collapsed": 0, "flipped": 1, "bed_depth_mm": {"coat": 281.2, "other": 0.0}, "sword_crossing_mm": {"coat.L": 4.34}}
CV1_SWING {"t": 59.5, "candidate": "in15", "coat_min_ratio": 0.1584, "collapsed": 0, "flipped": 13, "bed_depth_mm": {"coat": 251.4, "other": 0.0}, "sword_crossing_mm": {}}
CV1_SWING {"t": 59.5, "candidate": "both_right12", "coat_min_ratio": 0.1911, "collapsed": 0, "flipped": 1, "bed_depth_mm": {"coat": 285.6, "other": 0.0}, "sword_crossing_mm": {"coat.L": 4.57}}
CV1_SWING {"t": 59.5, "candidate": "both_right15", "coat_min_ratio": 0.1404, "collapsed": 0, "flipped": 1, "bed_depth_mm": {"coat": 285.7, "other": 0.0}, "sword_crossing_mm": {}}
CV1_SWING {"t": 59.5, "candidate": "both_right18", "coat_min_ratio": 0.0595, "collapsed": 0, "flipped": 2, "bed_depth_mm": {"coat": 285.0, "other": 0.0}, "sword_crossing_mm": {}}
CV1_SWING {"t": 59.5, "candidate": "both_right20", "coat_min_ratio": 0.0284, "collapsed": 1, "flipped": 4, "bed_depth_mm": {"coat": 284.0, "other": 0.0}, "sword_crossing_mm": {}}
CV1_SWING {"t": 60.0, "candidate": "none", "coat_min_ratio": 0.2092, "collapsed": 0, "flipped": 1, "bed_depth_mm": {"coat": 239.5, "other": 0.0}, "sword_crossing_mm": {}}
CV1_SWING {"t": 60.0, "candidate": "in15", "coat_min_ratio": 0.1567, "collapsed": 0, "flipped": 14, "bed_depth_mm": {"coat": 215.2, "other": 0.0}, "sword_crossing_mm": {"coat.L": 3.77}}
CV1_SWING {"t": 60.0, "candidate": "both_right12", "coat_min_ratio": 0.2092, "collapsed": 0, "flipped": 1, "bed_depth_mm": {"coat": 241.9, "other": 0.0}, "sword_crossing_mm": {"coat.L": 7.24}}
CV1_SWING {"t": 60.0, "candidate": "both_right15", "coat_min_ratio": 0.1292, "collapsed": 0, "flipped": 1, "bed_depth_mm": {"coat": 242.0, "other": 0.0}, "sword_crossing_mm": {"coat.L": 3.77}}
CV1_SWING {"t": 60.0, "candidate": "both_right18", "coat_min_ratio": 0.0499, "collapsed": 1, "flipped": 2, "bed_depth_mm": {"coat": 241.4, "other": 0.0}, "sword_crossing_mm": {}}
CV1_SWING {"t": 60.0, "candidate": "both_right20", "coat_min_ratio": 0.0253, "collapsed": 1, "flipped": 4, "bed_depth_mm": {"coat": 240.5, "other": 0.0}, "sword_crossing_mm": {}}
CV1_SWING {"t": 60.5, "candidate": "none", "coat_min_ratio": 0.2365, "collapsed": 0, "flipped": 1, "bed_depth_mm": {"coat": 192.0, "other": 0.0}, "sword_crossing_mm": {}}
CV1_SWING {"t": 60.5, "candidate": "in15", "coat_min_ratio": 0.1552, "collapsed": 0, "flipped": 14, "bed_depth_mm": {"coat": 173.4, "other": 0.0}, "sword_crossing_mm": {"coat.L": 6.45}}
CV1_SWING {"t": 60.5, "candidate": "both_right12", "coat_min_ratio": 0.2365, "collapsed": 0, "flipped": 1, "bed_depth_mm": {"coat": 192.6, "other": 0.0}, "sword_crossing_mm": {"coat.L": 5.83}}
CV1_SWING {"t": 60.5, "candidate": "both_right15", "coat_min_ratio": 0.1362, "collapsed": 0, "flipped": 1, "bed_depth_mm": {"coat": 192.7, "other": 0.0}, "sword_crossing_mm": {"coat.L": 6.45}}
CV1_SWING {"t": 60.5, "candidate": "both_right18", "coat_min_ratio": 0.0974, "collapsed": 0, "flipped": 4, "bed_depth_mm": {"coat": 192.1, "other": 0.0}, "sword_crossing_mm": {}}
CV1_SWING {"t": 60.5, "candidate": "both_right20", "coat_min_ratio": 0.067, "collapsed": 0, "flipped": 3, "bed_depth_mm": {"coat": 191.5, "other": 0.0}, "sword_crossing_mm": {}}
CV1_SWING {"t": 61.0, "candidate": "none", "coat_min_ratio": 0.2381, "collapsed": 0, "flipped": 1, "bed_depth_mm": {"coat": 137.2, "other": 0.0}, "sword_crossing_mm": {"coat.L": 3.71}}
CV1_SWING {"t": 61.0, "candidate": "in15", "coat_min_ratio": 0.1537, "collapsed": 0, "flipped": 14, "bed_depth_mm": {"coat": 124.9, "other": 0.0}, "sword_crossing_mm": {}}
CV1_SWING {"t": 61.0, "candidate": "both_right12", "coat_min_ratio": 0.238, "collapsed": 0, "flipped": 1, "bed_depth_mm": {"coat": 136.0, "other": 0.0}, "sword_crossing_mm": {"coat.L": 5.88}}
CV1_SWING {"t": 61.0, "candidate": "both_right15", "coat_min_ratio": 0.1589, "collapsed": 0, "flipped": 2, "bed_depth_mm": {"coat": 136.0, "other": 0.0}, "sword_crossing_mm": {}}
CV1_SWING {"t": 61.0, "candidate": "both_right18", "coat_min_ratio": 0.0846, "collapsed": 0, "flipped": 3, "bed_depth_mm": {"coat": 135.7, "other": 0.0}, "sword_crossing_mm": {}}
CV1_SWING {"t": 61.0, "candidate": "both_right20", "coat_min_ratio": 0.1286, "collapsed": 0, "flipped": 3, "bed_depth_mm": {"coat": 135.2, "other": 0.0}, "sword_crossing_mm": {}}
CV1_SWING {"t": 61.5, "candidate": "none", "coat_min_ratio": 0.2411, "collapsed": 0, "flipped": 1, "bed_depth_mm": {"coat": 91.3, "other": 0.0}, "sword_crossing_mm": {"coat.L": 5.36}}
CV1_SWING {"t": 61.5, "candidate": "in15", "coat_min_ratio": 0.1523, "collapsed": 0, "flipped": 15, "bed_depth_mm": {"coat": 84.1, "other": 0.0}, "sword_crossing_mm": {}}
CV1_SWING {"t": 61.5, "candidate": "both_right12", "coat_min_ratio": 0.2411, "collapsed": 0, "flipped": 1, "bed_depth_mm": {"coat": 89.5, "other": 0.0}, "sword_crossing_mm": {"coat.L": 1.32}}
CV1_SWING {"t": 61.5, "candidate": "both_right15", "coat_min_ratio": 0.1919, "collapsed": 0, "flipped": 2, "bed_depth_mm": {"coat": 89.1, "other": 0.0}, "sword_crossing_mm": {}}
CV1_SWING {"t": 61.5, "candidate": "both_right18", "coat_min_ratio": 0.0576, "collapsed": 0, "flipped": 3, "bed_depth_mm": {"coat": 88.6, "other": 0.0}, "sword_crossing_mm": {}}
CV1_SWING {"t": 61.5, "candidate": "both_right20", "coat_min_ratio": 0.1559, "collapsed": 0, "flipped": 4, "bed_depth_mm": {"coat": 88.3, "other": 0.0}, "sword_crossing_mm": {}}
CV1_SWING {"t": 62.0, "candidate": "none", "coat_min_ratio": 0.2118, "collapsed": 0, "flipped": 1, "bed_depth_mm": {"coat": 44.2, "other": 0.0}, "sword_crossing_mm": {"coat.L": 5.21}}
CV1_SWING {"t": 62.0, "candidate": "in15", "coat_min_ratio": 0.1509, "collapsed": 0, "flipped": 15, "bed_depth_mm": {"coat": 40.7, "other": 0.0}, "sword_crossing_mm": {}}
CV1_SWING {"t": 62.0, "candidate": "both_right12", "coat_min_ratio": 0.2118, "collapsed": 0, "flipped": 1, "bed_depth_mm": {"coat": 43.1, "other": 0.0}, "sword_crossing_mm": {}}
CV1_SWING {"t": 62.0, "candidate": "both_right15", "coat_min_ratio": 0.2118, "collapsed": 0, "flipped": 2, "bed_depth_mm": {"coat": 42.9, "other": 0.0}, "sword_crossing_mm": {}}
CV1_SWING {"t": 62.0, "candidate": "both_right18", "coat_min_ratio": 0.0642, "collapsed": 0, "flipped": 3, "bed_depth_mm": {"coat": 42.4, "other": 0.0}, "sword_crossing_mm": {}}
CV1_SWING {"t": 62.0, "candidate": "both_right20", "coat_min_ratio": 0.137, "collapsed": 0, "flipped": 5, "bed_depth_mm": {"coat": 41.9, "other": 0.0}, "sword_crossing_mm": {}}
CV1_SWING {"t": 62.5, "candidate": "none", "coat_min_ratio": 0.1849, "collapsed": 0, "flipped": 0, "bed_depth_mm": {"coat": 22.2, "other": 0.0}, "sword_crossing_mm": {"coat.L": 3.72}}
CV1_SWING {"t": 62.5, "candidate": "in15", "coat_min_ratio": 0.1497, "collapsed": 0, "flipped": 15, "bed_depth_mm": {"coat": 19.5, "other": 0.0}, "sword_crossing_mm": {}}
CV1_SWING {"t": 62.5, "candidate": "both_right12", "coat_min_ratio": 0.1849, "collapsed": 0, "flipped": 1, "bed_depth_mm": {"coat": 21.3, "other": 0.0}, "sword_crossing_mm": {}}
CV1_SWING {"t": 62.5, "candidate": "both_right15", "coat_min_ratio": 0.1849, "collapsed": 0, "flipped": 2, "bed_depth_mm": {"coat": 20.8, "other": 0.0}, "sword_crossing_mm": {}}
CV1_SWING {"t": 62.5, "candidate": "both_right18", "coat_min_ratio": 0.0978, "collapsed": 0, "flipped": 4, "bed_depth_mm": {"coat": 20.1, "other": 0.0}, "sword_crossing_mm": {}}
CV1_SWING {"t": 62.5, "candidate": "both_right20", "coat_min_ratio": 0.0984, "collapsed": 0, "flipped": 6, "bed_depth_mm": {"coat": 19.6, "other": 0.0}, "sword_crossing_mm": {}}
CV1_SWING {"t": 63.0, "candidate": "none", "coat_min_ratio": 0.1583, "collapsed": 0, "flipped": 0, "bed_depth_mm": {"coat": 0.5, "other": 3.0}, "sword_crossing_mm": {}}
CV1_SWING {"t": 63.0, "candidate": "in15", "coat_min_ratio": 0.1485, "collapsed": 0, "flipped": 17, "bed_depth_mm": {"coat": 0.0, "other": 3.0}, "sword_crossing_mm": {}}
CV1_SWING {"t": 63.0, "candidate": "both_right12", "coat_min_ratio": 0.1583, "collapsed": 0, "flipped": 0, "bed_depth_mm": {"coat": 0.5, "other": 3.0}, "sword_crossing_mm": {}}
CV1_SWING {"t": 63.0, "candidate": "both_right15", "coat_min_ratio": 0.1583, "collapsed": 0, "flipped": 1, "bed_depth_mm": {"coat": 0.4, "other": 3.0}, "sword_crossing_mm": {}}
CV1_SWING {"t": 63.0, "candidate": "both_right18", "coat_min_ratio": 0.1402, "collapsed": 0, "flipped": 3, "bed_depth_mm": {"coat": 0.6, "other": 3.0}, "sword_crossing_mm": {}}
CV1_SWING {"t": 63.0, "candidate": "both_right20", "coat_min_ratio": 0.0601, "collapsed": 0, "flipped": 6, "bed_depth_mm": {"coat": 0.7, "other": 3.0}, "sword_crossing_mm": {}}
Blender 4.5.5 LTS (hash 836beaaf597a built 2025-11-18 01:33:26)
Read blend: "C:\Repos\mmo-asset-pipeline\tmp\art-quality-loop\assets\processed\ro-swordsman-character-v1\v001\b20-coatlie3\ro_character_v001_b20-coatlie3.blend"

Blender quit
