Blender 4.5.5 LTS (hash 836beaaf597a built 2025-11-18 01:33:26)
Read blend: "C:\Repos\mmo-asset-pipeline\tmp\art-quality-loop\assets\processed\ro-swordsman-character-v1\v001\b20-coatlie3\ro_character_v001_b20-coatlie3.blend"
Saved: 'C:\Repos\mmo-asset-pipeline\tmp\art-quality-loop\runs\qa\ro-swordsman-character-v1\v001\clips\AN_RO_LieDown\a06-prep\draft11-tuck4-check\preview\f030-front.png'
Time: 00:01.20 (Saving: 00:00.26)

Saved: 'C:\Repos\mmo-asset-pipeline\tmp\art-quality-loop\runs\qa\ro-swordsman-character-v1\v001\clips\AN_RO_LieDown\a06-prep\draft11-tuck4-check\preview\f030-right.png'
Time: 00:00.09 (Saving: 00:00.04)

Saved: 'C:\Repos\mmo-asset-pipeline\tmp\art-quality-loop\runs\qa\ro-swordsman-character-v1\v001\clips\AN_RO_LieDown\a06-prep\draft11-tuck4-check\preview\f030-three-quarter.png'
Time: 00:00.09 (Saving: 00:00.05)

Saved: 'C:\Repos\mmo-asset-pipeline\tmp\art-quality-loop\runs\qa\ro-swordsman-character-v1\v001\clips\AN_RO_LieDown\a06-prep\draft11-tuck4-check\preview\f033-front.png'
Time: 00:00.08 (Saving: 00:00.04)

Saved: 'C:\Repos\mmo-asset-pipeline\tmp\art-quality-loop\runs\qa\ro-swordsman-character-v1\v001\clips\AN_RO_LieDown\a06-prep\draft11-tuck4-check\preview\f033-right.png'
Time: 00:00.08 (Saving: 00:00.04)

Saved: 'C:\Repos\mmo-asset-pipeline\tmp\art-quality-loop\runs\qa\ro-swordsman-character-v1\v001\clips\AN_RO_LieDown\a06-prep\draft11-tuck4-check\preview\f033-three-quarter.png'
Time: 00:00.12 (Saving: 00:00.05)

Saved: 'C:\Repos\mmo-asset-pipeline\tmp\art-quality-loop\runs\qa\ro-swordsman-character-v1\v001\clips\AN_RO_LieDown\a06-prep\draft11-tuck4-check\preview\f036-front.png'
Time: 00:00.29 (Saving: 00:00.05)

Saved: 'C:\Repos\mmo-asset-pipeline\tmp\art-quality-loop\runs\qa\ro-swordsman-character-v1\v001\clips\AN_RO_LieDown\a06-prep\draft11-tuck4-check\preview\f036-right.png'
Time: 00:00.16 (Saving: 00:00.05)

Saved: 'C:\Repos\mmo-asset-pipeline\tmp\art-quality-loop\runs\qa\ro-swordsman-character-v1\v001\clips\AN_RO_LieDown\a06-prep\draft11-tuck4-check\preview\f036-three-quarter.png'
Time: 00:00.17 (Saving: 00:00.05)

Saved: 'C:\Repos\mmo-asset-pipeline\tmp\art-quality-loop\runs\qa\ro-swordsman-character-v1\v001\clips\AN_RO_LieDown\a06-prep\draft11-tuck4-check\preview\f054-front.png'
Time: 00:00.14 (Saving: 00:00.06)

Saved: 'C:\Repos\mmo-asset-pipeline\tmp\art-quality-loop\runs\qa\ro-swordsman-character-v1\v001\clips\AN_RO_LieDown\a06-prep\draft11-tuck4-check\preview\f054-right.png'
Time: 00:00.12 (Saving: 00:00.04)

Saved: 'C:\Repos\mmo-asset-pipeline\tmp\art-quality-loop\runs\qa\ro-swordsman-character-v1\v001\clips\AN_RO_LieDown\a06-prep\draft11-tuck4-check\preview\f054-three-quarter.png'
Time: 00:00.11 (Saving: 00:00.05)

Saved: 'C:\Repos\mmo-asset-pipeline\tmp\art-quality-loop\runs\qa\ro-swordsman-character-v1\v001\clips\AN_RO_LieDown\a06-prep\draft11-tuck4-check\preview\f058-front.png'
Time: 00:00.11 (Saving: 00:00.05)

Saved: 'C:\Repos\mmo-asset-pipeline\tmp\art-quality-loop\runs\qa\ro-swordsman-character-v1\v001\clips\AN_RO_LieDown\a06-prep\draft11-tuck4-check\preview\f058-right.png'
Time: 00:00.14 (Saving: 00:00.06)

Saved: 'C:\Repos\mmo-asset-pipeline\tmp\art-quality-loop\runs\qa\ro-swordsman-character-v1\v001\clips\AN_RO_LieDown\a06-prep\draft11-tuck4-check\preview\f058-three-quarter.png'
Time: 00:00.17 (Saving: 00:00.05)

Saved: 'C:\Repos\mmo-asset-pipeline\tmp\art-quality-loop\runs\qa\ro-swordsman-character-v1\v001\clips\AN_RO_LieDown\a06-prep\draft11-tuck4-check\preview\f061-front.png'
Time: 00:00.12 (Saving: 00:00.05)

Saved: 'C:\Repos\mmo-asset-pipeline\tmp\art-quality-loop\runs\qa\ro-swordsman-character-v1\v001\clips\AN_RO_LieDown\a06-prep\draft11-tuck4-check\preview\f061-right.png'
Time: 00:00.10 (Saving: 00:00.05)

Saved: 'C:\Repos\mmo-asset-pipeline\tmp\art-quality-loop\runs\qa\ro-swordsman-character-v1\v001\clips\AN_RO_LieDown\a06-prep\draft11-tuck4-check\preview\f061-three-quarter.png'
Time: 00:00.10 (Saving: 00:00.05)

CV1_CLIP_CHECK {"clip": "AN_RO_LieDown", "samples": 205, "gates": {"clip_time_origin_zero": true, "helper_bones_not_keyed": true, "no_collapse": false, "hand_self_intersection_zero": true, "hand_other_new_intersection_zero": true, "feet_slide": true, "feet_penetration": true, "feet_float": true, "weapon_body_penetration": false, "grasp_functional": false, "sword_socket_pop": true, "bed_support_penetration": true, "bed_support_float": true, "bed_support_over_bed": true, "bed_clearance": false}, "failures": 25, "feet": {"L": [{"window": [16, 32], "slide_m": 4.684144172562376e-05, "penetration_m": 0.0, "float_m": 2.6570956833893433e-05}], "R": [{"window": [16, 32], "slide_m": 4.6782662487790755e-05, "penetration_m": 5.427156065707095e-05, "float_m": 0.0}]}, "loop_seam": null, "bed_support": {"samples": 57, "sets": {"back": {"penetration_m": 0.0, "float_m": 0.0010000944137573131, "off_bed_times": []}, "pelvis": {"penetration_m": 0.0, "float_m": 0.0009999752044677623, "off_bed_times": []}, "head_back": {"penetration_m": 0.0, "float_m": 0.0006641626358032116, "off_bed_times": []}, "calf.L": {"penetration_m": 0.0, "float_m": 0.0034369409084319957, "off_bed_times": []}, "calf.R": {"penetration_m": 0.0, "float_m": 0.004857021570205677, "off_bed_times": []}}}, "report_only": {"other_new_pairs_max": 4074, "min_triangle_area_ratio": 0.008567498670806988}}

Blender quit
