CV1_SCAN 44 [-0.205, 0.565, 1.008] [-0.498, 0.418, 0.788] spec 40.0
    {"swivel": -180, "flexion": 42.4, "pronation": 166.1, "swing": 48.8, "wrist_flex": 9.3, "wrist_dev": 37.9, "humeral": -173.5, "elbow_m": [-0.351, 0.412, 0.971]}
    {"swivel": -165, "flexion": 42.4, "pronation": 153.6, "swing": 42.3, "wrist_flex": 16.5, "wrist_dev": 29.7, "humeral": -156.7, "elbow_m": [-0.369, 0.429, 0.985]}
    {"swivel": -150, "flexion": 42.4, "pronation": 141.6, "swing": 36.5, "wrist_flex": 21.0, "wrist_dev": 19.8, "humeral": -139.8, "elbow_m": [-0.386, 0.45, 0.992]}
    {"swivel": -135, "flexion": 42.4, "pronation": 129.9, "swing": 32.4, "wrist_flex": 23.2, "wrist_dev": 8.4, "humeral": -122.9, "elbow_m": [-0.399, 0.475, 0.994]}
    {"swivel": -120, "flexion": 42.4, "pronation": 118.4, "swing": 30.6, "wrist_flex": 23.6, "wrist_dev": -4.2, "humeral": -106.1, "elbow_m": [-0.409, 0.501, 0.989]}
    {"swivel": -105, "flexion": 42.4, "pronation": 106.9, "swing": 31.9, "wrist_flex": 21.9, "wrist_dev": -16.8, "humeral": -89.7, "elbow_m": [-0.414, 0.527, 0.979]}
    {"swivel": -90, "flexion": 42.4, "pronation": 95.3, "swing": 35.6, "wrist_flex": 17.8, "wrist_dev": -28.7, "humeral": -73.7, "elbow_m": [-0.415, 0.551, 0.964]}
    {"swivel": -75, "flexion": 42.4, "pronation": 83.4, "swing": 41.1, "wrist_flex": 10.1, "wrist_dev": -39.0, "humeral": -58.1, "elbow_m": [-0.41, 0.571, 0.944]}
    {"swivel": -60, "flexion": 42.4, "pronation": 71.0, "swing": 47.6, "wrist_flex": -2.5, "wrist_dev": -47.5, "humeral": -43.0, "elbow_m": [-0.401, 0.585, 0.922]}
    {"swivel": -45, "flexion": 42.4, "pronation": 57.9, "swing": 54.4, "wrist_flex": -20.9, "wrist_dev": -54.4, "humeral": -28.4, "elbow_m": [-0.388, 0.594, 0.899]}
    {"swivel": -30, "flexion": 42.4, "pronation": 44.0, "swing": 61.2, "wrist_flex": -41.3, "wrist_dev": -59.7, "humeral": -14.2, "elbow_m": [-0.372, 0.596, 0.876]}
    {"swivel": -15, "flexion": 42.4, "pronation": 29.1, "swing": 67.6, "wrist_flex": -58.1, "wrist_dev": -63.5, "humeral": -0.4, "elbow_m": [-0.354, 0.592, 0.855]}
    {"swivel": 0, "flexion": 42.4, "pronation": 13.1, "swing": 73.4, "wrist_flex": -69.1, "wrist_dev": -65.5, "humeral": 13.2, "elbow_m": [-0.335, 0.58, 0.837]}
    {"swivel": 15, "flexion": 42.4, "pronation": -4.1, "swing": 78.2, "wrist_flex": -75.5, "wrist_dev": -64.5, "humeral": 26.5, "elbow_m": [-0.316, 0.563, 0.824]}
    {"swivel": 30, "flexion": 42.4, "pronation": -22.3, "swing": 81.9, "wrist_flex": -78.7, "wrist_dev": -56.7, "humeral": 39.8, "elbow_m": [-0.3, 0.542, 0.816]}
    {"swivel": 45, "flexion": 42.4, "pronation": -41.3, "swing": 84.3, "wrist_flex": -79.7, "wrist_dev": -26.0, "humeral": 53.1, "elbow_m": [-0.286, 0.517, 0.815]}
    {"swivel": 60, "flexion": 42.4, "pronation": -60.9, "swing": 85.2, "wrist_flex": -78.6, "wrist_dev": 30.7, "humeral": 66.5, "elbow_m": [-0.276, 0.491, 0.819]}
    {"swivel": 75, "flexion": 42.4, "pronation": -80.4, "swing": 84.5, "wrist_flex": -75.6, "wrist_dev": 52.7, "humeral": 80.2, "elbow_m": [-0.271, 0.465, 0.829]}
    {"swivel": 90, "flexion": 42.4, "pronation": -99.6, "swing": 82.4, "wrist_flex": -70.1, "wrist_dev": 58.4, "humeral": 94.1, "elbow_m": [-0.271, 0.442, 0.845]}
    {"swivel": 105, "flexion": 42.4, "pronation": -118.0, "swing": 79.0, "wrist_flex": -61.5, "wrist_dev": 58.9, "humeral": 108.3, "elbow_m": [-0.275, 0.422, 0.864]}
    {"swivel": 120, "flexion": 42.4, "pronation": -135.3, "swing": 74.3, "wrist_flex": -49.1, "wrist_dev": 57.2, "humeral": 123.1, "elbow_m": [-0.285, 0.407, 0.886]}
    {"swivel": 135, "flexion": 42.4, "pronation": -151.5, "swing": 68.7, "wrist_flex": -33.1, "wrist_dev": 54.2, "humeral": 138.2, "elbow_m": [-0.298, 0.398, 0.91]}
    {"swivel": 150, "flexion": 42.4, "pronation": -166.6, "swing": 62.4, "wrist_flex": -16.1, "wrist_dev": 50.0, "humeral": 153.9, "elbow_m": [-0.314, 0.396, 0.933]}
    {"swivel": 165, "flexion": 42.4, "pronation": 179.3, "swing": 55.7, "wrist_flex": -1.4, "wrist_dev": 44.6, "humeral": 170.0, "elbow_m": [-0.332, 0.401, 0.954]}
    {"swivel": 180, "flexion": 42.4, "pronation": 166.1, "swing": 48.8, "wrist_flex": 9.3, "wrist_dev": 37.9, "humeral": -173.5, "elbow_m": [-0.351, 0.412, 0.971]}
CV1_SCAN 47 [-0.205, 0.656, 1.008] [-0.531, 0.447, 0.834] spec 40.0
    {"swivel": -180, "flexion": 21.1, "pronation": 175.5, "swing": 55.9, "wrist_flex": 26.3, "wrist_dev": 40.9, "humeral": -162.7, "elbow_m": [-0.356, 0.506, 0.981]}
    {"swivel": -165, "flexion": 21.1, "pronation": 162.7, "swing": 51.9, "wrist_flex": 33.2, "wrist_dev": 31.7, "humeral": -145.9, "elbow_m": [-0.369, 0.518, 0.99]}
    {"swivel": -150, "flexion": 21.1, "pronation": 150.2, "swing": 48.8, "wrist_flex": 37.4, "wrist_dev": 19.6, "humeral": -129.1, "elbow_m": [-0.381, 0.533, 0.994]}
    {"swivel": -135, "flexion": 21.1, "pronation": 137.9, "swing": 47.1, "wrist_flex": 39.7, "wrist_dev": 4.6, "humeral": -112.3, "elbow_m": [-0.391, 0.55, 0.994]}
    {"swivel": -120, "flexion": 21.1, "pronation": 125.8, "swing": 46.8, "wrist_flex": 40.2, "wrist_dev": -12.2, "humeral": -95.7, "elbow_m": [-0.4, 0.567, 0.989]}
    {"swivel": -105, "flexion": 21.1, "pronation": 113.6, "swing": 48.1, "wrist_flex": 38.9, "wrist_dev": -28.2, "humeral": -79.5, "elbow_m": [-0.405, 0.583, 0.98]}
    {"swivel": -90, "flexion": 21.1, "pronation": 101.2, "swing": 50.7, "wrist_flex": 35.1, "wrist_dev": -41.5, "humeral": -63.6, "elbow_m": [-0.408, 0.598, 0.967]}
    {"swivel": -75, "flexion": 21.1, "pronation": 88.5, "swing": 54.4, "wrist_flex": 27.1, "wrist_dev": -51.8, "humeral": -48.3, "elbow_m": [-0.407, 0.61, 0.951]}
    {"swivel": -60, "flexion": 21.1, "pronation": 75.3, "swing": 58.8, "wrist_flex": 11.2, "wrist_dev": -59.4, "humeral": -33.4, "elbow_m": [-0.403, 0.618, 0.934]}
    {"swivel": -45, "flexion": 21.1, "pronation": 61.5, "swing": 63.6, "wrist_flex": -16.0, "wrist_dev": -65.0, "humeral": -19.0, "elbow_m": [-0.396, 0.622, 0.916]}
    {"swivel": -30, "flexion": 21.1, "pronation": 47.0, "swing": 68.3, "wrist_flex": -45.2, "wrist_dev": -68.9, "humeral": -4.9, "elbow_m": [-0.387, 0.622, 0.898]}
    {"swivel": -15, "flexion": 21.1, "pronation": 31.6, "swing": 72.8, "wrist_flex": -63.8, "wrist_dev": -71.3, "humeral": 8.8, "elbow_m": [-0.375, 0.617, 0.883]}
    {"swivel": 0, "flexion": 21.1, "pronation": 15.4, "swing": 76.9, "wrist_flex": -73.3, "wrist_dev": -71.8, "humeral": 22.3, "elbow_m": [-0.363, 0.608, 0.87]}
    {"swivel": 15, "flexion": 21.1, "pronation": -1.7, "swing": 80.1, "wrist_flex": -77.9, "wrist_dev": -69.0, "humeral": 35.7, "elbow_m": [-0.35, 0.596, 0.861]}
    {"swivel": 30, "flexion": 21.1, "pronation": -19.5, "swing": 82.5, "wrist_flex": -79.6, "wrist_dev": -57.7, "humeral": 49.0, "elbow_m": [-0.338, 0.581, 0.857]}
    {"swivel": 45, "flexion": 21.1, "pronation": -37.8, "swing": 83.8, "wrist_flex": -79.4, "wrist_dev": -15.9, "humeral": 62.4, "elbow_m": [-0.328, 0.564, 0.857]}
    {"swivel": 60, "flexion": 21.1, "pronation": -56.3, "swing": 84.0, "wrist_flex": -77.4, "wrist_dev": 38.5, "humeral": 75.9, "elbow_m": [-0.32, 0.547, 0.862]}
    {"swivel": 75, "flexion": 21.1, "pronation": -74.7, "swing": 83.1, "wrist_flex": -73.5, "wrist_dev": 55.3, "humeral": 89.7, "elbow_m": [-0.314, 0.531, 0.871]}
    {"swivel": 90, "flexion": 21.1, "pronation": -92.7, "swing": 81.1, "wrist_flex": -66.9, "wrist_dev": 59.9, "humeral": 103.8, "elbow_m": [-0.311, 0.516, 0.884]}
    {"swivel": 105, "flexion": 21.1, "pronation": -110.1, "swing": 78.1, "wrist_flex": -56.7, "wrist_dev": 60.6, "humeral": 118.2, "elbow_m": [-0.312, 0.504, 0.9]}
    {"swivel": 120, "flexion": 21.1, "pronation": -126.6, "swing": 74.3, "wrist_flex": -41.2, "wrist_dev": 59.3, "humeral": 133.2, "elbow_m": [-0.316, 0.496, 0.917]}
    {"swivel": 135, "flexion": 21.1, "pronation": -142.2, "swing": 69.9, "wrist_flex": -21.0, "wrist_dev": 56.7, "humeral": 148.5, "elbow_m": [-0.323, 0.492, 0.935]}
    {"swivel": 150, "flexion": 21.1, "pronation": -157.1, "swing": 65.2, "wrist_flex": -0.5, "wrist_dev": 52.9, "humeral": 164.4, "elbow_m": [-0.332, 0.492, 0.953]}
    {"swivel": 165, "flexion": 21.1, "pronation": -171.1, "swing": 60.4, "wrist_flex": 15.6, "wrist_dev": 47.8, "humeral": -179.3, "elbow_m": [-0.344, 0.497, 0.968]}
    {"swivel": 180, "flexion": 21.1, "pronation": 175.5, "swing": 55.9, "wrist_flex": 26.3, "wrist_dev": 40.9, "humeral": -162.7, "elbow_m": [-0.356, 0.506, 0.981]}
Blender 4.5.5 LTS (hash 836beaaf597a built 2025-11-18 01:33:26)
Read blend: "C:\Repos\mmo-asset-pipeline\tmp\art-quality-loop\assets\processed\ro-swordsman-character-v1\v001\b20-coatlie3\ro_character_v001_b20-coatlie3.blend"

Blender quit
