INFO Draco mesh compression is available, use library at C:\Program Files\Blender Foundation\Blender 4.5\4.5\scripts\addons_core\io_scene_gltf2\extern_draco.dll
10:59:08 | INFO: Starting glTF 2.0 export
10:59:08 | INFO: Extracting primitive: FX_BashArc
10:59:08 | INFO: Primitives created: 1
10:59:08 | INFO: Extracting primitive: FX_MagnumGroundRing
10:59:08 | INFO: Primitives created: 1
10:59:08 | INFO: Extracting primitive: FX_MagnumFlame00
10:59:08 | INFO: Primitives created: 1
10:59:08 | INFO: Extracting primitive: FX_MagnumFlame01
10:59:08 | INFO: Primitives created: 1
10:59:08 | INFO: Extracting primitive: FX_MagnumFlame02
10:59:08 | INFO: Primitives created: 1
10:59:08 | INFO: Extracting primitive: FX_MagnumFlame03
10:59:08 | INFO: Primitives created: 1
10:59:08 | INFO: Extracting primitive: FX_MagnumFlame04
10:59:08 | INFO: Primitives created: 1
10:59:08 | INFO: Extracting primitive: FX_MagnumFlame05
10:59:08 | INFO: Primitives created: 1
10:59:08 | INFO: Extracting primitive: FX_MagnumFlame06
10:59:08 | INFO: Primitives created: 1
10:59:08 | INFO: Extracting primitive: FX_MagnumFlame07
10:59:08 | INFO: Primitives created: 1
10:59:08 | INFO: Extracting primitive: FX_MagnumFlame08
10:59:08 | INFO: Primitives created: 1
10:59:08 | INFO: Extracting primitive: FX_MagnumFlame09
10:59:08 | INFO: Primitives created: 1
10:59:08 | INFO: Extracting primitive: FX_MagnumFlame10
10:59:08 | INFO: Primitives created: 1
10:59:08 | INFO: Extracting primitive: FX_MagnumFlame11
10:59:08 | INFO: Primitives created: 1
10:59:08 | INFO: Extracting primitive: FX_EndureHaloFront
10:59:08 | INFO: Primitives created: 1
10:59:08 | INFO: Extracting primitive: FX_EndureHaloSide
10:59:08 | INFO: Primitives created: 1
10:59:08 | INFO: Extracting primitive: FX_EndureGround
10:59:08 | INFO: Primitives created: 1
10:59:08 | INFO: Extracting primitive: FX_VictorySparkle00
10:59:08 | INFO: Primitives created: 1
10:59:08 | INFO: Extracting primitive: FX_VictorySparkle01
10:59:08 | INFO: Primitives created: 1
10:59:08 | INFO: Extracting primitive: FX_VictorySparkle02
10:59:08 | INFO: Primitives created: 1
10:59:08 | INFO: Extracting primitive: FX_VictorySparkle03
10:59:08 | INFO: Primitives created: 1
10:59:08 | INFO: Extracting primitive: FX_VictorySparkle04
10:59:08 | INFO: Primitives created: 1
10:59:08 | INFO: Extracting primitive: FX_VictorySparkle05
10:59:08 | INFO: Primitives created: 1
10:59:08 | INFO: Extracting primitive: FX_VictorySparkle06
10:59:08 | INFO: Primitives created: 1
10:59:08 | INFO: Extracting primitive: FX_VictorySparkle07
10:59:08 | INFO: Primitives created: 1
10:59:08 | INFO: Finished glTF 2.0 export in 0.06695413589477539 s
Blender 4.5.5 LTS (hash 836beaaf597a built 2025-11-18 01:33:26)
Read blend: "C:\Repos\mmo-asset-pipeline\tmp\art-quality-loop\assets\processed\ro-swordsman-character-v1\v001\b20-coatlie3\ro_character_v001_b20-coatlie3.blend"
Fra:108 Mem:273.49M (Peak 290.07M) | Time:00:01.72 | Rendering 1 / 64 samples
Fra:108 Mem:273.49M (Peak 290.07M) | Time:00:01.86 | Rendering 25 / 64 samples
Fra:108 Mem:273.49M (Peak 290.07M) | Time:00:02.00 | Rendering 50 / 64 samples
Fra:108 Mem:273.49M (Peak 290.07M) | Time:00:02.08 | Rendering 64 / 64 samples
Saved: 'C:\Repos\mmo-asset-pipeline\tmp\art-quality-loop\assets\processed\ro-swordsman-character-v1\v001\clips\AN_RO_Combo_Provoke_Bash_Magnum_Endure_Victory\a01\fx\preview\f108-fx.png'
Time: 00:02.33 (Saving: 00:00.22)

Fra:112 Mem:273.49M (Peak 278.50M) | Time:00:00.11 | Rendering 1 / 64 samples
Fra:112 Mem:273.49M (Peak 278.50M) | Time:00:00.28 | Rendering 25 / 64 samples
Fra:112 Mem:273.49M (Peak 278.50M) | Time:00:00.44 | Rendering 50 / 64 samples
Fra:112 Mem:273.49M (Peak 278.50M) | Time:00:00.54 | Rendering 64 / 64 samples
Saved: 'C:\Repos\mmo-asset-pipeline\tmp\art-quality-loop\assets\processed\ro-swordsman-character-v1\v001\clips\AN_RO_Combo_Provoke_Bash_Magnum_Endure_Victory\a01\fx\preview\f112-fx.png'
Time: 00:00.60 (Saving: 00:00.03)

Fra:176 Mem:273.49M (Peak 278.50M) | Time:00:00.11 | Rendering 1 / 64 samples
Fra:176 Mem:273.49M (Peak 278.50M) | Time:00:00.27 | Rendering 25 / 64 samples
Fra:176 Mem:273.49M (Peak 278.50M) | Time:00:00.42 | Rendering 50 / 64 samples
Fra:176 Mem:273.49M (Peak 278.50M) | Time:00:00.51 | Rendering 64 / 64 samples
Saved: 'C:\Repos\mmo-asset-pipeline\tmp\art-quality-loop\assets\processed\ro-swordsman-character-v1\v001\clips\AN_RO_Combo_Provoke_Bash_Magnum_Endure_Victory\a01\fx\preview\f176-fx.png'
Time: 00:00.57 (Saving: 00:00.04)

Fra:186 Mem:273.49M (Peak 278.50M) | Time:00:00.11 | Rendering 1 / 64 samples
Fra:186 Mem:273.49M (Peak 278.50M) | Time:00:00.26 | Rendering 25 / 64 samples
Fra:186 Mem:273.49M (Peak 278.50M) | Time:00:00.44 | Rendering 50 / 64 samples
Fra:186 Mem:273.49M (Peak 278.50M) | Time:00:00.56 | Rendering 64 / 64 samples
Saved: 'C:\Repos\mmo-asset-pipeline\tmp\art-quality-loop\assets\processed\ro-swordsman-character-v1\v001\clips\AN_RO_Combo_Provoke_Bash_Magnum_Endure_Victory\a01\fx\preview\f186-fx.png'
Time: 00:00.64 (Saving: 00:00.05)

Fra:225 Mem:273.49M (Peak 278.50M) | Time:00:00.13 | Rendering 1 / 64 samples
Fra:225 Mem:273.49M (Peak 278.50M) | Time:00:00.34 | Rendering 25 / 64 samples
Fra:225 Mem:273.49M (Peak 278.50M) | Time:00:00.55 | Rendering 50 / 64 samples
Fra:225 Mem:273.49M (Peak 278.50M) | Time:00:00.67 | Rendering 64 / 64 samples
Saved: 'C:\Repos\mmo-asset-pipeline\tmp\art-quality-loop\assets\processed\ro-swordsman-character-v1\v001\clips\AN_RO_Combo_Provoke_Bash_Magnum_Endure_Victory\a01\fx\preview\f225-fx.png'
Time: 00:00.74 (Saving: 00:00.04)

Fra:272 Mem:273.49M (Peak 278.50M) | Time:00:00.11 | Rendering 1 / 64 samples
Fra:272 Mem:273.49M (Peak 278.50M) | Time:00:00.22 | Rendering 25 / 64 samples
Fra:272 Mem:273.49M (Peak 278.50M) | Time:00:00.34 | Rendering 50 / 64 samples
Fra:272 Mem:273.49M (Peak 278.50M) | Time:00:00.41 | Rendering 64 / 64 samples
Saved: 'C:\Repos\mmo-asset-pipeline\tmp\art-quality-loop\assets\processed\ro-swordsman-character-v1\v001\clips\AN_RO_Combo_Provoke_Bash_Magnum_Endure_Victory\a01\fx\preview\f272-fx.png'
Time: 00:00.48 (Saving: 00:00.04)


CV1_FX_LAYER {"objects": 25, "triangles": 344, "glb": "assets/processed/ro-swordsman-character-v1/v001/clips/AN_RO_Combo_Provoke_Bash_Magnum_Endure_Victory/a01/fx/ro_skill_effects.glb", "previews": [108, 112, 176, 186, 225, 272]}

Blender quit
