Blender 4.5.5 LTS (hash 836beaaf597a built 2025-11-18 01:33:26)
Read blend: "C:\Repos\mmo-asset-pipeline\tmp\art-quality-loop\assets\processed\ro-swordsman-character-v1\v001\b20-coatlie3\ro_character_v001_b20-coatlie3.blend"
Saved: 'C:\Repos\mmo-asset-pipeline\tmp\art-quality-loop\runs\qa\ro-swordsman-character-v1\v001\clips\AN_RO_Combo_Provoke_Bash_Magnum_Endure_Victory\a01-preview\preview\f000-front.png'
Time: 00:01.25 (Saving: 00:00.30)

Saved: 'C:\Repos\mmo-asset-pipeline\tmp\art-quality-loop\runs\qa\ro-swordsman-character-v1\v001\clips\AN_RO_Combo_Provoke_Bash_Magnum_Endure_Victory\a01-preview\preview\f000-right.png'
Time: 00:00.09 (Saving: 00:00.03)

Saved: 'C:\Repos\mmo-asset-pipeline\tmp\art-quality-loop\runs\qa\ro-swordsman-character-v1\v001\clips\AN_RO_Combo_Provoke_Bash_Magnum_Endure_Victory\a01-preview\preview\f000-three-quarter.png'
Time: 00:00.07 (Saving: 00:00.03)

Saved: 'C:\Repos\mmo-asset-pipeline\tmp\art-quality-loop\runs\qa\ro-swordsman-character-v1\v001\clips\AN_RO_Combo_Provoke_Bash_Magnum_Endure_Victory\a01-preview\preview\f024-front.png'
Time: 00:00.06 (Saving: 00:00.03)

Saved: 'C:\Repos\mmo-asset-pipeline\tmp\art-quality-loop\runs\qa\ro-swordsman-character-v1\v001\clips\AN_RO_Combo_Provoke_Bash_Magnum_Endure_Victory\a01-preview\preview\f024-right.png'
Time: 00:00.06 (Saving: 00:00.02)

Saved: 'C:\Repos\mmo-asset-pipeline\tmp\art-quality-loop\runs\qa\ro-swordsman-character-v1\v001\clips\AN_RO_Combo_Provoke_Bash_Magnum_Endure_Victory\a01-preview\preview\f024-three-quarter.png'
Time: 00:00.06 (Saving: 00:00.03)

Saved: 'C:\Repos\mmo-asset-pipeline\tmp\art-quality-loop\runs\qa\ro-swordsman-character-v1\v001\clips\AN_RO_Combo_Provoke_Bash_Magnum_Endure_Victory\a01-preview\preview\f045-front.png'
Time: 00:00.07 (Saving: 00:00.03)

Saved: 'C:\Repos\mmo-asset-pipeline\tmp\art-quality-loop\runs\qa\ro-swordsman-character-v1\v001\clips\AN_RO_Combo_Provoke_Bash_Magnum_Endure_Victory\a01-preview\preview\f045-right.png'
Time: 00:00.06 (Saving: 00:00.03)

Saved: 'C:\Repos\mmo-asset-pipeline\tmp\art-quality-loop\runs\qa\ro-swordsman-character-v1\v001\clips\AN_RO_Combo_Provoke_Bash_Magnum_Endure_Victory\a01-preview\preview\f045-three-quarter.png'
Time: 00:00.07 (Saving: 00:00.03)

Saved: 'C:\Repos\mmo-asset-pipeline\tmp\art-quality-loop\runs\qa\ro-swordsman-character-v1\v001\clips\AN_RO_Combo_Provoke_Bash_Magnum_Endure_Victory\a01-preview\preview\f080-front.png'
Time: 00:00.07 (Saving: 00:00.03)

Saved: 'C:\Repos\mmo-asset-pipeline\tmp\art-quality-loop\runs\qa\ro-swordsman-character-v1\v001\clips\AN_RO_Combo_Provoke_Bash_Magnum_Endure_Victory\a01-preview\preview\f080-right.png'
Time: 00:00.06 (Saving: 00:00.03)

Saved: 'C:\Repos\mmo-asset-pipeline\tmp\art-quality-loop\runs\qa\ro-swordsman-character-v1\v001\clips\AN_RO_Combo_Provoke_Bash_Magnum_Endure_Victory\a01-preview\preview\f080-three-quarter.png'
Time: 00:00.06 (Saving: 00:00.03)

Saved: 'C:\Repos\mmo-asset-pipeline\tmp\art-quality-loop\runs\qa\ro-swordsman-character-v1\v001\clips\AN_RO_Combo_Provoke_Bash_Magnum_Endure_Victory\a01-preview\preview\f100-front.png'
Time: 00:00.06 (Saving: 00:00.03)

Saved: 'C:\Repos\mmo-asset-pipeline\tmp\art-quality-loop\runs\qa\ro-swordsman-character-v1\v001\clips\AN_RO_Combo_Provoke_Bash_Magnum_Endure_Victory\a01-preview\preview\f100-right.png'
Time: 00:00.06 (Saving: 00:00.03)

Saved: 'C:\Repos\mmo-asset-pipeline\tmp\art-quality-loop\runs\qa\ro-swordsman-character-v1\v001\clips\AN_RO_Combo_Provoke_Bash_Magnum_Endure_Victory\a01-preview\preview\f100-three-quarter.png'
Time: 00:00.07 (Saving: 00:00.03)

Saved: 'C:\Repos\mmo-asset-pipeline\tmp\art-quality-loop\runs\qa\ro-swordsman-character-v1\v001\clips\AN_RO_Combo_Provoke_Bash_Magnum_Endure_Victory\a01-preview\preview\f112-front.png'
Time: 00:00.07 (Saving: 00:00.03)

Saved: 'C:\Repos\mmo-asset-pipeline\tmp\art-quality-loop\runs\qa\ro-swordsman-character-v1\v001\clips\AN_RO_Combo_Provoke_Bash_Magnum_Endure_Victory\a01-preview\preview\f112-right.png'
Time: 00:00.07 (Saving: 00:00.03)

Saved: 'C:\Repos\mmo-asset-pipeline\tmp\art-quality-loop\runs\qa\ro-swordsman-character-v1\v001\clips\AN_RO_Combo_Provoke_Bash_Magnum_Endure_Victory\a01-preview\preview\f112-three-quarter.png'
Time: 00:00.07 (Saving: 00:00.03)

Saved: 'C:\Repos\mmo-asset-pipeline\tmp\art-quality-loop\runs\qa\ro-swordsman-character-v1\v001\clips\AN_RO_Combo_Provoke_Bash_Magnum_Endure_Victory\a01-preview\preview\f130-front.png'
Time: 00:00.07 (Saving: 00:00.03)

Saved: 'C:\Repos\mmo-asset-pipeline\tmp\art-quality-loop\runs\qa\ro-swordsman-character-v1\v001\clips\AN_RO_Combo_Provoke_Bash_Magnum_Endure_Victory\a01-preview\preview\f130-right.png'
Time: 00:00.06 (Saving: 00:00.03)

Saved: 'C:\Repos\mmo-asset-pipeline\tmp\art-quality-loop\runs\qa\ro-swordsman-character-v1\v001\clips\AN_RO_Combo_Provoke_Bash_Magnum_Endure_Victory\a01-preview\preview\f130-three-quarter.png'
Time: 00:00.07 (Saving: 00:00.03)

Saved: 'C:\Repos\mmo-asset-pipeline\tmp\art-quality-loop\runs\qa\ro-swordsman-character-v1\v001\clips\AN_RO_Combo_Provoke_Bash_Magnum_Endure_Victory\a01-preview\preview\f160-front.png'
Time: 00:00.07 (Saving: 00:00.03)

Saved: 'C:\Repos\mmo-asset-pipeline\tmp\art-quality-loop\runs\qa\ro-swordsman-character-v1\v001\clips\AN_RO_Combo_Provoke_Bash_Magnum_Endure_Victory\a01-preview\preview\f160-right.png'
Time: 00:00.07 (Saving: 00:00.03)

Saved: 'C:\Repos\mmo-asset-pipeline\tmp\art-quality-loop\runs\qa\ro-swordsman-character-v1\v001\clips\AN_RO_Combo_Provoke_Bash_Magnum_Endure_Victory\a01-preview\preview\f160-three-quarter.png'
Time: 00:00.09 (Saving: 00:00.05)

Saved: 'C:\Repos\mmo-asset-pipeline\tmp\art-quality-loop\runs\qa\ro-swordsman-character-v1\v001\clips\AN_RO_Combo_Provoke_Bash_Magnum_Endure_Victory\a01-preview\preview\f172-front.png'
Time: 00:00.07 (Saving: 00:00.03)

Saved: 'C:\Repos\mmo-asset-pipeline\tmp\art-quality-loop\runs\qa\ro-swordsman-character-v1\v001\clips\AN_RO_Combo_Provoke_Bash_Magnum_Endure_Victory\a01-preview\preview\f172-right.png'
Time: 00:00.07 (Saving: 00:00.03)

Saved: 'C:\Repos\mmo-asset-pipeline\tmp\art-quality-loop\runs\qa\ro-swordsman-character-v1\v001\clips\AN_RO_Combo_Provoke_Bash_Magnum_Endure_Victory\a01-preview\preview\f172-three-quarter.png'
Time: 00:00.07 (Saving: 00:00.03)

Saved: 'C:\Repos\mmo-asset-pipeline\tmp\art-quality-loop\runs\qa\ro-swordsman-character-v1\v001\clips\AN_RO_Combo_Provoke_Bash_Magnum_Endure_Victory\a01-preview\preview\f215-front.png'
Time: 00:00.08 (Saving: 00:00.03)

Saved: 'C:\Repos\mmo-asset-pipeline\tmp\art-quality-loop\runs\qa\ro-swordsman-character-v1\v001\clips\AN_RO_Combo_Provoke_Bash_Magnum_Endure_Victory\a01-preview\preview\f215-right.png'
Time: 00:00.08 (Saving: 00:00.04)

Saved: 'C:\Repos\mmo-asset-pipeline\tmp\art-quality-loop\runs\qa\ro-swordsman-character-v1\v001\clips\AN_RO_Combo_Provoke_Bash_Magnum_Endure_Victory\a01-preview\preview\f215-three-quarter.png'
Time: 00:00.07 (Saving: 00:00.03)

Saved: 'C:\Repos\mmo-asset-pipeline\tmp\art-quality-loop\runs\qa\ro-swordsman-character-v1\v001\clips\AN_RO_Combo_Provoke_Bash_Magnum_Endure_Victory\a01-preview\preview\f268-front.png'
Time: 00:00.07 (Saving: 00:00.03)

Saved: 'C:\Repos\mmo-asset-pipeline\tmp\art-quality-loop\runs\qa\ro-swordsman-character-v1\v001\clips\AN_RO_Combo_Provoke_Bash_Magnum_Endure_Victory\a01-preview\preview\f268-right.png'
Time: 00:00.07 (Saving: 00:00.03)

Saved: 'C:\Repos\mmo-asset-pipeline\tmp\art-quality-loop\runs\qa\ro-swordsman-character-v1\v001\clips\AN_RO_Combo_Provoke_Bash_Magnum_Endure_Victory\a01-preview\preview\f268-three-quarter.png'
Time: 00:00.08 (Saving: 00:00.04)

Saved: 'C:\Repos\mmo-asset-pipeline\tmp\art-quality-loop\runs\qa\ro-swordsman-character-v1\v001\clips\AN_RO_Combo_Provoke_Bash_Magnum_Endure_Victory\a01-preview\preview\f290-front.png'
Time: 00:00.07 (Saving: 00:00.03)

Saved: 'C:\Repos\mmo-asset-pipeline\tmp\art-quality-loop\runs\qa\ro-swordsman-character-v1\v001\clips\AN_RO_Combo_Provoke_Bash_Magnum_Endure_Victory\a01-preview\preview\f290-right.png'
Time: 00:00.08 (Saving: 00:00.04)

Saved: 'C:\Repos\mmo-asset-pipeline\tmp\art-quality-loop\runs\qa\ro-swordsman-character-v1\v001\clips\AN_RO_Combo_Provoke_Bash_Magnum_Endure_Victory\a01-preview\preview\f290-three-quarter.png'
Time: 00:00.07 (Saving: 00:00.03)

CV1_CLIP_PREVIEW {"frames": [0, 24, 45, 80, 100, 112, 130, 160, 172, 215, 268, 290]}
