INFO Draco mesh compression is available, use library at C:\Program Files\Blender Foundation\Blender 4.5\4.5\scripts\addons_core\io_scene_gltf2\extern_draco.dll
11:42:29 | INFO: Starting glTF 2.0 export
11:42:29 | INFO: Extracting primitive: FX_BashArc
11:42:29 | INFO: Primitives created: 1
11:42:29 | INFO: Extracting primitive: FX_MagnumGroundRing
11:42:29 | INFO: Primitives created: 1
11:42:29 | INFO: Extracting primitive: FX_MagnumFlame00
11:42:29 | INFO: Primitives created: 1
11:42:29 | INFO: Extracting primitive: FX_MagnumFlame01
11:42:29 | INFO: Primitives created: 1
11:42:29 | INFO: Extracting primitive: FX_MagnumFlame02
11:42:29 | INFO: Primitives created: 1
11:42:29 | INFO: Extracting primitive: FX_MagnumFlame03
11:42:29 | INFO: Primitives created: 1
11:42:29 | INFO: Extracting primitive: FX_MagnumFlame04
11:42:29 | INFO: Primitives created: 1
11:42:29 | INFO: Extracting primitive: FX_MagnumFlame05
11:42:29 | INFO: Primitives created: 1
11:42:29 | INFO: Extracting primitive: FX_MagnumFlame06
11:42:29 | INFO: Primitives created: 1
11:42:29 | INFO: Extracting primitive: FX_MagnumFlame07
11:42:29 | INFO: Primitives created: 1
11:42:29 | INFO: Extracting primitive: FX_MagnumFlame08
11:42:29 | INFO: Primitives created: 1
11:42:29 | INFO: Extracting primitive: FX_MagnumFlame09
11:42:29 | INFO: Primitives created: 1
11:42:29 | INFO: Extracting primitive: FX_MagnumFlame10
11:42:29 | INFO: Primitives created: 1
11:42:29 | INFO: Extracting primitive: FX_MagnumFlame11
11:42:29 | INFO: Primitives created: 1
11:42:29 | INFO: Extracting primitive: FX_EndureHaloFront
11:42:29 | INFO: Primitives created: 1
11:42:29 | INFO: Extracting primitive: FX_EndureHaloSide
11:42:29 | INFO: Primitives created: 1
11:42:29 | INFO: Extracting primitive: FX_EndureGround
11:42:29 | INFO: Primitives created: 1
11:42:29 | INFO: Extracting primitive: FX_VictorySparkle00
11:42:29 | INFO: Primitives created: 1
11:42:29 | INFO: Extracting primitive: FX_VictorySparkle01
11:42:29 | INFO: Primitives created: 1
11:42:29 | INFO: Extracting primitive: FX_VictorySparkle02
11:42:29 | INFO: Primitives created: 1
11:42:29 | INFO: Extracting primitive: FX_VictorySparkle03
11:42:29 | INFO: Primitives created: 1
11:42:29 | INFO: Extracting primitive: FX_VictorySparkle04
11:42:29 | INFO: Primitives created: 1
11:42:29 | INFO: Extracting primitive: FX_VictorySparkle05
11:42:29 | INFO: Primitives created: 1
11:42:29 | INFO: Extracting primitive: FX_VictorySparkle06
11:42:29 | INFO: Primitives created: 1
11:42:29 | INFO: Extracting primitive: FX_VictorySparkle07
11:42:29 | INFO: Primitives created: 1
11:42:29 | INFO: Finished glTF 2.0 export in 0.06848311424255371 s
Blender 4.5.5 LTS (hash 836beaaf597a built 2025-11-18 01:33:26)
Read blend: "C:\Repos\mmo-asset-pipeline\tmp\art-quality-loop\assets\processed\ro-swordsman-character-v1\v001\b20-coatlie3\ro_character_v001_b20-coatlie3.blend"
Fra:104 Mem:273.49M (Peak 290.07M) | Time:00:01.26 | Rendering 1 / 64 samples
Fra:104 Mem:273.49M (Peak 290.07M) | Time:00:01.38 | Rendering 25 / 64 samples
Fra:104 Mem:273.49M (Peak 290.07M) | Time:00:01.50 | Rendering 50 / 64 samples
Fra:104 Mem:273.49M (Peak 290.07M) | Time:00:01.56 | Rendering 64 / 64 samples
Saved: 'C:\Repos\mmo-asset-pipeline\tmp\art-quality-loop\assets\processed\ro-swordsman-character-v1\v001\clips\AN_RO_Combo_Provoke_Bash_Magnum_Endure_Victory\a04\fx\preview\f104-fx.png'
Time: 00:01.77 (Saving: 00:00.18)

Fra:112 Mem:273.49M (Peak 278.50M) | Time:00:00.10 | Rendering 1 / 64 samples
Fra:112 Mem:273.49M (Peak 278.50M) | Time:00:00.24 | Rendering 25 / 64 samples
Fra:112 Mem:273.49M (Peak 278.50M) | Time:00:00.38 | Rendering 50 / 64 samples
Fra:112 Mem:273.49M (Peak 278.50M) | Time:00:00.46 | Rendering 64 / 64 samples
Saved: 'C:\Repos\mmo-asset-pipeline\tmp\art-quality-loop\assets\processed\ro-swordsman-character-v1\v001\clips\AN_RO_Combo_Provoke_Bash_Magnum_Endure_Victory\a04\fx\preview\f112-fx.png'
Time: 00:00.52 (Saving: 00:00.04)

Fra:176 Mem:273.49M (Peak 278.50M) | Time:00:00.10 | Rendering 1 / 64 samples
Fra:176 Mem:273.49M (Peak 278.50M) | Time:00:00.24 | Rendering 25 / 64 samples
Fra:176 Mem:273.49M (Peak 278.50M) | Time:00:00.38 | Rendering 50 / 64 samples
Fra:176 Mem:273.49M (Peak 278.50M) | Time:00:00.47 | Rendering 64 / 64 samples
Saved: 'C:\Repos\mmo-asset-pipeline\tmp\art-quality-loop\assets\processed\ro-swordsman-character-v1\v001\clips\AN_RO_Combo_Provoke_Bash_Magnum_Endure_Victory\a04\fx\preview\f176-fx.png'
Time: 00:00.52 (Saving: 00:00.03)

Fra:186 Mem:273.49M (Peak 278.50M) | Time:00:00.10 | Rendering 1 / 64 samples
Fra:186 Mem:273.49M (Peak 278.50M) | Time:00:00.25 | Rendering 25 / 64 samples
Fra:186 Mem:273.49M (Peak 278.50M) | Time:00:00.40 | Rendering 50 / 64 samples
Fra:186 Mem:273.49M (Peak 278.50M) | Time:00:00.49 | Rendering 64 / 64 samples
Saved: 'C:\Repos\mmo-asset-pipeline\tmp\art-quality-loop\assets\processed\ro-swordsman-character-v1\v001\clips\AN_RO_Combo_Provoke_Bash_Magnum_Endure_Victory\a04\fx\preview\f186-fx.png'
Time: 00:00.55 (Saving: 00:00.03)

Fra:225 Mem:273.49M (Peak 278.50M) | Time:00:00.11 | Rendering 1 / 64 samples
Fra:225 Mem:273.49M (Peak 278.50M) | Time:00:00.29 | Rendering 25 / 64 samples
Fra:225 Mem:273.49M (Peak 278.50M) | Time:00:00.48 | Rendering 50 / 64 samples
Fra:225 Mem:273.49M (Peak 278.50M) | Time:00:00.59 | Rendering 64 / 64 samples
Saved: 'C:\Repos\mmo-asset-pipeline\tmp\art-quality-loop\assets\processed\ro-swordsman-character-v1\v001\clips\AN_RO_Combo_Provoke_Bash_Magnum_Endure_Victory\a04\fx\preview\f225-fx.png'
Time: 00:00.66 (Saving: 00:00.04)

Fra:272 Mem:273.49M (Peak 278.50M) | Time:00:00.11 | Rendering 1 / 64 samples
Fra:272 Mem:273.49M (Peak 278.50M) | Time:00:00.22 | Rendering 25 / 64 samples
Fra:272 Mem:273.49M (Peak 278.50M) | Time:00:00.33 | Rendering 50 / 64 samples
Fra:272 Mem:273.49M (Peak 278.50M) | Time:00:00.40 | Rendering 64 / 64 samples
Saved: 'C:\Repos\mmo-asset-pipeline\tmp\art-quality-loop\assets\processed\ro-swordsman-character-v1\v001\clips\AN_RO_Combo_Provoke_Bash_Magnum_Endure_Victory\a04\fx\preview\f272-fx.png'
Time: 00:00.46 (Saving: 00:00.04)


CV1_FX_LAYER {"objects": 25, "triangles": 344, "glb": "assets/processed/ro-swordsman-character-v1/v001/clips/AN_RO_Combo_Provoke_Bash_Magnum_Endure_Victory/a04/fx/ro_skill_effects.glb", "previews": [104, 112, 176, 186, 225, 272]}

Blender quit
