INFO Draco mesh compression is available, use library at C:\Program Files\Blender Foundation\Blender 4.5\4.5\scripts\addons_core\io_scene_gltf2\extern_draco.dll
11:59:40 | INFO: Starting glTF 2.0 export
11:59:40 | INFO: Extracting primitive: model.008
11:59:40 | WARNING: More than one shader node tex image used for a texture. The resulting glTF sampler will behave like the first shader node tex image.
11:59:40 | INFO: Primitives created: 1
11:59:40 | INFO: Extracting primitive: model.006
11:59:40 | INFO: Primitives created: 1
11:59:40 | INFO: Extracting primitive: model.002
11:59:40 | INFO: Primitives created: 1
11:59:40 | INFO: Extracting primitive: model
11:59:41 | WARNING: More than one shader node tex image used for a texture. The resulting glTF sampler will behave like the first shader node tex image.
11:59:41 | INFO: Primitives created: 1
11:59:41 | INFO: Extracting primitive: model.004
11:59:41 | INFO: Primitives created: 1
11:59:41 | INFO: Extracting primitive: RO_hand_L
11:59:41 | WARNING: More than one shader node tex image used for a texture. The resulting glTF sampler will behave like the first shader node tex image.
11:59:41 | INFO: Primitives created: 1
11:59:41 | INFO: Extracting primitive: RO_hand_R
11:59:41 | INFO: Primitives created: 1
11:59:41 | INFO: Extracting primitive: model.001
11:59:41 | INFO: Primitives created: 1
11:59:41 | INFO: Extracting primitive: model.005
11:59:42 | INFO: Primitives created: 1
11:59:42 | INFO: Extracting primitive: model.007
11:59:42 | INFO: Primitives created: 1
11:59:43 | INFO: Finished glTF 2.0 export in 3.691049098968506 s

11:59:49 | INFO: Starting glTF 2.0 export
11:59:49 | INFO: Extracting primitive: model.008
11:59:49 | INFO: Primitives created: 1
11:59:49 | INFO: Extracting primitive: model.006
11:59:49 | INFO: Primitives created: 1
11:59:49 | INFO: Extracting primitive: model.002
11:59:49 | INFO: Primitives created: 1
11:59:49 | INFO: Extracting primitive: model
11:59:50 | INFO: Primitives created: 1
11:59:50 | INFO: Extracting primitive: model.004
11:59:50 | INFO: Primitives created: 1
11:59:50 | INFO: Extracting primitive: RO_hand_L
11:59:50 | INFO: Primitives created: 1
11:59:50 | INFO: Extracting primitive: RO_hand_R
11:59:50 | INFO: Primitives created: 1
11:59:50 | INFO: Extracting primitive: model.001
11:59:50 | INFO: Primitives created: 1
11:59:50 | INFO: Extracting primitive: model.005
11:59:50 | INFO: Primitives created: 1
11:59:50 | INFO: Extracting primitive: model.007
11:59:50 | INFO: Primitives created: 1
11:59:54 | INFO: Finished glTF 2.0 export in 4.8491575717926025 s

CV1_EXPORT_CLIP {"clip": "AN_RO_Combo_Provoke_Bash_Magnum_Endure_Victory", "blocks": 55, "glb_bytes": [28673668, 4092752], "half_frames": [112.5, 172.5, 268.5]}
Blender 4.5.5 LTS (hash 836beaaf597a built 2025-11-18 01:33:26)
Read blend: "C:\Repos\mmo-asset-pipeline\tmp\art-quality-loop\assets\processed\ro-swordsman-character-v1\v001\b20-coatlie3\ro_character_v001_b20-coatlie3.blend"

Blender quit
