INFO Draco mesh compression is available, use library at C:\Program Files\Blender Foundation\Blender 4.5\4.5\scripts\addons_core\io_scene_gltf2\extern_draco.dll
14:21:08 | INFO: Starting glTF 2.0 export
14:21:08 | INFO: Extracting primitive: model.008
14:21:08 | WARNING: More than one shader node tex image used for a texture. The resulting glTF sampler will behave like the first shader node tex image.
14:21:08 | INFO: Primitives created: 1
14:21:08 | INFO: Extracting primitive: model.006
14:21:08 | INFO: Primitives created: 1
14:21:08 | INFO: Extracting primitive: model.002
14:21:09 | INFO: Primitives created: 1
14:21:09 | INFO: Extracting primitive: model
14:21:10 | WARNING: More than one shader node tex image used for a texture. The resulting glTF sampler will behave like the first shader node tex image.
14:21:10 | INFO: Primitives created: 1
14:21:10 | INFO: Extracting primitive: model.004
14:21:10 | INFO: Primitives created: 1
14:21:10 | INFO: Extracting primitive: RO_hand_L
14:21:11 | WARNING: More than one shader node tex image used for a texture. The resulting glTF sampler will behave like the first shader node tex image.
14:21:11 | INFO: Primitives created: 1
14:21:11 | INFO: Extracting primitive: RO_hand_R
14:21:11 | INFO: Primitives created: 1
14:21:11 | INFO: Extracting primitive: model.001
14:21:11 | INFO: Primitives created: 1
14:21:11 | INFO: Extracting primitive: model.005
14:21:11 | INFO: Primitives created: 1
14:21:11 | INFO: Extracting primitive: model.007
14:21:11 | INFO: Primitives created: 1
14:21:13 | INFO: Finished glTF 2.0 export in 5.081623315811157 s

14:21:16 | INFO: Starting glTF 2.0 export
14:21:16 | INFO: Extracting primitive: model.008
14:21:16 | INFO: Primitives created: 1
14:21:16 | INFO: Extracting primitive: model.006
14:21:17 | INFO: Primitives created: 1
14:21:17 | INFO: Extracting primitive: model.002
14:21:17 | INFO: Primitives created: 1
14:21:17 | INFO: Extracting primitive: model
14:21:17 | INFO: Primitives created: 1
14:21:17 | INFO: Extracting primitive: model.004
14:21:17 | INFO: Primitives created: 1
14:21:17 | INFO: Extracting primitive: RO_hand_L
14:21:17 | INFO: Primitives created: 1
14:21:17 | INFO: Extracting primitive: RO_hand_R
14:21:18 | INFO: Primitives created: 1
14:21:18 | INFO: Extracting primitive: model.001
14:21:18 | INFO: Primitives created: 1
14:21:18 | INFO: Extracting primitive: model.005
14:21:18 | INFO: Primitives created: 1
14:21:18 | INFO: Extracting primitive: model.007
14:21:18 | INFO: Primitives created: 1
14:21:19 | INFO: Finished glTF 2.0 export in 2.343332052230835 s

CV1_EXPORT_CLIP {"clip": "AN_RO_Sleep_Loop", "blocks": 32, "glb_bytes": [28376328, 3759628], "half_frames": []}
Blender 4.5.5 LTS (hash 836beaaf597a built 2025-11-18 01:33:26)
Read blend: "C:\Repos\mmo-asset-pipeline\tmp\art-quality-loop\assets\processed\ro-swordsman-character-v1\v001\b20-coatlie3\ro_character_v001_b20-coatlie3.blend"

Blender quit
