Blender 4.5.5 LTS (hash 836beaaf597a built 2025-11-18 01:33:26)
Read blend: "C:\Repos\mmo-asset-pipeline\tmp\art-quality-loop\assets\processed\ro-swordsman-combo-r007\baseline\ro_hand_structure_baseline.blend"
Fra:1 Mem:297.92M (Peak 312.49M) | Time:00:00.78 | Rendering 1 / 64 samples
Fra:1 Mem:297.92M (Peak 312.49M) | Time:00:00.90 | Rendering 25 / 64 samples
Fra:1 Mem:297.92M (Peak 312.49M) | Time:00:01.02 | Rendering 50 / 64 samples
Fra:1 Mem:297.92M (Peak 312.49M) | Time:00:01.08 | Rendering 64 / 64 samples
Saved: 'C:\Repos\mmo-asset-pipeline\tmp\art-quality-loop\runs\qa\ro-swordsman-combo-r008\baseline\front.png'
Time: 00:01.33 (Saving: 00:00.22)

Fra:1 Mem:297.92M (Peak 303.07M) | Time:00:00.08 | Rendering 1 / 64 samples
Fra:1 Mem:297.92M (Peak 303.07M) | Time:00:00.19 | Rendering 25 / 64 samples
Fra:1 Mem:297.92M (Peak 303.07M) | Time:00:00.31 | Rendering 50 / 64 samples
Fra:1 Mem:297.92M (Peak 303.07M) | Time:00:00.38 | Rendering 64 / 64 samples
Saved: 'C:\Repos\mmo-asset-pipeline\tmp\art-quality-loop\runs\qa\ro-swordsman-combo-r008\baseline\side.png'
Time: 00:00.52 (Saving: 00:00.11)

Fra:1 Mem:297.92M (Peak 303.07M) | Time:00:00.08 | Rendering 1 / 64 samples
Fra:1 Mem:297.92M (Peak 303.07M) | Time:00:00.20 | Rendering 25 / 64 samples
Fra:1 Mem:297.92M (Peak 303.07M) | Time:00:00.32 | Rendering 50 / 64 samples
Fra:1 Mem:297.92M (Peak 303.07M) | Time:00:00.39 | Rendering 64 / 64 samples
Saved: 'C:\Repos\mmo-asset-pipeline\tmp\art-quality-loop\runs\qa\ro-swordsman-combo-r008\baseline\back.png'
Time: 00:00.53 (Saving: 00:00.11)

Fra:1 Mem:297.92M (Peak 303.07M) | Time:00:00.08 | Rendering 1 / 64 samples
Fra:1 Mem:297.92M (Peak 303.07M) | Time:00:00.20 | Rendering 25 / 64 samples
Fra:1 Mem:297.92M (Peak 303.07M) | Time:00:00.33 | Rendering 50 / 64 samples
Fra:1 Mem:297.92M (Peak 303.07M) | Time:00:00.40 | Rendering 64 / 64 samples
Saved: 'C:\Repos\mmo-asset-pipeline\tmp\art-quality-loop\runs\qa\ro-swordsman-combo-r008\baseline\three-quarter.png'
Time: 00:00.55 (Saving: 00:00.12)

Fra:1 Mem:297.92M (Peak 303.07M) | Time:00:00.08 | Rendering 1 / 64 samples
Fra:1 Mem:297.92M (Peak 303.07M) | Time:00:00.17 | Rendering 25 / 64 samples
Fra:1 Mem:297.92M (Peak 303.07M) | Time:00:00.26 | Rendering 50 / 64 samples
Fra:1 Mem:297.92M (Peak 303.07M) | Time:00:00.31 | Rendering 64 / 64 samples
Saved: 'C:\Repos\mmo-asset-pipeline\tmp\art-quality-loop\runs\qa\ro-swordsman-combo-r008\baseline\detail.png'
Time: 00:00.45 (Saving: 00:00.11)

R008_BASELINE {"triangles": 57039, "bones": 53, "anchors": 25, "domain": 203, "candidate_started": "v001", "scores_changed": false}

Blender quit
