Blender 4.5.5 LTS (hash 836beaaf597a built 2025-11-18 01:33:26)
Read blend: "C:\Repos\mmo-asset-pipeline\tmp\art-quality-loop\assets\processed\ro-swordsman-combo-r008\v002-direction\right_hand_vectors_direction.blend"
Fra:1 Mem:70.43M (Peak 70.43M) | Time:00:00.59 | Rendering 1 / 64 samples
Fra:1 Mem:70.43M (Peak 70.43M) | Time:00:00.64 | Rendering 25 / 64 samples
Fra:1 Mem:70.43M (Peak 70.43M) | Time:00:00.69 | Rendering 50 / 64 samples
Fra:1 Mem:70.43M (Peak 70.43M) | Time:00:00.72 | Rendering 64 / 64 samples
Saved: 'C:\Repos\mmo-asset-pipeline\tmp\art-quality-loop\runs\qa\ro-swordsman-combo-r008\v002-failure-locations\approach-side.png'
Time: 00:00.95 (Saving: 00:00.20)

Fra:1 Mem:70.43M (Peak 70.43M) | Time:00:00.04 | Rendering 1 / 64 samples
Fra:1 Mem:70.43M (Peak 70.43M) | Time:00:00.09 | Rendering 25 / 64 samples
Fra:1 Mem:70.43M (Peak 70.43M) | Time:00:00.19 | Rendering 50 / 64 samples
Fra:1 Mem:70.43M (Peak 70.43M) | Time:00:00.21 | Rendering 64 / 64 samples
Saved: 'C:\Repos\mmo-asset-pipeline\tmp\art-quality-loop\runs\qa\ro-swordsman-combo-r008\v002-failure-locations\approach-palm.png'
Time: 00:00.32 (Saving: 00:00.08)

Fra:1 Mem:70.76M (Peak 70.76M) | Time:00:00.04 | Rendering 1 / 64 samples
Fra:1 Mem:70.76M (Peak 70.76M) | Time:00:00.08 | Rendering 25 / 64 samples
Fra:1 Mem:70.76M (Peak 70.76M) | Time:00:00.13 | Rendering 50 / 64 samples
Fra:1 Mem:70.76M (Peak 70.76M) | Time:00:00.15 | Rendering 64 / 64 samples
Saved: 'C:\Repos\mmo-asset-pipeline\tmp\art-quality-loop\runs\qa\ro-swordsman-combo-r008\v002-failure-locations\midgrip-side.png'
Time: 00:00.26 (Saving: 00:00.08)

Fra:1 Mem:70.76M (Peak 70.76M) | Time:00:00.03 | Rendering 1 / 64 samples
Fra:1 Mem:70.76M (Peak 70.76M) | Time:00:00.08 | Rendering 25 / 64 samples
Fra:1 Mem:70.76M (Peak 70.76M) | Time:00:00.13 | Rendering 50 / 64 samples
Fra:1 Mem:70.76M (Peak 70.76M) | Time:00:00.16 | Rendering 64 / 64 samples
Saved: 'C:\Repos\mmo-asset-pipeline\tmp\art-quality-loop\runs\qa\ro-swordsman-combo-r008\v002-failure-locations\midgrip-palm.png'
Time: 00:00.26 (Saving: 00:00.08)

Fra:1 Mem:70.81M (Peak 70.81M) | Time:00:00.04 | Rendering 1 / 64 samples
Fra:1 Mem:70.81M (Peak 70.81M) | Time:00:00.08 | Rendering 25 / 64 samples
Fra:1 Mem:70.81M (Peak 70.81M) | Time:00:00.13 | Rendering 50 / 64 samples
Fra:1 Mem:70.81M (Peak 70.81M) | Time:00:00.15 | Rendering 64 / 64 samples
Saved: 'C:\Repos\mmo-asset-pipeline\tmp\art-quality-loop\runs\qa\ro-swordsman-combo-r008\v002-failure-locations\closedgrip-side.png'
Time: 00:00.25 (Saving: 00:00.08)

Fra:1 Mem:70.81M (Peak 70.81M) | Time:00:00.05 | Rendering 1 / 64 samples
Fra:1 Mem:70.81M (Peak 70.81M) | Time:00:00.10 | Rendering 25 / 64 samples
Fra:1 Mem:70.81M (Peak 70.81M) | Time:00:00.15 | Rendering 50 / 64 samples
Fra:1 Mem:70.81M (Peak 70.81M) | Time:00:00.17 | Rendering 64 / 64 samples
Saved: 'C:\Repos\mmo-asset-pipeline\tmp\art-quality-loop\runs\qa\ro-swordsman-combo-r008\v002-failure-locations\closedgrip-palm.png'
Time: 00:00.27 (Saving: 00:00.08)

R008_LOCATIONS [["approach", {}], ["midgrip", {"[['finger2'], ['finger3']]": 10, "[['finger1'], ['palm']]": 8, "[['palm'], ['finger1']]": 2}], ["closedgrip", {"[['finger2'], ['finger3']]": 11, "[['palm'], ['finger1']]": 3, "[['finger1', 'palm'], ['finger1']]": 1, "[['finger1'], ['palm']]": 5}]]

Blender quit
