Blender 4.5.5 LTS (hash 836beaaf597a built 2025-11-18 01:33:26)
Read blend: "C:\Repos\mmo-asset-pipeline\tmp\art-quality-loop\assets\processed\ro-swordsman-combo-r008\v002-direction\right_hand_vectors_direction.blend"
Fra:1 Mem:70.24M (Peak 70.24M) | Time:00:00.58 | Rendering 1 / 64 samples
Fra:1 Mem:70.24M (Peak 70.24M) | Time:00:00.63 | Rendering 25 / 64 samples
Fra:1 Mem:70.24M (Peak 70.24M) | Time:00:00.68 | Rendering 50 / 64 samples
Fra:1 Mem:70.24M (Peak 70.24M) | Time:00:00.71 | Rendering 64 / 64 samples
Saved: 'C:\Repos\mmo-asset-pipeline\tmp\art-quality-loop\runs\qa\ro-swordsman-combo-r008\v002-combined\combined0.15-palm.png'
Time: 00:00.93 (Saving: 00:00.19)

Fra:1 Mem:70.24M (Peak 70.24M) | Time:00:00.04 | Rendering 1 / 64 samples
Fra:1 Mem:70.24M (Peak 70.24M) | Time:00:00.08 | Rendering 25 / 64 samples
Fra:1 Mem:70.24M (Peak 70.24M) | Time:00:00.13 | Rendering 50 / 64 samples
Fra:1 Mem:70.24M (Peak 70.24M) | Time:00:00.16 | Rendering 64 / 64 samples
Saved: 'C:\Repos\mmo-asset-pipeline\tmp\art-quality-loop\runs\qa\ro-swordsman-combo-r008\v002-combined\combined0.15-side.png'
Time: 00:00.27 (Saving: 00:00.08)

Fra:1 Mem:70.24M (Peak 70.24M) | Time:00:00.03 | Rendering 1 / 64 samples
Fra:1 Mem:70.24M (Peak 70.24M) | Time:00:00.08 | Rendering 25 / 64 samples
Fra:1 Mem:70.24M (Peak 70.24M) | Time:00:00.13 | Rendering 50 / 64 samples
Fra:1 Mem:70.24M (Peak 70.24M) | Time:00:00.16 | Rendering 64 / 64 samples
Saved: 'C:\Repos\mmo-asset-pipeline\tmp\art-quality-loop\runs\qa\ro-swordsman-combo-r008\v002-combined\combined0.15-back.png'
Time: 00:00.26 (Saving: 00:00.08)

Fra:1 Mem:70.24M (Peak 70.24M) | Time:00:00.04 | Rendering 1 / 64 samples
Fra:1 Mem:70.24M (Peak 70.24M) | Time:00:00.08 | Rendering 25 / 64 samples
Fra:1 Mem:70.24M (Peak 70.24M) | Time:00:00.13 | Rendering 50 / 64 samples
Fra:1 Mem:70.24M (Peak 70.24M) | Time:00:00.16 | Rendering 64 / 64 samples
Saved: 'C:\Repos\mmo-asset-pipeline\tmp\art-quality-loop\runs\qa\ro-swordsman-combo-r008\v002-combined\combined0.30-palm.png'
Time: 00:00.26 (Saving: 00:00.07)

Fra:1 Mem:70.24M (Peak 70.24M) | Time:00:00.04 | Rendering 1 / 64 samples
Fra:1 Mem:70.24M (Peak 70.24M) | Time:00:00.08 | Rendering 25 / 64 samples
Fra:1 Mem:70.24M (Peak 70.24M) | Time:00:00.13 | Rendering 50 / 64 samples
Fra:1 Mem:70.24M (Peak 70.24M) | Time:00:00.16 | Rendering 64 / 64 samples
Saved: 'C:\Repos\mmo-asset-pipeline\tmp\art-quality-loop\runs\qa\ro-swordsman-combo-r008\v002-combined\combined0.30-side.png'
Time: 00:00.26 (Saving: 00:00.08)

Fra:1 Mem:70.24M (Peak 70.24M) | Time:00:00.04 | Rendering 1 / 64 samples
Fra:1 Mem:70.24M (Peak 70.24M) | Time:00:00.09 | Rendering 25 / 64 samples
Fra:1 Mem:70.24M (Peak 70.24M) | Time:00:00.13 | Rendering 50 / 64 samples
Fra:1 Mem:70.24M (Peak 70.24M) | Time:00:00.16 | Rendering 64 / 64 samples
Saved: 'C:\Repos\mmo-asset-pipeline\tmp\art-quality-loop\runs\qa\ro-swordsman-combo-r008\v002-combined\combined0.30-back.png'
Time: 00:00.26 (Saving: 00:00.07)

Fra:1 Mem:70.24M (Peak 70.24M) | Time:00:00.04 | Rendering 1 / 64 samples
Fra:1 Mem:70.24M (Peak 70.24M) | Time:00:00.08 | Rendering 25 / 64 samples
Fra:1 Mem:70.24M (Peak 70.24M) | Time:00:00.13 | Rendering 50 / 64 samples
Fra:1 Mem:70.24M (Peak 70.24M) | Time:00:00.16 | Rendering 64 / 64 samples
Saved: 'C:\Repos\mmo-asset-pipeline\tmp\art-quality-loop\runs\qa\ro-swordsman-combo-r008\v002-combined\combined030-opposition015-palm.png'
Time: 00:00.26 (Saving: 00:00.08)

Fra:1 Mem:70.24M (Peak 70.24M) | Time:00:00.04 | Rendering 1 / 64 samples
Fra:1 Mem:70.24M (Peak 70.24M) | Time:00:00.08 | Rendering 25 / 64 samples
Fra:1 Mem:70.24M (Peak 70.24M) | Time:00:00.13 | Rendering 50 / 64 samples
Fra:1 Mem:70.24M (Peak 70.24M) | Time:00:00.15 | Rendering 64 / 64 samples
Saved: 'C:\Repos\mmo-asset-pipeline\tmp\art-quality-loop\runs\qa\ro-swordsman-combo-r008\v002-combined\combined030-opposition015-side.png'
Time: 00:00.26 (Saving: 00:00.08)

Fra:1 Mem:70.24M (Peak 70.24M) | Time:00:00.03 | Rendering 1 / 64 samples
Fra:1 Mem:70.24M (Peak 70.24M) | Time:00:00.08 | Rendering 25 / 64 samples
Fra:1 Mem:70.24M (Peak 70.24M) | Time:00:00.13 | Rendering 50 / 64 samples
Fra:1 Mem:70.24M (Peak 70.24M) | Time:00:00.16 | Rendering 64 / 64 samples
Saved: 'C:\Repos\mmo-asset-pipeline\tmp\art-quality-loop\runs\qa\ro-swordsman-combo-r008\v002-combined\combined030-opposition015-back.png'
Time: 00:00.27 (Saving: 00:00.08)

R008_COMBINED [["combined0.15", 0, 1.2595189503463742, 0.0025682051440307826], ["combined0.30", 0, 1.6335125459449877, 0.005390212040667372], ["combined030-opposition015", 0, 1.4926805375393057, 0.005160460880424419]]

Blender quit
