Blender 4.5.5 LTS (hash 836beaaf597a built 2025-11-18 01:33:26)
Read blend: "C:\Repos\mmo-asset-pipeline\tmp\art-quality-loop\assets\processed\ro-swordsman-combo-r008\v002-direction\right_hand_vectors_direction.blend"
Fra:1 Mem:70.24M (Peak 70.24M) | Time:00:00.58 | Rendering 1 / 64 samples
Fra:1 Mem:70.24M (Peak 70.24M) | Time:00:00.63 | Rendering 25 / 64 samples
Fra:1 Mem:70.24M (Peak 70.24M) | Time:00:00.68 | Rendering 50 / 64 samples
Fra:1 Mem:70.24M (Peak 70.24M) | Time:00:00.71 | Rendering 64 / 64 samples
Saved: 'C:\Repos\mmo-asset-pipeline\tmp\art-quality-loop\runs\qa\ro-swordsman-combo-r008\v002-functional-curl\approach-palm.png'
Time: 00:00.94 (Saving: 00:00.20)

Fra:1 Mem:70.24M (Peak 70.24M) | Time:00:00.04 | Rendering 1 / 64 samples
Fra:1 Mem:70.24M (Peak 70.24M) | Time:00:00.08 | Rendering 25 / 64 samples
Fra:1 Mem:70.24M (Peak 70.24M) | Time:00:00.13 | Rendering 50 / 64 samples
Fra:1 Mem:70.24M (Peak 70.24M) | Time:00:00.16 | Rendering 64 / 64 samples
Saved: 'C:\Repos\mmo-asset-pipeline\tmp\art-quality-loop\runs\qa\ro-swordsman-combo-r008\v002-functional-curl\approach-side.png'
Time: 00:00.27 (Saving: 00:00.08)

Fra:1 Mem:70.24M (Peak 70.24M) | Time:00:00.04 | Rendering 1 / 64 samples
Fra:1 Mem:70.24M (Peak 70.24M) | Time:00:00.08 | Rendering 25 / 64 samples
Fra:1 Mem:70.24M (Peak 70.24M) | Time:00:00.13 | Rendering 50 / 64 samples
Fra:1 Mem:70.24M (Peak 70.24M) | Time:00:00.16 | Rendering 64 / 64 samples
Saved: 'C:\Repos\mmo-asset-pipeline\tmp\art-quality-loop\runs\qa\ro-swordsman-combo-r008\v002-functional-curl\approach-back.png'
Time: 00:00.26 (Saving: 00:00.08)

Fra:1 Mem:70.24M (Peak 70.24M) | Time:00:00.04 | Rendering 1 / 64 samples
Fra:1 Mem:70.24M (Peak 70.24M) | Time:00:00.08 | Rendering 25 / 64 samples
Fra:1 Mem:70.24M (Peak 70.24M) | Time:00:00.13 | Rendering 50 / 64 samples
Fra:1 Mem:70.24M (Peak 70.24M) | Time:00:00.16 | Rendering 64 / 64 samples
Saved: 'C:\Repos\mmo-asset-pipeline\tmp\art-quality-loop\runs\qa\ro-swordsman-combo-r008\v002-functional-curl\midgrip-palm.png'
Time: 00:00.26 (Saving: 00:00.08)

Fra:1 Mem:70.24M (Peak 70.24M) | Time:00:00.04 | Rendering 1 / 64 samples
Fra:1 Mem:70.24M (Peak 70.24M) | Time:00:00.08 | Rendering 25 / 64 samples
Fra:1 Mem:70.24M (Peak 70.24M) | Time:00:00.13 | Rendering 50 / 64 samples
Fra:1 Mem:70.24M (Peak 70.24M) | Time:00:00.15 | Rendering 64 / 64 samples
Saved: 'C:\Repos\mmo-asset-pipeline\tmp\art-quality-loop\runs\qa\ro-swordsman-combo-r008\v002-functional-curl\midgrip-side.png'
Time: 00:00.25 (Saving: 00:00.07)

Fra:1 Mem:70.24M (Peak 70.24M) | Time:00:00.04 | Rendering 1 / 64 samples
Fra:1 Mem:70.24M (Peak 70.24M) | Time:00:00.08 | Rendering 25 / 64 samples
Fra:1 Mem:70.24M (Peak 70.24M) | Time:00:00.13 | Rendering 50 / 64 samples
Fra:1 Mem:70.24M (Peak 70.24M) | Time:00:00.15 | Rendering 64 / 64 samples
Saved: 'C:\Repos\mmo-asset-pipeline\tmp\art-quality-loop\runs\qa\ro-swordsman-combo-r008\v002-functional-curl\midgrip-back.png'
Time: 00:00.25 (Saving: 00:00.08)

Fra:1 Mem:70.24M (Peak 70.24M) | Time:00:00.04 | Rendering 1 / 64 samples
Fra:1 Mem:70.24M (Peak 70.24M) | Time:00:00.08 | Rendering 25 / 64 samples
Fra:1 Mem:70.24M (Peak 70.24M) | Time:00:00.13 | Rendering 50 / 64 samples
Fra:1 Mem:70.24M (Peak 70.24M) | Time:00:00.16 | Rendering 64 / 64 samples
Saved: 'C:\Repos\mmo-asset-pipeline\tmp\art-quality-loop\runs\qa\ro-swordsman-combo-r008\v002-functional-curl\closedgrip-palm.png'
Time: 00:00.26 (Saving: 00:00.08)

Fra:1 Mem:70.24M (Peak 70.24M) | Time:00:00.03 | Rendering 1 / 64 samples
Fra:1 Mem:70.24M (Peak 70.24M) | Time:00:00.08 | Rendering 25 / 64 samples
Fra:1 Mem:70.24M (Peak 70.24M) | Time:00:00.13 | Rendering 50 / 64 samples
Fra:1 Mem:70.24M (Peak 70.24M) | Time:00:00.15 | Rendering 64 / 64 samples
Saved: 'C:\Repos\mmo-asset-pipeline\tmp\art-quality-loop\runs\qa\ro-swordsman-combo-r008\v002-functional-curl\closedgrip-side.png'
Time: 00:00.25 (Saving: 00:00.08)

Fra:1 Mem:70.24M (Peak 70.24M) | Time:00:00.04 | Rendering 1 / 64 samples
Fra:1 Mem:70.24M (Peak 70.24M) | Time:00:00.08 | Rendering 25 / 64 samples
Fra:1 Mem:70.24M (Peak 70.24M) | Time:00:00.13 | Rendering 50 / 64 samples
Fra:1 Mem:70.24M (Peak 70.24M) | Time:00:00.15 | Rendering 64 / 64 samples
Saved: 'C:\Repos\mmo-asset-pipeline\tmp\art-quality-loop\runs\qa\ro-swordsman-combo-r008\v002-functional-curl\closedgrip-back.png'
Time: 00:00.25 (Saving: 00:00.07)

R008_FUNCTION [["approach", 0, 1.7814164326177162, 0.07041520777971429], ["midgrip", 23, 2.2779665868186663, 0.15464189888227686], ["closedgrip", 42, 2.579530595807154, 0.2100404933032164]]

Blender quit
