Blender 4.5.5 LTS (hash 836beaaf597a built 2025-11-18 01:33:26)
Read blend: "C:\Repos\mmo-asset-pipeline\tmp\art-quality-loop\assets\processed\ro-swordsman-combo-r008\v002-direction\right_hand_vectors_direction.blend"
Fra:1 Mem:70.24M (Peak 70.24M) | Time:00:00.57 | Rendering 1 / 64 samples
Fra:1 Mem:70.24M (Peak 70.24M) | Time:00:00.62 | Rendering 25 / 64 samples
Fra:1 Mem:70.24M (Peak 70.24M) | Time:00:00.68 | Rendering 50 / 64 samples
Fra:1 Mem:70.24M (Peak 70.24M) | Time:00:00.71 | Rendering 64 / 64 samples
Saved: 'C:\Repos\mmo-asset-pipeline\tmp\art-quality-loop\runs\qa\ro-swordsman-combo-r008\v003-digit-control\little-isolated3-palm.png'
Time: 00:00.95 (Saving: 00:00.20)

Fra:1 Mem:70.24M (Peak 70.24M) | Time:00:00.04 | Rendering 1 / 64 samples
Fra:1 Mem:70.24M (Peak 70.24M) | Time:00:00.08 | Rendering 25 / 64 samples
Fra:1 Mem:70.24M (Peak 70.24M) | Time:00:00.13 | Rendering 50 / 64 samples
Fra:1 Mem:70.24M (Peak 70.24M) | Time:00:00.18 | Rendering 64 / 64 samples
Saved: 'C:\Repos\mmo-asset-pipeline\tmp\art-quality-loop\runs\qa\ro-swordsman-combo-r008\v003-digit-control\little-isolated3-side.png'
Time: 00:00.31 (Saving: 00:00.10)

Fra:1 Mem:70.24M (Peak 70.24M) | Time:00:00.03 | Rendering 1 / 64 samples
Fra:1 Mem:70.24M (Peak 70.24M) | Time:00:00.08 | Rendering 25 / 64 samples
Fra:1 Mem:70.24M (Peak 70.24M) | Time:00:00.14 | Rendering 50 / 64 samples
Fra:1 Mem:70.24M (Peak 70.24M) | Time:00:00.16 | Rendering 64 / 64 samples
Saved: 'C:\Repos\mmo-asset-pipeline\tmp\art-quality-loop\runs\qa\ro-swordsman-combo-r008\v003-digit-control\little-isolated4-palm.png'
Time: 00:00.27 (Saving: 00:00.08)

Fra:1 Mem:70.24M (Peak 70.24M) | Time:00:00.03 | Rendering 1 / 64 samples
Fra:1 Mem:70.24M (Peak 70.24M) | Time:00:00.08 | Rendering 25 / 64 samples
Fra:1 Mem:70.24M (Peak 70.24M) | Time:00:00.13 | Rendering 50 / 64 samples
Fra:1 Mem:70.24M (Peak 70.24M) | Time:00:00.16 | Rendering 64 / 64 samples
Saved: 'C:\Repos\mmo-asset-pipeline\tmp\art-quality-loop\runs\qa\ro-swordsman-combo-r008\v003-digit-control\little-isolated4-side.png'
Time: 00:00.26 (Saving: 00:00.08)

Fra:1 Mem:70.76M (Peak 70.76M) | Time:00:00.04 | Rendering 1 / 64 samples
Fra:1 Mem:70.76M (Peak 70.76M) | Time:00:00.09 | Rendering 25 / 64 samples
Fra:1 Mem:70.76M (Peak 70.76M) | Time:00:00.14 | Rendering 50 / 64 samples
Fra:1 Mem:70.76M (Peak 70.76M) | Time:00:00.17 | Rendering 64 / 64 samples
Saved: 'C:\Repos\mmo-asset-pipeline\tmp\art-quality-loop\runs\qa\ro-swordsman-combo-r008\v003-digit-control\shallow-palm-palm.png'
Time: 00:00.29 (Saving: 00:00.09)

Fra:1 Mem:70.76M (Peak 70.76M) | Time:00:00.04 | Rendering 1 / 64 samples
Fra:1 Mem:70.76M (Peak 70.76M) | Time:00:00.08 | Rendering 25 / 64 samples
Fra:1 Mem:70.76M (Peak 70.76M) | Time:00:00.13 | Rendering 50 / 64 samples
Fra:1 Mem:70.76M (Peak 70.76M) | Time:00:00.16 | Rendering 64 / 64 samples
Saved: 'C:\Repos\mmo-asset-pipeline\tmp\art-quality-loop\runs\qa\ro-swordsman-combo-r008\v003-digit-control\shallow-palm-side.png'
Time: 00:00.26 (Saving: 00:00.08)

Fra:1 Mem:70.76M (Peak 70.76M) | Time:00:00.03 | Rendering 1 / 64 samples
Fra:1 Mem:70.76M (Peak 70.76M) | Time:00:00.09 | Rendering 25 / 64 samples
Fra:1 Mem:70.76M (Peak 70.76M) | Time:00:00.14 | Rendering 50 / 64 samples
Fra:1 Mem:70.76M (Peak 70.76M) | Time:00:00.17 | Rendering 64 / 64 samples
Saved: 'C:\Repos\mmo-asset-pipeline\tmp\art-quality-loop\runs\qa\ro-swordsman-combo-r008\v003-digit-control\wrap-palm-palm.png'
Time: 00:00.27 (Saving: 00:00.08)

Fra:1 Mem:70.76M (Peak 70.76M) | Time:00:00.04 | Rendering 1 / 64 samples
Fra:1 Mem:70.76M (Peak 70.76M) | Time:00:00.09 | Rendering 25 / 64 samples
Fra:1 Mem:70.76M (Peak 70.76M) | Time:00:00.14 | Rendering 50 / 64 samples
Fra:1 Mem:70.76M (Peak 70.76M) | Time:00:00.16 | Rendering 64 / 64 samples
Saved: 'C:\Repos\mmo-asset-pipeline\tmp\art-quality-loop\runs\qa\ro-swordsman-combo-r008\v003-digit-control\wrap-palm-side.png'
Time: 00:00.27 (Saving: 00:00.08)

Fra:1 Mem:70.76M (Peak 70.76M) | Time:00:00.03 | Rendering 1 / 64 samples
Fra:1 Mem:70.76M (Peak 70.76M) | Time:00:00.09 | Rendering 25 / 64 samples
Fra:1 Mem:70.76M (Peak 70.76M) | Time:00:00.14 | Rendering 50 / 64 samples
Fra:1 Mem:70.76M (Peak 70.76M) | Time:00:00.17 | Rendering 64 / 64 samples
Saved: 'C:\Repos\mmo-asset-pipeline\tmp\art-quality-loop\runs\qa\ro-swordsman-combo-r008\v003-digit-control\distalwrap-palm-palm.png'
Time: 00:00.27 (Saving: 00:00.08)

Fra:1 Mem:70.76M (Peak 70.76M) | Time:00:00.03 | Rendering 1 / 64 samples
Fra:1 Mem:70.76M (Peak 70.76M) | Time:00:00.08 | Rendering 25 / 64 samples
Fra:1 Mem:70.76M (Peak 70.76M) | Time:00:00.13 | Rendering 50 / 64 samples
Fra:1 Mem:70.76M (Peak 70.76M) | Time:00:00.16 | Rendering 64 / 64 samples
Saved: 'C:\Repos\mmo-asset-pipeline\tmp\art-quality-loop\runs\qa\ro-swordsman-combo-r008\v003-digit-control\distalwrap-palm-side.png'
Time: 00:00.27 (Saving: 00:00.08)

Fra:1 Mem:70.76M (Peak 70.76M) | Time:00:00.03 | Rendering 1 / 64 samples
Fra:1 Mem:70.76M (Peak 70.76M) | Time:00:00.09 | Rendering 25 / 64 samples
Fra:1 Mem:70.76M (Peak 70.76M) | Time:00:00.14 | Rendering 50 / 64 samples
Fra:1 Mem:70.76M (Peak 70.76M) | Time:00:00.17 | Rendering 64 / 64 samples
Saved: 'C:\Repos\mmo-asset-pipeline\tmp\art-quality-loop\runs\qa\ro-swordsman-combo-r008\v003-digit-control\shallow-distal-palm.png'
Time: 00:00.29 (Saving: 00:00.09)

Fra:1 Mem:70.76M (Peak 70.76M) | Time:00:00.03 | Rendering 1 / 64 samples
Fra:1 Mem:70.76M (Peak 70.76M) | Time:00:00.08 | Rendering 25 / 64 samples
Fra:1 Mem:70.76M (Peak 70.76M) | Time:00:00.13 | Rendering 50 / 64 samples
Fra:1 Mem:70.76M (Peak 70.76M) | Time:00:00.16 | Rendering 64 / 64 samples
Saved: 'C:\Repos\mmo-asset-pipeline\tmp\art-quality-loop\runs\qa\ro-swordsman-combo-r008\v003-digit-control\shallow-distal-side.png'
Time: 00:00.27 (Saving: 00:00.08)

Fra:1 Mem:70.76M (Peak 70.76M) | Time:00:00.03 | Rendering 1 / 64 samples
Fra:1 Mem:70.76M (Peak 70.76M) | Time:00:00.08 | Rendering 25 / 64 samples
Fra:1 Mem:70.76M (Peak 70.76M) | Time:00:00.14 | Rendering 50 / 64 samples
Fra:1 Mem:70.76M (Peak 70.76M) | Time:00:00.17 | Rendering 64 / 64 samples
Saved: 'C:\Repos\mmo-asset-pipeline\tmp\art-quality-loop\runs\qa\ro-swordsman-combo-r008\v003-digit-control\wrap-distal-palm.png'
Time: 00:00.29 (Saving: 00:00.09)

Fra:1 Mem:70.76M (Peak 70.76M) | Time:00:00.04 | Rendering 1 / 64 samples
Fra:1 Mem:70.76M (Peak 70.76M) | Time:00:00.08 | Rendering 25 / 64 samples
Fra:1 Mem:70.76M (Peak 70.76M) | Time:00:00.13 | Rendering 50 / 64 samples
Fra:1 Mem:70.76M (Peak 70.76M) | Time:00:00.16 | Rendering 64 / 64 samples
Saved: 'C:\Repos\mmo-asset-pipeline\tmp\art-quality-loop\runs\qa\ro-swordsman-combo-r008\v003-digit-control\wrap-distal-side.png'
Time: 00:00.27 (Saving: 00:00.08)

Fra:1 Mem:70.76M (Peak 70.76M) | Time:00:00.03 | Rendering 1 / 64 samples
Fra:1 Mem:70.76M (Peak 70.76M) | Time:00:00.09 | Rendering 25 / 64 samples
Fra:1 Mem:70.76M (Peak 70.76M) | Time:00:00.14 | Rendering 50 / 64 samples
Fra:1 Mem:70.76M (Peak 70.76M) | Time:00:00.17 | Rendering 64 / 64 samples
Saved: 'C:\Repos\mmo-asset-pipeline\tmp\art-quality-loop\runs\qa\ro-swordsman-combo-r008\v003-digit-control\distalwrap-distal-palm.png'
Time: 00:00.28 (Saving: 00:00.08)

Fra:1 Mem:70.76M (Peak 70.76M) | Time:00:00.04 | Rendering 1 / 64 samples
Fra:1 Mem:70.76M (Peak 70.76M) | Time:00:00.08 | Rendering 25 / 64 samples
Fra:1 Mem:70.76M (Peak 70.76M) | Time:00:00.13 | Rendering 50 / 64 samples
Fra:1 Mem:70.76M (Peak 70.76M) | Time:00:00.16 | Rendering 64 / 64 samples
Saved: 'C:\Repos\mmo-asset-pipeline\tmp\art-quality-loop\runs\qa\ro-swordsman-combo-r008\v003-digit-control\distalwrap-distal-side.png'
Time: 00:00.26 (Saving: 00:00.08)

Fra:1 Mem:70.74M (Peak 70.74M) | Time:00:00.03 | Rendering 1 / 64 samples
Fra:1 Mem:70.74M (Peak 70.74M) | Time:00:00.09 | Rendering 25 / 64 samples
Fra:1 Mem:70.74M (Peak 70.74M) | Time:00:00.14 | Rendering 50 / 64 samples
Fra:1 Mem:70.74M (Peak 70.74M) | Time:00:00.17 | Rendering 64 / 64 samples
Saved: 'C:\Repos\mmo-asset-pipeline\tmp\art-quality-loop\runs\qa\ro-swordsman-combo-r008\v003-digit-control\selected-palm.png'
Time: 00:00.28 (Saving: 00:00.08)

Fra:1 Mem:70.74M (Peak 70.74M) | Time:00:00.03 | Rendering 1 / 64 samples
Fra:1 Mem:70.74M (Peak 70.74M) | Time:00:00.08 | Rendering 25 / 64 samples
Fra:1 Mem:70.74M (Peak 70.74M) | Time:00:00.13 | Rendering 50 / 64 samples
Fra:1 Mem:70.74M (Peak 70.74M) | Time:00:00.16 | Rendering 64 / 64 samples
Saved: 'C:\Repos\mmo-asset-pipeline\tmp\art-quality-loop\runs\qa\ro-swordsman-combo-r008\v003-digit-control\selected-side.png'
Time: 00:00.27 (Saving: 00:00.08)

Fra:1 Mem:70.74M (Peak 70.74M) | Time:00:00.06 | Rendering 1 / 64 samples
Fra:1 Mem:70.74M (Peak 70.74M) | Time:00:00.11 | Rendering 25 / 64 samples
Fra:1 Mem:70.74M (Peak 70.74M) | Time:00:00.17 | Rendering 50 / 64 samples
Fra:1 Mem:70.74M (Peak 70.74M) | Time:00:00.20 | Rendering 64 / 64 samples
Saved: 'C:\Repos\mmo-asset-pipeline\tmp\art-quality-loop\runs\qa\ro-swordsman-combo-r008\v003-digit-control\selected-back.png'
Time: 00:00.32 (Saving: 00:00.09)

Info: Saved as "right_hand_actual_sword_control.blend"
R008_DIGIT {"little": [0, 0, 0, 3, 11], "cases": [["shallow-palm", 6, 326, 0.01008452195674181, [1, 6, 7, 3, 13]], ["wrap-palm", 20, 438, 0.010090225376188755, [9, 6, 4, 4, 13]], ["distalwrap-palm", 7, 465, 0.010020315647125244, [4, 5, 6, 2, 26]], ["shallow-distal", 6, 409, 0.009910572320222855, [8, 5, 6, 4, 3]], ["wrap-distal", 20, 457, 0.010197391733527184, [3, 8, 12, 1, 3]], ["distalwrap-distal", 7, 457, 0.010136954486370087, [6, 5, 7, 7, 5]]], "selected": "shallow-palm", "gate": false}

Blender quit
