Blender 4.5.5 LTS (hash 836beaaf597a built 2025-11-18 01:33:26)
Read blend: "C:\Repos\mmo-asset-pipeline\tmp\art-quality-loop\assets\processed\ro-swordsman-combo-r008\v002-direction\right_hand_vectors_direction.blend"
Fra:1 Mem:70.74M (Peak 70.74M) | Time:00:00.56 | Rendering 1 / 64 samples
Fra:1 Mem:70.74M (Peak 70.74M) | Time:00:00.62 | Rendering 25 / 64 samples
Fra:1 Mem:70.74M (Peak 70.74M) | Time:00:00.68 | Rendering 50 / 64 samples
Fra:1 Mem:70.74M (Peak 70.74M) | Time:00:00.72 | Rendering 64 / 64 samples
Saved: 'C:\Repos\mmo-asset-pipeline\tmp\art-quality-loop\runs\qa\ro-swordsman-combo-r008\v004-contact-solver\saved-best-palm.png'
Time: 00:00.95 (Saving: 00:00.20)

Fra:1 Mem:70.74M (Peak 70.74M) | Time:00:00.04 | Rendering 1 / 64 samples
Fra:1 Mem:70.74M (Peak 70.74M) | Time:00:00.09 | Rendering 25 / 64 samples
Fra:1 Mem:70.74M (Peak 70.74M) | Time:00:00.14 | Rendering 50 / 64 samples
Fra:1 Mem:70.74M (Peak 70.74M) | Time:00:00.17 | Rendering 64 / 64 samples
Saved: 'C:\Repos\mmo-asset-pipeline\tmp\art-quality-loop\runs\qa\ro-swordsman-combo-r008\v004-contact-solver\saved-best-side.png'
Time: 00:00.28 (Saving: 00:00.08)

Fra:1 Mem:70.74M (Peak 70.74M) | Time:00:00.04 | Rendering 1 / 64 samples
Fra:1 Mem:70.74M (Peak 70.74M) | Time:00:00.09 | Rendering 25 / 64 samples
Fra:1 Mem:70.74M (Peak 70.74M) | Time:00:00.14 | Rendering 50 / 64 samples
Fra:1 Mem:70.74M (Peak 70.74M) | Time:00:00.17 | Rendering 64 / 64 samples
Saved: 'C:\Repos\mmo-asset-pipeline\tmp\art-quality-loop\runs\qa\ro-swordsman-combo-r008\v004-contact-solver\saved-best-back.png'
Time: 00:00.28 (Saving: 00:00.08)

Info: Saved as "right_hand_actual_sword_best.blend"
R008_SOLVER {"evaluations": 383, "bestscore": [0, 0, 0, 0, 0.005695182830095291, 0.014565164223313332], "contacts": {"finger1": 3, "finger2": 1, "finger3": 3, "finger4": 0, "thumb": 4}, "gate": false, "shift": [-0.00375, -0.043, -0.034]}

Blender quit
