Blender 4.5.5 LTS (hash 836beaaf597a built 2025-11-18 01:33:26)
Read blend: "C:\Repos\mmo-asset-pipeline\tmp\art-quality-loop\assets\processed\ro-swordsman-combo-r007\baseline\ro_hand_structure_baseline.blend"
Read blend: "C:\Repos\mmo-asset-pipeline\tmp\art-quality-loop\assets\processed\ro-swordsman-combo-r008\v002-direction\right_hand_vectors_direction.blend"
Fra:1 Mem:71.09M (Peak 71.09M) | Time:00:00.65 | Rendering 1 / 64 samples
Fra:1 Mem:71.09M (Peak 71.09M) | Time:00:00.71 | Rendering 25 / 64 samples
Fra:1 Mem:71.09M (Peak 71.09M) | Time:00:00.77 | Rendering 50 / 64 samples
Fra:1 Mem:71.09M (Peak 71.09M) | Time:00:00.81 | Rendering 64 / 64 samples
Saved: 'C:\Repos\mmo-asset-pipeline\tmp\art-quality-loop\runs\qa\ro-swordsman-combo-r008\weapon-probe\neutral-weapon-palm.png'
Time: 00:01.04 (Saving: 00:00.20)

Fra:1 Mem:71.09M (Peak 71.09M) | Time:00:00.04 | Rendering 1 / 64 samples
Fra:1 Mem:71.09M (Peak 71.09M) | Time:00:00.09 | Rendering 25 / 64 samples
Fra:1 Mem:71.09M (Peak 71.09M) | Time:00:00.14 | Rendering 50 / 64 samples
Fra:1 Mem:71.09M (Peak 71.09M) | Time:00:00.17 | Rendering 64 / 64 samples
Saved: 'C:\Repos\mmo-asset-pipeline\tmp\art-quality-loop\runs\qa\ro-swordsman-combo-r008\weapon-probe\neutral-weapon-side.png'
Time: 00:00.29 (Saving: 00:00.09)

Fra:1 Mem:71.09M (Peak 71.09M) | Time:00:00.03 | Rendering 1 / 64 samples
Fra:1 Mem:71.09M (Peak 71.09M) | Time:00:00.09 | Rendering 25 / 64 samples
Fra:1 Mem:71.09M (Peak 71.09M) | Time:00:00.15 | Rendering 50 / 64 samples
Fra:1 Mem:71.09M (Peak 71.09M) | Time:00:00.18 | Rendering 64 / 64 samples
Saved: 'C:\Repos\mmo-asset-pipeline\tmp\art-quality-loop\runs\qa\ro-swordsman-combo-r008\weapon-probe\neutral-weapon-back.png'
Time: 00:00.31 (Saving: 00:00.10)

R008_WEAPON {"head": [-0.025637587532401085, -0.013657599687576294, 0.20313222706317902], "tail": [0.7743626832962036, -0.01365765929222107, 0.2031322419643402], "vertices": 1493, "triangles": 2552, "det": 1.0}

Blender quit
