Blender 4.5.5 LTS (hash 836beaaf597a built 2025-11-18 01:33:26)
Read blend: "C:\Repos\mmo-asset-pipeline\tmp\art-quality-loop\assets\processed\ro-swordsman-character-v1\v001\b03-hands\ro_character_v001_b03-hands.blend"
Saved: 'C:\Repos\mmo-asset-pipeline\tmp\art-quality-loop\runs\qa\ro-swordsman-character-v1\v001\helper-trials\h1\tiles\shoulder-flexion.L--neutral.png'
Time: 00:00.67 (Saving: 00:00.13)

Saved: 'C:\Repos\mmo-asset-pipeline\tmp\art-quality-loop\runs\qa\ro-swordsman-character-v1\v001\helper-trials\h1\tiles\shoulder-flexion.L--typical.png'
Time: 00:00.03 (Saving: 00:00.01)

Saved: 'C:\Repos\mmo-asset-pipeline\tmp\art-quality-loop\runs\qa\ro-swordsman-character-v1\v001\helper-trials\h1\tiles\shoulder-flexion.L--extreme.png'
Time: 00:00.03 (Saving: 00:00.01)

Saved: 'C:\Repos\mmo-asset-pipeline\tmp\art-quality-loop\runs\qa\ro-swordsman-character-v1\v001\helper-trials\h1\tiles\shoulder-extension.L--typical.png'
Time: 00:00.03 (Saving: 00:00.01)

Saved: 'C:\Repos\mmo-asset-pipeline\tmp\art-quality-loop\runs\qa\ro-swordsman-character-v1\v001\helper-trials\h1\tiles\shoulder-extension.L--extreme.png'
Time: 00:00.03 (Saving: 00:00.01)

Saved: 'C:\Repos\mmo-asset-pipeline\tmp\art-quality-loop\runs\qa\ro-swordsman-character-v1\v001\helper-trials\h1\tiles\shoulder-abduction.L--neutral.png'
Time: 00:00.03 (Saving: 00:00.01)

Saved: 'C:\Repos\mmo-asset-pipeline\tmp\art-quality-loop\runs\qa\ro-swordsman-character-v1\v001\helper-trials\h1\tiles\shoulder-abduction.L--typical.png'
Time: 00:00.03 (Saving: 00:00.01)

Saved: 'C:\Repos\mmo-asset-pipeline\tmp\art-quality-loop\runs\qa\ro-swordsman-character-v1\v001\helper-trials\h1\tiles\shoulder-abduction.L--extreme.png'
Time: 00:00.03 (Saving: 00:00.01)

Saved: 'C:\Repos\mmo-asset-pipeline\tmp\art-quality-loop\runs\qa\ro-swordsman-character-v1\v001\helper-trials\h1\tiles\shoulder-axial-plus.L--neutral.png'
Time: 00:00.03 (Saving: 00:00.01)

Saved: 'C:\Repos\mmo-asset-pipeline\tmp\art-quality-loop\runs\qa\ro-swordsman-character-v1\v001\helper-trials\h1\tiles\shoulder-axial-plus.L--typical.png'
Time: 00:00.04 (Saving: 00:00.01)

Saved: 'C:\Repos\mmo-asset-pipeline\tmp\art-quality-loop\runs\qa\ro-swordsman-character-v1\v001\helper-trials\h1\tiles\shoulder-axial-plus.L--extreme.png'
Time: 00:00.03 (Saving: 00:00.01)

Saved: 'C:\Repos\mmo-asset-pipeline\tmp\art-quality-loop\runs\qa\ro-swordsman-character-v1\v001\helper-trials\h1\tiles\shoulder-axial-minus.L--typical.png'
Time: 00:00.03 (Saving: 00:00.01)

Saved: 'C:\Repos\mmo-asset-pipeline\tmp\art-quality-loop\runs\qa\ro-swordsman-character-v1\v001\helper-trials\h1\tiles\shoulder-axial-minus.L--extreme.png'
Time: 00:00.03 (Saving: 00:00.01)

Saved: 'C:\Repos\mmo-asset-pipeline\tmp\art-quality-loop\runs\qa\ro-swordsman-character-v1\v001\helper-trials\h1\tiles\hip-flexion.L--neutral.png'
Time: 00:00.03 (Saving: 00:00.01)

Saved: 'C:\Repos\mmo-asset-pipeline\tmp\art-quality-loop\runs\qa\ro-swordsman-character-v1\v001\helper-trials\h1\tiles\hip-flexion.L--typical.png'
Time: 00:00.03 (Saving: 00:00.01)

Saved: 'C:\Repos\mmo-asset-pipeline\tmp\art-quality-loop\runs\qa\ro-swordsman-character-v1\v001\helper-trials\h1\tiles\hip-flexion.L--extreme.png'
Time: 00:00.03 (Saving: 00:00.01)

Saved: 'C:\Repos\mmo-asset-pipeline\tmp\art-quality-loop\runs\qa\ro-swordsman-character-v1\v001\helper-trials\h1\tiles\hip-extension.L--typical.png'
Time: 00:00.03 (Saving: 00:00.01)

Saved: 'C:\Repos\mmo-asset-pipeline\tmp\art-quality-loop\runs\qa\ro-swordsman-character-v1\v001\helper-trials\h1\tiles\hip-extension.L--extreme.png'
Time: 00:00.03 (Saving: 00:00.01)

Saved: 'C:\Repos\mmo-asset-pipeline\tmp\art-quality-loop\runs\qa\ro-swordsman-character-v1\v001\helper-trials\h1\tiles\hip-abduction.L--neutral.png'
Time: 00:00.03 (Saving: 00:00.01)

Saved: 'C:\Repos\mmo-asset-pipeline\tmp\art-quality-loop\runs\qa\ro-swordsman-character-v1\v001\helper-trials\h1\tiles\hip-abduction.L--typical.png'
Time: 00:00.03 (Saving: 00:00.01)

Saved: 'C:\Repos\mmo-asset-pipeline\tmp\art-quality-loop\runs\qa\ro-swordsman-character-v1\v001\helper-trials\h1\tiles\hip-abduction.L--extreme.png'
Time: 00:00.03 (Saving: 00:00.01)

Saved: 'C:\Repos\mmo-asset-pipeline\tmp\art-quality-loop\runs\qa\ro-swordsman-character-v1\v001\helper-trials\h1\tiles\hip-axial-plus.L--typical.png'
Time: 00:00.03 (Saving: 00:00.01)

Saved: 'C:\Repos\mmo-asset-pipeline\tmp\art-quality-loop\runs\qa\ro-swordsman-character-v1\v001\helper-trials\h1\tiles\hip-axial-plus.L--extreme.png'
Time: 00:00.03 (Saving: 00:00.01)

Saved: 'C:\Repos\mmo-asset-pipeline\tmp\art-quality-loop\runs\qa\ro-swordsman-character-v1\v001\helper-trials\h1\tiles\hip-axial-minus.L--typical.png'
Time: 00:00.03 (Saving: 00:00.01)

Saved: 'C:\Repos\mmo-asset-pipeline\tmp\art-quality-loop\runs\qa\ro-swordsman-character-v1\v001\helper-trials\h1\tiles\hip-axial-minus.L--extreme.png'
Time: 00:00.03 (Saving: 00:00.01)

Saved: 'C:\Repos\mmo-asset-pipeline\tmp\art-quality-loop\runs\qa\ro-swordsman-character-v1\v001\helper-trials\h1\tiles\combo-arms-overhead--neutral.png'
Time: 00:00.03 (Saving: 00:00.00)

Saved: 'C:\Repos\mmo-asset-pipeline\tmp\art-quality-loop\runs\qa\ro-swordsman-character-v1\v001\helper-trials\h1\tiles\combo-arms-overhead--typical.png'
Time: 00:00.03 (Saving: 00:00.00)

Saved: 'C:\Repos\mmo-asset-pipeline\tmp\art-quality-loop\runs\qa\ro-swordsman-character-v1\v001\helper-trials\h1\tiles\combo-arms-overhead--extreme.png'
Time: 00:00.03 (Saving: 00:00.01)

Saved: 'C:\Repos\mmo-asset-pipeline\tmp\art-quality-loop\runs\qa\ro-swordsman-character-v1\v001\helper-trials\h1\tiles\combo-two-hand-chop--typical.png'
Time: 00:00.03 (Saving: 00:00.01)

Saved: 'C:\Repos\mmo-asset-pipeline\tmp\art-quality-loop\runs\qa\ro-swordsman-character-v1\v001\helper-trials\h1\tiles\combo-two-hand-chop--extreme.png'
Time: 00:00.03 (Saving: 00:00.01)

Saved: 'C:\Repos\mmo-asset-pipeline\tmp\art-quality-loop\runs\qa\ro-swordsman-character-v1\v001\helper-trials\h1\tiles\combo-deep-squat--neutral.png'
Time: 00:00.03 (Saving: 00:00.00)

Saved: 'C:\Repos\mmo-asset-pipeline\tmp\art-quality-loop\runs\qa\ro-swordsman-character-v1\v001\helper-trials\h1\tiles\combo-deep-squat--typical.png'
Time: 00:00.03 (Saving: 00:00.01)

Saved: 'C:\Repos\mmo-asset-pipeline\tmp\art-quality-loop\runs\qa\ro-swordsman-character-v1\v001\helper-trials\h1\tiles\combo-deep-squat--extreme.png'
Time: 00:00.03 (Saving: 00:00.00)

Saved: 'C:\Repos\mmo-asset-pipeline\tmp\art-quality-loop\runs\qa\ro-swordsman-character-v1\v001\helper-trials\h1\tiles\combo-cast-open-palm.L--neutral.png'
Time: 00:00.03 (Saving: 00:00.01)

Saved: 'C:\Repos\mmo-asset-pipeline\tmp\art-quality-loop\runs\qa\ro-swordsman-character-v1\v001\helper-trials\h1\tiles\combo-cast-open-palm.L--typical.png'
Time: 00:00.03 (Saving: 00:00.01)

Saved: 'C:\Repos\mmo-asset-pipeline\tmp\art-quality-loop\runs\qa\ro-swordsman-character-v1\v001\helper-trials\h1\tiles\combo-cast-open-palm.L--extreme.png'
Time: 00:00.03 (Saving: 00:00.01)

CV1_JOINT_RANGE {"motions": 14, "measured": 14, "missing": 0, "numeric_gate_pass": false, "calibration_run": false, "failed": 10}

Blender quit
