G a= -5.0 f=  0.0 collapsed=0 min=0.2219 tris=[] flips=1 21489=1.233
G a= -5.0 f=  4.0 collapsed=0 min=0.2219 tris=[] flips=1 21489=1.395
G a= -5.0 f=  7.0 collapsed=0 min=0.1280 tris=[] flips=1 21489=1.555
G a= -5.0 f= 10.0 collapsed=0 min=0.0529 tris=[] flips=4 21489=1.730
G a= -5.0 f= 13.0 collapsed=0 min=0.1556 tris=[] flips=4 21489=1.915
G a= -5.0 f= 16.0 collapsed=0 min=0.2219 tris=[] flips=2 21489=2.111
G a= -5.0 f= 20.0 collapsed=0 min=0.2219 tris=[] flips=2 21489=2.396
G a= -5.0 f= 25.0 collapsed=0 min=0.2219 tris=[] flips=3 21489=2.815
G a= -5.0 f= 35.0 collapsed=0 min=0.1558 tris=[] flips=5 21489=3.969
G a= -5.0 f= 50.0 collapsed=0 min=0.2219 tris=[] flips=7 21489=6.699
G a= -5.0 f= 65.0 collapsed=1 min=0.0391 tris=[21465] flips=12 21489=10.568
G a= -5.0 f= 80.0 collapsed=1 min=0.0444 tris=[27505] flips=13 21489=15.287
G a=  0.0 f=  0.0 collapsed=0 min=0.2219 tris=[] flips=1 21489=0.913
G a=  0.0 f=  4.0 collapsed=0 min=0.2219 tris=[] flips=1 21489=0.652
G a=  0.0 f=  7.0 collapsed=0 min=0.1292 tris=[] flips=2 21489=0.474
G a=  0.0 f= 10.0 collapsed=0 min=0.2219 tris=[] flips=4 21489=0.295 FLIP
G a=  0.0 f= 13.0 collapsed=0 min=0.1063 tris=[] flips=5 21489=0.106 FLIP
G a=  0.0 f= 16.0 collapsed=0 min=0.1177 tris=[] flips=3 21489=0.118
G a=  0.0 f= 20.0 collapsed=0 min=0.1871 tris=[] flips=5 21489=0.454
G a=  0.0 f= 25.0 collapsed=0 min=0.2219 tris=[] flips=5 21489=0.979
G a=  0.0 f= 35.0 collapsed=0 min=0.2219 tris=[] flips=4 21489=2.413
G a=  0.0 f= 50.0 collapsed=0 min=0.2219 tris=[] flips=6 21489=5.543
G a=  0.0 f= 65.0 collapsed=0 min=0.1195 tris=[] flips=9 21489=9.718
G a=  0.0 f= 80.0 collapsed=0 min=0.0515 tris=[] flips=13 21489=14.680
G a= 10.0 f=  0.0 collapsed=0 min=0.2219 tris=[] flips=2 21489=4.946
G a= 10.0 f=  4.0 collapsed=0 min=0.2219 tris=[] flips=3 21489=4.706
G a= 10.0 f=  7.0 collapsed=0 min=0.2219 tris=[] flips=3 21489=4.525
G a= 10.0 f= 10.0 collapsed=0 min=0.2219 tris=[] flips=4 21489=4.341
G a= 10.0 f= 13.0 collapsed=0 min=0.2219 tris=[] flips=4 21489=4.154
G a= 10.0 f= 16.0 collapsed=0 min=0.2219 tris=[] flips=4 21489=3.965
G a= 10.0 f= 20.0 collapsed=0 min=0.2219 tris=[] flips=4 21489=3.721
G a= 10.0 f= 25.0 collapsed=0 min=0.2219 tris=[] flips=4 21489=3.464
G a= 10.0 f= 35.0 collapsed=0 min=0.2219 tris=[] flips=2 21489=3.422
G a= 10.0 f= 50.0 collapsed=0 min=0.2219 tris=[] flips=5 21489=5.427
G a= 10.0 f= 65.0 collapsed=0 min=0.2219 tris=[] flips=9 21489=9.352
G a= 10.0 f= 80.0 collapsed=1 min=0.0457 tris=[21365] flips=9 21489=14.318
G a= 20.0 f=  0.0 collapsed=0 min=0.2219 tris=[] flips=4 21489=8.975
G a= 20.0 f=  4.0 collapsed=0 min=0.2219 tris=[] flips=4 21489=8.729
G a= 20.0 f=  7.0 collapsed=0 min=0.2219 tris=[] flips=4 21489=8.546
G a= 20.0 f= 10.0 collapsed=0 min=0.2219 tris=[] flips=5 21489=8.364
G a= 20.0 f= 13.0 collapsed=0 min=0.2219 tris=[] flips=4 21489=8.184
G a= 20.0 f= 16.0 collapsed=0 min=0.2219 tris=[] flips=4 21489=8.006
G a= 20.0 f= 20.0 collapsed=0 min=0.2219 tris=[] flips=4 21489=7.779
G a= 20.0 f= 25.0 collapsed=0 min=0.2219 tris=[] flips=5 21489=7.527
G a= 20.0 f= 35.0 collapsed=0 min=0.2219 tris=[] flips=5 21489=7.261
G a= 20.0 f= 50.0 collapsed=0 min=0.2219 tris=[] flips=4 21489=8.106
G a= 20.0 f= 65.0 collapsed=0 min=0.2219 tris=[] flips=8 21489=10.914
G a= 20.0 f= 80.0 collapsed=1 min=0.0359 tris=[21365] flips=9 21489=15.214
G a= 30.0 f=  0.0 collapsed=0 min=0.2219 tris=[] flips=4 21489=12.932
G a= 30.0 f=  4.0 collapsed=0 min=0.2219 tris=[] flips=4 21489=12.685
G a= 30.0 f=  7.0 collapsed=0 min=0.2219 tris=[] flips=5 21489=12.507
G a= 30.0 f= 10.0 collapsed=0 min=0.2219 tris=[] flips=5 21489=12.333
G a= 30.0 f= 13.0 collapsed=0 min=0.2219 tris=[] flips=5 21489=12.165
G a= 30.0 f= 16.0 collapsed=0 min=0.2219 tris=[] flips=5 21489=12.003
G a= 30.0 f= 20.0 collapsed=0 min=0.2219 tris=[] flips=5 21489=11.802
G a= 30.0 f= 25.0 collapsed=0 min=0.2219 tris=[] flips=6 21489=11.582
G a= 30.0 f= 35.0 collapsed=0 min=0.2219 tris=[] flips=5 21489=11.328
G a= 30.0 f= 50.0 collapsed=0 min=0.2219 tris=[] flips=7 21489=11.792
G a= 30.0 f= 65.0 collapsed=0 min=0.2219 tris=[] flips=8 21489=13.747
G a= 30.0 f= 80.0 collapsed=1 min=0.0258 tris=[21365] flips=10 21489=17.161
Blender 4.5.5 LTS (hash 836beaaf597a built 2025-11-18 01:33:26)
Read blend: "C:\Repos\mmo-asset-pipeline\tmp\art-quality-loop\assets\processed\ro-swordsman-character-v1\v001\b18-clipfolds\ro_character_v001_b18-clipfolds.blend"

Blender quit
