test_approval_required (test_art_sources.ArtSourcesTest.test_approval_required) ... ok
test_bad_dates (test_art_sources.ArtSourcesTest.test_bad_dates) ... ok
test_casefold_duplicates (test_art_sources.ArtSourcesTest.test_casefold_duplicates) ... ok
test_cc0_must_be_asset_with_correct_license (test_art_sources.ArtSourcesTest.test_cc0_must_be_asset_with_correct_license) ... ok
test_commercial_permission_is_not_raw_permission (test_art_sources.ArtSourcesTest.test_commercial_permission_is_not_raw_permission) ... ok
test_dry_run_no_asset_write (test_art_sources.ArtSourcesTest.test_dry_run_no_asset_write) ... ok
test_evidence_changed (test_art_sources.ArtSourcesTest.test_evidence_changed) ... ok
test_existing_destination_never_overwritten (test_art_sources.ArtSourcesTest.test_existing_destination_never_overwritten) ... ok
test_existing_import_lock_blocks (test_art_sources.ArtSourcesTest.test_existing_import_lock_blocks) ... ok
test_explicit_apply_copies_identical_bytes_unverified (test_art_sources.ArtSourcesTest.test_explicit_apply_copies_identical_bytes_unverified) ... ok
test_future_review_blocked (test_art_sources.ArtSourcesTest.test_future_review_blocked) ... ok
test_id_mismatch (test_art_sources.ArtSourcesTest.test_id_mismatch) ... ok
test_lfs_pointer_is_not_asset (test_art_sources.ArtSourcesTest.test_lfs_pointer_is_not_asset) ... ok
test_motion_explicit_policy_is_recorded_not_verified (test_art_sources.ArtSourcesTest.test_motion_explicit_policy_is_recorded_not_verified) ... ok
test_motion_invalid_fps_or_root (test_art_sources.ArtSourcesTest.test_motion_invalid_fps_or_root) ... ok
test_motion_requires_metadata (test_art_sources.ArtSourcesTest.test_motion_requires_metadata) ... ok
test_no_previews_as_assets (test_art_sources.ArtSourcesTest.test_no_previews_as_assets) ... ok
test_no_signed_url_auth_or_query (test_art_sources.ArtSourcesTest.test_no_signed_url_auth_or_query) ... ok
test_noncommercial_blocked (test_art_sources.ArtSourcesTest.test_noncommercial_blocked) ... ok
test_provider_block_even_when_receipt_claims_permission (test_art_sources.ArtSourcesTest.test_provider_block_even_when_receipt_claims_permission) ... ok
test_repo_catalog_loads (test_art_sources.ArtSourcesTest.test_repo_catalog_loads) ... ok
test_request_changed (test_art_sources.ArtSourcesTest.test_request_changed) ... ok
test_request_draft_blocked (test_art_sources.ArtSourcesTest.test_request_draft_blocked) ... ok
test_scripts_and_archives_blocked (test_art_sources.ArtSourcesTest.test_scripts_and_archives_blocked) ... ok
test_source_change_during_copy_rolls_back (test_art_sources.ArtSourcesTest.test_source_change_during_copy_rolls_back) ... ok
test_source_domain_mismatch (test_art_sources.ArtSourcesTest.test_source_domain_mismatch) ... ok
test_source_hash_changed (test_art_sources.ArtSourcesTest.test_source_hash_changed) ... ok
test_strict_json_duplicate_and_nonfinite (test_art_sources.ArtSourcesTest.test_strict_json_duplicate_and_nonfinite) ... ok
test_symlink_destination_blocked (test_art_sources.ArtSourcesTest.test_symlink_destination_blocked) ... ok
test_symlink_source_blocked (test_art_sources.ArtSourcesTest.test_symlink_source_blocked) ... ok
test_template_is_not_importable (test_art_sources.ArtSourcesTest.test_template_is_not_importable) ... ok
test_traversal_windows_reserved_or_absolute_paths (test_art_sources.ArtSourcesTest.test_traversal_windows_reserved_or_absolute_paths) ... ok
test_unknown_provider (test_art_sources.ArtSourcesTest.test_unknown_provider) ... ok
test_unknown_provider_policy_fails_closed (test_art_sources.ArtSourcesTest.test_unknown_provider_policy_fails_closed) ... ok
test_unknown_receipt_keys_rejected (test_art_sources.ArtSourcesTest.test_unknown_receipt_keys_rejected) ... ok
test_error_output_does_not_echo_input (test_art_validator_wrapper.ValidatorWrapperTest.test_error_output_does_not_echo_input) ... ok
test_help (test_art_validator_wrapper.ValidatorWrapperTest.test_help) ... ok
test_lfs_pointer_rejected_before_validator (test_art_validator_wrapper.ValidatorWrapperTest.test_lfs_pointer_rejected_before_validator) ... ok
test_missing_real_validator_is_not_run (test_art_validator_wrapper.ValidatorWrapperTest.test_missing_real_validator_is_not_run) ... ok
test_node_syntax (test_art_validator_wrapper.ValidatorWrapperTest.test_node_syntax) ... ok
test_outside_asset_scope_blocked (test_art_validator_wrapper.ValidatorWrapperTest.test_outside_asset_scope_blocked) ... ok
test_all_uri_resources_blocked (test_blender_art_preview.PreviewPreflightTest.test_all_uri_resources_blocked) ... ok
test_bad_length_rejected (test_blender_art_preview.PreviewPreflightTest.test_bad_length_rejected) ... ok
test_duplicate_views_invalid (test_blender_art_preview.PreviewPreflightTest.test_duplicate_views_invalid) ... ok
test_embedded_glb_uri_screen_only (test_blender_art_preview.PreviewPreflightTest.test_embedded_glb_uri_screen_only) ... ok
test_nan_scale_invalid (test_blender_art_preview.PreviewPreflightTest.test_nan_scale_invalid) ... ok
test_non_glb_or_lfs_pointer_rejected (test_blender_art_preview.PreviewPreflightTest.test_non_glb_or_lfs_pointer_rejected) ... ok
test_path_traversal_rejected (test_blender_art_preview.PreviewPreflightTest.test_path_traversal_rejected) ... ok
test_preview_scope_protects_existing_work (test_blender_art_preview.PreviewPreflightTest.test_preview_scope_protects_existing_work) ... ok
test_render_resolution_budget (test_blender_art_preview.PreviewPreflightTest.test_render_resolution_budget) ... ok
test_request_change_invalidates_protocol (test_blender_art_preview.PreviewPreflightTest.test_request_change_invalidates_protocol) ... ok
test_symlink_inside_root_rejected (test_blender_art_preview.PreviewPreflightTest.test_symlink_inside_root_rejected) ... ok
test_template_is_not_frozen (test_blender_art_preview.PreviewPreflightTest.test_template_is_not_frozen) ... ok
test_unknown_extensions_require_review (test_blender_art_preview.PreviewPreflightTest.test_unknown_extensions_require_review) ... ok
test_valid_frozen_protocol (test_blender_art_preview.PreviewPreflightTest.test_valid_frozen_protocol) ... ok
test_wrong_coordinates_invalid (test_blender_art_preview.PreviewPreflightTest.test_wrong_coordinates_invalid) ... ok

----------------------------------------------------------------------
Ran 56 tests in 1.200s

OK
test_crlf_preserved (test_apply_upgrade.InstallerTest.test_crlf_preserved) ... ok
test_dryrun_no_writes (test_apply_upgrade.InstallerTest.test_dryrun_no_writes) ... ok
test_existing_payload_conflict_preserved (test_apply_upgrade.InstallerTest.test_existing_payload_conflict_preserved) ... ok
test_explicit_apply_preserves_original_prefix (test_apply_upgrade.InstallerTest.test_explicit_apply_preserves_original_prefix) ... ok
test_identity_guard_aborts (test_apply_upgrade.InstallerTest.test_identity_guard_aborts) ... ok
test_io_failure_rolls_back (test_apply_upgrade.InstallerTest.test_io_failure_rolls_back) ... ok
test_kit_append_tamper_blocked (test_apply_upgrade.InstallerTest.test_kit_append_tamper_blocked) ... ok
test_kit_payload_tamper_blocked (test_apply_upgrade.InstallerTest.test_kit_payload_tamper_blocked) ... ok
test_lock_blocks_and_preserves_files (test_apply_upgrade.InstallerTest.test_lock_blocks_and_preserves_files) ... ok
test_manifest_traversal_blocked (test_apply_upgrade.InstallerTest.test_manifest_traversal_blocked) ... ok
test_post_apply_manual_edit_not_clobbered (test_apply_upgrade.InstallerTest.test_post_apply_manual_edit_not_clobbered) ... ok
test_repeat_is_idempotent (test_apply_upgrade.InstallerTest.test_repeat_is_idempotent) ... ok
test_stale_skill_aborts_entire_apply (test_apply_upgrade.InstallerTest.test_stale_skill_aborts_entire_apply) ... ok
test_symlink_target_blocked (test_apply_upgrade.InstallerTest.test_symlink_target_blocked) ... ok

----------------------------------------------------------------------
Ran 14 tests in 0.471s

OK
