INFO Draco mesh compression is available, use library at C:\Program Files\Blender Foundation\Blender 4.5\4.5\scripts\addons_core\io_scene_gltf2\extern_draco.dll
10:40:15 | INFO: Starting glTF 2.0 export
10:40:15 | INFO: Extracting primitive: model.008
10:40:15 | WARNING: More than one shader node tex image used for a texture. The resulting glTF sampler will behave like the first shader node tex image.
10:40:15 | INFO: Primitives created: 1
10:40:15 | INFO: Extracting primitive: model.006
10:40:15 | INFO: Primitives created: 1
10:40:15 | INFO: Extracting primitive: model.002
10:40:15 | INFO: Primitives created: 1
10:40:15 | INFO: Extracting primitive: model
10:40:16 | WARNING: More than one shader node tex image used for a texture. The resulting glTF sampler will behave like the first shader node tex image.
10:40:16 | INFO: Primitives created: 1
10:40:16 | INFO: Extracting primitive: model.004
10:40:16 | INFO: Primitives created: 1
10:40:16 | INFO: Extracting primitive: RO_hand_L
10:40:16 | WARNING: More than one shader node tex image used for a texture. The resulting glTF sampler will behave like the first shader node tex image.
10:40:16 | INFO: Primitives created: 1
10:40:16 | INFO: Extracting primitive: RO_hand_R
10:40:16 | INFO: Primitives created: 1
10:40:16 | INFO: Extracting primitive: model.001
10:40:16 | INFO: Primitives created: 1
10:40:16 | INFO: Extracting primitive: model.005
10:40:16 | INFO: Primitives created: 1
10:40:16 | INFO: Extracting primitive: model.007
10:40:16 | INFO: Primitives created: 1
10:40:17 | INFO: Finished glTF 2.0 export in 1.9527034759521484 s

10:40:18 | INFO: Starting glTF 2.0 export
10:40:18 | INFO: Extracting primitive: model.008
10:40:18 | INFO: Primitives created: 1
10:40:18 | INFO: Extracting primitive: model.006
10:40:18 | INFO: Primitives created: 1
10:40:18 | INFO: Extracting primitive: model.002
10:40:18 | INFO: Primitives created: 1
10:40:18 | INFO: Extracting primitive: model
10:40:19 | INFO: Primitives created: 1
10:40:19 | INFO: Extracting primitive: model.004
10:40:19 | INFO: Primitives created: 1
10:40:19 | INFO: Extracting primitive: RO_hand_L
10:40:19 | INFO: Primitives created: 1
10:40:19 | INFO: Extracting primitive: RO_hand_R
10:40:19 | INFO: Primitives created: 1
10:40:19 | INFO: Extracting primitive: model.001
10:40:19 | INFO: Primitives created: 1
10:40:19 | INFO: Extracting primitive: model.005
10:40:19 | INFO: Primitives created: 1
10:40:19 | INFO: Extracting primitive: model.007
10:40:19 | INFO: Primitives created: 1
10:40:20 | INFO: Finished glTF 2.0 export in 1.3550143241882324 s

CV1_EXPORT_CLIP {"clip": "AN_RO_Idle_Sword", "blocks": 26, "glb_bytes": [28169556, 3534228], "half_frames": [0.5, 30.5, 60.5, 90.5]}
Blender 4.5.5 LTS (hash 836beaaf597a built 2025-11-18 01:33:26)
Read blend: "C:\Repos\mmo-asset-pipeline\tmp\art-quality-loop\assets\processed\ro-swordsman-character-v1\v001\b19-crotch\ro_character_v001_b19-crotch.blend"

Blender quit
