Blender 4.5.5 LTS (hash 836beaaf597a built 2025-11-18 01:33:26)
Read blend: "C:\Repos\mmo-asset-pipeline\tmp\art-quality-loop\assets\processed\ro-swordsman-character-v1\v001\b03-hands\ro_character_v001_b03-hands.blend"
Saved: 'C:\Repos\mmo-asset-pipeline\tmp\art-quality-loop\runs\qa\ro-swordsman-character-v1\v001\clips\AN_RO_Idle_Sword\a03-check\preview\f000-front.png'
Time: 00:01.78 (Saving: 00:00.33)

Saved: 'C:\Repos\mmo-asset-pipeline\tmp\art-quality-loop\runs\qa\ro-swordsman-character-v1\v001\clips\AN_RO_Idle_Sword\a03-check\preview\f000-right.png'
Time: 00:00.08 (Saving: 00:00.03)

Saved: 'C:\Repos\mmo-asset-pipeline\tmp\art-quality-loop\runs\qa\ro-swordsman-character-v1\v001\clips\AN_RO_Idle_Sword\a03-check\preview\f000-three-quarter.png'
Time: 00:00.06 (Saving: 00:00.03)

Saved: 'C:\Repos\mmo-asset-pipeline\tmp\art-quality-loop\runs\qa\ro-swordsman-character-v1\v001\clips\AN_RO_Idle_Sword\a03-check\preview\f030-front.png'
Time: 00:00.06 (Saving: 00:00.03)

Saved: 'C:\Repos\mmo-asset-pipeline\tmp\art-quality-loop\runs\qa\ro-swordsman-character-v1\v001\clips\AN_RO_Idle_Sword\a03-check\preview\f030-right.png'
Time: 00:00.07 (Saving: 00:00.04)

Saved: 'C:\Repos\mmo-asset-pipeline\tmp\art-quality-loop\runs\qa\ro-swordsman-character-v1\v001\clips\AN_RO_Idle_Sword\a03-check\preview\f030-three-quarter.png'
Time: 00:00.06 (Saving: 00:00.03)

Saved: 'C:\Repos\mmo-asset-pipeline\tmp\art-quality-loop\runs\qa\ro-swordsman-character-v1\v001\clips\AN_RO_Idle_Sword\a03-check\preview\f060-front.png'
Time: 00:00.06 (Saving: 00:00.03)

Saved: 'C:\Repos\mmo-asset-pipeline\tmp\art-quality-loop\runs\qa\ro-swordsman-character-v1\v001\clips\AN_RO_Idle_Sword\a03-check\preview\f060-right.png'
Time: 00:00.06 (Saving: 00:00.03)

Saved: 'C:\Repos\mmo-asset-pipeline\tmp\art-quality-loop\runs\qa\ro-swordsman-character-v1\v001\clips\AN_RO_Idle_Sword\a03-check\preview\f060-three-quarter.png'
Time: 00:00.05 (Saving: 00:00.02)

Saved: 'C:\Repos\mmo-asset-pipeline\tmp\art-quality-loop\runs\qa\ro-swordsman-character-v1\v001\clips\AN_RO_Idle_Sword\a03-check\preview\f090-front.png'
Time: 00:00.05 (Saving: 00:00.02)

Saved: 'C:\Repos\mmo-asset-pipeline\tmp\art-quality-loop\runs\qa\ro-swordsman-character-v1\v001\clips\AN_RO_Idle_Sword\a03-check\preview\f090-right.png'
Time: 00:00.06 (Saving: 00:00.03)

Saved: 'C:\Repos\mmo-asset-pipeline\tmp\art-quality-loop\runs\qa\ro-swordsman-character-v1\v001\clips\AN_RO_Idle_Sword\a03-check\preview\f090-three-quarter.png'
Time: 00:00.05 (Saving: 00:00.03)

CV1_CLIP_CHECK {"clip": "AN_RO_Idle_Sword", "samples": 245, "gates": {"clip_time_origin_zero": true, "helper_bones_not_keyed": true, "no_collapse": true, "hand_self_intersection_zero": true, "hand_other_new_intersection_zero": true, "feet_slide": true, "feet_penetration": true, "feet_float": true, "weapon_body_penetration": true, "grasp_functional": true, "loop_seam": true}, "failures": 0, "feet": {"L": [{"window": [0, 119], "slide_m": 0.0, "penetration_m": 0.0, "float_m": 8.089747279882431e-05}], "R": [{"window": [0, 119], "slide_m": 0.0, "penetration_m": 2.2882289396619626e-09, "float_m": 0.0}]}, "loop_seam": {"from_frame": 119, "to_frame": 0, "max_bone_deg": 0.03956468118525214, "max_point_m": 0.00015044212507352633, "pass": true}, "report_only": {"other_new_pairs_max": 1400, "min_triangle_area_ratio": 0.22186433774386916}}

Blender quit
