INFO Draco mesh compression is available, use library at C:\Program Files\Blender Foundation\Blender 4.5\4.5\scripts\addons_core\io_scene_gltf2\extern_draco.dll
17:52:43 | INFO: Starting glTF 2.0 export
17:52:43 | INFO: Extracting primitive: model.008
17:52:43 | WARNING: More than one shader node tex image used for a texture. The resulting glTF sampler will behave like the first shader node tex image.
17:52:43 | INFO: Primitives created: 1
17:52:43 | INFO: Extracting primitive: model.006
17:52:43 | INFO: Primitives created: 1
17:52:43 | INFO: Extracting primitive: model.002
17:52:43 | INFO: Primitives created: 1
17:52:43 | INFO: Extracting primitive: model
17:52:44 | WARNING: More than one shader node tex image used for a texture. The resulting glTF sampler will behave like the first shader node tex image.
17:52:44 | INFO: Primitives created: 1
17:52:44 | INFO: Extracting primitive: model.004
17:52:44 | INFO: Primitives created: 1
17:52:44 | INFO: Extracting primitive: RO_hand_L
17:52:44 | WARNING: More than one shader node tex image used for a texture. The resulting glTF sampler will behave like the first shader node tex image.
17:52:44 | INFO: Primitives created: 1
17:52:44 | INFO: Extracting primitive: RO_hand_R
17:52:44 | INFO: Primitives created: 1
17:52:44 | INFO: Extracting primitive: model.001
17:52:44 | INFO: Primitives created: 1
17:52:44 | INFO: Extracting primitive: model.005
17:52:44 | INFO: Primitives created: 1
17:52:44 | INFO: Extracting primitive: model.007
17:52:44 | INFO: Primitives created: 1
17:52:45 | INFO: Finished glTF 2.0 export in 1.5968332290649414 s

17:52:46 | INFO: Starting glTF 2.0 export
17:52:46 | INFO: Extracting primitive: model.008
17:52:46 | INFO: Primitives created: 1
17:52:46 | INFO: Extracting primitive: model.006
17:52:46 | INFO: Primitives created: 1
17:52:46 | INFO: Extracting primitive: model.002
17:52:46 | INFO: Primitives created: 1
17:52:46 | INFO: Extracting primitive: model
17:52:46 | INFO: Primitives created: 1
17:52:46 | INFO: Extracting primitive: model.004
17:52:46 | INFO: Primitives created: 1
17:52:46 | INFO: Extracting primitive: RO_hand_L
17:52:46 | INFO: Primitives created: 1
17:52:46 | INFO: Extracting primitive: RO_hand_R
17:52:47 | INFO: Primitives created: 1
17:52:47 | INFO: Extracting primitive: model.001
17:52:47 | INFO: Primitives created: 1
17:52:47 | INFO: Extracting primitive: model.005
17:52:47 | INFO: Primitives created: 1
17:52:47 | INFO: Extracting primitive: model.007
17:52:47 | INFO: Primitives created: 1
17:52:47 | INFO: Finished glTF 2.0 export in 0.989954948425293 s

CV1_EXPORT_CLIP {"clip": "AN_RO_Idle_Sword", "blocks": 26, "glb_bytes": [28101644, 3464876], "half_frames": [0.5, 30.5, 60.5, 90.5]}
Blender 4.5.5 LTS (hash 836beaaf597a built 2025-11-18 01:33:26)
Read blend: "C:\Repos\mmo-asset-pipeline\tmp\art-quality-loop\assets\processed\ro-swordsman-character-v1\v001\b18-clipfolds\ro_character_v001_b18-clipfolds.blend"

Blender quit
