INFO Draco mesh compression is available, use library at C:\Program Files\Blender Foundation\Blender 4.5\4.5\scripts\addons_core\io_scene_gltf2\extern_draco.dll
16:28:31 | INFO: Starting glTF 2.0 export
16:28:31 | INFO: Extracting primitive: model.008
16:28:31 | WARNING: More than one shader node tex image used for a texture. The resulting glTF sampler will behave like the first shader node tex image.
16:28:31 | INFO: Primitives created: 1
16:28:31 | INFO: Extracting primitive: model.006
16:28:31 | INFO: Primitives created: 1
16:28:31 | INFO: Extracting primitive: model.002
16:28:31 | INFO: Primitives created: 1
16:28:31 | INFO: Extracting primitive: model
16:28:31 | WARNING: More than one shader node tex image used for a texture. The resulting glTF sampler will behave like the first shader node tex image.
16:28:31 | INFO: Primitives created: 1
16:28:31 | INFO: Extracting primitive: model.004
16:28:31 | INFO: Primitives created: 1
16:28:31 | INFO: Extracting primitive: RO_hand_L
16:28:32 | WARNING: More than one shader node tex image used for a texture. The resulting glTF sampler will behave like the first shader node tex image.
16:28:32 | INFO: Primitives created: 1
16:28:32 | INFO: Extracting primitive: RO_hand_R
16:28:32 | INFO: Primitives created: 1
16:28:32 | INFO: Extracting primitive: model.001
16:28:32 | INFO: Primitives created: 1
16:28:32 | INFO: Extracting primitive: model.005
16:28:32 | INFO: Primitives created: 1
16:28:32 | INFO: Extracting primitive: model.007
16:28:32 | INFO: Primitives created: 1
16:28:32 | INFO: Finished glTF 2.0 export in 1.372375249862671 s

16:28:34 | INFO: Starting glTF 2.0 export
16:28:34 | INFO: Extracting primitive: model.008
16:28:34 | INFO: Primitives created: 1
16:28:34 | INFO: Extracting primitive: model.006
16:28:34 | INFO: Primitives created: 1
16:28:34 | INFO: Extracting primitive: model.002
16:28:34 | INFO: Primitives created: 1
16:28:34 | INFO: Extracting primitive: model
16:28:34 | INFO: Primitives created: 1
16:28:34 | INFO: Extracting primitive: model.004
16:28:34 | INFO: Primitives created: 1
16:28:34 | INFO: Extracting primitive: RO_hand_L
16:28:34 | INFO: Primitives created: 1
16:28:34 | INFO: Extracting primitive: RO_hand_R
16:28:34 | INFO: Primitives created: 1
16:28:34 | INFO: Extracting primitive: model.001
16:28:34 | INFO: Primitives created: 1
16:28:34 | INFO: Extracting primitive: model.005
16:28:34 | INFO: Primitives created: 1
16:28:34 | INFO: Extracting primitive: model.007
16:28:34 | INFO: Primitives created: 1
16:28:34 | INFO: Finished glTF 2.0 export in 0.7215869426727295 s

CV1_EXPORT_CLIP {"clip": "AN_RO_Idle_Sword", "blocks": 26, "glb_bytes": [27556876, 2908400], "half_frames": [0.5, 30.5, 60.5, 90.5]}
Blender 4.5.5 LTS (hash 836beaaf597a built 2025-11-18 01:33:26)
Read blend: "C:\Repos\mmo-asset-pipeline\tmp\art-quality-loop\assets\processed\ro-swordsman-character-v1\v001\b03-hands\ro_character_v001_b03-hands.blend"

Blender quit
